03-13 17:37:22.501 15244 15244 I ImeTracker: com.ds.eventwish:32a4edc0: onRequestShow at ORIGIN_CLIENT_SHOW_SOFT_INPUT reason SHOW_SOFT_INPUT
03-13 17:37:22.509 15244 18121 I gralloc4: @set_metadata: update dataspace from GM (0x00000000 -> 0x08010000)
03-13 17:37:22.509 15244 15244 I AssistStructure: Flattened final assist data: 5320 bytes, containing 1 windows, 48 views
03-13 17:37:22.511 15244 15244 W RemoteInputConnectionImpl: requestCursorAnchorInfo on inactive InputConnection
03-13 17:37:22.512 10090 10090 I InputBundle: InputBundle.consumeEvent():949 Skip consuming an event as keyboard status is 0
03-13 17:37:22.513 10090 10090 I AndroidIME: AbstractIme.onDeactivate():203 LatinIme.onDeactivate()
03-13 17:37:22.514 10090 10090 I GoogleInputMethodService: GoogleInputMethodService.onFinishInput():2090 
03-13 17:37:22.515 10090 10090 I Module  : DeviceLockedStatusModuleProvider$Module.updateDeviceLockedStatus():100 repeatCheckTimes = 0, locked = false
03-13 17:37:22.516 15244 15244 W WindowOnBackDispatcher: sendCancelIfRunning: isInProgress=falsecallback=ImeCallback=ImeOnBackInvokedCallback@265008314 Callback=android.window.IOnBackInvokedCallback$Stub$Proxy@e0d66fa
03-13 17:37:22.516 10090 10090 I GoogleInputMethodService: GoogleInputMethodService.onStartInput():1357 onStartInput(EditorInfo{EditorInfo{packageName=com.ds.eventwish, inputType=61, inputTypeString=PersonName[], enableLearning=true, autoCorrection=true, autoComplete=true, imeOptions=6, privateImeOptions=null, actionName=DONE, actionLabel=null, initialSelStart=0, initialSelEnd=0, initialCapsMode=0, label=null, fieldId=2131362444, fieldName=null, extras=Bundle[mParcelledData.dataSize=240], hintText=non-empty, hintLocales=[]}}, false)
03-13 17:37:22.517 10090 10090 I Module  : DeviceLockedStatusModuleProvider$Module.updateDeviceLockedStatus():100 repeatCheckTimes = 1, locked = false
03-13 17:37:22.518 10090 10090 I GoogleInputMethodService: GoogleInputMethodService.onStartInputView():1454 onStartInputView(EditorInfo{EditorInfo{packageName=com.ds.eventwish, inputType=61, inputTypeString=PersonName[], enableLearning=true, autoCorrection=true, autoComplete=true, imeOptions=6, privateImeOptions=null, actionName=DONE, actionLabel=null, initialSelStart=0, initialSelEnd=0, initialCapsMode=0, label=null, fieldId=2131362444, fieldName=null, extras=Bundle[{android.support.text.emoji.emojiCompat_metadataVersion=9, android.support.text.emoji.emojiCompat_replaceAll=false}], hintText=non-empty, hintLocales=[]}}, false)
03-13 17:37:22.519 10090 10090 W ModuleManager: ModuleManager.loadModule():547 Module lty is not available
03-13 17:37:22.519 10090 10090 I KeyboardHeightUtil: KeyboardHeightUtil.getOemKeyboardHeightRatio():161 systemKeyboardHeightRatio:1.000000.
03-13 17:37:22.519 10090 10090 I AndroidIME: InputBundleManager.loadActiveInputBundleId():483 loadActiveInputBundleId: en-US, ime_english_united_states
03-13 17:37:22.519 10090 10090 I AndroidIME: AbstractIme.onActivate():90 LatinIme.onActivate() : EditorInfo = EditorInfo{packageName=com.ds.eventwish, inputType=61, inputTypeString=PersonName[], enableLearning=true, autoCorrection=true, autoComplete=true, imeOptions=6, privateImeOptions=null, actionName=DONE, actionLabel=null, initialSelStart=0, initialSelEnd=0, initialCapsMode=0, label=null, fieldId=2131362444, fieldName=null, extras=Bundle[{android.support.text.emoji.emojiCompat_metadataVersion=9, android.support.text.emoji.emojiCompat_replaceAll=false}], hintText=non-empty, hintLocales=[]}, IncognitoMode = false, DeviceLocked = false
03-13 17:37:22.520 10090 10090 I InputBundle: InputBundle.consumeEvent():949 Skip consuming an event as keyboard status is 0
03-13 17:37:22.520 10090 10090 I Delight5Facilitator: Delight5Facilitator.initializeForIme():729 initializeForIme() : Locale = [en_US], layout = qwerty
03-13 17:37:22.520 10090 10090 I LatinIme: LatinIme.updateEnableInlineSuggestionsOnDecoderSideFlags():1245 inline flag updated to:false
03-13 17:37:22.521 10090 10090 I LatinIme: LatinIme.updateEnableInlineSuggestionsOnDecoderSideFlags():1245 inline flag updated to:false
03-13 17:37:22.523 10090 10090 I InputBundle: InputBundle.consumeEvent():949 Skip consuming an event as keyboard status is 0
03-13 17:37:22.523 10090 10090 I InputBundle: InputBundle.consumeEvent():949 Skip consuming an event as keyboard status is 0
03-13 17:37:22.527 10090 10090 I KeyboardWrapper: KeyboardWrapper.activateKeyboard():546 activateKeyboard(): type=prime, status=0, imeDef=kxt{stringId=ime_english_united_states, language=en-US, languageTag=en-US, processedConditions={enable_number_row=true, device=phone}, className=com.google.android.libraries.inputmethod.ime.experiment.ExperimentImeWrapper, label=0, keyEventInterpreter=null, inlineComposing=true, autoCapital=true, announceAutoSelectedCandidate=true, statusIcon=0, primeKeyboardType=SOFT, indicatorIcon=0, indicatorLabel=US, displayAppCompletions=true, extraValues=kxl{#0x7f0b0218=TypedValue{t=0x3/d=0x0 "writing_helper_enable_by_word_revert=false"}, #0x7f0b021e=TypedValue{t=0x3/d=0x0 "com.google.android.apps.inputmethod.libs.latin5.LatinIme"}, #0x7f0b021f=TypedValue{t=0x3/d=0x0 "com.google.android.apps.inputmethod.libs.edittracker.EditTrackingImeWrapper"}, #0x7f0b0220=TypedValue{t=0x3/d=0x0 "com.google.android.apps.inputmethod.libs.latin5.LatinIme"}}, processors=kzm@dde8915, unacceptableMetaKeys=4098, languageSpecificSettings=0, asciiCapable=true, alwaysShowSuggestions=false, useAsciiPasswordKeyboard=false, secondaryIme=null, keyboardGroupDef=kyv@dc39055, phenotypeFlagId=0, localizationLanguageTag=null, supportsInlineSuggestion=true}
03-13 17:37:22.527 10090 10090 I KeyboardManager: KeyboardManager.requestKeyboard():248 Creating keyboard prime, imeId=ime_english_united_states, cacheKey=theme_!gsf_!pgsans_!pgsf_!use_system_font_BORDER=true_FLAVOR_DPI=10_KEYBOARD_WIDTH_CATEGORY=NORMAL_LIGHT_THEME=true_PHYSICAL_DIAGONAL=5.816051_SCREEN_SHORTEST_WIDTH=393_SCREEN_SHORTEST_WIDTH_NO_SCALE=393_bottom4dp_enable_google_fonts_icons=true_enable_popup_on_keypress=true_keyboard_redesign_google_sans=true_noshadow_overlay_builtin_dynamic_color_light_base.binarypb:gm3-light-fffaf8ff-ff465d91-da177df3d52c909ad9aab559c9eb13b8_silkpopup_unify_function_key_color=true
03-13 17:37:22.528 10090 10090 I KeyboardWrapper: KeyboardWrapper.onKeyboardReady():208 onKeyboardReady(): type=prime(prime), kb=com.google.android.apps.inputmethod.latin.keyboard.LatinPrimeKeyboard@a36ea12
03-13 17:37:22.528 10090 10090 I KeyboardWrapper: KeyboardWrapper.doActivateKeyboard():573 doActivateKeyboard(): prime
03-13 17:37:22.530 10090 10090 I AccessPointsListHolderController: AccessPointsListHolderController.removeAccessPoint():469 The access point voice is not added
03-13 17:37:22.530 10090 10090 I KeyboardHeightUtil: KeyboardHeightUtil.calculateMaxKeyboardBodyHeight():46 leave 267 height for app when ime window height:2204, header height:121 and isFullscreenMode:false, so the max keyboard body height is:1816
03-13 17:37:22.530 10090 10090 W TooltipLifecycleManager: TooltipLifecycleManager.dismissTooltips():154 Tooltip with id undo_access_point_promotion_banner not found in tooltipManager.
03-13 17:37:22.531 15244 18121 I gralloc4: @set_metadata: update dataspace from GM (0x00000000 -> 0x08010000)
03-13 17:37:22.531 10090 10090 I GlobeKeyExtension: GlobeKeyExtension.getKeyboardInitialStates():131 
03-13 17:37:22.532 10090 10090 W Keyboard: Keyboard.getKeyboardViewHelper():597 null helper is returned: keyboardDef=kyo{processedConditions={enable_more_candidates_view_for_multilingual=false, layout_9key_split=false, enable_secondary_symbols=false, language=en-US, deprecate_long_press_space_for_ime_picker=false, expressions=normal, enable_flick_symbols=false, variant=qwerty, device=phone, keyboard_mode=normal, show_secondary_digits=false, enable_preemptive_decode=true, rtl_layout=false}, globalConditions={global_theme_key=theme_!gsf_!pgsans_!pgsf_!use_system_font_BORDER=true_FLAVOR_DPI=10_KEYBOARD_WIDTH_CATEGORY=NORMAL_LIGHT_THEME=true_PHYSICAL_DIAGONAL=5.816051_SCREEN_SHORTEST_WIDTH=393_SCREEN_SHORTEST_WIDTH_NO_SCALE=393_bottom4dp_enable_google_fonts_icons=true_enable_popup_on_keypress=true_keyboard_redesign_google_sans=true_noshadow_overlay_builtin_dynamic_color_light_base.binarypb:gm3-light-fffaf8ff-ff465d91-da177df3d52c909ad9aab559c9eb13b8_silkpopup_unify_function_key_color=true, global_locale=en_US, global_density_dpi=440, global_orientation=1}, className=.latin.keyboard.LatinPrimeKeyboard, resourceIds=[#0x7f17065e, #0x7f1708dc, #0x7f170851], initialStates=0, keyboardViewDefs=[kzd{direction=null, id=#0x7f0b0164, isScalable=true, layoutId=#0x7f0e027e, type=BODY, touchable=true, defaultShow=true}, kzd{direction=null, id=#0x7f0b0164, isScalable=false, layoutId=#0x7f0e01d9, type=FLOATING_CANDIDATES, touchable=false, defaultShow=false}, kzd{direction=LOCALE, id=#0x7f0b0164, isScalable=false, layoutId=#0x7f0e04d8, type=HEADER, touchable=true, defaultShow=true}], persistentStates=0, persistentStatesPrefKey=null, popupBubbleLayoutId=#0x7f0e05cb, recentKeyLayoutId=0, recentKeyPopupLayoutId=0, recentKeyType=null, rememberRecentKey=NONE, sessionStates=17592186044419}, type=WIDGET, helpersCreated=[kjv@5ba46d7, kjv@32fdbc4, kjv@dee7aad, null], context.getResources().getConfiguration(): {1.0 405mcc870mnc [en_US] ldltr sw393dp w393dp h801dp 440dpi nrml long port finger -keyb/v/h -nav/h winConfig={ mBounds=Rect(0, 0 - 1080, 2408) mAppBounds=Rect(0, 66 - 1080, 2292) mMaxBounds=Rect(0, 0 - 1080, 2408) mDisplayRotation=ROTATION_0 mWindowingMode=fullscreen mDisplayWindowingMode=fullscreen mActivityType=undefined mAlwaysOnTop=undefined mRotation=ROTATION_0 isEmbedding:false} s.20952 fontWeightAdjustment=0 themeId=2 themeParameter=0 nightModeLevel = -1}
03-13 17:37:22.532 10090 10090 I KeyboardHeightUtil: KeyboardHeightUtil.calculateMaxKeyboardBodyHeight():46 leave 267 height for app when ime window height:2204, header height:121 and isFullscreenMode:false, so the max keyboard body height is:1816
03-13 17:37:22.533 10090 10090 I AndroidIME: InputBundleManager.startInput():361 startInput() with kyz[keyboardType=prime, payload=null]
03-13 17:37:22.534 10090 10090 I GlobeKeyExtension: GlobeKeyExtension.onActivate():70 
03-13 17:37:22.550 15244 18121 I gralloc4: @set_metadata: update dataspace from GM (0x00000000 -> 0x08010000)
03-13 17:37:22.561 25578 14037 W ahcc    : Failed to retrieve prediction data. [CONTEXT service_id=177 ]
03-13 17:37:22.561 25578 14037 W ahcc    : java.util.concurrent.ExecutionException: eqcb: No data was found for the table autofill-domain-predictions-prod-spanner.
03-13 17:37:22.561 25578 14037 W ahcc    : 	at forf.s(:com.google.android.gms@250832029@25.08.32 (190400-731361394):21)
03-13 17:37:22.561 25578 14037 W ahcc    : 	at forf.get(:com.google.android.gms@250832029@25.08.32 (190400-731361394):28)
03-13 17:37:22.561 25578 14037 W ahcc    : 	at ahcc.e(:com.google.android.gms@250832029@25.08.32 (190400-731361394):83)
03-13 17:37:22.561 25578 14037 W ahcc    : 	at ahcc.a(:com.google.android.gms@250832029@25.08.32 (190400-731361394):126)
03-13 17:37:22.561 25578 14037 W ahcc    : 	at agzo.call(:com.google.android.gms@250832029@25.08.32 (190400-731361394):5)
03-13 17:37:22.561 25578 14037 W ahcc    : 	at java.util.concurrent.FutureTask.run(FutureTask.java:264)
03-13 17:37:22.561 25578 14037 W ahcc    : 	at atru.c(:com.google.android.gms@250832029@25.08.32 (190400-731361394):50)
03-13 17:37:22.561 25578 14037 W ahcc    : 	at atru.run(:com.google.android.gms@250832029@25.08.32 (190400-731361394):76)
03-13 17:37:22.561 25578 14037 W ahcc    : 	at java.util.concurrent.ThreadPoolExecutor.runWorker(ThreadPoolExecutor.java:1145)
03-13 17:37:22.561 25578 14037 W ahcc    : 	at java.util.concurrent.ThreadPoolExecutor$Worker.run(ThreadPoolExecutor.java:644)
03-13 17:37:22.561 25578 14037 W ahcc    : 	at atxi.run(:com.google.android.gms@250832029@25.08.32 (190400-731361394):8)
03-13 17:37:22.561 25578 14037 W ahcc    : 	at java.lang.Thread.run(Thread.java:1012)
03-13 17:37:22.561 25578 14037 W ahcc    : Caused by: eqcb: No data was found for the table autofill-domain-predictions-prod-spanner.
03-13 17:37:22.561 25578 14037 W ahcc    : 	at eqcs.a(:com.google.android.gms@250832029@25.08.32 (190400-731361394):223)
03-13 17:37:22.561 25578 14037 W ahcc    : 	at forh.d(:com.google.android.gms@250832029@25.08.32 (190400-731361394):3)
03-13 17:37:22.561 25578 14037 W ahcc    : 	at forj.run(:com.google.android.gms@250832029@25.08.32 (190400-731361394):38)
03-13 17:37:22.561 25578 14037 W ahcc    : 	at fosv.execute(:com.google.android.gms@250832029@25.08.32 (190400-731361394):1)
03-13 17:37:22.561 25578 14037 W ahcc    : 	at forf.h(:com.google.android.gms@250832029@25.08.32 (190400-731361394):1)
03-13 17:37:22.561 25578 14037 W ahcc    : 	at forf.l(:com.google.android.gms@250832029@25.08.32 (190400-731361394):101)
03-13 17:37:22.561 25578 14037 W ahcc    : 	at forf.r(:com.google.android.gms@250832029@25.08.32 (190400-731361394):28)
03-13 17:37:22.561 25578 14037 W ahcc    : 	at forh.e(:com.google.android.gms@250832029@25.08.32 (190400-731361394):3)
03-13 17:37:22.561 25578 14037 W ahcc    : 	at forj.run(:com.google.android.gms@250832029@25.08.32 (190400-731361394):44)
03-13 17:37:22.561 25578 14037 W ahcc    : 	at fosv.execute(:com.google.android.gms@250832029@25.08.32 (190400-731361394):1)
03-13 17:37:22.561 25578 14037 W ahcc    : 	at forf.h(:com.google.android.gms@250832029@25.08.32 (190400-731361394):1)
03-13 17:37:22.561 25578 14037 W ahcc    : 	at forf.l(:com.google.android.gms@250832029@25.08.32 (190400-731361394):101)
03-13 17:37:22.561 25578 14037 W ahcc    : 	at forf.o(:com.google.android.gms@250832029@25.08.32 (190400-731361394):15)
03-13 17:37:22.561 25578 14037 W ahcc    : 	at foqp.run(:com.google.android.gms@250832029@25.08.32 (190400-731361394):120)
03-13 17:37:22.561 25578 14037 W ahcc    : 	at fosv.execute(:com.google.android.gms@250832029@25.08.32 (190400-731361394):1)
03-13 17:37:22.561 25578 14037 W ahcc    : 	at forf.h(:com.google.android.gms@250832029@25.08.32 (190400-731361394):1)
03-13 17:37:22.561 25578 14037 W ahcc    : 	at forf.l(:com.google.android.gms@250832029@25.08.32 (190400-731361394):101)
03-13 17:37:22.561 25578 14037 W ahcc    : 	at forf.o(:com.google.android.gms@250832029@25.08.32 (190400-731361394):15)
03-13 17:37:22.561 25578 14037 W ahcc    : 	at fori.e(:com.google.android.gms@250832029@25.08.32 (190400-731361394):1)
03-13 17:37:22.561 25578 14037 W ahcc    : 	at forj.run(:com.google.android.gms@250832029@25.08.32 (190400-731361394):44)
03-13 17:37:22.561 25578 14037 W ahcc    : 	at fosv.execute(:com.google.android.gms@250832029@25.08.32 (190400-731361394):1)
03-13 17:37:22.561 25578 14037 W ahcc    : 	at forf.h(:com.google.android.gms@250832029@25.08.32 (190400-731361394):1)
03-13 17:37:22.561 25578 14037 W ahcc    : 	at forf.l(:com.google.android.gms@250832029@25.08.32 (190400-731361394):101)
03-13 17:37:22.561 25578 14037 W ahcc    : 	at forf.r(:com.google.android.gms@250832029@25.08.32 (190400-731361394):28)
03-13 17:37:22.561 25578 14037 W ahcc    : 	at fots.run(:com.google.android.gms@250832029@25.08.32 (190400-731361394):5)
03-13 17:37:22.561 25578 14037 W ahcc    : 	at fosv.execute(:com.google.android.gms@250832029@25.08.32 (190400-731361394):1)
03-13 17:37:22.561 25578 14037 W ahcc    : 	at forf.h(:com.google.android.gms@250832029@25.08.32 (190400-731361394):1)
03-13 17:37:22.561 25578 14037 W ahcc    : 	at forf.l(:com.google.android.gms@250832029@25.08.32 (190400-731361394):101)
03-13 17:37:22.561 25578 14037 W ahcc    : 	at forf.r(:com.google.android.gms@250832029@25.08.32 (190400-731361394):28)
03-13 17:37:22.561 25578 14037 W ahcc    : 	at forh.e(:com.google.android.gms@250832029@25.08.32 (190400-731361394):3)
03-13 17:37:22.561 25578 14037 W ahcc    : 	at forj.run(:com.google.android.gms@250832029@25.08.32 (190400-731361394):44)
03-13 17:37:22.561 25578 14037 W ahcc    : 	at fouy.run(:com.google.android.gms@250832029@25.08.32 (190400-731361394):74)
03-13 17:37:22.561 25578 14037 W ahcc    : 	... 6 more
03-13 17:37:22.564 15244 18121 I gralloc4: @set_metadata: update dataspace from GM (0x00000000 -> 0x08010000)
03-13 17:37:22.564 10090 10090 I LanguagePromoExtension: LanguagePromoExtension.checkDisplayPreconditions():173 Not show language promo: exceeds the max display times.
03-13 17:37:22.565 10090 10090 I AccessoryInputModeManager: AccessoryInputModeManager.onModeStarted():322 Accessory input mode started: null
03-13 17:37:22.565 10090 10090 W SupplementaryKeyboardsWrapper: SupplementaryKeyboardsWrapper.deactivateKeyboard():160 keyboard accessory_candidates_consumer is not activated before!
03-13 17:37:22.569 10090 10090 I KeyboardModeManager: KeyboardModeManager.setSupportedKeyboardModes():1425 supportsSplitMode=true supportsOneHandedMode=true, needUpdateKeyboardMode=false
03-13 17:37:22.569 10090 10090 I KeyboardModeUtils: KeyboardModeUtils.getKeyboardBottomOffset():438 inch: 0.000000 ydpi: 401.648987 adjustKeyboardBottomByDisplaySize: false currentDensityDpi: 440 defaultDensityDpi: 440 keyboardBottomToScreenPx: 0 keyboardBottomToNavBarPx: -116 navBarHeight: 116
03-13 17:37:22.569 10090 10090 I ResizableKeyboardModeController: ResizableKeyboardModeController.getKeyboardBottomOffset():179 currentPrimeKeyboardType:SOFT keyboardBottomOffset:5 navBarHeight:116 isInLandscape:false
03-13 17:37:22.569 10090 10090 I KeyboardHeightUtil: KeyboardHeightUtil.calculateMaxKeyboardBodyHeight():46 leave 267 height for app when ime window height:2204, header height:121 and isFullscreenMode:false, so the max keyboard body height is:1816
03-13 17:37:22.569 10090 10090 I AndroidIME: KeyboardViewManager.updateKeyboardBodyViewHolderPaddingBottom():442 Set finalPaddingBottom = 5 while holderPaddingBottom = 5; navigationHeight = 116
03-13 17:37:22.570 10090 10090 W ExtensionWrapper: ExtensionWrapper.setExtensionViewVisibility():801 interface knk is not activate
03-13 17:37:22.571 10090 10090 I Module  : DeviceLockedStatusModuleProvider$Module.updateDeviceLockedStatus():100 repeatCheckTimes = 1, locked = false
03-13 17:37:22.572 10090 10090 I CurrentMicStatusHolder: CurrentMicStatusHolder.onStartInputView():81 Current Mic status = {MicIconHidden-SettingOff,}
03-13 17:37:22.572 10090 10090 I AccessPointsListHolderController: AccessPointsListHolderController.removeAccessPoint():469 The access point voice is not added
03-13 17:37:22.579 15244 15244 D InsetsController: show(ime(), fromIme=true)
03-13 17:37:22.580 15244 15244 I ImeTracker: com.ds.eventwish:f786ea21: onCancelled at PHASE_CLIENT_APPLY_ANIMATION
03-13 17:37:22.580 15244 15244 D TemplateDetailFragment: Updating share button - recipient: true, sender: false, enabled: false
03-13 17:37:22.581 10090 10090 W ModuleManager: ModuleManager.loadModule():547 Module lty is not available
03-13 17:37:22.581 15244 18121 I gralloc4: @set_metadata: update dataspace from GM (0x00000000 -> 0x08010000)
03-13 17:37:22.582 15244 15244 I chromium: [INFO:CONSOLE(1)] "Updating names: gd, ", source:  (1)
03-13 17:37:22.583 15244 15244 I chromium: [INFO:CONSOLE(1)] "Found elements: 0 0", source:  (1)
03-13 17:37:22.584 10090 10090 I AndroidIME: KeyboardViewManager.updateKeyboardBodyViewHolderPaddingBottom():442 Set finalPaddingBottom = 5 while holderPaddingBottom = 5; navigationHeight = 116
03-13 17:37:22.584 10090 10090 I WindowMetricsNotification: WindowMetricsNotification.notifyWithWindow():166 
03-13 17:37:22.584 10090 10090 I WindowMetricsNotification: WindowMetricsNotification.notify():159 mte[bounds=Rect(0, 88 - 1080, 2408), insets=Rect(0, 0 - 0, 116), densityDpi=440, smallestScreenWidthDp=393, displayWidth=1080, displayHeight=2408, xdpi=400.315, ydpi=401.649, isTrustable=true, displayId=0]; DisplayMetrics{density=2.75, width=1080, height=2408, scaledDensity=2.75, xdpi=400.315, ydpi=401.649}
03-13 17:37:22.584 15244 15244 I chromium: [INFO:CONSOLE(1)] "Updating names: gd, ", source:  (1)
03-13 17:37:22.585 15244 15244 I chromium: [INFO:CONSOLE(1)] "Found elements: 0 0", source:  (1)
03-13 17:37:22.587 15244 15244 D InsetsController: show(ime(), fromIme=true)
03-13 17:37:22.587 15244 15244 I ImeTracker: com.ds.eventwish:32a4edc0: onCancelled at PHASE_CLIENT_APPLY_ANIMATION
03-13 17:37:22.587 25578 18918 I agza    : (REDACTED) Detector ignoring field with types: %s
03-13 17:37:22.589 10090 10090 I GoogleInputMethodService: GoogleInputMethodService$1.onKeyboardViewShown():311 onKeyboardViewShown: keyboardType=prime, keyboardViewType=HEADER keyboardView=com.google.android.libraries.inputmethod.widgets.SoftKeyboardView{9966a27 V.E...... ........ 0,0-1080,121}
03-13 17:37:22.589 10090 10090 I KeyboardHeightUtil: KeyboardHeightUtil.calculateMaxKeyboardBodyHeight():46 leave 267 height for app when ime window height:2204, header height:121 and isFullscreenMode:false, so the max keyboard body height is:1816
03-13 17:37:22.590 10090 10090 I KeyboardHeightUtil: KeyboardHeightUtil.calculateMaxKeyboardBodyHeight():46 leave 267 height for app when ime window height:2204, header height:121 and isFullscreenMode:false, so the max keyboard body height is:1816
03-13 17:37:22.590 10090 10090 I GoogleInputMethodService: GoogleInputMethodService$1.onKeyboardViewShown():311 onKeyboardViewShown: keyboardType=prime, keyboardViewType=BODY keyboardView=com.google.android.libraries.inputmethod.widgets.SoftKeyboardView{bc25370 V.E...... ........ 0,0-1080,693}
03-13 17:37:22.591 10090 10090 I KeyboardHeightUtil: KeyboardHeightUtil.calculateMaxKeyboardBodyHeight():46 leave 267 height for app when ime window height:2204, header height:121 and isFullscreenMode:false, so the max keyboard body height is:1816
03-13 17:37:22.591 10090 10090 I NewLanguagePromptExtension: NewLanguagePromptExtension$1.onKeyboardViewShown():96 Not show new language banner: no change in enabled input method entries
03-13 17:37:22.591 10090 10090 I KeyboardHeightUtil: KeyboardHeightUtil.calculateMaxKeyboardBodyHeight():46 leave 267 height for app when ime window height:2204, header height:121 and isFullscreenMode:false, so the max keyboard body height is:1816
03-13 17:37:22.592 10090 10261 I Delight5Decoder: Delight5DecoderWrapper.setKeyboardLayout():521 setKeyboardLayout()
03-13 17:37:22.593 10090 10344 I gralloc4: @set_metadata: update dataspace from GM (0x00000000 -> 0x08010000)
03-13 17:37:22.598 15244 18121 I gralloc4: @set_metadata: update dataspace from GM (0x00000000 -> 0x08010000)
03-13 17:37:22.598 25650 18871 I SyncManager: (REDACTED) Executing sync(type=%s%s)
03-13 17:37:22.602 10090 10344 I gralloc4: @set_metadata: update dataspace from GM (0x00000000 -> 0x08010000)
03-13 17:37:22.605  2812  2812 V InlineSuggestionRenderService: handleDestroySuggestionViews called for 0:970987028
03-13 17:37:22.609 15244 18121 I gralloc4: @set_metadata: update dataspace from GM (0x00000000 -> 0x08010000)
03-13 17:37:22.612 10090 10344 I gralloc4: @set_metadata: update dataspace from GM (0x00000000 -> 0x08010000)
03-13 17:37:22.617 25650 18871 I SyncManager: (REDACTED) Executing sync(type=%s) finished in %s
03-13 17:37:22.627 10090 10344 I gralloc4: @set_metadata: update dataspace from GM (0x00000000 -> 0x08010000)
03-13 17:37:22.629 15244 18121 I gralloc4: @set_metadata: update dataspace from GM (0x00000000 -> 0x08010000)
03-13 17:37:22.645 10090 10344 I gralloc4: @set_metadata: update dataspace from GM (0x00000000 -> 0x08010000)
03-13 17:37:22.645 15244 18121 I gralloc4: @set_metadata: update dataspace from GM (0x00000000 -> 0x08010000)
03-13 17:37:22.661 10090 10344 I gralloc4: @set_metadata: update dataspace from GM (0x00000000 -> 0x08010000)
03-13 17:37:22.664 15244 18121 I gralloc4: @set_metadata: update dataspace from GM (0x00000000 -> 0x08010000)
03-13 17:37:22.681 10090 10344 I gralloc4: @set_metadata: update dataspace from GM (0x00000000 -> 0x08010000)
03-13 17:37:22.683 15244 18121 I gralloc4: @set_metadata: update dataspace from GM (0x00000000 -> 0x08010000)
03-13 17:37:22.687 15244 15244 D TemplateDetailFragment: Updating share button - recipient: true, sender: false, enabled: false
03-13 17:37:22.694 15244 15244 I chromium: [INFO:CONSOLE(1)] "Updating names: gd, ", source:  (1)
03-13 17:37:22.695 15244 15244 I chromium: [INFO:CONSOLE(1)] "Found elements: 0 0", source:  (1)
03-13 17:37:22.695 15244 15244 I chromium: [INFO:CONSOLE(1)] "Updating names: gd, ", source:  (1)
03-13 17:37:22.695 15244 15244 I chromium: [INFO:CONSOLE(1)] "Found elements: 0 0", source:  (1)
03-13 17:37:22.696 15244 18121 I gralloc4: @set_metadata: update dataspace from GM (0x00000000 -> 0x08010000)
03-13 17:37:22.724 10090 10090 W TooltipLifecycleManager: TooltipLifecycleManager.dismissTooltips():154 Tooltip with id spell_check_add_to_dictionary not found in tooltipManager.
03-13 17:37:22.804 15244 15244 D TemplateDetailFragment: Updating share button - recipient: true, sender: false, enabled: false
03-13 17:37:22.807 15244 15244 I chromium: [INFO:CONSOLE(1)] "Updating names: gd, ", source:  (1)
03-13 17:37:22.807 15244 15244 I chromium: [INFO:CONSOLE(1)] "Found elements: 0 0", source:  (1)
03-13 17:37:22.809 15244 15244 I chromium: [INFO:CONSOLE(1)] "Updating names: gd, ", source:  (1)
03-13 17:37:22.809 15244 15244 I chromium: [INFO:CONSOLE(1)] "Found elements: 0 0", source:  (1)
03-13 17:37:22.878 10090 10344 I gralloc4: @set_metadata: update dataspace from GM (0x00000000 -> 0x08010000)
03-13 17:37:22.898 10090 10344 I gralloc4: @set_metadata: update dataspace from GM (0x00000000 -> 0x08010000)
03-13 17:37:22.912 15244 15244 D TemplateDetailFragment: Updating share button - recipient: true, sender: false, enabled: false
03-13 17:37:22.916 15244 15244 I chromium: [INFO:CONSOLE(1)] "Updating names: gd, ", source:  (1)
03-13 17:37:22.917 15244 15244 I chromium: [INFO:CONSOLE(1)] "Found elements: 0 0", source:  (1)
03-13 17:37:22.922 15244 15244 I chromium: [INFO:CONSOLE(1)] "Updating names: gd, ", source:  (1)
03-13 17:37:22.922 15244 15244 I chromium: [INFO:CONSOLE(1)] "Found elements: 0 0", source:  (1)
03-13 17:37:22.981 10090 10344 I gralloc4: @set_metadata: update dataspace from GM (0x00000000 -> 0x08010000)
03-13 17:37:22.997 10090 10344 I gralloc4: @set_metadata: update dataspace from GM (0x00000000 -> 0x08010000)
03-13 17:37:23.008 10090 10090 I AndroidIME: KeyboardViewManager.updateKeyboardBodyViewHolderPaddingBottom():442 Set finalPaddingBottom = 5 while holderPaddingBottom = 5; navigationHeight = 116
03-13 17:37:23.017 10090 10344 I gralloc4: @set_metadata: update dataspace from GM (0x00000000 -> 0x08010000)
03-13 17:37:23.026 15244 18121 I gralloc4: @set_metadata: update dataspace from GM (0x00000000 -> 0x08010000)
03-13 17:37:23.033 15244 18121 I gralloc4: @set_metadata: update dataspace from GM (0x00000000 -> 0x08010000)
03-13 17:37:23.079 15244 15244 D TemplateDetailFragment: Updating share button - recipient: true, sender: true, enabled: true
03-13 17:37:23.082 15244 15244 I chromium: [INFO:CONSOLE(1)] "Updating names: gd, ", source:  (1)
03-13 17:37:23.082 15244 15244 I chromium: [INFO:CONSOLE(1)] "Found elements: 0 0", source:  (1)
03-13 17:37:23.083 15244 15244 I chromium: [INFO:CONSOLE(1)] "Updating names: gd, g", source:  (1)
03-13 17:37:23.083 15244 15244 I chromium: [INFO:CONSOLE(1)] "Found elements: 0 0", source:  (1)
03-13 17:37:23.184 15244 15244 D TemplateDetailFragment: Updating share button - recipient: true, sender: true, enabled: true
03-13 17:37:23.189 15244 15244 I chromium: [INFO:CONSOLE(1)] "Updating names: gd, g", source:  (1)
03-13 17:37:23.189 15244 15244 I chromium: [INFO:CONSOLE(1)] "Found elements: 0 0", source:  (1)
03-13 17:37:23.190 15244 15244 I chromium: [INFO:CONSOLE(1)] "Updating names: gd, g", source:  (1)
03-13 17:37:23.190 15244 15244 I chromium: [INFO:CONSOLE(1)] "Found elements: 0 0", source:  (1)
03-13 17:37:23.294 15244 15244 D TemplateDetailFragment: Updating share button - recipient: true, sender: true, enabled: true
03-13 17:37:23.297 15244 15244 I chromium: [INFO:CONSOLE(1)] "Updating names: gd, g", source:  (1)
03-13 17:37:23.297 15244 15244 I chromium: [INFO:CONSOLE(1)] "Found elements: 0 0", source:  (1)
03-13 17:37:23.298 15244 15244 I chromium: [INFO:CONSOLE(1)] "Updating names: gd, g", source:  (1)
03-13 17:37:23.299 15244 15244 I chromium: [INFO:CONSOLE(1)] "Found elements: 0 0", source:  (1)
03-13 17:37:23.342 10090 10344 I gralloc4: @set_metadata: update dataspace from GM (0x00000000 -> 0x08010000)
03-13 17:37:23.365 10090 10344 I gralloc4: @set_metadata: update dataspace from GM (0x00000000 -> 0x08010000)
03-13 17:37:23.403 15244 15244 D TemplateDetailFragment: Updating share button - recipient: true, sender: true, enabled: true
03-13 17:37:23.404 15244 15244 I chromium: [INFO:CONSOLE(1)] "Updating names: gd, g", source:  (1)
03-13 17:37:23.404 15244 15244 I chromium: [INFO:CONSOLE(1)] "Found elements: 0 0", source:  (1)
03-13 17:37:23.406 15244 15244 I chromium: [INFO:CONSOLE(1)] "Updating names: gd, g", source:  (1)
03-13 17:37:23.408 15244 15244 I chromium: [INFO:CONSOLE(1)] "Found elements: 0 0", source:  (1)
03-13 17:37:23.432 10090 10344 I gralloc4: @set_metadata: update dataspace from GM (0x00000000 -> 0x08010000)
03-13 17:37:23.441 10090 10090 I AndroidIME: KeyboardViewManager.updateKeyboardBodyViewHolderPaddingBottom():442 Set finalPaddingBottom = 5 while holderPaddingBottom = 5; navigationHeight = 116
03-13 17:37:23.445 10090 10344 I gralloc4: @set_metadata: update dataspace from GM (0x00000000 -> 0x08010000)
03-13 17:37:23.476 15244 18121 I gralloc4: @set_metadata: update dataspace from GM (0x00000000 -> 0x08010000)
03-13 17:37:23.483 15244 18121 I gralloc4: @set_metadata: update dataspace from GM (0x00000000 -> 0x08010000)
03-13 17:37:23.531 15244 15244 D TemplateDetailFragment: Updating share button - recipient: true, sender: true, enabled: true
03-13 17:37:23.534 15244 15244 I chromium: [INFO:CONSOLE(1)] "Updating names: gd, g", source:  (1)
03-13 17:37:23.535 15244 15244 I chromium: [INFO:CONSOLE(1)] "Found elements: 0 0", source:  (1)
03-13 17:37:23.539 15244 15244 I chromium: [INFO:CONSOLE(1)] "Updating names: gd, gt", source:  (1)
03-13 17:37:23.540 15244 15244 I chromium: [INFO:CONSOLE(1)] "Found elements: 0 0", source:  (1)
03-13 17:37:23.643 15244 15244 D TemplateDetailFragment: Updating share button - recipient: true, sender: true, enabled: true
03-13 17:37:23.648 15244 15244 I chromium: [INFO:CONSOLE(1)] "Updating names: gd, gt", source:  (1)
03-13 17:37:23.649 15244 15244 I chromium: [INFO:CONSOLE(1)] "Found elements: 0 0", source:  (1)
03-13 17:37:23.649 15244 15244 I chromium: [INFO:CONSOLE(1)] "Updating names: gd, gt", source:  (1)
03-13 17:37:23.650 15244 15244 I chromium: [INFO:CONSOLE(1)] "Found elements: 0 0", source:  (1)
03-13 17:37:23.754 15244 15244 D TemplateDetailFragment: Updating share button - recipient: true, sender: true, enabled: true
03-13 17:37:23.759 15244 15244 I chromium: [INFO:CONSOLE(1)] "Updating names: gd, gt", source:  (1)
03-13 17:37:23.760 15244 15244 I chromium: [INFO:CONSOLE(1)] "Found elements: 0 0", source:  (1)
03-13 17:37:23.764 15244 15244 I chromium: [INFO:CONSOLE(1)] "Updating names: gd, gt", source:  (1)
03-13 17:37:23.765 15244 15244 I chromium: [INFO:CONSOLE(1)] "Found elements: 0 0", source:  (1)
03-13 17:37:23.809 10090 10090 I GoogleInputMethodService: GoogleInputMethodService.onFinishInputView():1584 
03-13 17:37:23.809 10090 10090 I GlobeKeyExtension: GlobeKeyExtension.onDeactivate():104 
03-13 17:37:23.810 10090 10090 W TooltipLifecycleManager: TooltipLifecycleManager.dismissTooltips():154 Tooltip with id spell_check_add_to_dictionary not found in tooltipManager.
03-13 17:37:23.813 15244 18929 E ANDR-VIVO-PERF: IVPerf::tryGetService failed!
03-13 17:37:23.813 10090 10090 I InputBundle: InputBundle.consumeEvent():949 Skip consuming an event as keyboard status is 0
03-13 17:37:23.816 10090 10090 I AndroidIME: AbstractIme.onDeactivate():203 LatinIme.onDeactivate()
03-13 17:37:23.817 10090 10090 W TooltipLifecycleManager: TooltipLifecycleManager.dismissTooltips():154 Tooltip with id undo_access_point_promotion_banner not found in tooltipManager.
03-13 17:37:23.830 10090 10344 I gralloc4: @set_metadata: update dataspace from GM (0x00000000 -> 0x08010000)
03-13 17:37:23.841 15244 15244 W WindowOnBackDispatcher: sendCancelIfRunning: isInProgress=falsecallback=ImeCallback=ImeOnBackInvokedCallback@265008314 Callback=android.window.IOnBackInvokedCallback$Stub$Proxy@55ddb52
03-13 17:37:23.848 15244 18121 E GPUAUX  : [AUX]GuiExtAuxCheckAuxPath:663: Null anb
03-13 17:37:23.848 15244 18121 E GPUAUX  : [AUX]GuiExtAuxCheckAuxPath:663: Null anb
03-13 17:37:23.849 15244 18121 E GPUAUX  : [AUX]GuiExtAuxCheckAuxPath:663: Null anb
03-13 17:37:23.849 15244 18121 E GPUAUX  : [AUX]GuiExtAuxCheckAuxPath:663: Null anb
03-13 17:37:23.856 15244 18121 I gralloc4: @set_metadata: update dataspace from GM (0x00000000 -> 0x08010000)
03-13 17:37:23.869 15244 18121 E GPUAUX  : [AUX]GuiExtAuxCheckAuxPath:663: Null anb
03-13 17:37:23.869 15244 18121 E GPUAUX  : [AUX]GuiExtAuxCheckAuxPath:663: Null anb
03-13 17:37:23.869 15244 18121 E GPUAUX  : [AUX]GuiExtAuxCheckAuxPath:663: Null anb
03-13 17:37:23.876 15244 18121 I gralloc4: @set_metadata: update dataspace from GM (0x00000000 -> 0x08010000)
03-13 17:37:23.883 15244 18121 I gralloc4: @set_metadata: update dataspace from GM (0x00000000 -> 0x08010000)
03-13 17:37:23.888 15244 18121 E GPUAUX  : [AUX]GuiExtAuxCheckAuxPath:663: Null anb
03-13 17:37:23.888 15244 18121 E GPUAUX  : [AUX]GuiExtAuxCheckAuxPath:663: Null anb
03-13 17:37:23.888 15244 18121 E GPUAUX  : [AUX]GuiExtAuxCheckAuxPath:663: Null anb
03-13 17:37:23.891 15244 15244 D TemplateDetailFragment: Updating share button - recipient: true, sender: true, enabled: true
03-13 17:37:23.892 15244 15244 I chromium: [INFO:CONSOLE(1)] "Updating names: gd, gt", source:  (1)
03-13 17:37:23.893 15244 15244 I chromium: [INFO:CONSOLE(1)] "Found elements: 0 0", source:  (1)
03-13 17:37:23.893 15244 15244 I chromium: [INFO:CONSOLE(1)] "Updating names: gd, gt", source:  (1)
03-13 17:37:23.895 15244 18121 I gralloc4: @set_metadata: update dataspace from GM (0x00000000 -> 0x08010000)
03-13 17:37:23.898 15244 15244 I chromium: [INFO:CONSOLE(1)] "Found elements: 0 0", source:  (1)
03-13 17:37:23.900 15244 18121 I gralloc4: @set_metadata: update dataspace from GM (0x00000000 -> 0x08010000)
03-13 17:37:23.916 15244 18121 I gralloc4: @set_metadata: update dataspace from GM (0x00000000 -> 0x08010000)
03-13 17:37:23.934 15244 18121 I gralloc4: @set_metadata: update dataspace from GM (0x00000000 -> 0x08010000)
03-13 17:37:23.952 15244 18121 I gralloc4: @set_metadata: update dataspace from GM (0x00000000 -> 0x08010000)
03-13 17:37:23.955 10090 10127 I putmethod.latin: Background concurrent copying GC freed 13MB AllocSpace bytes, 56(2192KB) LOS objects, 49% free, 14MB/29MB, paused 92us,41us total 133.691ms
03-13 17:37:23.955 10090 10127 W putmethod.latin: Reducing the number of considered missed Gc histogram windows from 234 to 100
03-13 17:37:23.976 10090 10307 W AutoCloseableTracker: AutoCloseableTracker.drainReferenceQueue():97 Cleanup AutoCloseable object that missing the close() call
03-13 17:37:23.976 10090 10307 W AutoCloseableTracker: itw
03-13 17:37:23.976 10090 10307 W AutoCloseableTracker: 	at itt.<init>(PG:20)
03-13 17:37:23.976 10090 10307 W AutoCloseableTracker: 	at iub.<init>(PG:1)
03-13 17:37:23.976 10090 10307 W AutoCloseableTracker: 	at itz.<init>(PG:2)
03-13 17:37:23.976 10090 10307 W AutoCloseableTracker: 	at com.google.android.keyboard.client.delight5.LanguageIdentifier.<init>(PG:6)
03-13 17:37:23.976 10090 10307 W AutoCloseableTracker: 	at com.google.android.keyboard.client.delight5.LanguageIdentifier.<init>(PG:8)
03-13 17:37:23.976 10090 10307 W AutoCloseableTracker: 	at com.android.inputmethod.latin.spellcheck.AndroidSpellCheckerService.createSession(PG:32)
03-13 17:37:23.976 10090 10307 W AutoCloseableTracker: 	at android.service.textservice.SpellCheckerService$SpellCheckerServiceBinder.getISpellCheckerSession(SpellCheckerService.java:361)
03-13 17:37:23.976 10090 10307 W AutoCloseableTracker: 	at com.android.internal.textservice.ISpellCheckerService$Stub.onTransact(ISpellCheckerService.java:113)
03-13 17:37:23.976 10090 10307 W AutoCloseableTracker: 	at android.os.Binder.execTransactInternal(Binder.java:1410)
03-13 17:37:23.976 10090 10307 W AutoCloseableTracker: 	at android.os.Binder.execTransact(Binder.java:1341)
03-13 17:37:23.977 10090 10307 W AutoCloseableTracker: AutoCloseableTracker.drainReferenceQueue():97 Cleanup AutoCloseable object that missing the close() call
03-13 17:37:23.977 10090 10307 W AutoCloseableTracker: itw
03-13 17:37:23.977 10090 10307 W AutoCloseableTracker: 	at itt.<init>(PG:20)
03-13 17:37:23.977 10090 10307 W AutoCloseableTracker: 	at iub.<init>(PG:1)
03-13 17:37:23.977 10090 10307 W AutoCloseableTracker: 	at itz.<init>(PG:2)
03-13 17:37:23.977 10090 10307 W AutoCloseableTracker: 	at com.google.android.keyboard.client.delight5.LanguageIdentifier.<init>(PG:6)
03-13 17:37:23.977 10090 10307 W AutoCloseableTracker: 	at com.google.android.keyboard.client.delight5.LanguageIdentifier.<init>(PG:8)
03-13 17:37:23.977 10090 10307 W AutoCloseableTracker: 	at com.android.inputmethod.latin.spellcheck.AndroidSpellCheckerService.createSession(PG:32)
03-13 17:37:23.977 10090 10307 W AutoCloseableTracker: 	at android.service.textservice.SpellCheckerService$SpellCheckerServiceBinder.getISpellCheckerSession(SpellCheckerService.java:361)
03-13 17:37:23.977 10090 10307 W AutoCloseableTracker: 	at com.android.internal.textservice.ISpellCheckerService$Stub.onTransact(ISpellCheckerService.java:113)
03-13 17:37:23.977 10090 10307 W AutoCloseableTracker: 	at android.os.Binder.execTransactInternal(Binder.java:1410)
03-13 17:37:23.977 10090 10307 W AutoCloseableTracker: 	at android.os.Binder.execTransact(Binder.java:1341)
03-13 17:37:24.000 15244 15244 D TemplateDetailFragment: Updating share button - recipient: true, sender: true, enabled: true
03-13 17:37:24.004 15244 15244 I chromium: [INFO:CONSOLE(1)] "Updating names: gd, gt", source:  (1)
03-13 17:37:24.004 15244 15244 I chromium: [INFO:CONSOLE(1)] "Found elements: 0 0", source:  (1)
03-13 17:37:24.005 15244 15244 I chromium: [INFO:CONSOLE(1)] "Updating names: gd, gt", source:  (1)
03-13 17:37:24.005 15244 15244 I chromium: [INFO:CONSOLE(1)] "Found elements: 0 0", source:  (1)
03-13 17:37:24.067 15244 15244 I ImeTracker: com.ds.eventwish:60ea61ac: onRequestHide at ORIGIN_CLIENT_HIDE_SOFT_INPUT reason HIDE_SOFT_INPUT_BY_INSETS_API
03-13 17:37:24.075 15244 15244 I ImeTracker: com.ds.eventwish:1e49facd: onHidden
03-13 17:37:24.107 15244 15244 D TemplateDetailFragment: Updating share button - recipient: true, sender: true, enabled: true
03-13 17:37:24.110 15244 15244 I chromium: [INFO:CONSOLE(1)] "Updating names: gd, gt", source:  (1)
03-13 17:37:24.111 15244 15244 I chromium: [INFO:CONSOLE(1)] "Found elements: 0 0", source:  (1)
03-13 17:37:24.112 15244 15244 I chromium: [INFO:CONSOLE(1)] "Updating names: gd, gt", source:  (1)
03-13 17:37:24.113 15244 15244 I chromium: [INFO:CONSOLE(1)] "Found elements: 0 0", source:  (1)
03-13 17:37:24.214 15244 15244 D TemplateDetailFragment: Updating share button - recipient: true, sender: true, enabled: true
03-13 17:37:24.216 15244 15244 I chromium: [INFO:CONSOLE(1)] "Updating names: gd, gt", source:  (1)
03-13 17:37:24.216 15244 15244 I chromium: [INFO:CONSOLE(1)] "Found elements: 0 0", source:  (1)
03-13 17:37:24.217 15244 15244 I chromium: [INFO:CONSOLE(1)] "Updating names: gd, gt", source:  (1)
03-13 17:37:24.217 15244 15244 I chromium: [INFO:CONSOLE(1)] "Found elements: 0 0", source:  (1)
03-13 17:37:24.318 15244 15244 D TemplateDetailFragment: Updating share button - recipient: true, sender: true, enabled: true
03-13 17:37:24.321 15244 15244 I chromium: [INFO:CONSOLE(1)] "Updating names: gd, gt", source:  (1)
03-13 17:37:24.321 15244 15244 I chromium: [INFO:CONSOLE(1)] "Found elements: 0 0", source:  (1)
03-13 17:37:24.322 15244 15244 I chromium: [INFO:CONSOLE(1)] "Updating names: gd, gt", source:  (1)
03-13 17:37:24.323 15244 15244 I chromium: [INFO:CONSOLE(1)] "Found elements: 0 0", source:  (1)
03-13 17:37:24.425 15244 15244 D TemplateDetailFragment: Updating share button - recipient: true, sender: true, enabled: true
03-13 17:37:24.428 15244 15244 I chromium: [INFO:CONSOLE(1)] "Updating names: gd, gt", source:  (1)
03-13 17:37:24.429 15244 15244 I chromium: [INFO:CONSOLE(1)] "Found elements: 0 0", source:  (1)
03-13 17:37:24.430 15244 15244 I chromium: [INFO:CONSOLE(1)] "Updating names: gd, gt", source:  (1)
03-13 17:37:24.431 15244 15244 I chromium: [INFO:CONSOLE(1)] "Found elements: 0 0", source:  (1)
03-13 17:37:24.448 15244 18121 I gralloc4: @set_metadata: update dataspace from GM (0x00000000 -> 0x08010000)
03-13 17:37:24.535 15244 15244 D TemplateDetailFragment: Updating share button - recipient: true, sender: true, enabled: true
03-13 17:37:24.538 15244 15244 I chromium: [INFO:CONSOLE(1)] "Updating names: gd, gt", source:  (1)
03-13 17:37:24.539 15244 15244 I chromium: [INFO:CONSOLE(1)] "Found elements: 0 0", source:  (1)
03-13 17:37:24.540 15244 15244 I chromium: [INFO:CONSOLE(1)] "Updating names: gd, gt", source:  (1)
03-13 17:37:24.541 15244 15244 I chromium: [INFO:CONSOLE(1)] "Found elements: 0 0", source:  (1)
03-13 17:37:24.588 10090 10090 W TooltipLifecycleManager: TooltipLifecycleManager.dismissTooltips():154 Tooltip with id undo_access_point_promotion_banner not found in tooltipManager.
03-13 17:37:24.602 10090 10090 D BLASTBufferQueue: [VRI[InputMethod]#61](f:0,a:1) destructor()
03-13 17:37:24.602 10090 10090 D BufferQueueConsumer: [VRI[InputMethod]#61(BLAST Consumer)61](id:276a0000003d,api:0,p:-1,c:10090) disconnect
03-13 17:37:24.643 15244 15244 D TemplateDetailFragment: Updating share button - recipient: true, sender: true, enabled: true
03-13 17:37:24.645 15244 15244 I chromium: [INFO:CONSOLE(1)] "Updating names: gd, gt", source:  (1)
03-13 17:37:24.645 15244 15244 I chromium: [INFO:CONSOLE(1)] "Found elements: 0 0", source:  (1)
03-13 17:37:24.645 15244 15244 I chromium: [INFO:CONSOLE(1)] "Updating names: gd, gt", source:  (1)
03-13 17:37:24.645 15244 15244 I chromium: [INFO:CONSOLE(1)] "Found elements: 0 0", source:  (1)
03-13 17:37:24.699 15244 15244 D TemplateDetailFragment: Share button clicked
03-13 17:37:24.699 15244 15244 D TemplateDetailFragment: Sharing template with recipient: gd, sender: gt
03-13 17:37:24.699 15244 15244 D TemplateDetailsViewModel: Saving wish
03-13 17:37:24.699 15244 15244 D TemplateDetailsViewModel: Creating wish with recipient: gd, sender: gt, templateId: 67cc545c9f156e60566a971f
03-13 17:37:24.700 15244 15244 D TemplateDetailsViewModel: Making API call to: /api/wishes/create
03-13 17:37:24.700 15244 15244 D TemplateDetailsViewModel: Request body: com.ds.eventwish.data.model.SharedWish@fe236b46
03-13 17:37:24.710 15244 18121 I gralloc4: @set_metadata: update dataspace from GM (0x00000000 -> 0x08010000)
03-13 17:37:24.711 15244 18133 I okhttp.OkHttpClient: --> POST https://eventwishes.onrender.com/api/share
03-13 17:37:24.712 15244 18133 I okhttp.OkHttpClient: Content-Type: application/json; charset=UTF-8
03-13 17:37:24.712 15244 18133 I okhttp.OkHttpClient: Content-Length: 1902
03-13 17:37:24.713 15244 18133 I okhttp.OkHttpClient: {"cssContent":".graduation-template-1 {\n            background: linear-gradient(to bottom right, #1a237e, #311b92);\n            padding: 40px;\n            border-radius: 15px;\n            text-align: center;\n            color: white;\n        }\n        .graduation-template-1 .cap {\n            position: relative;\n            width: 80px;\n            margin: 20px auto;\n        }\n        .graduation-template-1 .top {\n            width: 80px;\n            height: 80px;\n            background: #000;\n            transform: rotate(45deg);\n        }\n        .graduation-template-1 .tassel {\n            position: absolute;\n            width: 4px;\n            height: 40px;\n            background: #ffd700;\n            top: 40px;\n            left: 50%;\n            transform: translateX(-50%);\n        }","htmlContent":"\u003cdiv class\u003d\"graduation-template-1\"\u003e\n            \u003cdiv class\u003d\"cap\"\u003e\n                \u003cdiv class\u003d\"top\"\u003e\u003c/div\u003e\n                \u003cdiv class\u003d\"tassel\"\u003e\u003c/div\u003e\n            \u003c/div\u003e\n            \u003ch1\u003eCongratulations Graduate!\u003c/h1\u003e\n            \u003cdiv class\u003d\"content\"\u003e\n                \u003cp\u003eCelebrating your academic achievement\u003c/p\u003e\n            \u003c/div\u003e\n        \u003c/div\u003e","jsContent":"document.querySelector(\u0027.graduation-template-1 .cap\u0027).addEventListener(\u0027click\u0027, function() {\n            this.style.transform \u003d \u0027translateY(-20px)\u0027;\n            this.style.transition \u003d \u0027transform 0.3s ease\u0027;\n            setTimeout(() \u003d\u003e {\n                this.style.transform \u003d \u0027translateY(0)\u0027;\n            }, 300);\n        });","recipientName":"gd","senderName":"gt","sharedVia":"LINK","templateId":"67cc545c9f156e60566a971f","views":0}
03-13 17:37:24.713 15244 18133 I okhttp.OkHttpClient: --> END POST (1902-byte body)
03-13 17:37:24.724 15244 18133 D TrafficStats: tagSocket(329) with statsTag=0xffffffff, statsUid=-1
03-13 17:37:24.731 15244 18121 I gralloc4: @set_metadata: update dataspace from GM (0x00000000 -> 0x08010000)
03-13 17:37:24.749 15244 18121 I gralloc4: @set_metadata: update dataspace from GM (0x00000000 -> 0x08010000)
03-13 17:37:24.759 15244 18121 I gralloc4: @set_metadata: update dataspace from GM (0x00000000 -> 0x08010000)
03-13 17:37:24.762 15244 15244 D TemplateDetailFragment: Updating share button - recipient: true, sender: true, enabled: true
03-13 17:37:24.765 15244 18121 I gralloc4: @set_metadata: update dataspace from GM (0x00000000 -> 0x08010000)
03-13 17:37:24.766 15244 15244 I chromium: [INFO:CONSOLE(1)] "Updating names: gd, gt", source:  (1)
03-13 17:37:24.767 15244 15244 I chromium: [INFO:CONSOLE(1)] "Found elements: 0 0", source:  (1)
03-13 17:37:24.767 15244 15244 I chromium: [INFO:CONSOLE(1)] "Updating names: gd, gt", source:  (1)
03-13 17:37:24.768 15244 15244 I chromium: [INFO:CONSOLE(1)] "Found elements: 0 0", source:  (1)
03-13 17:37:24.778 15244 18121 I gralloc4: @set_metadata: update dataspace from GM (0x00000000 -> 0x08010000)
03-13 17:37:24.795 15244 18121 I gralloc4: @set_metadata: update dataspace from GM (0x00000000 -> 0x08010000)
03-13 17:37:24.810 15244 18121 I gralloc4: @set_metadata: update dataspace from GM (0x00000000 -> 0x08010000)
03-13 17:37:24.812  7831 23605 I erxo    : (REDACTED) appOpsListener %s %s
03-13 17:37:24.813  7831 23605 I erxo    : (REDACTED) Ignoring irrelevant audio permission changes for package %s
03-13 17:37:24.830 15244 18121 I gralloc4: @set_metadata: update dataspace from GM (0x00000000 -> 0x08010000)
03-13 17:37:24.844 15244 18121 I gralloc4: @set_metadata: update dataspace from GM (0x00000000 -> 0x08010000)
03-13 17:37:24.864 15244 18121 I gralloc4: @set_metadata: update dataspace from GM (0x00000000 -> 0x08010000)
03-13 17:37:24.869 15244 15244 D TemplateDetailFragment: Updating share button - recipient: true, sender: true, enabled: true
03-13 17:37:24.872 15244 15244 I chromium: [INFO:CONSOLE(1)] "Updating names: gd, gt", source:  (1)
03-13 17:37:24.872 15244 15244 I chromium: [INFO:CONSOLE(1)] "Found elements: 0 0", source:  (1)
03-13 17:37:24.875 15244 15244 I chromium: [INFO:CONSOLE(1)] "Updating names: gd, gt", source:  (1)
03-13 17:37:24.875 15244 15244 I chromium: [INFO:CONSOLE(1)] "Found elements: 0 0", source:  (1)
03-13 17:37:24.881 15244 18121 I gralloc4: @set_metadata: update dataspace from GM (0x00000000 -> 0x08010000)
03-13 17:37:24.897 15244 18121 I gralloc4: @set_metadata: update dataspace from GM (0x00000000 -> 0x08010000)
03-13 17:37:24.913 15244 18121 I gralloc4: @set_metadata: update dataspace from GM (0x00000000 -> 0x08010000)
03-13 17:37:24.930 15244 18121 I gralloc4: @set_metadata: update dataspace from GM (0x00000000 -> 0x08010000)
03-13 17:37:24.944 15244 18121 I gralloc4: @set_metadata: update dataspace from GM (0x00000000 -> 0x08010000)
03-13 17:37:24.964 15244 18121 I gralloc4: @set_metadata: update dataspace from GM (0x00000000 -> 0x08010000)
03-13 17:37:24.980 15244 18121 I gralloc4: @set_metadata: update dataspace from GM (0x00000000 -> 0x08010000)
03-13 17:37:24.982 15244 15244 D TemplateDetailFragment: Updating share button - recipient: true, sender: true, enabled: true
03-13 17:37:24.984 15244 15244 I chromium: [INFO:CONSOLE(1)] "Updating names: gd, gt", source:  (1)
03-13 17:37:24.985 15244 15244 I chromium: [INFO:CONSOLE(1)] "Found elements: 0 0", source:  (1)
03-13 17:37:24.987 15244 15244 I chromium: [INFO:CONSOLE(1)] "Updating names: gd, gt", source:  (1)
03-13 17:37:24.988 15244 15244 I chromium: [INFO:CONSOLE(1)] "Found elements: 0 0", source:  (1)
03-13 17:37:24.996 15244 18121 I gralloc4: @set_metadata: update dataspace from GM (0x00000000 -> 0x08010000)
03-13 17:37:25.013 15244 18121 I gralloc4: @set_metadata: update dataspace from GM (0x00000000 -> 0x08010000)
03-13 17:37:25.030 15244 18121 I gralloc4: @set_metadata: update dataspace from GM (0x00000000 -> 0x08010000)
03-13 17:37:25.047 15244 18121 I gralloc4: @set_metadata: update dataspace from GM (0x00000000 -> 0x08010000)
03-13 17:37:25.067 15244 18121 I gralloc4: @set_metadata: update dataspace from GM (0x00000000 -> 0x08010000)
03-13 17:37:25.080 15244 18121 I gralloc4: @set_metadata: update dataspace from GM (0x00000000 -> 0x08010000)
03-13 17:37:25.093 15244 15244 D TemplateDetailFragment: Updating share button - recipient: true, sender: true, enabled: true
03-13 17:37:25.097 15244 18121 I gralloc4: @set_metadata: update dataspace from GM (0x00000000 -> 0x08010000)
