03-13 14:51:15.781 10719 16958 W BufferQueueProducer: [MediaCodec.release](id:29df00000003,api:3,p:10719,c:10719) detachBuffer: slot 17 is not owned by the producer (state = FREE)
03-13 14:51:15.781 10719 16958 W BufferQueueProducer: [MediaCodec.release](id:29df00000003,api:3,p:10719,c:10719) detachBuffer: slot 18 is not owned by the producer (state = FREE)
03-13 14:51:15.781 10719 16958 W BufferQueueProducer: [MediaCodec.release](id:29df00000003,api:3,p:10719,c:10719) detachBuffer: slot 19 is not owned by the producer (state = FREE)
03-13 14:51:15.782 10719 16958 W BufferQueueProducer: [MediaCodec.release](id:29df00000003,api:3,p:10719,c:10719) detachBuffer: slot 20 is not owned by the producer (state = FREE)
03-13 14:51:15.782 10719 16958 W BufferQueueProducer: [MediaCodec.release](id:29df00000003,api:3,p:10719,c:10719) detachBuffer: slot 21 is not owned by the producer (state = FREE)
03-13 14:51:15.782 10719 16958 W BufferQueueProducer: [MediaCodec.release](id:29df00000003,api:3,p:10719,c:10719) detachBuffer: slot 22 is not owned by the producer (state = FREE)
03-13 14:51:15.782 10719 16958 W BufferQueueProducer: [MediaCodec.release](id:29df00000003,api:3,p:10719,c:10719) detachBuffer: slot 23 is not owned by the producer (state = FREE)
03-13 14:51:15.782 10719 16958 W BufferQueueProducer: [MediaCodec.release](id:29df00000003,api:3,p:10719,c:10719) detachBuffer: slot 24 is not owned by the producer (state = FREE)
03-13 14:51:15.782 10719 16958 W BufferQueueProducer: [MediaCodec.release](id:29df00000003,api:3,p:10719,c:10719) detachBuffer: slot 25 is not owned by the producer (state = FREE)
03-13 14:51:15.782 10719 16958 W BufferQueueProducer: [MediaCodec.release](id:29df00000003,api:3,p:10719,c:10719) detachBuffer: slot 26 is not owned by the producer (state = FREE)
03-13 14:51:15.782 10719 16958 W BufferQueueProducer: [MediaCodec.release](id:29df00000003,api:3,p:10719,c:10719) detachBuffer: slot 27 is not owned by the producer (state = FREE)
03-13 14:51:15.782 10719 16958 W BufferQueueProducer: [MediaCodec.release](id:29df00000003,api:3,p:10719,c:10719) detachBuffer: slot 28 is not owned by the producer (state = FREE)
03-13 14:51:15.782 10719 16958 W BufferQueueProducer: [MediaCodec.release](id:29df00000003,api:3,p:10719,c:10719) detachBuffer: slot 29 is not owned by the producer (state = FREE)
03-13 14:51:15.782 10719 16958 W BufferQueueProducer: [MediaCodec.release](id:29df00000003,api:3,p:10719,c:10719) detachBuffer: slot 30 is not owned by the producer (state = FREE)
03-13 14:51:15.782 10719 16958 W BufferQueueProducer: [MediaCodec.release](id:29df00000003,api:3,p:10719,c:10719) detachBuffer: slot 31 is not owned by the producer (state = FREE)
03-13 14:51:15.782 10719 16958 W BufferQueueProducer: [MediaCodec.release](id:29df00000003,api:3,p:10719,c:10719) detachBuffer: slot 32 is not owned by the producer (state = FREE)
03-13 14:51:15.782 10719 16958 W BufferQueueProducer: [MediaCodec.release](id:29df00000003,api:3,p:10719,c:10719) detachBuffer: slot 33 is not owned by the producer (state = FREE)
03-13 14:51:15.782 10719 16958 W BufferQueueProducer: [MediaCodec.release](id:29df00000003,api:3,p:10719,c:10719) detachBuffer: slot 34 is not owned by the producer (state = FREE)
03-13 14:51:15.783 10719 16958 W BufferQueueProducer: [MediaCodec.release](id:29df00000003,api:3,p:10719,c:10719) detachBuffer: slot 35 is not owned by the producer (state = FREE)
03-13 14:51:15.783 10719 16958 W BufferQueueProducer: [MediaCodec.release](id:29df00000003,api:3,p:10719,c:10719) detachBuffer: slot 36 is not owned by the producer (state = FREE)
03-13 14:51:15.783 10719 16958 W BufferQueueProducer: [MediaCodec.release](id:29df00000003,api:3,p:10719,c:10719) detachBuffer: slot 37 is not owned by the producer (state = FREE)
03-13 14:51:15.783 10719 16958 W BufferQueueProducer: [MediaCodec.release](id:29df00000003,api:3,p:10719,c:10719) detachBuffer: slot 38 is not owned by the producer (state = FREE)
03-13 14:51:15.783 10719 16958 W BufferQueueProducer: [MediaCodec.release](id:29df00000003,api:3,p:10719,c:10719) detachBuffer: slot 39 is not owned by the producer (state = FREE)
03-13 14:51:15.783 10719 16958 W BufferQueueProducer: [MediaCodec.release](id:29df00000003,api:3,p:10719,c:10719) detachBuffer: slot 40 is not owned by the producer (state = FREE)
03-13 14:51:15.783 10719 16958 W BufferQueueProducer: [MediaCodec.release](id:29df00000003,api:3,p:10719,c:10719) detachBuffer: slot 41 is not owned by the producer (state = FREE)
03-13 14:51:15.783 10719 16958 W BufferQueueProducer: [MediaCodec.release](id:29df00000003,api:3,p:10719,c:10719) detachBuffer: slot 42 is not owned by the producer (state = FREE)
03-13 14:51:15.783 10719 16958 W BufferQueueProducer: [MediaCodec.release](id:29df00000003,api:3,p:10719,c:10719) detachBuffer: slot 43 is not owned by the producer (state = FREE)
03-13 14:51:15.783 10719 16958 W BufferQueueProducer: [MediaCodec.release](id:29df00000003,api:3,p:10719,c:10719) detachBuffer: slot 44 is not owned by the producer (state = FREE)
03-13 14:51:15.783 10719 16958 W BufferQueueProducer: [MediaCodec.release](id:29df00000003,api:3,p:10719,c:10719) detachBuffer: slot 45 is not owned by the producer (state = FREE)
03-13 14:51:15.783 10719 16958 W BufferQueueProducer: [MediaCodec.release](id:29df00000003,api:3,p:10719,c:10719) detachBuffer: slot 46 is not owned by the producer (state = FREE)
03-13 14:51:15.784 10719 16958 W BufferQueueProducer: [MediaCodec.release](id:29df00000003,api:3,p:10719,c:10719) detachBuffer: slot 47 is not owned by the producer (state = FREE)
03-13 14:51:15.784 10719 16958 W BufferQueueProducer: [MediaCodec.release](id:29df00000003,api:3,p:10719,c:10719) detachBuffer: slot 48 is not owned by the producer (state = FREE)
03-13 14:51:15.784 10719 16958 W BufferQueueProducer: [MediaCodec.release](id:29df00000003,api:3,p:10719,c:10719) detachBuffer: slot 49 is not owned by the producer (state = FREE)
03-13 14:51:15.784 10719 16958 W BufferQueueProducer: [MediaCodec.release](id:29df00000003,api:3,p:10719,c:10719) detachBuffer: slot 50 is not owned by the producer (state = FREE)
03-13 14:51:15.784 10719 16958 W BufferQueueProducer: [MediaCodec.release](id:29df00000003,api:3,p:10719,c:10719) detachBuffer: slot 51 is not owned by the producer (state = FREE)
03-13 14:51:15.784 10719 16958 W BufferQueueProducer: [MediaCodec.release](id:29df00000003,api:3,p:10719,c:10719) detachBuffer: slot 52 is not owned by the producer (state = FREE)
03-13 14:51:15.784 10719 16958 W BufferQueueProducer: [MediaCodec.release](id:29df00000003,api:3,p:10719,c:10719) detachBuffer: slot 53 is not owned by the producer (state = FREE)
03-13 14:51:15.784 10719 16958 W BufferQueueProducer: [MediaCodec.release](id:29df00000003,api:3,p:10719,c:10719) detachBuffer: slot 54 is not owned by the producer (state = FREE)
03-13 14:51:15.784 10719 16958 W BufferQueueProducer: [MediaCodec.release](id:29df00000003,api:3,p:10719,c:10719) detachBuffer: slot 55 is not owned by the producer (state = FREE)
03-13 14:51:15.784 10719 16958 W BufferQueueProducer: [MediaCodec.release](id:29df00000003,api:3,p:10719,c:10719) detachBuffer: slot 56 is not owned by the producer (state = FREE)
03-13 14:51:15.785 10719 16958 W BufferQueueProducer: [MediaCodec.release](id:29df00000003,api:3,p:10719,c:10719) detachBuffer: slot 57 is not owned by the producer (state = FREE)
03-13 14:51:15.785 10719 16958 W BufferQueueProducer: [MediaCodec.release](id:29df00000003,api:3,p:10719,c:10719) detachBuffer: slot 58 is not owned by the producer (state = FREE)
03-13 14:51:15.785 10719 16958 W BufferQueueProducer: [MediaCodec.release](id:29df00000003,api:3,p:10719,c:10719) detachBuffer: slot 59 is not owned by the producer (state = FREE)
03-13 14:51:15.785 10719 16958 W BufferQueueProducer: [MediaCodec.release](id:29df00000003,api:3,p:10719,c:10719) detachBuffer: slot 60 is not owned by the producer (state = FREE)
03-13 14:51:15.785 10719 16958 W BufferQueueProducer: [MediaCodec.release](id:29df00000003,api:3,p:10719,c:10719) detachBuffer: slot 61 is not owned by the producer (state = FREE)
03-13 14:51:15.786 10719 16958 W BufferQueueProducer: [MediaCodec.release](id:29df00000003,api:3,p:10719,c:10719) detachBuffer: slot 62 is not owned by the producer (state = FREE)
03-13 14:51:15.786 10719 16958 W BufferQueueProducer: [MediaCodec.release](id:29df00000003,api:3,p:10719,c:10719) detachBuffer: slot 63 is not owned by the producer (state = FREE)
03-13 14:51:15.787 10719 16937 D MediaCodec: [0xb400007b5cdb91a0] [c2.mtk.avc.decoder] kWhatReleaseCompleted
03-13 14:51:15.787 10719 16937 D MediaCodec: [0xb400007b5cdb91a0] setState: 0
03-13 14:51:15.787 10719 16937 D MediaCodec: [0xb400007b5cdb91a0] [c2.mtk.avc.decoder] disconnectFromSurface: mSurface 0xb400007c1cd246b0
03-13 14:51:15.787 10719 16938 I hw-BpHwBinder: onLastStrongRef automatically unlinking death recipients
03-13 14:51:15.787 10719 16937 D SurfaceUtils: disconnecting from surface 0xb400007c1cd246c0, reason disconnectFromSurface
03-13 14:51:15.790 10719 16937 D MediaCodec: flushMediametrics
03-13 14:51:15.791 10719 16905 E BufferQueueProducer: [MediaCodec.release](id:29df00000003,api:0,p:-1,c:10719) cancelBuffer: BufferQueue has no connected producer
03-13 14:51:15.791 10719 16905 E BufferQueueProducer: [MediaCodec.release](id:29df00000003,api:0,p:-1,c:10719) cancelBuffer: BufferQueue has no connected producer
03-13 14:51:15.793 10719 16937 D MediaCodec: flushMediametrics
03-13 14:51:15.794 10719 16937 W MediaCodec: no metrics handle found
03-13 14:51:15.794 10719 16937 I CCodecBufferChannel: Destructor 0xb400007aecd975f0
03-13 14:51:15.795 10719 16905 E BufferQueueProducer: [MediaCodec.release](id:29df00000003,api:0,p:-1,c:10719) cancelBuffer: BufferQueue has no connected producer
03-13 14:51:15.795 10719 16905 E BufferQueueProducer: [MediaCodec.release](id:29df00000003,api:0,p:-1,c:10719) cancelBuffer: BufferQueue has no connected producer
03-13 14:51:15.796 10719 16905 E BufferQueueProducer: [MediaCodec.release](id:29df00000003,api:0,p:-1,c:10719) cancelBuffer: BufferQueue has no connected producer
03-13 14:51:15.796 10719 16905 E BufferQueueProducer: [MediaCodec.release](id:29df00000003,api:0,p:-1,c:10719) cancelBuffer: BufferQueue has no connected producer
03-13 14:51:15.798 10719 16905 E BufferQueueProducer: [MediaCodec.release](id:29df00000003,api:0,p:-1,c:10719) cancelBuffer: BufferQueue has no connected producer
03-13 14:51:15.798 10719 16905 E BufferQueueProducer: [MediaCodec.release](id:29df00000003,api:0,p:-1,c:10719) cancelBuffer: BufferQueue has no connected producer
03-13 14:51:15.798 10719 16905 E BufferQueueProducer: [MediaCodec.release](id:29df00000003,api:0,p:-1,c:10719) cancelBuffer: BufferQueue has no connected producer
03-13 14:51:15.798 10719 16905 E BufferQueueProducer: [MediaCodec.release](id:29df00000003,api:0,p:-1,c:10719) cancelBuffer: BufferQueue has no connected producer
03-13 14:51:15.799 10719 16905 E BufferQueueProducer: [MediaCodec.release](id:29df00000003,api:0,p:-1,c:10719) cancelBuffer: BufferQueue has no connected producer
03-13 14:51:15.799 10719 16905 E BufferQueueProducer: [MediaCodec.release](id:29df00000003,api:0,p:-1,c:10719) cancelBuffer: BufferQueue has no connected producer
03-13 14:51:15.799 10719 16905 E BufferQueueProducer: [MediaCodec.release](id:29df00000003,api:0,p:-1,c:10719) cancelBuffer: BufferQueue has no connected producer
03-13 14:51:15.799 10719 16905 E BufferQueueProducer: [MediaCodec.release](id:29df00000003,api:0,p:-1,c:10719) cancelBuffer: BufferQueue has no connected producer
03-13 14:51:15.914 10719 10752 D BufferQueueConsumer: [ImageReader-1x1f22u2304m3-10719-1](id:29df00000002,api:0,p:-1,c:10719) disconnect
03-13 14:51:16.605 10360 10474 I gralloc4: @set_metadata: update dataspace from GM (0x00000000 -> 0x08010000)
03-13 14:51:19.736 10360 10360 I cr_VideoPersist: Attempted picture-in-picture with result: 8
03-13 14:51:19.742 25578  4280 I FusedLocation: (REDACTED) stationary throttling engaged @%s
03-13 14:51:19.892 10090 10090 I GoogleInputMethodService: GoogleInputMethodService.onFinishInput():2090 
03-13 14:51:19.894 10090 10090 I Module  : DeviceLockedStatusModuleProvider$Module.updateDeviceLockedStatus():100 repeatCheckTimes = 0, locked = false
03-13 14:51:19.896 10090 10090 I GoogleInputMethodService: GoogleInputMethodService.onStartInput():1357 onStartInput(EditorInfo{EditorInfo{packageName=com.android.launcher3, inputType=0, inputTypeString=NULL, enableLearning=false, autoCorrection=false, autoComplete=false, imeOptions=0, privateImeOptions=null, actionName=UNSPECIFIED, actionLabel=null, initialSelStart=-1, initialSelEnd=-1, initialCapsMode=0, label=null, fieldId=0, fieldName=null, extras=null, hintText=null, hintLocales=[]}}, false)
03-13 14:51:19.899 10090 10090 I Module  : DeviceLockedStatusModuleProvider$Module.updateDeviceLockedStatus():100 repeatCheckTimes = 1, locked = false
03-13 14:51:20.193 10360 10360 E cr_CompositorSurfaceMgr: surfaceDestroyed format : -3
03-13 14:51:20.193  1533  2669 D BatteryStatsService: notePemString  noteWhich: 49,arg1: -1, arg2: -1, arg3: 10360, arg4: 16, name: com.android.chrome
03-13 14:51:20.207 10360 10360 D BLASTBufferQueue: [SurfaceView[com.android.chrome/org.chromium.chrome.browser.ChromeTabbedActivity]#6](f:0,a:0) destructor()
03-13 14:51:20.208 10360 10360 D BufferQueueConsumer: [SurfaceView[com.android.chrome/org.chromium.chrome.browser.ChromeTabbedActivity]#6(BLAST Consumer)6](id:287800000006,api:0,p:-1,c:10360) disconnect
03-13 14:51:20.220 10360 10360 D BLASTBufferQueue: [VRI[ChromeTabbedActivity]#5](f:0,a:1) destructor()
03-13 14:51:20.220 10360 10360 D BufferQueueConsumer: [VRI[ChromeTabbedActivity]#5(BLAST Consumer)5](id:287800000005,api:0,p:-1,c:10360) disconnect
03-13 14:51:20.222 10360 10655 I cr_BindingManager: onTrimMemory: level=20, size=1
03-13 14:51:20.223 10360 10360 W WindowOnBackDispatcher: sendCancelIfRunning: isInProgress=falsecallback=DM2@ac66e74
03-13 14:51:20.249 10360 10360 E AtomicFile: Failed to sync file output stream
03-13 14:51:20.253 10360 10691 E AtomicFile: Failed to sync file output stream
03-13 14:51:20.279 10360 10692 I cr_OPArchivePublisher: ADM threw while trying to remove a download. java.lang.IllegalArgumentException: input param 'ids' can't be null
03-13 14:51:20.453 10719 16904 D BufferPoolAccessor2.0: bufferpool2 0xb400007b6cd428d8 : 0(0 size) total buffers - 0(0 size) used buffers - 206/215 (recycle/alloc) - 9/207 (fetch/transfer)
03-13 14:51:20.453 10719 16904 D BufferPoolAccessor2.0: evictor expired: 1, evicted: 1
03-13 14:51:20.737 10360 10716 D AAudio  : AAudioStream_requestStop(s#1) called
03-13 14:51:20.737 10360 10716 D AAudio  : AAudioStream_close(s#1) called ---------------
03-13 14:51:20.738 10360 10716 D AAudioStream: setState(s#1) from 10 to 11
03-13 14:51:20.738 10360 10716 D AudioTrack: stop(15970): 0xb400007aecde83e0, prior state:STATE_STOPPED
03-13 14:51:20.738 10360 10716 D AudioTrackShared: this(0xb400007bbccd70f0), mCblk(0x7d38477000), front(633479), mIsOut 1, interrupt() FUTEX_WAKE
03-13 14:51:20.738 10360 10716 D AudioTrack: requestExitAndWait start
03-13 14:51:20.738 10360 10716 D AudioTrack: requestExitAndWait end
03-13 14:51:20.739 10360 10716 D AudioTrack: ~AudioTrack(15970): 0xb400007aecde83e0
03-13 14:51:20.739 10360 10716 D AudioSystem: getPkgNameFromPid found client name com.android.chrome(10360)
03-13 14:51:20.739 10360 10716 D AudioTrack: stop(15970): 0xb400007aecde83e0, prior state:STATE_STOPPED
03-13 14:51:20.741 10360 10716 D AAudioStream: setState(s#1) from 11 to 12
03-13 14:51:20.741 10360 10716 D AAudioStream: ~AudioStream(s#1) mPlayerBase strongCount = 2
03-13 14:51:20.741 10360 10716 D AAudio  : AAudioStream_close(s#1) returned 0 ---------
03-13 14:51:20.744  7831  7831 D AudioManager: dispatching onPlaybackConfigChanged()
03-13 14:51:25.189  7831 23295 I erxo    : (REDACTED) appOpsListener %s %s
03-13 14:51:25.191  7831 23295 I erxo    : (REDACTED) Ignoring irrelevant audio permission changes for package %s
03-13 14:51:26.988 16702 16702 W ContextImpl: Calling a method in the system process without a qualified user: android.app.ContextImpl.stopService:1935 android.content.ContextWrapper.stopService:835 com.vivo.globalanimation.h.handleMessage:140 android.os.Handler.dispatchMessage:108 android.os.Looper.loopOnce:226 
03-13 14:51:27.011 16702 16702 I Process : Sending signal. PID: 16702 SIG: 9
03-13 14:51:30.243 10360 10655 I cr_BindingManager: Release visible connections: 1
03-13 14:51:32.754 25578 25578 W DiscoveryManager: BroadcastReceiver not registered
03-13 14:51:32.755 25578 16663 I DiscoveryManager: Filter criteria(null) scannerFlags(0)
03-13 14:51:32.758 25578 16663 E NetUtils: Unknown host exception while convrting IP Address integer to InetAddress.
03-13 14:51:40.666 16982 16982 W getprop : type=1400 audit(0.0:2833952): avc:  denied  { open } for  path="/dev/__properties__/u:object_r:vendor_camera_software_moonlight_prop:s0" dev="tmpfs" ino=8774 scontext=u:r:shell:s0 tcontext=u:object_r:vendor_camera_software_moonlight_prop:s0 tclass=file permissive=0 app=com.android.chrome
03-13 14:51:48.074  7831  7875 I bbdx    : (REDACTED) getHotwordActive::active query: %s, watch: %s, devices connected: %s
03-13 14:51:52.445  1533  2621 W BatteryStatsService: Unknown sensor handle 0 received in noteWakeupSensorEvent
03-13 14:52:02.576  1533  2621 W BatteryStatsService: Unknown sensor handle 0 received in noteWakeupSensorEvent
03-13 14:52:06.827 25578 16663 I AlarmManager: setExactAndAllowWhileIdle [name: GCM_HB_ALARM type: 2 triggerAtMillis: 1136358554]
03-13 14:52:06.856 25578 16924 I AlarmManager: setExactAndAllowWhileIdle [name: FcmRetry type: 2 triggerAtMillis: 1134798579]
03-13 14:52:06.886 15672 15672 I zygote  : usapPoolSocket.accept() end:null,getFileDescriptor():java.io.FileDescriptor@59bb67f,fd:27
03-13 14:52:06.905 15672 15672 I halla.sharechat: Using CollectorTypeCC GC.
03-13 14:52:06.911 15672 15672 E halla.sharechat: Not starting debugger since process cannot load the jdwp agent.
03-13 14:52:06.917 15672 15672 D nativeloader: Load libframework-connectivity-tiramisu-jni.so using APEX ns com_android_tethering for caller /apex/com.android.tethering/javalib/framework-connectivity-t.jar: ok
03-13 14:52:06.955 15672 15672 D CompatibilityChangeReporter: Compat change id reported: 171979766; UID 10319; state: ENABLED
03-13 14:52:06.955 15672 15672 D CompatibilityChangeReporter: Compat change id reported: 242716250; UID 10319; state: ENABLED
03-13 14:52:06.964 15672 15672 D ApplicationLoaders: Returning zygote-cached class loader: /system/framework/android.test.base.jar
03-13 14:52:06.972 15672 15672 D nativeloader: Configuring clns-4 for other apk /system/framework/android.test.mock.jar. target_sdk_version=34, uses_libraries=ALL, library_path=/data/app/~~Ec7b20yFYmqICTxmeGoVww==/in.mohalla.sharechat-zCdEEirbuAbeMOq9cl-meg==/lib/arm64:/data/app/~~Ec7b20yFYmqICTxmeGoVww==/in.mohalla.sharechat-zCdEEirbuAbeMOq9cl-meg==/base.apk!/lib/arm64-v8a:/data/app/~~Ec7b20yFYmqICTxmeGoVww==/in.mohalla.sharechat-zCdEEirbuAbeMOq9cl-meg==/split_agoraudio.apk!/lib/arm64-v8a:/data/app/~~Ec7b20yFYmqICTxmeGoVww==/in.mohalla.sharechat-zCdEEirbuAbeMOq9cl-meg==/split_agoraudio.config.arm64_v8a.apk!/lib/arm64-v8a:/data/app/~~Ec7b20yFYmqICTxmeGoVww==/in.mohalla.sharechat-zCdEEirbuAbeMOq9cl-meg==/split_camera.apk!/lib/arm64-v8a:/data/app/~~Ec7b20yFYmqICTxmeGoVww==/in.mohalla.sharechat-zCdEEirbuAbeMOq9cl-meg==/split_camera_sdk.apk!/lib/arm64-v8a:/data/app/~~Ec7b20yFYmqICTxmeGoVww==/in.mohalla.sharechat-zCdEEirbuAbeMOq9cl-meg==/split_camera_sdk.config.arm64_v8a.apk!/lib/arm64-v8a:/data/app/~~Ec7b20yFYmqICTxmeGoVww==/in.mohalla.sharechat-zCdEEirbuAbe
03-13 14:52:06.972 15672 15672 D nativeloader: Extending system_exposed_libraries: libapuwareapusys.mtk.so:libapuwareapusys_v2.mtk.so:libapuwarexrp.mtk.so:libapuwarexrp_v2.mtk.so:libapuwareutils.mtk.so:libapuwareutils_v2.mtk.so:libapuwarehmp.mtk.so:libmcv_runtime_usdk.mtk.so:libneuron_graph_delegate.mtk.so:libneuronusdk_adapter.mtk.so:libtflite_mtk.mtk.so:libarmnn_ndk.mtk.so:libcmdl_ndk.mtk.so:libnir_neon_driver_ndk.mtk.so:libmvpu_runtime.mtk.so:libmvpu_runtime_pub.mtk.so:libmvpu_engine_pub.mtk.so:libmvpu_pattern_pub.mtk.so:libmvpuop_mtk_cv.mtk.so:libmvpuop_mtk_nn.mtk.so:libmvpu_runtime_25.mtk.so:libmvpu_runtime_25_pub.mtk.so:libmvpu_engine_25_pub.mtk.so:libmvpu_pattern_25_pub.mtk.so:libmvpuop25_mtk_cv.mtk.so:libmvpuop25_mtk_nn.mtk.so:libmvpu_config.mtk.so:libteeservice_client.trustonic.so
03-13 14:52:06.975 15672 15672 D ApplicationLoaders: Returning zygote-cached class loader: /system/framework/android.test.base.jar
03-13 14:52:06.981 15672 15672 D nativeloader: Configuring clns-5 for other apk /system/framework/android.test.runner.jar. target_sdk_version=34, uses_libraries=ALL, library_path=/data/app/~~Ec7b20yFYmqICTxmeGoVww==/in.mohalla.sharechat-zCdEEirbuAbeMOq9cl-meg==/lib/arm64:/data/app/~~Ec7b20yFYmqICTxmeGoVww==/in.mohalla.sharechat-zCdEEirbuAbeMOq9cl-meg==/base.apk!/lib/arm64-v8a:/data/app/~~Ec7b20yFYmqICTxmeGoVww==/in.mohalla.sharechat-zCdEEirbuAbeMOq9cl-meg==/split_agoraudio.apk!/lib/arm64-v8a:/data/app/~~Ec7b20yFYmqICTxmeGoVww==/in.mohalla.sharechat-zCdEEirbuAbeMOq9cl-meg==/split_agoraudio.config.arm64_v8a.apk!/lib/arm64-v8a:/data/app/~~Ec7b20yFYmqICTxmeGoVww==/in.mohalla.sharechat-zCdEEirbuAbeMOq9cl-meg==/split_camera.apk!/lib/arm64-v8a:/data/app/~~Ec7b20yFYmqICTxmeGoVww==/in.mohalla.sharechat-zCdEEirbuAbeMOq9cl-meg==/split_camera_sdk.apk!/lib/arm64-v8a:/data/app/~~Ec7b20yFYmqICTxmeGoVww==/in.mohalla.sharechat-zCdEEirbuAbeMOq9cl-meg==/split_camera_sdk.config.arm64_v8a.apk!/lib/arm64-v8a:/data/app/~~Ec7b20yFYmqICTxmeGoVww==/in.mohalla.sharechat-zCdEEirbuA
03-13 14:52:06.981 15672 15672 D nativeloader: Extending system_exposed_libraries: libapuwareapusys.mtk.so:libapuwareapusys_v2.mtk.so:libapuwarexrp.mtk.so:libapuwarexrp_v2.mtk.so:libapuwareutils.mtk.so:libapuwareutils_v2.mtk.so:libapuwarehmp.mtk.so:libmcv_runtime_usdk.mtk.so:libneuron_graph_delegate.mtk.so:libneuronusdk_adapter.mtk.so:libtflite_mtk.mtk.so:libarmnn_ndk.mtk.so:libcmdl_ndk.mtk.so:libnir_neon_driver_ndk.mtk.so:libmvpu_runtime.mtk.so:libmvpu_runtime_pub.mtk.so:libmvpu_engine_pub.mtk.so:libmvpu_pattern_pub.mtk.so:libmvpuop_mtk_cv.mtk.so:libmvpuop_mtk_nn.mtk.so:libmvpu_runtime_25.mtk.so:libmvpu_runtime_25_pub.mtk.so:libmvpu_engine_25_pub.mtk.so:libmvpu_pattern_25_pub.mtk.so:libmvpuop25_mtk_cv.mtk.so:libmvpuop25_mtk_nn.mtk.so:libmvpu_config.mtk.so:libteeservice_client.trustonic.so
03-13 14:52:06.987 15672 15672 D nativeloader: Configuring clns-6 for other apk /system/framework/org.apache.http.legacy.jar. target_sdk_version=34, uses_libraries=ALL, library_path=/data/app/~~Ec7b20yFYmqICTxmeGoVww==/in.mohalla.sharechat-zCdEEirbuAbeMOq9cl-meg==/lib/arm64:/data/app/~~Ec7b20yFYmqICTxmeGoVww==/in.mohalla.sharechat-zCdEEirbuAbeMOq9cl-meg==/base.apk!/lib/arm64-v8a:/data/app/~~Ec7b20yFYmqICTxmeGoVww==/in.mohalla.sharechat-zCdEEirbuAbeMOq9cl-meg==/split_agoraudio.apk!/lib/arm64-v8a:/data/app/~~Ec7b20yFYmqICTxmeGoVww==/in.mohalla.sharechat-zCdEEirbuAbeMOq9cl-meg==/split_agoraudio.config.arm64_v8a.apk!/lib/arm64-v8a:/data/app/~~Ec7b20yFYmqICTxmeGoVww==/in.mohalla.sharechat-zCdEEirbuAbeMOq9cl-meg==/split_camera.apk!/lib/arm64-v8a:/data/app/~~Ec7b20yFYmqICTxmeGoVww==/in.mohalla.sharechat-zCdEEirbuAbeMOq9cl-meg==/split_camera_sdk.apk!/lib/arm64-v8a:/data/app/~~Ec7b20yFYmqICTxmeGoVww==/in.mohalla.sharechat-zCdEEirbuAbeMOq9cl-meg==/split_camera_sdk.config.arm64_v8a.apk!/lib/arm64-v8a:/data/app/~~Ec7b20yFYmqICTxmeGoVww==/in.mohalla.sharechat-zCdEEir
03-13 14:52:06.988 15672 15672 D nativeloader: Extending system_exposed_libraries: libapuwareapusys.mtk.so:libapuwareapusys_v2.mtk.so:libapuwarexrp.mtk.so:libapuwarexrp_v2.mtk.so:libapuwareutils.mtk.so:libapuwareutils_v2.mtk.so:libapuwarehmp.mtk.so:libmcv_runtime_usdk.mtk.so:libneuron_graph_delegate.mtk.so:libneuronusdk_adapter.mtk.so:libtflite_mtk.mtk.so:libarmnn_ndk.mtk.so:libcmdl_ndk.mtk.so:libnir_neon_driver_ndk.mtk.so:libmvpu_runtime.mtk.so:libmvpu_runtime_pub.mtk.so:libmvpu_engine_pub.mtk.so:libmvpu_pattern_pub.mtk.so:libmvpuop_mtk_cv.mtk.so:libmvpuop_mtk_nn.mtk.so:libmvpu_runtime_25.mtk.so:libmvpu_runtime_25_pub.mtk.so:libmvpu_engine_25_pub.mtk.so:libmvpu_pattern_25_pub.mtk.so:libmvpuop25_mtk_cv.mtk.so:libmvpuop25_mtk_nn.mtk.so:libmvpu_config.mtk.so:libteeservice_client.trustonic.so
03-13 14:52:07.241 15672 15672 W ziparchive: Unable to open '/data/app/~~Ec7b20yFYmqICTxmeGoVww==/in.mohalla.sharechat-zCdEEirbuAbeMOq9cl-meg==/split_agoraudio.config.arm64_v8a.dm': No such file or directory
03-13 14:52:07.241 15672 15672 W ziparchive: Unable to open '/data/app/~~Ec7b20yFYmqICTxmeGoVww==/in.mohalla.sharechat-zCdEEirbuAbeMOq9cl-meg==/split_agoraudio.config.arm64_v8a.dm': No such file or directory
03-13 14:52:07.243 15672 15672 W halla.sharechat: Entry not found
03-13 14:52:07.252 15672 15672 W ziparchive: Unable to open '/data/app/~~Ec7b20yFYmqICTxmeGoVww==/in.mohalla.sharechat-zCdEEirbuAbeMOq9cl-meg==/split_camera_sdk.config.arm64_v8a.dm': No such file or directory
03-13 14:52:07.253 15672 15672 W ziparchive: Unable to open '/data/app/~~Ec7b20yFYmqICTxmeGoVww==/in.mohalla.sharechat-zCdEEirbuAbeMOq9cl-meg==/split_camera_sdk.config.arm64_v8a.dm': No such file or directory
03-13 14:52:07.254 15672 15672 W halla.sharechat: Entry not found
03-13 14:52:07.255 15672 15672 W ziparchive: Unable to open '/data/app/~~Ec7b20yFYmqICTxmeGoVww==/in.mohalla.sharechat-zCdEEirbuAbeMOq9cl-meg==/split_config.arm64_v8a.dm': No such file or directory
03-13 14:52:07.255 15672 15672 W ziparchive: Unable to open '/data/app/~~Ec7b20yFYmqICTxmeGoVww==/in.mohalla.sharechat-zCdEEirbuAbeMOq9cl-meg==/split_config.arm64_v8a.dm': No such file or directory
03-13 14:52:07.256 15672 15672 W halla.sharechat: Entry not found
03-13 14:52:07.261 15672 15672 W ziparchive: Unable to open '/data/app/~~Ec7b20yFYmqICTxmeGoVww==/in.mohalla.sharechat-zCdEEirbuAbeMOq9cl-meg==/split_ffmpeg_kit.config.arm64_v8a.dm': No such file or directory
03-13 14:52:07.261 15672 15672 W ziparchive: Unable to open '/data/app/~~Ec7b20yFYmqICTxmeGoVww==/in.mohalla.sharechat-zCdEEirbuAbeMOq9cl-meg==/split_ffmpeg_kit.config.arm64_v8a.dm': No such file or directory
03-13 14:52:07.262 15672 15672 W halla.sharechat: Entry not found
03-13 14:52:07.292 15672 15672 W ziparchive: Unable to open '/data/app/~~Ec7b20yFYmqICTxmeGoVww==/in.mohalla.sharechat-zCdEEirbuAbeMOq9cl-meg==/split_gamdfm.config.arm64_v8a.dm': No such file or directory
03-13 14:52:07.293 15672 15672 W ziparchive: Unable to open '/data/app/~~Ec7b20yFYmqICTxmeGoVww==/in.mohalla.sharechat-zCdEEirbuAbeMOq9cl-meg==/split_gamdfm.config.arm64_v8a.dm': No such file or directory
03-13 14:52:07.294 15672 15672 W halla.sharechat: Entry not found
03-13 14:52:07.300 15672 15672 W ziparchive: Unable to open '/data/app/~~Ec7b20yFYmqICTxmeGoVww==/in.mohalla.sharechat-zCdEEirbuAbeMOq9cl-meg==/split_motion_video.config.arm64_v8a.dm': No such file or directory
03-13 14:52:07.300 15672 15672 W ziparchive: Unable to open '/data/app/~~Ec7b20yFYmqICTxmeGoVww==/in.mohalla.sharechat-zCdEEirbuAbeMOq9cl-meg==/split_motion_video.config.arm64_v8a.dm': No such file or directory
03-13 14:52:07.301 15672 15672 W halla.sharechat: Entry not found
03-13 14:52:07.307 15672 15672 W ziparchive: Unable to open '/data/app/~~Ec7b20yFYmqICTxmeGoVww==/in.mohalla.sharechat-zCdEEirbuAbeMOq9cl-meg==/split_shutter_android_core.config.arm64_v8a.dm': No such file or directory
03-13 14:52:07.307 15672 15672 W ziparchive: Unable to open '/data/app/~~Ec7b20yFYmqICTxmeGoVww==/in.mohalla.sharechat-zCdEEirbuAbeMOq9cl-meg==/split_shutter_android_core.config.arm64_v8a.dm': No such file or directory
03-13 14:52:07.308 15672 15672 W halla.sharechat: Entry not found
03-13 14:52:07.316 15672 15672 W ziparchive: Unable to open '/data/app/~~Ec7b20yFYmqICTxmeGoVww==/in.mohalla.sharechat-zCdEEirbuAbeMOq9cl-meg==/split_video_editor.config.arm64_v8a.dm': No such file or directory
03-13 14:52:07.316 15672 15672 W ziparchive: Unable to open '/data/app/~~Ec7b20yFYmqICTxmeGoVww==/in.mohalla.sharechat-zCdEEirbuAbeMOq9cl-meg==/split_video_editor.config.arm64_v8a.dm': No such file or directory
03-13 14:52:07.317 15672 15672 W halla.sharechat: Entry not found
03-13 14:52:07.320 15672 15672 D nativeloader: Configuring clns-7 for other apk /data/app/~~Ec7b20yFYmqICTxmeGoVww==/in.mohalla.sharechat-zCdEEirbuAbeMOq9cl-meg==/base.apk:/data/app/~~Ec7b20yFYmqICTxmeGoVww==/in.mohalla.sharechat-zCdEEirbuAbeMOq9cl-meg==/split_agoraudio.apk:/data/app/~~Ec7b20yFYmqICTxmeGoVww==/in.mohalla.sharechat-zCdEEirbuAbeMOq9cl-meg==/split_agoraudio.config.arm64_v8a.apk:/data/app/~~Ec7b20yFYmqICTxmeGoVww==/in.mohalla.sharechat-zCdEEirbuAbeMOq9cl-meg==/split_camera.apk:/data/app/~~Ec7b20yFYmqICTxmeGoVww==/in.mohalla.sharechat-zCdEEirbuAbeMOq9cl-meg==/split_camera_sdk.apk:/data/app/~~Ec7b20yFYmqICTxmeGoVww==/in.mohalla.sharechat-zCdEEirbuAbeMOq9cl-meg==/split_camera_sdk.config.arm64_v8a.apk:/data/app/~~Ec7b20yFYmqICTxmeGoVww==/in.mohalla.sharechat-zCdEEirbuAbeMOq9cl-meg==/split_config.arm64_v8a.apk:/data/app/~~Ec7b20yFYmqICTxmeGoVww==/in.mohalla.sharechat-zCdEEirbuAbeMOq9cl-meg==/split_ffmpeg_kit.apk:/data/app/~~Ec7b20yFYmqICTxmeGoVww==/in.mohalla.sharechat-zCdEEirbuAbeMOq9cl-meg==/split_ffmpeg_kit.config.arm64_v8a.apk:/data/app/~~Ec7
03-13 14:52:07.354 15672 15672 D nativeloader: Load libframework-connectivity-jni.so using APEX ns com_android_tethering for caller /apex/com.android.tethering/javalib/framework-connectivity.jar: ok
03-13 14:52:07.359 15672 15672 V GraphicsEnvironment: Currently set values for:
03-13 14:52:07.360 15672 15672 V GraphicsEnvironment:   angle_gl_driver_selection_pkgs=[]
03-13 14:52:07.360 15672 15672 V GraphicsEnvironment:   angle_gl_driver_selection_values=[]
03-13 14:52:07.360 15672 15672 V GraphicsEnvironment: ANGLE GameManagerService for in.mohalla.sharechat: false
03-13 14:52:07.360 15672 15672 V GraphicsEnvironment: in.mohalla.sharechat is not listed in per-application setting
03-13 14:52:07.361 15672 15672 V GraphicsEnvironment: Neither updatable production driver nor prerelease driver is supported.
03-13 14:52:07.370 15672 15672 I LoadedApk: No resource references to update in package in.mohalla.sharechat.gamdfm
03-13 14:52:07.372 15672 15672 I LoadedApk: No resource references to update in package in.mohalla.sharechat.camera_sdk
03-13 14:52:07.374 15672 15672 I LoadedApk: No resource references to update in package in.mohalla.sharechat.motion_video
03-13 14:52:07.377 15672 15672 I LoadedApk: No resource references to update in package in.mohalla.sharechat.agoraudio
03-13 14:52:07.381 15672 15672 I MultiDex: VM with version 2.1.0 has multidex support
03-13 14:52:07.381 15672 15672 I MultiDex: Installing application
03-13 14:52:07.382 15672 15672 I MultiDex: VM has multidex support, MultiDex support library is disabled.
03-13 14:52:07.399 15672 15672 D CompatibilityChangeReporter: Compat change id reported: 183155436; UID 10319; state: ENABLED
03-13 14:52:07.401 15672 15672 W halla.sharechat: Accessing hidden field Ljava/util/Collections$SynchronizedCollection;->mutex:Ljava/lang/Object; (max-target-o, reflection, denied)
03-13 14:52:07.402 15672 15672 W halla.sharechat: Accessing hidden method Ljava/util/Collections$SynchronizedSet;-><init>(Ljava/util/Set;Ljava/lang/Object;)V (max-target-o, reflection, denied)
03-13 14:52:07.403 15672 15672 W halla.sharechat: Accessing hidden method Ljava/util/Collections$SynchronizedCollection;-><init>(Ljava/util/Collection;Ljava/lang/Object;)V (max-target-o, reflection, denied)
03-13 14:52:07.407 15672 15672 I FirebaseApp: Device unlocked: initializing all Firebase APIs for app [DEFAULT]
03-13 14:52:07.413 15672 15672 D nativeloader: Load /data/app/~~Ec7b20yFYmqICTxmeGoVww==/in.mohalla.sharechat-zCdEEirbuAbeMOq9cl-meg==/lib/arm64/libcrashlytics.so using ns clns-7 from class loader (caller=/data/app/~~Ec7b20yFYmqICTxmeGoVww==/in.mohalla.sharechat-zCdEEirbuAbeMOq9cl-meg==/base.apk!classes3.dex): ok
03-13 14:52:07.437 15672 15672 I FirebaseCrashlytics: Initializing Firebase Crashlytics 18.4.1 for in.mohalla.sharechat
03-13 14:52:07.449 15672 15672 D FirebaseSessions: Registering Sessions SDK subscriber with name: CRASHLYTICS, data collection enabled: true
03-13 14:52:07.463 15672 17018 W halla.sharechat: ClassLoaderContext classpath size mismatch. expected=1, found=0 (DLC[];PCL[base.apk*2558597794]{PCL[/system/framework/org.apache.http.legacy.jar*1157712065]#PCL[/system/framework/com.android.media.remotedisplay.jar*2114713712]#PCL[/system/framework/com.android.location.provider.jar*3994156537]#PCL[/system/framework/org.apache.http.legacy.jar*1157712065]} | DLC[];PCL[])
03-13 14:52:07.467 15672 17018 I DynamiteModule: Considering local module com.google.android.gms.measurement.dynamite:92 and remote module com.google.android.gms.measurement.dynamite:140
03-13 14:52:07.467 15672 17018 I DynamiteModule: Selected remote version of com.google.android.gms.measurement.dynamite, version >= 140
03-13 14:52:07.467 15672 17018 V DynamiteModule: Dynamite loader version >= 2, using loadModule2NoCrashUtils
03-13 14:52:07.479 15672 17018 W System  : ClassLoader referenced unknown path: 
03-13 14:52:07.480 15672 17018 D nativeloader: Configuring clns-8 for other apk . target_sdk_version=34, uses_libraries=, library_path=/data/app/~~wzQsY1FI40DU1TEt5lJaHQ==/com.google.android.gms-apY9ojRwpR2jszBZex8L-g==/lib/arm64:/data/app/~~wzQsY1FI40DU1TEt5lJaHQ==/com.google.android.gms-apY9ojRwpR2jszBZex8L-g==/base.apk!/lib/arm64-v8a, permitted_path=/data:/mnt/expand:/data/user/0/com.google.android.gms
03-13 14:52:07.481 15672 15672 D FirebaseSessions: Registering Sessions SDK subscriber with name: PERFORMANCE, data collection enabled: false
03-13 14:52:07.481 15672 17019 D libcrashlytics: Initializing libcrashlytics version 3.2.0
03-13 14:52:07.483 15672 17015 D FirebaseSessions: Data Collection is enabled for at least one Subscriber
03-13 14:52:07.485 15672 15672 I FirebaseInitProvider: FirebaseApp initialization successful
03-13 14:52:07.486 15672 17015 D FirebaseSessions: Sessions SDK disabled. Events will not be sent.
03-13 14:52:07.495 15672 15672 D WM-WrkMgrInitializer: Initializing WorkManager with default configuration.
03-13 14:52:07.497 15672 15672 D WM-PackageManagerHelper: Skipping component enablement for androidx.work.impl.background.systemjob.SystemJobService
03-13 14:52:07.498 15672 15672 D WM-Schedulers: Created SystemJobScheduler and enabled SystemJobService
03-13 14:52:07.498 15672 17019 D libcrashlytics: Initializing native crash handling successful.
03-13 14:52:07.506 15672 17018 W halla.sharechat: ClassLoaderContext classpath size mismatch. expected=1, found=9 (DLC[];PCL[base.apk*2558597794]{PCL[/system/framework/org.apache.http.legacy.jar*1157712065]#PCL[/system/framework/com.android.media.remotedisplay.jar*2114713712]#PCL[/system/framework/com.android.location.provider.jar*3994156537]#PCL[/system/framework/org.apache.http.legacy.jar*1157712065]} | DLC[];PCL[/data/app/~~Ec7b20yFYmqICTxmeGoVww==/in.mohalla.sharechat-zCdEEirbuAbeMOq9cl-meg==/base.apk*2697577028:/data/app/~~Ec7b20yFYmqICTxmeGoVww==/in.mohalla.sharechat-zCdEEirbuAbeMOq9cl-meg==/split_agoraudio.apk*2368644378:/data/app/~~Ec7b20yFYmqICTxmeGoVww==/in.mohalla.sharechat-zCdEEirbuAbeMOq9cl-meg==/split_camera.apk*3728437372:/data/app/~~Ec7b20yFYmqICTxmeGoVww==/in.mohalla.sharechat-zCdEEirbuAbeMOq9cl-meg==/split_camera_sdk.apk*2463085176:/data/app/~~Ec7b20yFYmqICTxmeGoVww==/in.mohalla.sharechat-zCdEEirbuAbeMOq9cl-meg==/split_ffmpeg_kit.apk*2414628236:/data/app/~~Ec7b20yFYmqICTxmeGoVww==/in.mohalla.sharechat-zCdEEirbuAbeMOq9cl-meg==/split_gamdfm.apk*2582488007:/data/app/~~Ec7b20yFYmqICTxmeGoVww==/in.mohalla.sharechat-zCdEEirbuAbeMOq9cl-meg==/split_motion_video.apk*596122988:/data/app/~~Ec7b20yFYmqICTxmeGoVww==/in.mohalla.sharechat-zCdEEirbuAbeMOq9cl-meg==/split_shutter_android_core.apk*4227546546:/data/app/~~Ec7b20yFYmqICTxmeGoVww==/in.mohalla.sharechat-zCdEEirbuAbeMOq9cl-meg==/split_video_editor.apk*326003549]{PCL[/system/framework/android.test.base.jar*836642757]#PCL[/system/framework/android.test.mock.jar*3186112117]#PCL[/system/framework/android.test.runner.jar*4168958246]{PCL[/system/framework/android.test.base.jar*836642757]#PCL[/system/framework/android.test.mock.jar*3186112117]}#PCL[/system/framework/org.apache.http.legacy.jar*1157712065]})
03-13 14:52:07.511 15672 15672 I FacebookInitProvider: Failed to auto initialize the Facebook SDK
03-13 14:52:07.511 15672 15672 I FacebookInitProvider: A valid Facebook app id must be set in the AndroidManifest.xml or set by calling FacebookSdk.setApplicationId before initializing the sdk.
03-13 14:52:07.511 15672 15672 I FacebookInitProvider: 	at com.facebook.l.l(SourceFile:266)
03-13 14:52:07.511 15672 15672 I FacebookInitProvider: 	at com.facebook.internal.FacebookInitProvider.onCreate(SourceFile:10)
03-13 14:52:07.511 15672 15672 I FacebookInitProvider: 	at android.content.ContentProvider.attachInfo(ContentProvider.java:2697)
03-13 14:52:07.511 15672 15672 I FacebookInitProvider: 	at android.content.ContentProvider.attachInfo(ContentProvider.java:2667)
03-13 14:52:07.511 15672 15672 I FacebookInitProvider: 	at android.app.ActivityThread.installProvider(ActivityThread.java:8759)
03-13 14:52:07.511 15672 15672 I FacebookInitProvider: 	at android.app.ActivityThread.installContentProviders(ActivityThread.java:8243)
03-13 14:52:07.511 15672 15672 I FacebookInitProvider: 	at android.app.ActivityThread.handleBindApplication(ActivityThread.java:7885)
03-13 14:52:07.511 15672 15672 I FacebookInitProvider: 	at android.app.ActivityThread.-$$Nest$mhandleBindApplication(Unknown Source:0)
03-13 14:52:07.511 15672 15672 I FacebookInitProvider: 	at android.app.ActivityThread$H.handleMessage(ActivityThread.java:2639)
03-13 14:52:07.511 15672 15672 I FacebookInitProvider: 	at android.os.Handler.dispatchMessage(Handler.java:108)
03-13 14:52:07.511 15672 15672 I FacebookInitProvider: 	at android.os.Looper.loopOnce(Looper.java:226)
03-13 14:52:07.511 15672 15672 I FacebookInitProvider: 	at android.os.Looper.loop(Looper.java:328)
03-13 14:52:07.511 15672 15672 I FacebookInitProvider: 	at android.app.ActivityThread.main(ActivityThread.java:9213)
03-13 14:52:07.511 15672 15672 I FacebookInitProvider: 	at java.lang.reflect.Method.invoke(Native Method)
03-13 14:52:07.511 15672 15672 I FacebookInitProvider: 	at com.android.internal.os.RuntimeInit$MethodAndArgsCaller.run(RuntimeInit.java:594)
03-13 14:52:07.511 15672 15672 I FacebookInitProvider: 	at com.android.internal.os.ZygoteInit.main(ZygoteInit.java:1099)
03-13 14:52:07.515 15672 17033 D nativeloader: Configuring clns-9 for other apk /system/framework/com.android.media.remotedisplay.jar. target_sdk_version=34, uses_libraries=ALL, library_path=/data/app/~~wzQsY1FI40DU1TEt5lJaHQ==/com.google.android.gms-apY9ojRwpR2jszBZex8L-g==/lib/arm64:/data/app/~~wzQsY1FI40DU1TEt5lJaHQ==/com.google.android.gms-apY9ojRwpR2jszBZex8L-g==/base.apk!/lib/arm64-v8a, permitted_path=/data:/mnt/expand:/data/user/0/com.google.android.gms
03-13 14:52:07.515 15672 17033 D nativeloader: Extending system_exposed_libraries: libapuwareapusys.mtk.so:libapuwareapusys_v2.mtk.so:libapuwarexrp.mtk.so:libapuwarexrp_v2.mtk.so:libapuwareutils.mtk.so:libapuwareutils_v2.mtk.so:libapuwarehmp.mtk.so:libmcv_runtime_usdk.mtk.so:libneuron_graph_delegate.mtk.so:libneuronusdk_adapter.mtk.so:libtflite_mtk.mtk.so:libarmnn_ndk.mtk.so:libcmdl_ndk.mtk.so:libnir_neon_driver_ndk.mtk.so:libmvpu_runtime.mtk.so:libmvpu_runtime_pub.mtk.so:libmvpu_engine_pub.mtk.so:libmvpu_pattern_pub.mtk.so:libmvpuop_mtk_cv.mtk.so:libmvpuop_mtk_nn.mtk.so:libmvpu_runtime_25.mtk.so:libmvpu_runtime_25_pub.mtk.so:libmvpu_engine_25_pub.mtk.so:libmvpu_pattern_25_pub.mtk.so:libmvpuop25_mtk_cv.mtk.so:libmvpuop25_mtk_nn.mtk.so:libmvpu_config.mtk.so:libteeservice_client.trustonic.so
03-13 14:52:07.523 15672 17033 D nativeloader: Configuring clns-10 for other apk /system/framework/com.android.location.provider.jar. target_sdk_version=34, uses_libraries=ALL, library_path=/data/app/~~wzQsY1FI40DU1TEt5lJaHQ==/com.google.android.gms-apY9ojRwpR2jszBZex8L-g==/lib/arm64:/data/app/~~wzQsY1FI40DU1TEt5lJaHQ==/com.google.android.gms-apY9ojRwpR2jszBZex8L-g==/base.apk!/lib/arm64-v8a, permitted_path=/data:/mnt/expand:/data/user/0/com.google.android.gms
03-13 14:52:07.524 15672 17033 D nativeloader: Extending system_exposed_libraries: libapuwareapusys.mtk.so:libapuwareapusys_v2.mtk.so:libapuwarexrp.mtk.so:libapuwarexrp_v2.mtk.so:libapuwareutils.mtk.so:libapuwareutils_v2.mtk.so:libapuwarehmp.mtk.so:libmcv_runtime_usdk.mtk.so:libneuron_graph_delegate.mtk.so:libneuronusdk_adapter.mtk.so:libtflite_mtk.mtk.so:libarmnn_ndk.mtk.so:libcmdl_ndk.mtk.so:libnir_neon_driver_ndk.mtk.so:libmvpu_runtime.mtk.so:libmvpu_runtime_pub.mtk.so:libmvpu_engine_pub.mtk.so:libmvpu_pattern_pub.mtk.so:libmvpuop_mtk_cv.mtk.so:libmvpuop_mtk_nn.mtk.so:libmvpu_runtime_25.mtk.so:libmvpu_runtime_25_pub.mtk.so:libmvpu_engine_25_pub.mtk.so:libmvpu_pattern_25_pub.mtk.so:libmvpuop25_mtk_cv.mtk.so:libmvpuop25_mtk_nn.mtk.so:libmvpu_config.mtk.so:libteeservice_client.trustonic.so
03-13 14:52:07.548 15672 17035 D CompatibilityChangeReporter: Compat change id reported: 160794467; UID 10319; state: ENABLED
03-13 14:52:07.564 15672 17035 D CompatibilityChangeReporter: Compat change id reported: 194532703; UID 10319; state: ENABLED
03-13 14:52:07.565 15672 17035 D CompatibilityChangeReporter: Compat change id reported: 253665015; UID 10319; state: ENABLED
03-13 14:52:07.594 15672 15672 I FirebasePerformance: Firebase Performance Monitoring is successfully initialized! In a minute, visit the Firebase console to view your data: https://console.firebase.google.com/project/sharechat-firebase/performance/app/android:in.mohalla.sharechat/trends?utm_source=perf-android-sdk&utm_medium=android-ide
03-13 14:52:07.594 15672 17037 D FBAudienceNetwork: SDK dex loading time: 81
03-13 14:52:07.596 15672 17033 D nativeloader: Configuring clns-11 for other apk /data/app/~~wzQsY1FI40DU1TEt5lJaHQ==/com.google.android.gms-apY9ojRwpR2jszBZex8L-g==/base.apk. target_sdk_version=34, uses_libraries=, library_path=/data/app/~~wzQsY1FI40DU1TEt5lJaHQ==/com.google.android.gms-apY9ojRwpR2jszBZex8L-g==/lib/arm64:/data/app/~~wzQsY1FI40DU1TEt5lJaHQ==/com.google.android.gms-apY9ojRwpR2jszBZex8L-g==/base.apk!/lib/arm64-v8a, permitted_path=/data:/mnt/expand:/data/user/0/com.google.android.gms
03-13 14:52:07.631 15672 17033 I DynamiteModule: Considering local module com.google.android.gms.ads.dynamite:0 and remote module com.google.android.gms.ads.dynamite:250505301
03-13 14:52:07.631 15672 17033 I DynamiteModule: Selected remote version of com.google.android.gms.ads.dynamite, version >= 250505301
03-13 14:52:07.631 15672 17033 V DynamiteModule: Dynamite loader version >= 2, using loadModule2NoCrashUtils
03-13 14:52:07.635 15672 15672 D FirebasePerformance: Fetched value: 'true' for key: 'fpr_enabled' from Firebase Remote Config.
03-13 14:52:07.635 15672 15672 D FirebasePerformance: Fetched value: '' for key: 'fpr_disabled_android_versions' from Firebase Remote Config.
03-13 14:52:07.643 15672 17033 W halla.sharechat: ClassLoaderContext type mismatch. expected=PCL, found=DLC (PCL[] | DLC[];PCL[/data/app/~~Ec7b20yFYmqICTxmeGoVww==/in.mohalla.sharechat-zCdEEirbuAbeMOq9cl-meg==/base.apk*2697577028:/data/app/~~Ec7b20yFYmqICTxmeGoVww==/in.mohalla.sharechat-zCdEEirbuAbeMOq9cl-meg==/split_agoraudio.apk*2368644378:/data/app/~~Ec7b20yFYmqICTxmeGoVww==/in.mohalla.sharechat-zCdEEirbuAbeMOq9cl-meg==/split_camera.apk*3728437372:/data/app/~~Ec7b20yFYmqICTxmeGoVww==/in.mohalla.sharechat-zCdEEirbuAbeMOq9cl-meg==/split_camera_sdk.apk*2463085176:/data/app/~~Ec7b20yFYmqICTxmeGoVww==/in.mohalla.sharechat-zCdEEirbuAbeMOq9cl-meg==/split_ffmpeg_kit.apk*2414628236:/data/app/~~Ec7b20yFYmqICTxmeGoVww==/in.mohalla.sharechat-zCdEEirbuAbeMOq9cl-meg==/split_gamdfm.apk*2582488007:/data/app/~~Ec7b20yFYmqICTxmeGoVww==/in.mohalla.sharechat-zCdEEirbuAbeMOq9cl-meg==/split_motion_video.apk*596122988:/data/app/~~Ec7b20yFYmqICTxmeGoVww==/in.mohalla.sharechat-zCdEEirbuAbeMOq9cl-meg==/split_shutter_android_core.apk*4227546546:/data/app/~~Ec7b20yFYmqICTxmeGoVww==/in.mohalla.sharechat-zCdEEirbuAbeMOq9cl-meg==/split_video_editor.apk*326003549]{PCL[/system/framework/android.test.base.jar*836642757]#PCL[/system/framework/android.test.mock.jar*3186112117]#PCL[/system/framework/android.test.runner.jar*4168958246]{PCL[/system/framework/android.test.base.jar*836642757]#PCL[/system/framework/android.test.mock.jar*3186112117]}#PCL[/system/framework/org.apache.http.legacy.jar*1157712065]})
03-13 14:52:07.650 15672 17053 D FirebasePerformance: Fetched value: 'true' for key: 'fpr_enabled' from Firebase Remote Config.
03-13 14:52:07.651 15672 17053 D FirebasePerformance: Fetched value: '' for key: 'fpr_disabled_android_versions' from Firebase Remote Config.
03-13 14:52:07.655 15672 17053 D FirebasePerformance: Fetched value: 'true' for key: 'fpr_enabled' from Firebase Remote Config.
03-13 14:52:07.657 15672 17053 D FirebasePerformance: Fetched value: '' for key: 'fpr_disabled_android_versions' from Firebase Remote Config.
03-13 14:52:07.659 15672 17053 D FirebasePerformance: Fetched value: '0.0023280369880162213' for key: 'fpr_vc_trace_sampling_rate' from Firebase Remote Config.
03-13 14:52:07.661 15672 17053 I FirebasePerformance: Event dropped due to device sampling - trace metric: ApplicationOnCreate (duration: 12.492ms)
03-13 14:52:07.662 15672 15672 I M-ProMotion: M-ProMotion is disabled
03-13 14:52:07.677 15672 17012 I PlayCore: UID: [10319]  PID: [15672] SplitInstallListenerRegistry : registerListener
03-13 14:52:07.679 15672 17012 I PlayCore: UID: [10319]  PID: [15672] SplitInstallService : getSessionStates
03-13 14:52:07.689 15672 17033 W DynamiteModule: Local module descriptor class for com.google.android.gms.ads.dynamite not found.
03-13 14:52:07.695 15672 17079 I PlayCore: UID: [10319]  PID: [15672] SplitInstallService : Initiate binding to the service.
03-13 14:52:07.702 15672 17046 D TrafficStats: tagSocket(139) with statsTag=0xffffffff, statsUid=-1
03-13 14:52:07.721 15672 17012 D VivoConfigStore: init begin
03-13 14:52:07.731 15672 17019 I FirebaseCrashlytics: Saved version control info
03-13 14:52:07.732 15672 17012 D VivoConfigStore: key:vivo.software.nightmode isCached is true and value is true
03-13 14:52:07.737  5768  5768 I Finsky  : [2] aipl.a(9): Connecting InstallListener to SplitInstallService broadcaster...
03-13 14:52:07.739 15672 15672 I PlayCore: UID: [10319]  PID: [15672] SplitInstallService : ServiceConnectionImpl.onServiceConnected(ComponentInfo{com.android.vending/com.google.android.finsky.splitinstallservice.SplitInstallService})
03-13 14:52:07.741 15672 17079 I PlayCore: UID: [10319]  PID: [15672] SplitInstallService : linkToDeath
03-13 14:52:07.749  5768 11713 I Finsky  : [67220] akbs.i(7): getSessionStates for package: in.mohalla.sharechat
03-13 14:52:07.763 15672 17063 I PlayCore: UID: [10319]  PID: [15672] SplitInstallService : onGetSessionStates
03-13 14:52:07.765 15672 17079 I PlayCore: UID: [10319]  PID: [15672] SplitInstallService : Unbind from service.
03-13 14:52:07.767 15672 17047 E halla.sharechat: No package ID 76 found for resource ID 0x760b000f.
03-13 14:52:07.772 15672 17047 E halla.sharechat: No package ID 76 found for resource ID 0x760b000f.
03-13 14:52:07.775 15672 17047 I FA      : App measurement initialized, version: 118001
03-13 14:52:07.775 15672 17047 I FA      : To enable debug logging run: adb shell setprop log.tag.FA VERBOSE
03-13 14:52:07.775 15672 17047 I FA      : To enable faster debug mode event logging run:
03-13 14:52:07.775 15672 17047 I FA      :   adb shell setprop debug.firebase.analytics.app in.mohalla.sharechat
03-13 14:52:07.785 15672 17012 V SoLoader: Init System Loader delegate
03-13 14:52:07.807 15672 17124 D TrafficStats: tagSocket(139) with statsTag=0xffffffff, statsUid=-1
03-13 14:52:07.823 15672 17012 D nativeloader: Load /data/app/~~Ec7b20yFYmqICTxmeGoVww==/in.mohalla.sharechat-zCdEEirbuAbeMOq9cl-meg==/lib/arm64/libhermes.so using ns clns-7 from class loader (caller=/data/app/~~Ec7b20yFYmqICTxmeGoVww==/in.mohalla.sharechat-zCdEEirbuAbeMOq9cl-meg==/base.apk): ok
03-13 14:52:07.842 15672 17047 I FA      : Tag Manager is not found and thus will not be used
03-13 14:52:07.847 15672 17012 D nativeloader: Load /data/app/~~Ec7b20yFYmqICTxmeGoVww==/in.mohalla.sharechat-zCdEEirbuAbeMOq9cl-meg==/lib/arm64/libhermes_executor.so using ns clns-7 from class loader (caller=/data/app/~~Ec7b20yFYmqICTxmeGoVww==/in.mohalla.sharechat-zCdEEirbuAbeMOq9cl-meg==/base.apk): ok
03-13 14:52:07.853 15672 17070 D CompatibilityChangeReporter: Compat change id reported: 247079863; UID 10319; state: ENABLED
03-13 14:52:07.864 25650 17151 D AdvertisingIdClient: AdvertisingIdClient already created.
03-13 14:52:07.864 25650 17151 D AdvertisingIdClient: AdvertisingIdClient is not bounded. Starting to bind it...
03-13 14:52:07.872 25650 17151 D AdvertisingIdClient: AdvertisingIdClient is bounded
03-13 14:52:07.874 25650 17151 I AdvertisingIdClient: shouldSendLog 1131824038
03-13 14:52:07.875 25650 17151 I AdvertisingIdClient: GetInfoInternal elapse 10ms
03-13 14:52:07.883 25650 25650 I AdvertisingIdClient: getting error as 17: API: ClientTelemetry.API is not available on this device. Connection failed with: ConnectionResult{statusCode=API_DISABLED_FOR_CONNECTION, resolution=null, message=null}
03-13 14:52:07.910 15672 17084 D TrafficStats: tagSocket(139) with statsTag=0xffffffff, statsUid=-1
