03-13 17:37:19.368 15244 18121 I gralloc4: @set_metadata: update dataspace from GM (0x00000000 -> 0x08010000)
--------- beginning of system
03-13 17:37:19.471  1533  4686 D BatteryStatsService: notePemString  noteWhich: 49,arg1: 0, arg2: 0, arg3: 15244, arg4: 1285, name: com.ds.eventwish
03-13 17:37:19.484 15244 18133 I okhttp.OkHttpClient: --> GET https://eventwishes.onrender.com/api/templates/67cc545c9f156e60566a971f
03-13 17:37:19.485 15244 18133 I okhttp.OkHttpClient: --> END GET
03-13 17:37:19.485  1533  4686 D BatteryStatsService: notePemString  noteWhich: 49,arg1: -2, arg2: -1, arg3: 15244, arg4: 1285, name: com.ds.eventwish
03-13 17:37:19.490  1533  2568 D BatteryStatsService: notePemString  noteWhich: 49,arg1: 0, arg2: 0, arg3: 15244, arg4: 1285, name: com.ds.eventwish
03-13 17:37:19.570 15244 18121 I gralloc4: @set_metadata: update dataspace from GM (0x00000000 -> 0x08010000)
03-13 17:37:19.576 15244 18133 D TrafficStats: tagSocket(247) with statsTag=0xffffffff, statsUid=-1
03-13 17:37:19.589 15244 18121 I gralloc4: @set_metadata: update dataspace from GM (0x00000000 -> 0x08010000)
03-13 17:37:19.602 15244 18121 I gralloc4: @set_metadata: update dataspace from GM (0x00000000 -> 0x08010000)
03-13 17:37:19.613 15244 18121 I gralloc4: @set_metadata: update dataspace from GM (0x00000000 -> 0x08010000)
03-13 17:37:19.625 15244 18121 I gralloc4: @set_metadata: update dataspace from GM (0x00000000 -> 0x08010000)
03-13 17:37:19.638 15244 18121 I gralloc4: @set_metadata: update dataspace from GM (0x00000000 -> 0x08010000)
03-13 17:37:19.641 15244 15244 D HomeFragment: onDestroyView: binding set to null
03-13 17:37:19.651 15244 18121 I gralloc4: @set_metadata: update dataspace from GM (0x00000000 -> 0x08010000)
03-13 17:37:19.666 15244 18121 I gralloc4: @set_metadata: update dataspace from GM (0x00000000 -> 0x08010000)
03-13 17:37:19.687 15244 18121 I gralloc4: @set_metadata: update dataspace from GM (0x00000000 -> 0x08010000)
03-13 17:37:19.703 15244 18121 I gralloc4: @set_metadata: update dataspace from GM (0x00000000 -> 0x08010000)
03-13 17:37:19.719 15244 18121 I gralloc4: @set_metadata: update dataspace from GM (0x00000000 -> 0x08010000)
03-13 17:37:19.736 15244 18121 I gralloc4: @set_metadata: update dataspace from GM (0x00000000 -> 0x08010000)
03-13 17:37:19.752 15244 18121 I gralloc4: @set_metadata: update dataspace from GM (0x00000000 -> 0x08010000)
03-13 17:37:19.769 15244 18121 I gralloc4: @set_metadata: update dataspace from GM (0x00000000 -> 0x08010000)
03-13 17:37:19.785 15244 18121 I gralloc4: @set_metadata: update dataspace from GM (0x00000000 -> 0x08010000)
03-13 17:37:19.802 15244 18121 I gralloc4: @set_metadata: update dataspace from GM (0x00000000 -> 0x08010000)
03-13 17:37:19.819 15244 18121 I gralloc4: @set_metadata: update dataspace from GM (0x00000000 -> 0x08010000)
03-13 17:37:19.835 15244 18121 I gralloc4: @set_metadata: update dataspace from GM (0x00000000 -> 0x08010000)
03-13 17:37:19.852 15244 18121 I gralloc4: @set_metadata: update dataspace from GM (0x00000000 -> 0x08010000)
03-13 17:37:19.868 15244 18121 I gralloc4: @set_metadata: update dataspace from GM (0x00000000 -> 0x08010000)
03-13 17:37:19.885 15244 18121 I gralloc4: @set_metadata: update dataspace from GM (0x00000000 -> 0x08010000)
03-13 17:37:19.902 15244 18121 I gralloc4: @set_metadata: update dataspace from GM (0x00000000 -> 0x08010000)
03-13 17:37:19.919 15244 18121 I gralloc4: @set_metadata: update dataspace from GM (0x00000000 -> 0x08010000)
03-13 17:37:19.936 15244 18121 I gralloc4: @set_metadata: update dataspace from GM (0x00000000 -> 0x08010000)
03-13 17:37:19.952 15244 18121 I gralloc4: @set_metadata: update dataspace from GM (0x00000000 -> 0x08010000)
03-13 17:37:19.969 15244 18121 I gralloc4: @set_metadata: update dataspace from GM (0x00000000 -> 0x08010000)
03-13 17:37:19.985 15244 18121 I gralloc4: @set_metadata: update dataspace from GM (0x00000000 -> 0x08010000)
03-13 17:37:20.002 15244 18121 I gralloc4: @set_metadata: update dataspace from GM (0x00000000 -> 0x08010000)
03-13 17:37:20.019 15244 18121 I gralloc4: @set_metadata: update dataspace from GM (0x00000000 -> 0x08010000)
03-13 17:37:20.035 15244 18121 I gralloc4: @set_metadata: update dataspace from GM (0x00000000 -> 0x08010000)
03-13 17:37:20.052 15244 18121 I gralloc4: @set_metadata: update dataspace from GM (0x00000000 -> 0x08010000)
03-13 17:37:20.069 15244 18121 I gralloc4: @set_metadata: update dataspace from GM (0x00000000 -> 0x08010000)
03-13 17:37:20.085 15244 18121 I gralloc4: @set_metadata: update dataspace from GM (0x00000000 -> 0x08010000)
03-13 17:37:20.102 15244 18121 I gralloc4: @set_metadata: update dataspace from GM (0x00000000 -> 0x08010000)
03-13 17:37:20.119 15244 18121 I gralloc4: @set_metadata: update dataspace from GM (0x00000000 -> 0x08010000)
03-13 17:37:20.135 15244 18121 I gralloc4: @set_metadata: update dataspace from GM (0x00000000 -> 0x08010000)
03-13 17:37:20.152 15244 18121 I gralloc4: @set_metadata: update dataspace from GM (0x00000000 -> 0x08010000)
03-13 17:37:20.168 15244 18121 I gralloc4: @set_metadata: update dataspace from GM (0x00000000 -> 0x08010000)
03-13 17:37:20.185 15244 18121 I gralloc4: @set_metadata: update dataspace from GM (0x00000000 -> 0x08010000)
03-13 17:37:20.202 15244 18121 I gralloc4: @set_metadata: update dataspace from GM (0x00000000 -> 0x08010000)
03-13 17:37:20.218 15244 18121 I gralloc4: @set_metadata: update dataspace from GM (0x00000000 -> 0x08010000)
03-13 17:37:20.236 15244 18121 I gralloc4: @set_metadata: update dataspace from GM (0x00000000 -> 0x08010000)
03-13 17:37:20.252 15244 18121 I gralloc4: @set_metadata: update dataspace from GM (0x00000000 -> 0x08010000)
03-13 17:37:20.268 15244 18121 I gralloc4: @set_metadata: update dataspace from GM (0x00000000 -> 0x08010000)
03-13 17:37:20.283 15244 18121 I gralloc4: @set_metadata: update dataspace from GM (0x00000000 -> 0x08010000)
03-13 17:37:20.300 15244 18121 I gralloc4: @set_metadata: update dataspace from GM (0x00000000 -> 0x08010000)
03-13 17:37:20.318 15244 18121 I gralloc4: @set_metadata: update dataspace from GM (0x00000000 -> 0x08010000)
03-13 17:37:20.335 15244 18121 I gralloc4: @set_metadata: update dataspace from GM (0x00000000 -> 0x08010000)
03-13 17:37:20.351 15244 18121 I gralloc4: @set_metadata: update dataspace from GM (0x00000000 -> 0x08010000)
03-13 17:37:20.367 15244 18121 I gralloc4: @set_metadata: update dataspace from GM (0x00000000 -> 0x08010000)
03-13 17:37:20.383 15244 18121 I gralloc4: @set_metadata: update dataspace from GM (0x00000000 -> 0x08010000)
03-13 17:37:20.400 15244 18121 I gralloc4: @set_metadata: update dataspace from GM (0x00000000 -> 0x08010000)
03-13 17:37:20.417 15244 18121 I gralloc4: @set_metadata: update dataspace from GM (0x00000000 -> 0x08010000)
03-13 17:37:20.434 15244 18121 I gralloc4: @set_metadata: update dataspace from GM (0x00000000 -> 0x08010000)
03-13 17:37:20.450 15244 18121 I gralloc4: @set_metadata: update dataspace from GM (0x00000000 -> 0x08010000)
03-13 17:37:20.467 15244 18121 I gralloc4: @set_metadata: update dataspace from GM (0x00000000 -> 0x08010000)
03-13 17:37:20.485 15244 18121 I gralloc4: @set_metadata: update dataspace from GM (0x00000000 -> 0x08010000)
03-13 17:37:20.501 15244 18121 I gralloc4: @set_metadata: update dataspace from GM (0x00000000 -> 0x08010000)
03-13 17:37:20.518 15244 18121 I gralloc4: @set_metadata: update dataspace from GM (0x00000000 -> 0x08010000)
03-13 17:37:20.535 15244 18121 I gralloc4: @set_metadata: update dataspace from GM (0x00000000 -> 0x08010000)
03-13 17:37:20.551 15244 18121 I gralloc4: @set_metadata: update dataspace from GM (0x00000000 -> 0x08010000)
03-13 17:37:20.568 15244 18121 I gralloc4: @set_metadata: update dataspace from GM (0x00000000 -> 0x08010000)
03-13 17:37:20.584 15244 18121 I gralloc4: @set_metadata: update dataspace from GM (0x00000000 -> 0x08010000)
03-13 17:37:20.601 15244 18121 I gralloc4: @set_metadata: update dataspace from GM (0x00000000 -> 0x08010000)
03-13 17:37:20.618 15244 18121 I gralloc4: @set_metadata: update dataspace from GM (0x00000000 -> 0x08010000)
03-13 17:37:20.634 15244 18121 I gralloc4: @set_metadata: update dataspace from GM (0x00000000 -> 0x08010000)
03-13 17:37:20.651 15244 18121 I gralloc4: @set_metadata: update dataspace from GM (0x00000000 -> 0x08010000)
03-13 17:37:20.668 15244 18121 I gralloc4: @set_metadata: update dataspace from GM (0x00000000 -> 0x08010000)
03-13 17:37:20.684 15244 18121 I gralloc4: @set_metadata: update dataspace from GM (0x00000000 -> 0x08010000)
03-13 17:37:20.703 15244 18121 I gralloc4: @set_metadata: update dataspace from GM (0x00000000 -> 0x08010000)
03-13 17:37:20.720 15244 18121 I gralloc4: @set_metadata: update dataspace from GM (0x00000000 -> 0x08010000)
03-13 17:37:20.735 15244 18121 I gralloc4: @set_metadata: update dataspace from GM (0x00000000 -> 0x08010000)
03-13 17:37:20.750 15244 18121 I gralloc4: @set_metadata: update dataspace from GM (0x00000000 -> 0x08010000)
03-13 17:37:20.767 15244 18121 I gralloc4: @set_metadata: update dataspace from GM (0x00000000 -> 0x08010000)
03-13 17:37:20.784 15244 18121 I gralloc4: @set_metadata: update dataspace from GM (0x00000000 -> 0x08010000)
03-13 17:37:20.801 15244 18121 I gralloc4: @set_metadata: update dataspace from GM (0x00000000 -> 0x08010000)
03-13 17:37:20.817 15244 18121 I gralloc4: @set_metadata: update dataspace from GM (0x00000000 -> 0x08010000)
03-13 17:37:20.834 15244 18121 I gralloc4: @set_metadata: update dataspace from GM (0x00000000 -> 0x08010000)
03-13 17:37:20.851 15244 18121 I gralloc4: @set_metadata: update dataspace from GM (0x00000000 -> 0x08010000)
03-13 17:37:20.867 15244 18121 I gralloc4: @set_metadata: update dataspace from GM (0x00000000 -> 0x08010000)
03-13 17:37:20.884 15244 18121 I gralloc4: @set_metadata: update dataspace from GM (0x00000000 -> 0x08010000)
03-13 17:37:20.901 15244 18121 I gralloc4: @set_metadata: update dataspace from GM (0x00000000 -> 0x08010000)
03-13 17:37:20.917 15244 18121 I gralloc4: @set_metadata: update dataspace from GM (0x00000000 -> 0x08010000)
03-13 17:37:20.940 15244 18121 I gralloc4: @set_metadata: update dataspace from GM (0x00000000 -> 0x08010000)
03-13 17:37:20.950 15244 18121 I gralloc4: @set_metadata: update dataspace from GM (0x00000000 -> 0x08010000)
03-13 17:37:20.966 15244 18121 I gralloc4: @set_metadata: update dataspace from GM (0x00000000 -> 0x08010000)
03-13 17:37:21.000 15244 18121 I gralloc4: @set_metadata: update dataspace from GM (0x00000000 -> 0x08010000)
03-13 17:37:21.009 15244 15244 D CompatibilityChangeReporter: Compat change id reported: 163400105; UID 10422; state: ENABLED
03-13 17:37:21.009 10090 10090 I GoogleInputMethodService: GoogleInputMethodService.onFinishInput():2090 
03-13 17:37:21.010 10090 10090 I Module  : DeviceLockedStatusModuleProvider$Module.updateDeviceLockedStatus():100 repeatCheckTimes = 0, locked = false
03-13 17:37:21.013 15244 15244 I ImeTracker: com.ds.eventwish:ed637ec6: onRequestShow at ORIGIN_CLIENT_SHOW_SOFT_INPUT reason SHOW_SOFT_INPUT
03-13 17:37:21.018 15244 18121 I gralloc4: @set_metadata: update dataspace from GM (0x00000000 -> 0x08010000)
03-13 17:37:21.026 15244 18133 I okhttp.OkHttpClient: <-- 200 OK https://eventwishes.onrender.com/api/templates/67cc545c9f156e60566a971f (1541ms)
03-13 17:37:21.026  7831 23605 I erxo    : (REDACTED) appOpsListener %s %s
03-13 17:37:21.027  7831 23605 I erxo    : (REDACTED) Ignoring irrelevant audio permission changes for package %s
03-13 17:37:21.027 15244 18133 I okhttp.OkHttpClient: Date: Thu, 13 Mar 2025 12:07:20 GMT
03-13 17:37:21.027 15244 18133 I okhttp.OkHttpClient: Content-Type: application/json; charset=utf-8
03-13 17:37:21.027 15244 18133 I okhttp.OkHttpClient: Transfer-Encoding: chunked
03-13 17:37:21.028 15244 18133 I okhttp.OkHttpClient: Connection: keep-alive
03-13 17:37:21.029 15244 18133 I okhttp.OkHttpClient: access-control-allow-origin: *
03-13 17:37:21.030 15244 18133 I okhttp.OkHttpClient: etag: W/"93e-p65UOE+ne0frcfnhYHfRSUR06gM"
03-13 17:37:21.031 15244 18133 I okhttp.OkHttpClient: rndr-id: 973aa534-9981-44ea
03-13 17:37:21.031 15244 18133 I okhttp.OkHttpClient: vary: Accept-Encoding
03-13 17:37:21.031 15244 18133 I okhttp.OkHttpClient: x-powered-by: Express
03-13 17:37:21.032 15244 18133 I okhttp.OkHttpClient: x-render-origin-server: Render
03-13 17:37:21.032 15244 18133 I okhttp.OkHttpClient: cf-cache-status: DYNAMIC
03-13 17:37:21.032 15244 18133 I okhttp.OkHttpClient: Server: cloudflare
03-13 17:37:21.032 15244 18133 I okhttp.OkHttpClient: CF-RAY: 91fb690d1b4c3390-DEL
03-13 17:37:21.032 15244 18133 I okhttp.OkHttpClient: alt-svc: h3=":443"; ma=86400
03-13 17:37:21.032 15244 18133 I okhttp.OkHttpClient: Cache-Control: max-age=300
03-13 17:37:21.035 15244 18121 I gralloc4: @set_metadata: update dataspace from GM (0x00000000 -> 0x08010000)
03-13 17:37:21.037 15244 18133 I okhttp.OkHttpClient: {"categoryIconUrl":"https://raw.githubusercontent.com/ylalit0022/eventwishes/main/assets/icons/ic_other.png","css":"\n            .template-container {\n                padding: 20px;\n                text-align: center;\n            }\n        ","likes":0,"shares":0,"_id":"67cc545c9f156e60566a971f","title":"Graduation Success","category":"Graduation","htmlContent":"<div class=\"graduation-template-1\">\n            <div class=\"cap\">\n                <div class=\"top\"></div>\n                <div class=\"tassel\"></div>\n            </div>\n            <h1>Congratulations Graduate!</h1>\n            <div class=\"content\">\n                <p>Celebrating your academic achievement</p>\n            </div>\n        </div>","cssContent":".graduation-template-1 {\n            background: linear-gradient(to bottom right, #1a237e, #311b92);\n            padding: 40px;\n            border-radius: 15px;\n            text-align: center;\n            color: white;\n        }\n        .graduation-template-1 .cap {\n            position: relative;\n            width: 80px;\n            margin: 20px auto;\n        }\n        .graduation-template-1 .top {\n            width: 80px;\n            height: 80px;\n            background: #000;\n            transform: rotate(45deg);\n        }\n        .graduation-template-1 .tassel {\n            position: absolute;\n            width: 4px;\n            height: 40px;\n            background: #ffd700;\n            top: 40px;\n            left: 50%;\n            transform: translateX(-50%);\n        }","jsContent":"document.querySelector('.graduation-template-1 .cap').addEventListener('click', function() {\n            this.style.transform = 'translateY(-20px)';\n            this.style.transition = 'transform 0.3s ease';\n            setTimeout(() => {\n                this.style.transform = 'translateY(0)';\n            }, 300);\n        });","previewUrl":"https://blogger.googleusercontent.com/img/b/R29vZ2xl/AVvXsEhXah6RRFQiAepiRkta1Cqc5JXki9CAsVEk6CTgLheRhwoaFRN6KHU3GyJvk3V2Hv5OKJhufRcU0CDJ1-vNfHHv2XPtEnxv47NZnDfPL7IthdzkFflv9O3c0QRL0JASXr-Ve21S2MOrU3uTlrISzGrV4D6VsrD7zPw8wqEQQbV3zOosue155uuFcL0gD8bv/s1280/an_adventurous_scene_of_three_young_boys.jpeg","status":true,"categoryIcon":"67c8810caa69a52cfa6ca07c","createdAt":"2025-03-08T14:29:48.900Z","updatedAt":"2025-03-08T14:29:48.900Z","__v":0}
03-13 17:37:21.038 15244 18133 I okhttp.OkHttpClient: <-- END HTTP (2366-byte body)
03-13 17:37:21.040 10090 10090 I GoogleInputMethodService: GoogleInputMethodService.onStartInput():1357 onStartInput(EditorInfo{EditorInfo{packageName=com.ds.eventwish, inputType=61, inputTypeString=PersonName[], enableLearning=true, autoCorrection=true, autoComplete=true, imeOptions=6, privateImeOptions=null, actionName=DONE, actionLabel=null, initialSelStart=0, initialSelEnd=0, initialCapsMode=0, label=null, fieldId=2131362383, fieldName=null, extras=Bundle[mParcelledData.dataSize=240], hintText=non-empty, hintLocales=[]}}, false)
03-13 17:37:21.045 10090 10090 I Module  : DeviceLockedStatusModuleProvider$Module.updateDeviceLockedStatus():100 repeatCheckTimes = 1, locked = false
03-13 17:37:21.052 15244 15244 I AssistStructure: Flattened final assist data: 5320 bytes, containing 1 windows, 48 views
03-13 17:37:21.052 10090 10090 W ModuleManager: ModuleManager.loadModule():547 Module lty is not available
03-13 17:37:21.054 15244 15244 D CompatibilityChangeReporter: Compat change id reported: 150939131; UID 10422; state: ENABLED
03-13 17:37:21.070 10090 10090 I GoogleInputMethodService: GoogleInputMethodService.onStartInputView():1454 onStartInputView(EditorInfo{EditorInfo{packageName=com.ds.eventwish, inputType=61, inputTypeString=PersonName[], enableLearning=true, autoCorrection=true, autoComplete=true, imeOptions=6, privateImeOptions=null, actionName=DONE, actionLabel=null, initialSelStart=0, initialSelEnd=0, initialCapsMode=0, label=null, fieldId=2131362383, fieldName=null, extras=Bundle[{android.support.text.emoji.emojiCompat_metadataVersion=9, android.support.text.emoji.emojiCompat_replaceAll=false}], hintText=non-empty, hintLocales=[]}}, false)
03-13 17:37:21.075 10090 10090 W ModuleManager: ModuleManager.loadModule():547 Module lty is not available
03-13 17:37:21.076 10090 10090 I KeyboardHeightUtil: KeyboardHeightUtil.getOemKeyboardHeightRatio():161 systemKeyboardHeightRatio:1.000000.
03-13 17:37:21.080 10090 10090 I AndroidIME: InputBundleManager.loadActiveInputBundleId():483 loadActiveInputBundleId: en-US, ime_english_united_states
03-13 17:37:21.081 10090 10090 I AndroidIME: AbstractIme.onActivate():90 LatinIme.onActivate() : EditorInfo = EditorInfo{packageName=com.ds.eventwish, inputType=61, inputTypeString=PersonName[], enableLearning=true, autoCorrection=true, autoComplete=true, imeOptions=6, privateImeOptions=null, actionName=DONE, actionLabel=null, initialSelStart=0, initialSelEnd=0, initialCapsMode=0, label=null, fieldId=2131362383, fieldName=null, extras=Bundle[{android.support.text.emoji.emojiCompat_metadataVersion=9, android.support.text.emoji.emojiCompat_replaceAll=false}], hintText=non-empty, hintLocales=[]}, IncognitoMode = false, DeviceLocked = false
03-13 17:37:21.084 10090 10090 I InputBundle: InputBundle.consumeEvent():949 Skip consuming an event as keyboard status is 0
03-13 17:37:21.088 10090 10090 I Delight5Facilitator: Delight5Facilitator.initializeForIme():729 initializeForIme() : Locale = [en_US], layout = qwerty
03-13 17:37:21.101 10090 10090 I LatinIme: LatinIme.updateEnableInlineSuggestionsOnDecoderSideFlags():1245 inline flag updated to:false
03-13 17:37:21.105 25650 25650 D BoundBrokerSvc: onBind: Intent { act=com.google.android.mdd.service.START dat=chimera-action:/... cmp=com.google.android.gms/.chimera.GmsBoundBrokerService }
03-13 17:37:21.105 25650 25650 D BoundBrokerSvc: Loading bound service for intent: Intent { act=com.google.android.mdd.service.START dat=chimera-action:/... cmp=com.google.android.gms/.chimera.GmsBoundBrokerService }
03-13 17:37:21.119 10090 10090 I LatinIme: LatinIme.updateEnableInlineSuggestionsOnDecoderSideFlags():1245 inline flag updated to:false
03-13 17:37:21.133 15244 18121 I gralloc4: @set_metadata: update dataspace from GM (0x00000000 -> 0x08010000)
03-13 17:37:21.139 15244 18121 I gralloc4: @set_metadata: update dataspace from GM (0x00000000 -> 0x08010000)
03-13 17:37:21.151 10090 10090 I InputBundle: InputBundle.consumeEvent():949 Skip consuming an event as keyboard status is 0
03-13 17:37:21.152 10090 10090 I InputBundle: InputBundle.consumeEvent():949 Skip consuming an event as keyboard status is 0
03-13 17:37:21.165 10090 10090 I KeyboardWrapper: KeyboardWrapper.activateKeyboard():546 activateKeyboard(): type=prime, status=0, imeDef=kxt{stringId=ime_english_united_states, language=en-US, languageTag=en-US, processedConditions={enable_number_row=true, device=phone}, className=com.google.android.libraries.inputmethod.ime.experiment.ExperimentImeWrapper, label=0, keyEventInterpreter=null, inlineComposing=true, autoCapital=true, announceAutoSelectedCandidate=true, statusIcon=0, primeKeyboardType=SOFT, indicatorIcon=0, indicatorLabel=US, displayAppCompletions=true, extraValues=kxl{#0x7f0b0218=TypedValue{t=0x3/d=0x0 "writing_helper_enable_by_word_revert=false"}, #0x7f0b021e=TypedValue{t=0x3/d=0x0 "com.google.android.apps.inputmethod.libs.latin5.LatinIme"}, #0x7f0b021f=TypedValue{t=0x3/d=0x0 "com.google.android.apps.inputmethod.libs.edittracker.EditTrackingImeWrapper"}, #0x7f0b0220=TypedValue{t=0x3/d=0x0 "com.google.android.apps.inputmethod.libs.latin5.LatinIme"}}, processors=kzm@dde8915, unacceptableMetaKeys=4098, languageSpecificSettings=0, asciiCapable=true, alwaysShowSuggestions=false, useAsciiPasswordKeyboard=false, secondaryIme=null, keyboardGroupDef=kyv@dc39055, phenotypeFlagId=0, localizationLanguageTag=null, supportsInlineSuggestion=true}
03-13 17:37:21.166 10090 10090 I KeyboardManager: KeyboardManager.requestKeyboard():248 Creating keyboard prime, imeId=ime_english_united_states, cacheKey=theme_!gsf_!pgsans_!pgsf_!use_system_font_BORDER=true_FLAVOR_DPI=10_KEYBOARD_WIDTH_CATEGORY=NORMAL_LIGHT_THEME=true_PHYSICAL_DIAGONAL=5.816051_SCREEN_SHORTEST_WIDTH=393_SCREEN_SHORTEST_WIDTH_NO_SCALE=393_bottom4dp_enable_google_fonts_icons=true_enable_popup_on_keypress=true_keyboard_redesign_google_sans=true_noshadow_overlay_builtin_dynamic_color_light_base.binarypb:gm3-light-fffaf8ff-ff465d91-da177df3d52c909ad9aab559c9eb13b8_silkpopup_unify_function_key_color=true
03-13 17:37:21.167 15244 18121 I gralloc4: @set_metadata: update dataspace from GM (0x00000000 -> 0x08010000)
03-13 17:37:21.170 10090 10090 I KeyboardWrapper: KeyboardWrapper.onKeyboardReady():208 onKeyboardReady(): type=prime(prime), kb=com.google.android.apps.inputmethod.latin.keyboard.LatinPrimeKeyboard@a36ea12
03-13 17:37:21.170 10090 10090 I KeyboardWrapper: KeyboardWrapper.doActivateKeyboard():573 doActivateKeyboard(): prime
03-13 17:37:21.182 10090 10090 I AccessPointsListHolderController: AccessPointsListHolderController.removeAccessPoint():469 The access point voice is not added
03-13 17:37:21.184 10090 10090 I KeyboardHeightUtil: KeyboardHeightUtil.calculateMaxKeyboardBodyHeight():46 leave 267 height for app when ime window height:2204, header height:121 and isFullscreenMode:false, so the max keyboard body height is:1816
03-13 17:37:21.184 10090 10090 I GlobeKeyExtension: GlobeKeyExtension.getKeyboardInitialStates():131 
03-13 17:37:21.187 10090 10090 W Keyboard: Keyboard.getKeyboardViewHelper():597 null helper is returned: keyboardDef=kyo{processedConditions={enable_more_candidates_view_for_multilingual=false, layout_9key_split=false, enable_secondary_symbols=false, language=en-US, deprecate_long_press_space_for_ime_picker=false, expressions=normal, enable_flick_symbols=false, variant=qwerty, device=phone, keyboard_mode=normal, show_secondary_digits=false, enable_preemptive_decode=true, rtl_layout=false}, globalConditions={global_theme_key=theme_!gsf_!pgsans_!pgsf_!use_system_font_BORDER=true_FLAVOR_DPI=10_KEYBOARD_WIDTH_CATEGORY=NORMAL_LIGHT_THEME=true_PHYSICAL_DIAGONAL=5.816051_SCREEN_SHORTEST_WIDTH=393_SCREEN_SHORTEST_WIDTH_NO_SCALE=393_bottom4dp_enable_google_fonts_icons=true_enable_popup_on_keypress=true_keyboard_redesign_google_sans=true_noshadow_overlay_builtin_dynamic_color_light_base.binarypb:gm3-light-fffaf8ff-ff465d91-da177df3d52c909ad9aab559c9eb13b8_silkpopup_unify_function_key_color=true, global_locale=en_US, global_density_dpi=440, global_orientation=1}, className=.latin.keyboard.LatinPrimeKeyboard, resourceIds=[#0x7f17065e, #0x7f1708dc, #0x7f170851], initialStates=0, keyboardViewDefs=[kzd{direction=null, id=#0x7f0b0164, isScalable=true, layoutId=#0x7f0e027e, type=BODY, touchable=true, defaultShow=true}, kzd{direction=null, id=#0x7f0b0164, isScalable=false, layoutId=#0x7f0e01d9, type=FLOATING_CANDIDATES, touchable=false, defaultShow=false}, kzd{direction=LOCALE, id=#0x7f0b0164, isScalable=false, layoutId=#0x7f0e04d8, type=HEADER, touchable=true, defaultShow=true}], persistentStates=0, persistentStatesPrefKey=null, popupBubbleLayoutId=#0x7f0e05cb, recentKeyLayoutId=0, recentKeyPopupLayoutId=0, recentKeyType=null, rememberRecentKey=NONE, sessionStates=17592186044419}, type=WIDGET, helpersCreated=[kjv@5ba46d7, kjv@32fdbc4, kjv@dee7aad, null], context.getResources().getConfiguration(): {1.0 405mcc870mnc [en_US] ldltr sw393dp w393dp h801dp 440dpi nrml long port finger -keyb/v/h -nav/h winConfig={ mBounds=Rect(0, 0 - 1080, 2408) mAppBounds=Rect(0, 66 - 1080, 2292) mMaxBounds=Rect(0, 0 - 1080, 2408) mDisplayRotation=ROTATION_0 mWindowingMode=fullscreen mDisplayWindowingMode=fullscreen mActivityType=undefined mAlwaysOnTop=undefined mRotation=ROTATION_0 isEmbedding:false} s.20952 fontWeightAdjustment=0 themeId=2 themeParameter=0 nightModeLevel = -1}
03-13 17:37:21.189 10090 10090 I KeyboardHeightUtil: KeyboardHeightUtil.calculateMaxKeyboardBodyHeight():46 leave 267 height for app when ime window height:2204, header height:121 and isFullscreenMode:false, so the max keyboard body height is:1816
03-13 17:37:21.194 25650 25650 D BoundBrokerSvc: onBind: Intent { act=com.google.android.gms.wallet.service.BIND pkg=com.google.android.gms }
03-13 17:37:21.194 25650 25650 D BoundBrokerSvc: Loading bound service for intent: Intent { act=com.google.android.gms.wallet.service.BIND pkg=com.google.android.gms }
03-13 17:37:21.196 10090 10090 I AndroidIME: InputBundleManager.startInput():361 startInput() with kyz[keyboardType=prime, payload=null]
03-13 17:37:21.197 10090 10090 I GlobeKeyExtension: GlobeKeyExtension.onActivate():70 
03-13 17:37:21.212 25650 25650 D BoundBrokerSvc: onBind: Intent { act=com.google.android.gms.chromesync.service.zeroparty.START dat=chimera-action:/... cmp=com.google.android.gms/.chimera.GmsApiService }
03-13 17:37:21.212 25650 25650 D BoundBrokerSvc: Loading bound service for intent: Intent { act=com.google.android.gms.chromesync.service.zeroparty.START dat=chimera-action:/... cmp=com.google.android.gms/.chimera.GmsApiService }
03-13 17:37:21.212 10090 10090 I LanguagePromoExtension: LanguagePromoExtension.checkDisplayPreconditions():173 Not show language promo: exceeds the max display times.
03-13 17:37:21.212 15244 18121 I gralloc4: @set_metadata: update dataspace from GM (0x00000000 -> 0x08010000)
03-13 17:37:21.219 10090 10090 I AccessoryInputModeManager: AccessoryInputModeManager.onModeStarted():322 Accessory input mode started: null
03-13 17:37:21.221 10090 10090 W SupplementaryKeyboardsWrapper: SupplementaryKeyboardsWrapper.deactivateKeyboard():160 keyboard accessory_candidates_consumer is not activated before!
03-13 17:37:21.222 15244 18121 I gralloc4: @set_metadata: update dataspace from GM (0x00000000 -> 0x08010000)
03-13 17:37:21.225 25650 25650 D BoundBrokerSvc: onBind: Intent { act=com.google.android.gms.auth.api.phone.service.SmsRetrieverApiService.START dat=chimera-action:/... cmp=com.google.android.gms/.chimera.GmsApiService }
03-13 17:37:21.225 25650 25650 D BoundBrokerSvc: Loading bound service for intent: Intent { act=com.google.android.gms.auth.api.phone.service.SmsRetrieverApiService.START dat=chimera-action:/... cmp=com.google.android.gms/.chimera.GmsApiService }
03-13 17:37:21.227 15244 15244 I chromium: [INFO:CONSOLE(1)] "Updating names: , ", source:  (1)
03-13 17:37:21.228 15244 15244 I chromium: [INFO:CONSOLE(1)] "Found elements: 0 0", source:  (1)
03-13 17:37:21.234 10090 10090 I KeyboardModeManager: KeyboardModeManager.setSupportedKeyboardModes():1425 supportsSplitMode=true supportsOneHandedMode=true, needUpdateKeyboardMode=false
03-13 17:37:21.235 10090 10090 I KeyboardModeUtils: KeyboardModeUtils.getKeyboardBottomOffset():438 inch: 0.000000 ydpi: 401.648987 adjustKeyboardBottomByDisplaySize: false currentDensityDpi: 440 defaultDensityDpi: 440 keyboardBottomToScreenPx: 0 keyboardBottomToNavBarPx: -116 navBarHeight: 116
03-13 17:37:21.235 10090 10090 I ResizableKeyboardModeController: ResizableKeyboardModeController.getKeyboardBottomOffset():179 currentPrimeKeyboardType:SOFT keyboardBottomOffset:5 navBarHeight:116 isInLandscape:false
03-13 17:37:21.235 10090 10090 I KeyboardHeightUtil: KeyboardHeightUtil.calculateMaxKeyboardBodyHeight():46 leave 267 height for app when ime window height:2204, header height:121 and isFullscreenMode:false, so the max keyboard body height is:1816
03-13 17:37:21.235 10090 10090 I AndroidIME: KeyboardViewManager.updateKeyboardBodyViewHolderPaddingBottom():442 Set finalPaddingBottom = 5 while holderPaddingBottom = 5; navigationHeight = 116
03-13 17:37:21.236 10090 10090 W ExtensionWrapper: ExtensionWrapper.setExtensionViewVisibility():801 interface knk is not activate
03-13 17:37:21.237 10090 10090 I Module  : DeviceLockedStatusModuleProvider$Module.updateDeviceLockedStatus():100 repeatCheckTimes = 1, locked = false
03-13 17:37:21.238 10090 10090 I CurrentMicStatusHolder: CurrentMicStatusHolder.onStartInputView():81 Current Mic status = {MicIconHidden-SettingOff,}
03-13 17:37:21.239 10090 10090 I AccessPointsListHolderController: AccessPointsListHolderController.removeAccessPoint():469 The access point voice is not added
03-13 17:37:21.244 25578  8421 W ahcc    : Failed to retrieve prediction data. [CONTEXT service_id=177 ]
03-13 17:37:21.244 25578  8421 W ahcc    : java.util.concurrent.ExecutionException: eqcb: No data was found for the table autofill-domain-predictions-prod-spanner.
03-13 17:37:21.244 25578  8421 W ahcc    : 	at forf.s(:com.google.android.gms@250832029@25.08.32 (190400-731361394):21)
03-13 17:37:21.244 25578  8421 W ahcc    : 	at forf.get(:com.google.android.gms@250832029@25.08.32 (190400-731361394):28)
03-13 17:37:21.244 25578  8421 W ahcc    : 	at ahcc.e(:com.google.android.gms@250832029@25.08.32 (190400-731361394):83)
03-13 17:37:21.244 25578  8421 W ahcc    : 	at ahcc.a(:com.google.android.gms@250832029@25.08.32 (190400-731361394):126)
03-13 17:37:21.244 25578  8421 W ahcc    : 	at agzo.call(:com.google.android.gms@250832029@25.08.32 (190400-731361394):5)
03-13 17:37:21.244 25578  8421 W ahcc    : 	at java.util.concurrent.FutureTask.run(FutureTask.java:264)
03-13 17:37:21.244 25578  8421 W ahcc    : 	at atru.c(:com.google.android.gms@250832029@25.08.32 (190400-731361394):50)
03-13 17:37:21.244 25578  8421 W ahcc    : 	at atru.run(:com.google.android.gms@250832029@25.08.32 (190400-731361394):76)
03-13 17:37:21.244 25578  8421 W ahcc    : 	at java.util.concurrent.ThreadPoolExecutor.runWorker(ThreadPoolExecutor.java:1145)
03-13 17:37:21.244 25578  8421 W ahcc    : 	at java.util.concurrent.ThreadPoolExecutor$Worker.run(ThreadPoolExecutor.java:644)
03-13 17:37:21.244 25578  8421 W ahcc    : 	at atxi.run(:com.google.android.gms@250832029@25.08.32 (190400-731361394):8)
03-13 17:37:21.244 25578  8421 W ahcc    : 	at java.lang.Thread.run(Thread.java:1012)
03-13 17:37:21.244 25578  8421 W ahcc    : Caused by: eqcb: No data was found for the table autofill-domain-predictions-prod-spanner.
03-13 17:37:21.244 25578  8421 W ahcc    : 	at eqcs.a(:com.google.android.gms@250832029@25.08.32 (190400-731361394):223)
03-13 17:37:21.244 25578  8421 W ahcc    : 	at forh.d(:com.google.android.gms@250832029@25.08.32 (190400-731361394):3)
03-13 17:37:21.244 25578  8421 W ahcc    : 	at forj.run(:com.google.android.gms@250832029@25.08.32 (190400-731361394):38)
03-13 17:37:21.244 25578  8421 W ahcc    : 	at fosv.execute(:com.google.android.gms@250832029@25.08.32 (190400-731361394):1)
03-13 17:37:21.244 25578  8421 W ahcc    : 	at forf.h(:com.google.android.gms@250832029@25.08.32 (190400-731361394):1)
03-13 17:37:21.244 25578  8421 W ahcc    : 	at forf.l(:com.google.android.gms@250832029@25.08.32 (190400-731361394):101)
03-13 17:37:21.244 25578  8421 W ahcc    : 	at forf.o(:com.google.android.gms@250832029@25.08.32 (190400-731361394):15)
03-13 17:37:21.244 25578  8421 W ahcc    : 	at fori.e(:com.google.android.gms@250832029@25.08.32 (190400-731361394):1)
03-13 17:37:21.244 25578  8421 W ahcc    : 	at forj.run(:com.google.android.gms@250832029@25.08.32 (190400-731361394):44)
03-13 17:37:21.244 25578  8421 W ahcc    : 	at fosv.execute(:com.google.android.gms@250832029@25.08.32 (190400-731361394):1)
03-13 17:37:21.244 25578  8421 W ahcc    : 	at forf.h(:com.google.android.gms@250832029@25.08.32 (190400-731361394):1)
03-13 17:37:21.244 25578  8421 W ahcc    : 	at forf.l(:com.google.android.gms@250832029@25.08.32 (190400-731361394):101)
03-13 17:37:21.244 25578  8421 W ahcc    : 	at forf.r(:com.google.android.gms@250832029@25.08.32 (190400-731361394):28)
03-13 17:37:21.244 25578  8421 W ahcc    : 	at forh.e(:com.google.android.gms@250832029@25.08.32 (190400-731361394):3)
03-13 17:37:21.244 25578  8421 W ahcc    : 	at forj.run(:com.google.android.gms@250832029@25.08.32 (190400-731361394):44)
03-13 17:37:21.244 25578  8421 W ahcc    : 	at fosv.execute(:com.google.android.gms@250832029@25.08.32 (190400-731361394):1)
03-13 17:37:21.244 25578  8421 W ahcc    : 	at forf.h(:com.google.android.gms@250832029@25.08.32 (190400-731361394):1)
03-13 17:37:21.244 25578  8421 W ahcc    : 	at forf.l(:com.google.android.gms@250832029@25.08.32 (190400-731361394):101)
03-13 17:37:21.244 25578  8421 W ahcc    : 	at forf.r(:com.google.android.gms@250832029@25.08.32 (190400-731361394):28)
03-13 17:37:21.244 25578  8421 W ahcc    : 	at forh.e(:com.google.android.gms@250832029@25.08.32 (190400-731361394):3)
03-13 17:37:21.244 25578  8421 W ahcc    : 	at forj.run(:com.google.android.gms@250832029@25.08.32 (190400-731361394):44)
03-13 17:37:21.244 25578  8421 W ahcc    : 	at fosv.execute(:com.google.android.gms@250832029@25.08.32 (190400-731361394):1)
03-13 17:37:21.244 25578  8421 W ahcc    : 	at forf.h(:com.google.android.gms@250832029@25.08.32 (190400-731361394):1)
03-13 17:37:21.244 25578  8421 W ahcc    : 	at forf.l(:com.google.android.gms@250832029@25.08.32 (190400-731361394):101)
03-13 17:37:21.244 25578  8421 W ahcc    : 	at forf.o(:com.google.android.gms@250832029@25.08.32 (190400-731361394):15)
03-13 17:37:21.244 25578  8421 W ahcc    : 	at foqp.run(:com.google.android.gms@250832029@25.08.32 (190400-731361394):120)
03-13 17:37:21.244 25578  8421 W ahcc    : 	at fosv.execute(:com.google.android.gms@250832029@25.08.32 (190400-731361394):1)
03-13 17:37:21.244 25578  8421 W ahcc    : 	at forf.h(:com.google.android.gms@250832029@25.08.32 (190400-731361394):1)
03-13 17:37:21.244 25578  8421 W ahcc    : 	at forf.l(:com.google.android.gms@250832029@25.08.32 (190400-731361394):101)
03-13 17:37:21.244 25578  8421 W ahcc    : 	at forf.o(:com.google.android.gms@250832029@25.08.32 (190400-731361394):15)
03-13 17:37:21.244 25578  8421 W ahcc    : 	at fori.e(:com.google.android.gms@250832029@25.08.32 (190400-731361394):1)
03-13 17:37:21.244 25578  8421 W ahcc    : 	at forj.run(:com.google.android.gms@250832029@25.08.32 (190400-731361394):44)
03-13 17:37:21.244 25578  8421 W ahcc    : 	at fosv.execute(:com.google.android.gms@250832029@25.08.32 (190400-731361394):1)
03-13 17:37:21.244 25578  8421 W ahcc    : 	at forf.h(:com.google.android.gms@250832029@25.08.32 (190400-731361394):1)
03-13 17:37:21.244 25578  8421 W ahcc    : 	at forf.l(:com.google.android.gms@250832029@25.08.32 (190400-731361394):101)
03-13 17:37:21.244 25578  8421 W ahcc    : 	at foqx.run(:com.google.android.gms@250832029@25.08.32 (190400-731361394):29)
03-13 17:37:21.244 25578  8421 W ahcc    : 	at fosv.execute(:com.google.android.gms@250832029@25.08.32 (190400-731361394):1)
03-13 17:37:21.244 25578  8421 W ahcc    : 	at fosz.c(:com.google.android.gms@250832029@25.08.32 (190400-731361394):1)
03-13 17:37:21.244 25578  8421 W ahcc    : 	at fosz.b(:com.google.android.gms@250832029@25.08.32 (190400-731361394):32)
03-13 17:37:21.244 25578  8421 W ahcc    : 	at fouk.done(:com.google.android.gms@250832029@25.08.32 (190400-731361394):3)
03-13 17:37:21.244 25578  8421 W ahcc    : 	at java.util.concurrent.FutureTask.finishCompletion(FutureTask.java:381)
03-13 17:37:21.244 25578  8421 W ahcc    : 	at java.util.concurrent.FutureTask.set(FutureTask.java:232)
03-13 17:37:21.244 25578  8421 W ahcc    : 	at java.util.concurrent.FutureTask.run(FutureTask.java:272)
03-13 17:37:21.244 25578  8421 W ahcc    : 	at fouy.run(:com.google.android.gms@250832029@25.08.32 (190400-731361394):74)
03-13 17:37:21.244 25578  8421 W ahcc    : 	... 6 more
03-13 17:37:21.250 25650 25650 D BoundBrokerSvc: onBind: Intent { act=com.google.firebase.dynamiclinks.service.START pkg=com.google.android.gms }
03-13 17:37:21.250 25650 25650 D BoundBrokerSvc: Loading bound service for intent: Intent { act=com.google.firebase.dynamiclinks.service.START pkg=com.google.android.gms }
03-13 17:37:21.259 10090 10090 D BufferQueueConsumer: [](id:276a0000003d,api:0,p:-1,c:10090) connect: controlledByApp=false
03-13 17:37:21.262 10090 10344 E OpenGLRenderer: Unable to match the desired swap behavior.
03-13 17:37:21.262 10090 10090 I AndroidIME: KeyboardViewManager.updateKeyboardBodyViewHolderPaddingBottom():442 Set finalPaddingBottom = 5 while holderPaddingBottom = 5; navigationHeight = 116
03-13 17:37:21.263 10090 10090 I WindowMetricsNotification: WindowMetricsNotification.notifyWithWindow():166 
03-13 17:37:21.263 10090 10090 I WindowMetricsNotification: WindowMetricsNotification.notify():159 mte[bounds=Rect(0, 88 - 1080, 2408), insets=Rect(0, 0 - 0, 116), densityDpi=440, smallestScreenWidthDp=393, displayWidth=1080, displayHeight=2408, xdpi=400.315, ydpi=401.649, isTrustable=true, displayId=0]; DisplayMetrics{density=2.75, width=1080, height=2408, scaledDensity=2.75, xdpi=400.315, ydpi=401.649}
03-13 17:37:21.271 25578 14037 I agza    : (REDACTED) Detector ignoring field with types: %s
03-13 17:37:21.274 15244 18121 E GPUAUX  : [AUX]GuiExtAuxCheckAuxPath:663: Null anb
03-13 17:37:21.274 15244 18121 E GPUAUX  : [AUX]GuiExtAuxCheckAuxPath:663: Null anb
03-13 17:37:21.274 15244 18121 E GPUAUX  : [AUX]GuiExtAuxCheckAuxPath:663: Null anb
03-13 17:37:21.279 25578 25578 D BoundBrokerSvc: onRebind: Intent { act=com.google.android.gms.auth.aang.events.services.START dat=chimera-action:/... cmp=com.google.android.gms/.chimera.PersistentApiService }
03-13 17:37:21.284 15244 18121 I gralloc4: @set_metadata: update dataspace from GM (0x00000000 -> 0x08010000)
03-13 17:37:21.291 15244 18121 I gralloc4: @set_metadata: update dataspace from GM (0x00000000 -> 0x08010000)
03-13 17:37:21.301 15244 18121 I gralloc4: @set_metadata: update dataspace from GM (0x00000000 -> 0x08010000)
03-13 17:37:21.301 10090 10344 D BLASTBufferQueue: [VRI[InputMethod]#61](f:0,a:1) acquireNextBufferLocked size=1080x2320 mFrameNumber=1 applyTransaction=true mTimestamp=734514069956453(auto) mPendingTransactions.size=0 graphicBufferId=43336220016887 transform=0
03-13 17:37:21.304 10090 10090 I GoogleInputMethodService: GoogleInputMethodService$1.onKeyboardViewShown():311 onKeyboardViewShown: keyboardType=prime, keyboardViewType=HEADER keyboardView=com.google.android.libraries.inputmethod.widgets.SoftKeyboardView{9966a27 V.E...... ........ 0,0-1080,121}
03-13 17:37:21.304 10090 10090 I KeyboardHeightUtil: KeyboardHeightUtil.calculateMaxKeyboardBodyHeight():46 leave 267 height for app when ime window height:2204, header height:121 and isFullscreenMode:false, so the max keyboard body height is:1816
03-13 17:37:21.304 10090 10090 I KeyboardHeightUtil: KeyboardHeightUtil.calculateMaxKeyboardBodyHeight():46 leave 267 height for app when ime window height:2204, header height:121 and isFullscreenMode:false, so the max keyboard body height is:1816
03-13 17:37:21.304 10090 10090 I GoogleInputMethodService: GoogleInputMethodService$1.onKeyboardViewShown():311 onKeyboardViewShown: keyboardType=prime, keyboardViewType=BODY keyboardView=com.google.android.libraries.inputmethod.widgets.SoftKeyboardView{bc25370 V.E...... ........ 0,0-1080,693}
03-13 17:37:21.305 10090 10090 I KeyboardHeightUtil: KeyboardHeightUtil.calculateMaxKeyboardBodyHeight():46 leave 267 height for app when ime window height:2204, header height:121 and isFullscreenMode:false, so the max keyboard body height is:1816
03-13 17:37:21.305 10090 10090 I NewLanguagePromptExtension: NewLanguagePromptExtension$1.onKeyboardViewShown():96 Not show new language banner: no change in enabled input method entries
03-13 17:37:21.305 10090 10090 I KeyboardHeightUtil: KeyboardHeightUtil.calculateMaxKeyboardBodyHeight():46 leave 267 height for app when ime window height:2204, header height:121 and isFullscreenMode:false, so the max keyboard body height is:1816
03-13 17:37:21.306 10090 10261 I Delight5Decoder: Delight5DecoderWrapper.setKeyboardLayout():521 setKeyboardLayout()
03-13 17:37:21.314  2812  2812 V InlineSuggestionRenderService: handleDestroySuggestionViews called for 0:351171835
03-13 17:37:21.327 25578 28027 I IPCThreadState: oneway function results for code 1 on binder at 0xb400007c5cd9db00 will be dropped but finished with status UNKNOWN_TRANSACTION and reply parcel size 80
03-13 17:37:21.330 25650 18874 I SyncManager: (REDACTED) Executing sync(type=%s%s)
03-13 17:37:21.332 15244 18121 I gralloc4: @set_metadata: update dataspace from GM (0x00000000 -> 0x08010000)
03-13 17:37:21.336 15244 15244 D InsetsController: show(ime(), fromIme=true)
03-13 17:37:21.347 15244 18121 I gralloc4: @set_metadata: update dataspace from GM (0x00000000 -> 0x08010000)
03-13 17:37:21.348 25650 18874 I SyncManager: (REDACTED) Executing sync(type=%s) finished in %s
03-13 17:37:21.352 10090 10344 I gralloc4: @set_metadata: update dataspace from GM (0x00000000 -> 0x08010000)
03-13 17:37:21.354 10090 10090 W TooltipLifecycleManager: TooltipLifecycleManager.dismissTooltips():154 Tooltip with id spell_check_add_to_dictionary not found in tooltipManager.
03-13 17:37:21.358 15244 18929 E ANDR-VIVO-PERF: IVPerf::tryGetService failed!
03-13 17:37:21.374 10090 10344 I gralloc4: @set_metadata: update dataspace from GM (0x00000000 -> 0x08010000)
03-13 17:37:21.382 10090 10344 I gralloc4: @set_metadata: update dataspace from GM (0x00000000 -> 0x08010000)
03-13 17:37:21.386 15244 18121 E GPUAUX  : [AUX]GuiExtAuxCheckAuxPath:663: Null anb
03-13 17:37:21.386 15244 18121 E GPUAUX  : [AUX]GuiExtAuxCheckAuxPath:663: Null anb
03-13 17:37:21.394 15244 18121 I gralloc4: @set_metadata: update dataspace from GM (0x00000000 -> 0x08010000)
03-13 17:37:21.428 15244 18121 E GPUAUX  : [AUX]GuiExtAuxCheckAuxPath:663: Null anb
03-13 17:37:21.428 15244 18121 E GPUAUX  : [AUX]GuiExtAuxCheckAuxPath:663: Null anb
03-13 17:37:21.428 15244 18121 E GPUAUX  : [AUX]GuiExtAuxCheckAuxPath:663: Null anb
03-13 17:37:21.434 15244 18121 I gralloc4: @set_metadata: update dataspace from GM (0x00000000 -> 0x08010000)
03-13 17:37:21.439 15244 18121 I gralloc4: @set_metadata: update dataspace from GM (0x00000000 -> 0x08010000)
03-13 17:37:21.444 15244 18121 E GPUAUX  : [AUX]GuiExtAuxCheckAuxPath:663: Null anb
03-13 17:37:21.447 15244 18121 I gralloc4: @set_metadata: update dataspace from GM (0x00000000 -> 0x08010000)
03-13 17:37:21.449 15244 15244 D TemplateDetailFragment: Updating share button - recipient: false, sender: false, enabled: false
03-13 17:37:21.450 15244 15244 I chromium: [INFO:CONSOLE(1)] "Updating names: , ", source:  (1)
03-13 17:37:21.451 15244 15244 I chromium: [INFO:CONSOLE(1)] "Found elements: 0 0", source:  (1)
03-13 17:37:21.451 15244 15244 I chromium: [INFO:CONSOLE(1)] "Updating names: , ", source:  (1)
03-13 17:37:21.451 15244 15244 I chromium: [INFO:CONSOLE(1)] "Found elements: 0 0", source:  (1)
03-13 17:37:21.456 15244 18121 I gralloc4: @set_metadata: update dataspace from GM (0x00000000 -> 0x08010000)
03-13 17:37:21.495 15244 18121 I gralloc4: @set_metadata: update dataspace from GM (0x00000000 -> 0x08010000)
03-13 17:37:21.552 15244 15244 D TemplateDetailFragment: Updating share button - recipient: false, sender: false, enabled: false
03-13 17:37:21.554 15244 15244 I chromium: [INFO:CONSOLE(1)] "Updating names: , ", source:  (1)
03-13 17:37:21.555 15244 15244 I chromium: [INFO:CONSOLE(1)] "Found elements: 0 0", source:  (1)
03-13 17:37:21.557 15244 15244 I chromium: [INFO:CONSOLE(1)] "Updating names: , ", source:  (1)
03-13 17:37:21.558 15244 15244 I chromium: [INFO:CONSOLE(1)] "Found elements: 0 0", source:  (1)
03-13 17:37:21.614 15244 15244 I ImeTracker: com.ds.eventwish:ed637ec6: onShown
03-13 17:37:21.660 15244 15244 D TemplateDetailFragment: Updating share button - recipient: false, sender: false, enabled: false
03-13 17:37:21.664 15244 15244 I chromium: [INFO:CONSOLE(1)] "Updating names: , ", source:  (1)
03-13 17:37:21.664 15244 15244 I chromium: [INFO:CONSOLE(1)] "Found elements: 0 0", source:  (1)
03-13 17:37:21.664 15244 15244 I chromium: [INFO:CONSOLE(1)] "Updating names: , ", source:  (1)
03-13 17:37:21.664 15244 15244 I chromium: [INFO:CONSOLE(1)] "Found elements: 0 0", source:  (1)
03-13 17:37:21.768 15244 15244 D TemplateDetailFragment: Updating share button - recipient: false, sender: false, enabled: false
03-13 17:37:21.771 15244 15244 I chromium: [INFO:CONSOLE(1)] "Updating names: , ", source:  (1)
03-13 17:37:21.771 15244 15244 I chromium: [INFO:CONSOLE(1)] "Found elements: 0 0", source:  (1)
03-13 17:37:21.773 15244 15244 I chromium: [INFO:CONSOLE(1)] "Updating names: , ", source:  (1)
03-13 17:37:21.773 15244 15244 I chromium: [INFO:CONSOLE(1)] "Found elements: 0 0", source:  (1)
03-13 17:37:21.845 10090 10344 I gralloc4: @set_metadata: update dataspace from GM (0x00000000 -> 0x08010000)
03-13 17:37:21.863 10090 10344 I gralloc4: @set_metadata: update dataspace from GM (0x00000000 -> 0x08010000)
03-13 17:37:21.877 15244 15244 D TemplateDetailFragment: Updating share button - recipient: false, sender: false, enabled: false
03-13 17:37:21.880 15244 15244 I chromium: [INFO:CONSOLE(1)] "Updating names: , ", source:  (1)
03-13 17:37:21.881 15244 15244 I chromium: [INFO:CONSOLE(1)] "Found elements: 0 0", source:  (1)
03-13 17:37:21.882 15244 15244 I chromium: [INFO:CONSOLE(1)] "Updating names: , ", source:  (1)
03-13 17:37:21.886 15244 15244 I chromium: [INFO:CONSOLE(1)] "Found elements: 0 0", source:  (1)
03-13 17:37:21.950 10090 10344 I gralloc4: @set_metadata: update dataspace from GM (0x00000000 -> 0x08010000)
03-13 17:37:21.963 10090 10344 I gralloc4: @set_metadata: update dataspace from GM (0x00000000 -> 0x08010000)
03-13 17:37:21.997 15244 18121 I gralloc4: @set_metadata: update dataspace from GM (0x00000000 -> 0x08010000)
03-13 17:37:22.005 15244 18121 I gralloc4: @set_metadata: update dataspace from GM (0x00000000 -> 0x08010000)
03-13 17:37:22.058 15244 15244 D TemplateDetailFragment: Updating share button - recipient: true, sender: false, enabled: false
03-13 17:37:22.060 15244 15244 I chromium: [INFO:CONSOLE(1)] "Updating names: g, ", source:  (1)
03-13 17:37:22.060 15244 15244 I chromium: [INFO:CONSOLE(1)] "Found elements: 0 0", source:  (1)
03-13 17:37:22.061 15244 15244 I chromium: [INFO:CONSOLE(1)] "Updating names: g, ", source:  (1)
03-13 17:37:22.061 15244 15244 I chromium: [INFO:CONSOLE(1)] "Found elements: 0 0", source:  (1)
03-13 17:37:22.067 10090 10344 I gralloc4: @set_metadata: update dataspace from GM (0x00000000 -> 0x08010000)
03-13 17:37:22.082 10090 10344 I gralloc4: @set_metadata: update dataspace from GM (0x00000000 -> 0x08010000)
03-13 17:37:22.092 10090 10090 I AndroidIME: KeyboardViewManager.updateKeyboardBodyViewHolderPaddingBottom():442 Set finalPaddingBottom = 5 while holderPaddingBottom = 5; navigationHeight = 116
03-13 17:37:22.101 10090 10344 I gralloc4: @set_metadata: update dataspace from GM (0x00000000 -> 0x08010000)
03-13 17:37:22.147 10090 10344 I gralloc4: @set_metadata: update dataspace from GM (0x00000000 -> 0x08010000)
03-13 17:37:22.159 10090 10090 I AndroidIME: KeyboardViewManager.updateKeyboardBodyViewHolderPaddingBottom():442 Set finalPaddingBottom = 5 while holderPaddingBottom = 5; navigationHeight = 116
03-13 17:37:22.166 10090 10344 I gralloc4: @set_metadata: update dataspace from GM (0x00000000 -> 0x08010000)
03-13 17:37:22.176 15244 18121 I gralloc4: @set_metadata: update dataspace from GM (0x00000000 -> 0x08010000)
03-13 17:37:22.190 15244 18121 I gralloc4: @set_metadata: update dataspace from GM (0x00000000 -> 0x08010000)
03-13 17:37:22.238 15244 15244 D TemplateDetailFragment: Updating share button - recipient: true, sender: false, enabled: false
03-13 17:37:22.243 15244 15244 I chromium: [INFO:CONSOLE(1)] "Updating names: gd, ", source:  (1)
03-13 17:37:22.244 15244 15244 I chromium: [INFO:CONSOLE(1)] "Found elements: 0 0", source:  (1)
03-13 17:37:22.246 15244 15244 I chromium: [INFO:CONSOLE(1)] "Updating names: gd, ", source:  (1)
03-13 17:37:22.247 15244 15244 I chromium: [INFO:CONSOLE(1)] "Found elements: 0 0", source:  (1)
03-13 17:37:22.353 15244 15244 D TemplateDetailFragment: Updating share button - recipient: true, sender: false, enabled: false
03-13 17:37:22.355 15244 15244 I chromium: [INFO:CONSOLE(1)] "Updating names: gd, ", source:  (1)
03-13 17:37:22.355 15244 15244 I chromium: [INFO:CONSOLE(1)] "Found elements: 0 0", source:  (1)
03-13 17:37:22.358 15244 15244 I chromium: [INFO:CONSOLE(1)] "Updating names: gd, ", source:  (1)
03-13 17:37:22.359 15244 15244 I chromium: [INFO:CONSOLE(1)] "Found elements: 0 0", source:  (1)
03-13 17:37:22.462 15244 15244 D TemplateDetailFragment: Updating share button - recipient: true, sender: false, enabled: false
03-13 17:37:22.463 15244 15244 I chromium: [INFO:CONSOLE(1)] "Updating names: gd, ", source:  (1)
03-13 17:37:22.463 15244 15244 I chromium: [INFO:CONSOLE(1)] "Found elements: 0 0", source:  (1)
03-13 17:37:22.463 15244 15244 I chromium: [INFO:CONSOLE(1)] "Updating names: gd, ", source:  (1)
03-13 17:37:22.463 15244 15244 I chromium: [INFO:CONSOLE(1)] "Found elements: 0 0", source:  (1)
03-13 17:37:22.498 10090 10090 I GoogleInputMethodService: GoogleInputMethodService.onFinishInputView():1584 
03-13 17:37:22.498 10090 10090 I GlobeKeyExtension: GlobeKeyExtension.onDeactivate():104 
03-13 17:37:22.499 10090 10090 W TooltipLifecycleManager: TooltipLifecycleManager.dismissTooltips():154 Tooltip with id spell_check_add_to_dictionary not found in tooltipManager.
