03-13 14:44:03.128  2244  9706 D skia    : onGetGainmapInfo: false.
03-13 14:44:03.132  2244  9706 D skia    : onGetGainmapInfo: false.
03-13 14:44:03.134  2244  9706 D skia    : onGetGainmapInfo: false.
03-13 14:44:03.138  2244  9706 D skia    : onGetGainmapInfo: false.
03-13 14:44:03.141  2244  9706 D skia    : onGetGainmapInfo: false.
03-13 14:44:03.145  2244  9706 D skia    : onGetGainmapInfo: false.
03-13 14:44:03.147  2244  9706 D skia    : onGetGainmapInfo: false.
03-13 14:44:03.149  2244  9706 D skia    : onGetGainmapInfo: false.
03-13 14:44:03.151  2244  9722 D skia    : onGetGainmapInfo: false.
03-13 14:44:03.151  2244  9706 D skia    : onGetGainmapInfo: false.
03-13 14:44:03.152  2244  9722 D skia    : onGetGainmapInfo: false.
03-13 14:44:03.154  2244  9706 D skia    : onGetGainmapInfo: false.
03-13 14:44:03.154  2244  9722 D skia    : onGetGainmapInfo: false.
03-13 14:44:03.155  2244  9722 D skia    : onGetGainmapInfo: false.
03-13 14:44:03.155  2244  9706 D skia    : onGetGainmapInfo: false.
03-13 14:44:03.157  2244  9722 D skia    : onGetGainmapInfo: false.
03-13 14:44:03.158  2244  9706 D skia    : onGetGainmapInfo: false.
03-13 14:44:03.158  2244  9722 D skia    : onGetGainmapInfo: false.
03-13 14:44:03.159  2244  9706 D skia    : onGetGainmapInfo: false.
03-13 14:44:03.159  2244  9722 D skia    : onGetGainmapInfo: false.
03-13 14:44:03.160  2244  9722 D skia    : onGetGainmapInfo: false.
03-13 14:44:03.162  2244  9706 D skia    : onGetGainmapInfo: false.
03-13 14:44:03.162  2244  9722 D skia    : onGetGainmapInfo: false.
03-13 14:44:03.163  2244  9722 D skia    : onGetGainmapInfo: false.
03-13 14:44:03.163  2244  9706 D skia    : onGetGainmapInfo: false.
03-13 14:44:03.164  2244  9722 D skia    : onGetGainmapInfo: false.
03-13 14:44:03.165  2244  9722 D skia    : onGetGainmapInfo: false.
03-13 14:44:03.166  2244  9706 D skia    : onGetGainmapInfo: false.
03-13 14:44:03.167  2244  9706 D skia    : onGetGainmapInfo: false.
03-13 14:44:03.167  2244  9722 D skia    : onGetGainmapInfo: false.
03-13 14:44:03.168  2244  9722 D skia    : onGetGainmapInfo: false.
03-13 14:44:03.169  2244  9706 D skia    : onGetGainmapInfo: false.
03-13 14:44:03.170  2244  9722 D skia    : onGetGainmapInfo: false.
03-13 14:44:03.171  2244  9722 D skia    : onGetGainmapInfo: false.
03-13 14:44:03.171  2244  9706 D skia    : onGetGainmapInfo: false.
03-13 14:44:03.172  2244  9722 D skia    : onGetGainmapInfo: false.
03-13 14:44:03.173  2244  9706 D skia    : onGetGainmapInfo: false.
03-13 14:44:03.173  2244  9722 D skia    : onGetGainmapInfo: false.
03-13 14:44:03.175  2244  9706 D skia    : onGetGainmapInfo: false.
03-13 14:44:03.175  2244  9722 D skia    : onGetGainmapInfo: false.
03-13 14:44:03.176  2244  9722 D skia    : onGetGainmapInfo: false.
03-13 14:44:03.178  2244  9722 D skia    : onGetGainmapInfo: false.
03-13 14:44:03.178  2244  9706 D skia    : onGetGainmapInfo: false.
03-13 14:44:03.179  2244  9722 D skia    : onGetGainmapInfo: false.
03-13 14:44:03.180  2244  9706 D skia    : onGetGainmapInfo: false.
03-13 14:44:03.181  2244  9722 D skia    : onGetGainmapInfo: false.
03-13 14:44:03.182  2244  9706 D skia    : onGetGainmapInfo: false.
03-13 14:44:03.183  2244  9722 D skia    : onGetGainmapInfo: false.
03-13 14:44:03.184  2244  9706 D skia    : onGetGainmapInfo: false.
03-13 14:44:03.184  2244  9722 D skia    : onGetGainmapInfo: false.
03-13 14:44:03.185  2244  9722 D skia    : onGetGainmapInfo: false.
03-13 14:44:03.187  2244  9706 D skia    : onGetGainmapInfo: false.
03-13 14:44:03.187  2244  9722 D skia    : onGetGainmapInfo: false.
03-13 14:44:03.188  2244  9722 D skia    : onGetGainmapInfo: false.
03-13 14:44:03.188  2244  9706 D skia    : onGetGainmapInfo: false.
03-13 14:44:03.189  2244  9722 D skia    : onGetGainmapInfo: false.
03-13 14:44:03.190  2244  9722 D skia    : onGetGainmapInfo: false.
03-13 14:44:03.191  2244  9706 D skia    : onGetGainmapInfo: false.
03-13 14:44:03.191  2244  9722 D skia    : onGetGainmapInfo: false.
03-13 14:44:03.192  2244  9722 D skia    : onGetGainmapInfo: false.
03-13 14:44:03.192  2244  9706 D skia    : onGetGainmapInfo: false.
03-13 14:44:03.194  2244  9722 D skia    : onGetGainmapInfo: false.
03-13 14:44:03.194  2244  9722 D skia    : onGetGainmapInfo: false.
03-13 14:44:03.195  2244  9722 D skia    : onGetGainmapInfo: false.
03-13 14:44:03.196  2244  9722 D skia    : onGetGainmapInfo: false.
03-13 14:44:03.198  2244  9722 D skia    : onGetGainmapInfo: false.
03-13 14:44:03.199  2244  9722 D skia    : onGetGainmapInfo: false.
03-13 14:44:03.200  2244  9722 D skia    : onGetGainmapInfo: false.
03-13 14:44:03.201  2244  9722 D skia    : onGetGainmapInfo: false.
03-13 14:44:03.203  2244  9722 D skia    : onGetGainmapInfo: false.
03-13 14:44:03.204  2244  9722 D skia    : onGetGainmapInfo: false.
03-13 14:44:03.205  2244  9722 D skia    : onGetGainmapInfo: false.
03-13 14:44:03.206  2244  9722 D skia    : onGetGainmapInfo: false.
03-13 14:44:03.207  2244  9722 D skia    : onGetGainmapInfo: false.
03-13 14:44:03.208  2244  9722 D skia    : onGetGainmapInfo: false.
03-13 14:44:03.209  2244  9722 D skia    : onGetGainmapInfo: false.
03-13 14:44:03.210  2244  9722 D skia    : onGetGainmapInfo: false.
03-13 14:44:03.229  2244  9706 D skia    : onGetGainmapInfo: false.
03-13 14:44:03.231  2244  9706 D skia    : onGetGainmapInfo: false.
03-13 14:44:03.234  2244  9706 D skia    : onGetGainmapInfo: false.
03-13 14:44:03.236  2244  9706 D skia    : onGetGainmapInfo: false.
03-13 14:44:03.238  2244  9706 D skia    : onGetGainmapInfo: false.
03-13 14:44:03.241  2244  9706 D skia    : onGetGainmapInfo: false.
03-13 14:44:03.243  2244  9706 D skia    : onGetGainmapInfo: false.
03-13 14:44:03.245  2244  9706 D skia    : onGetGainmapInfo: false.
03-13 14:44:03.247  2244  9706 D skia    : onGetGainmapInfo: false.
03-13 14:44:03.248  2244  9706 D skia    : onGetGainmapInfo: false.
03-13 14:44:03.251  2244  9706 D skia    : onGetGainmapInfo: false.
03-13 14:44:03.252  2244  9706 D skia    : onGetGainmapInfo: false.
03-13 14:44:03.254  2244  9706 D skia    : onGetGainmapInfo: false.
03-13 14:44:03.256  2244  9706 D skia    : onGetGainmapInfo: false.
03-13 14:44:03.258  2244  9706 D skia    : onGetGainmapInfo: false.
03-13 14:44:03.259  2244  9706 D skia    : onGetGainmapInfo: false.
03-13 14:44:03.261  2244  9706 D skia    : onGetGainmapInfo: false.
03-13 14:44:03.262  2244  9706 D skia    : onGetGainmapInfo: false.
03-13 14:44:03.265  2244  9706 D skia    : onGetGainmapInfo: false.
03-13 14:44:03.266  2244  9706 D skia    : onGetGainmapInfo: false.
03-13 14:44:03.268  2244  9706 D skia    : onGetGainmapInfo: false.
03-13 14:44:03.269  2244  9706 D skia    : onGetGainmapInfo: false.
03-13 14:44:03.271  2244  9706 D skia    : onGetGainmapInfo: false.
03-13 14:44:03.272  2244  9706 D skia    : onGetGainmapInfo: false.
03-13 14:44:03.274  2244  9706 D skia    : onGetGainmapInfo: false.
03-13 14:44:03.276  2244  9706 D skia    : onGetGainmapInfo: false.
03-13 14:44:03.278  2244  9706 D skia    : onGetGainmapInfo: false.
03-13 14:44:03.279  2244  9706 D skia    : onGetGainmapInfo: false.
03-13 14:44:03.283  2244  9706 D skia    : onGetGainmapInfo: false.
03-13 14:44:03.284  2244  9706 D skia    : onGetGainmapInfo: false.
03-13 14:44:03.430 15343 15343 W getprop : type=1400 audit(0.0:2832900): avc:  denied  { open } for  path="/dev/__properties__/u:object_r:vendor_camera_software_moonlight_prop:s0" dev="tmpfs" ino=8774 scontext=u:r:shell:s0 tcontext=u:object_r:vendor_camera_software_moonlight_prop:s0 tclass=file permissive=0
03-13 14:44:05.509  2244  9722 D skia    : onGetGainmapInfo: false.
03-13 14:44:05.512  2244  9722 D skia    : onGetGainmapInfo: false.
03-13 14:44:05.714  2244  9706 D skia    : onGetGainmapInfo: false.
03-13 14:44:06.119  2244 10180 V ActivityThread: Recovering failed rename /storage/emulated/0/Android/data/org.telegram.messenger/cache/-6300930865814947016_120.temp to /storage/emulated/0/Android/data/org.telegram.messenger/files/Telegram/Telegram Images/-6300930865814947016_120.jpg
03-13 14:44:06.122  2244  2244 W writeFileQueue: type=1400 audit(0.0:2832901): avc:  denied  { relabelfrom } for  name="-6300930865814947016_120.jpg" dev="dm-47" ino=744047 scontext=u:r:untrusted_app:s0:c14,c257,c512,c768 tcontext=u:object_r:media_rw_data_file:s0:c14,c257,c512,c768 tclass=file permissive=0 app=org.telegram.messenger
03-13 14:44:06.410  2244 10180 V ActivityThread: Recovering failed rename /storage/emulated/0/Android/data/org.telegram.messenger/cache/-6298442439073055895_120.temp to /storage/emulated/0/Android/data/org.telegram.messenger/files/Telegram/Telegram Images/-6298442439073055895_120.jpg
03-13 14:44:06.410  2244  2244 W writeFileQueue: type=1400 audit(0.0:2832902): avc:  denied  { relabelfrom } for  name="-6298442439073055895_120.jpg" dev="dm-47" ino=759801 scontext=u:r:untrusted_app:s0:c14,c257,c512,c768 tcontext=u:object_r:media_rw_data_file:s0:c14,c257,c512,c768 tclass=file permissive=0 app=org.telegram.messenger
03-13 14:44:06.415  2244 10180 V ActivityThread: Recovering failed rename /storage/emulated/0/Android/data/org.telegram.messenger/cache/-6298442439073055896_120.temp to /storage/emulated/0/Android/data/org.telegram.messenger/files/Telegram/Telegram Images/-6298442439073055896_120.jpg
03-13 14:44:06.418  2244  2244 W writeFileQueue: type=1400 audit(0.0:2832903): avc:  denied  { relabelfrom } for  name="-6298442439073055896_120.jpg" dev="dm-47" ino=743993 scontext=u:r:untrusted_app:s0:c14,c257,c512,c768 tcontext=u:object_r:media_rw_data_file:s0:c14,c257,c512,c768 tclass=file permissive=0 app=org.telegram.messenger
03-13 14:44:06.421  2244 10180 V ActivityThread: Recovering failed rename /storage/emulated/0/Android/data/org.telegram.messenger/cache/-6296190639259368519_120.temp to /storage/emulated/0/Android/data/org.telegram.messenger/files/Telegram/Telegram Images/-6296190639259368519_120.jpg
03-13 14:44:06.422  2244  2244 W writeFileQueue: type=1400 audit(0.0:2832904): avc:  denied  { relabelfrom } for  name="-6296190639259368519_120.jpg" dev="dm-47" ino=744112 scontext=u:r:untrusted_app:s0:c14,c257,c512,c768 tcontext=u:object_r:media_rw_data_file:s0:c14,c257,c512,c768 tclass=file permissive=0 app=org.telegram.messenger
03-13 14:44:06.637  2244 10180 V ActivityThread: Recovering failed rename /storage/emulated/0/Android/data/org.telegram.messenger/cache/-6296190639259368517_120.temp to /storage/emulated/0/Android/data/org.telegram.messenger/files/Telegram/Telegram Images/-6296190639259368517_120.jpg
03-13 14:44:06.638  2244  2244 W writeFileQueue: type=1400 audit(0.0:2832905): avc:  denied  { relabelfrom } for  name="-6296190639259368517_120.jpg" dev="dm-47" ino=744180 scontext=u:r:untrusted_app:s0:c14,c257,c512,c768 tcontext=u:object_r:media_rw_data_file:s0:c14,c257,c512,c768 tclass=file permissive=0 app=org.telegram.messenger
03-13 14:44:06.642  2244 10180 V ActivityThread: Recovering failed rename /storage/emulated/0/Android/data/org.telegram.messenger/cache/-6283073078992943677_120.temp to /storage/emulated/0/Android/data/org.telegram.messenger/files/Telegram/Telegram Images/-6283073078992943677_120.jpg
03-13 14:44:06.642  2244  2244 W writeFileQueue: type=1400 audit(0.0:2832906): avc:  denied  { relabelfrom } for  name="-6283073078992943677_120.jpg" dev="dm-47" ino=744153 scontext=u:r:untrusted_app:s0:c14,c257,c512,c768 tcontext=u:object_r:media_rw_data_file:s0:c14,c257,c512,c768 tclass=file permissive=0 app=org.telegram.messenger
03-13 14:44:06.716  2244 10180 V ActivityThread: Recovering failed rename /storage/emulated/0/Android/data/org.telegram.messenger/cache/-6296190639259368518_120.temp to /storage/emulated/0/Android/data/org.telegram.messenger/files/Telegram/Telegram Images/-6296190639259368518_120.jpg
03-13 14:44:06.718  2244  2244 W writeFileQueue: type=1400 audit(0.0:2832907): avc:  denied  { relabelfrom } for  name="-6296190639259368518_120.jpg" dev="dm-47" ino=744250 scontext=u:r:untrusted_app:s0:c14,c257,c512,c768 tcontext=u:object_r:media_rw_data_file:s0:c14,c257,c512,c768 tclass=file permissive=0 app=org.telegram.messenger
03-13 14:44:06.903  2244 10180 V ActivityThread: Recovering failed rename /storage/emulated/0/Android/data/org.telegram.messenger/cache/-6138890747693348144_120.temp to /storage/emulated/0/Android/data/org.telegram.messenger/files/Telegram/Telegram Images/-6138890747693348144_120.jpg
03-13 14:44:06.915  2244 10180 V ActivityThread: Recovering failed rename /storage/emulated/0/Android/data/org.telegram.messenger/cache/-6283073078992943678_120.temp to /storage/emulated/0/Android/data/org.telegram.messenger/files/Telegram/Telegram Images/-6283073078992943678_120.jpg
03-13 14:44:06.921  2244 10180 V ActivityThread: Recovering failed rename /storage/emulated/0/Android/data/org.telegram.messenger/cache/-6239788913979930533_120.temp to /storage/emulated/0/Android/data/org.telegram.messenger/files/Telegram/Telegram Images/-6239788913979930533_120.jpg
03-13 14:44:07.131  2244 10180 V ActivityThread: Recovering failed rename /storage/emulated/0/Android/data/org.telegram.messenger/cache/-6283073078992944247_120.temp to /storage/emulated/0/Android/data/org.telegram.messenger/files/Telegram/Telegram Images/-6283073078992944247_120.jpg
03-13 14:44:07.136  2244 10180 V ActivityThread: Recovering failed rename /storage/emulated/0/Android/data/org.telegram.messenger/cache/-6239788913979930339_120.temp to /storage/emulated/0/Android/data/org.telegram.messenger/files/Telegram/Telegram Images/-6239788913979930339_120.jpg
03-13 14:44:07.142  2244 10180 V ActivityThread: Recovering failed rename /storage/emulated/0/Android/data/org.telegram.messenger/cache/-6296266084654890422_120.temp to /storage/emulated/0/Android/data/org.telegram.messenger/files/Telegram/Telegram Images/-6296266084654890422_120.jpg
03-13 14:44:07.334  2244 10180 V ActivityThread: Recovering failed rename /storage/emulated/0/Android/data/org.telegram.messenger/cache/-6192973285122226872_120.temp to /storage/emulated/0/Android/data/org.telegram.messenger/files/Telegram/Telegram Images/-6192973285122226872_120.jpg
03-13 14:44:07.343  2244 10180 V ActivityThread: Recovering failed rename /storage/emulated/0/Android/data/org.telegram.messenger/cache/-6336702067875363623_120.temp to /storage/emulated/0/Android/data/org.telegram.messenger/files/Telegram/Telegram Images/-6336702067875363623_120.jpg
03-13 14:44:07.350  2244 10180 V ActivityThread: Recovering failed rename /storage/emulated/0/Android/data/org.telegram.messenger/cache/-6336702067875363622_120.temp to /storage/emulated/0/Android/data/org.telegram.messenger/files/Telegram/Telegram Images/-6336702067875363622_120.jpg
03-13 14:44:07.567  2244 10180 V ActivityThread: Recovering failed rename /storage/emulated/0/Android/data/org.telegram.messenger/cache/-6305131326650563402_120.temp to /storage/emulated/0/Android/data/org.telegram.messenger/files/Telegram/Telegram Images/-6305131326650563402_120.jpg
03-13 14:44:07.570  2244  2244 W writeFileQueue: type=1400 audit(0.0:2832917): avc:  denied  { relabelfrom } for  name="-6305131326650563402_120.jpg" dev="dm-47" ino=744735 scontext=u:r:untrusted_app:s0:c14,c257,c512,c768 tcontext=u:object_r:media_rw_data_file:s0:c14,c257,c512,c768 tclass=file permissive=0 app=org.telegram.messenger
03-13 14:44:07.576  2244 10180 V ActivityThread: Recovering failed rename /storage/emulated/0/Android/data/org.telegram.messenger/cache/-6305131326650563401_120.temp to /storage/emulated/0/Android/data/org.telegram.messenger/files/Telegram/Telegram Images/-6305131326650563401_120.jpg
03-13 14:44:07.578  2244  2244 W writeFileQueue: type=1400 audit(0.0:2832918): avc:  denied  { relabelfrom } for  name="-6305131326650563401_120.jpg" dev="dm-47" ino=744393 scontext=u:r:untrusted_app:s0:c14,c257,c512,c768 tcontext=u:object_r:media_rw_data_file:s0:c14,c257,c512,c768 tclass=file permissive=0 app=org.telegram.messenger
03-13 14:44:07.584  2244 10180 V ActivityThread: Recovering failed rename /storage/emulated/0/Android/data/org.telegram.messenger/cache/-6192973285122226871_120.temp to /storage/emulated/0/Android/data/org.telegram.messenger/files/Telegram/Telegram Images/-6192973285122226871_120.jpg
03-13 14:44:07.586  2244  2244 W writeFileQueue: type=1400 audit(0.0:2832919): avc:  denied  { relabelfrom } for  name="-6192973285122226871_120.jpg" dev="dm-47" ino=744673 scontext=u:r:untrusted_app:s0:c14,c257,c512,c768 tcontext=u:object_r:media_rw_data_file:s0:c14,c257,c512,c768 tclass=file permissive=0 app=org.telegram.messenger
03-13 14:44:07.788 14343 14343 I zygote  : usapPoolSocket.accept() end:null,getFileDescriptor():java.io.FileDescriptor@79db9c6,fd:27
03-13 14:44:07.794  2244  2244 W writeFileQueue: type=1400 audit(0.0:2832920): avc:  denied  { relabelfrom } for  name="-6305131326650563386_120.jpg" dev="dm-47" ino=744709 scontext=u:r:untrusted_app:s0:c14,c257,c512,c768 tcontext=u:object_r:media_rw_data_file:s0:c14,c257,c512,c768 tclass=file permissive=0 app=org.telegram.messenger
03-13 14:44:07.795  2244 10180 V ActivityThread: Recovering failed rename /storage/emulated/0/Android/data/org.telegram.messenger/cache/-6305131326650563386_120.temp to /storage/emulated/0/Android/data/org.telegram.messenger/files/Telegram/Telegram Images/-6305131326650563386_120.jpg
03-13 14:44:07.800 14343 14343 I om.ds.eventwish: Late-enabling -Xcheck:jni
03-13 14:44:07.803  2244 10180 V ActivityThread: Recovering failed rename /storage/emulated/0/Android/data/org.telegram.messenger/cache/-6305131326650563400_120.temp to /storage/emulated/0/Android/data/org.telegram.messenger/files/Telegram/Telegram Images/-6305131326650563400_120.jpg
03-13 14:44:07.802  2244  2244 W writeFileQueue: type=1400 audit(0.0:2832921): avc:  denied  { relabelfrom } for  name="-6305131326650563400_120.jpg" dev="dm-47" ino=742955 scontext=u:r:untrusted_app:s0:c14,c257,c512,c768 tcontext=u:object_r:media_rw_data_file:s0:c14,c257,c512,c768 tclass=file permissive=0 app=org.telegram.messenger
03-13 14:44:07.807  2244 10180 V ActivityThread: Recovering failed rename /storage/emulated/0/Android/data/org.telegram.messenger/cache/-6305131326650563384_120.temp to /storage/emulated/0/Android/data/org.telegram.messenger/files/Telegram/Telegram Images/-6305131326650563384_120.jpg
03-13 14:44:07.828 14343 14343 I om.ds.eventwish: Using CollectorTypeCC GC.
03-13 14:44:07.841 14343 14343 D nativeloader: Load libframework-connectivity-tiramisu-jni.so using APEX ns com_android_tethering for caller /apex/com.android.tethering/javalib/framework-connectivity-t.jar: ok
03-13 14:44:07.869 14343 14343 D nativeloader: Load /data/user/0/com.ds.eventwish/code_cache/startup_agents/c811a9f9-agent.so using system ns (caller=<unknown>): ok
03-13 14:44:07.870 14343 14343 V studio.deploy: Startup agent attached to VM
03-13 14:44:07.870 14343 14343 V studio.deploy: No existing instrumentation found. Loading instrumentation from instruments-252e729b.jar
03-13 14:44:07.877 14343 14343 W om.ds.eventwish: DexFile /data/data/com.ds.eventwish/code_cache/.studio/instruments-252e729b.jar is in boot class path but is not in a known location
03-13 14:44:07.880 14343 14343 V studio.deploy: Applying transforms with cached classes
03-13 14:44:08.128 14343 14343 W om.ds.eventwish: Redefining intrinsic method java.lang.Thread java.lang.Thread.currentThread(). This may cause the unexpected use of the original definition of java.lang.Thread java.lang.Thread.currentThread()in methods that have already been compiled.
03-13 14:44:08.128 14343 14343 W om.ds.eventwish: Redefining intrinsic method boolean java.lang.Thread.interrupted(). This may cause the unexpected use of the original definition of boolean java.lang.Thread.interrupted()in methods that have already been compiled.
03-13 14:44:08.132 14343 14343 I studio.deploy: Registering DispatchJNI
03-13 14:44:08.132 14343 14343 I studio.deploy: Found com/android/tools/deploy/interpreter/JNI
03-13 14:44:08.153 14343 14343 D CompatibilityChangeReporter: Compat change id reported: 171979766; UID 10421; state: ENABLED
03-13 14:44:08.153 14343 14343 D CompatibilityChangeReporter: Compat change id reported: 242716250; UID 10421; state: ENABLED
03-13 14:44:08.176 14343 14343 W ziparchive: Unable to open '/data/app/~~cWajB8RDxfLoF3bNp2j3Gw==/com.ds.eventwish-x77bNnQ0ZOlLdSeNln6NBg==/base.dm': No such file or directory
03-13 14:44:08.176 14343 14343 W ziparchive: Unable to open '/data/app/~~cWajB8RDxfLoF3bNp2j3Gw==/com.ds.eventwish-x77bNnQ0ZOlLdSeNln6NBg==/base.dm': No such file or directory
03-13 14:44:08.233  1533  4945 W BatteryStatsService: Unknown sensor handle 0 received in noteWakeupSensorEvent
03-13 14:44:08.570 14343 14343 D nativeloader: Configuring clns-4 for other apk /data/app/~~cWajB8RDxfLoF3bNp2j3Gw==/com.ds.eventwish-x77bNnQ0ZOlLdSeNln6NBg==/base.apk. target_sdk_version=34, uses_libraries=, library_path=/data/app/~~cWajB8RDxfLoF3bNp2j3Gw==/com.ds.eventwish-x77bNnQ0ZOlLdSeNln6NBg==/lib/arm64:/data/app/~~cWajB8RDxfLoF3bNp2j3Gw==/com.ds.eventwish-x77bNnQ0ZOlLdSeNln6NBg==/base.apk!/lib/arm64-v8a, permitted_path=/data:/mnt/expand:/data/user/0/com.ds.eventwish
03-13 14:44:08.583 14343 14343 D nativeloader: Load libframework-connectivity-jni.so using APEX ns com_android_tethering for caller /apex/com.android.tethering/javalib/framework-connectivity.jar: ok
03-13 14:44:08.585 14343 14343 V GraphicsEnvironment: Currently set values for:
03-13 14:44:08.585 14343 14343 V GraphicsEnvironment:   angle_gl_driver_selection_pkgs=[]
03-13 14:44:08.585 14343 14343 V GraphicsEnvironment:   angle_gl_driver_selection_values=[]
03-13 14:44:08.586 14343 14343 V GraphicsEnvironment: ANGLE GameManagerService for com.ds.eventwish: false
03-13 14:44:08.586 14343 14343 V GraphicsEnvironment: com.ds.eventwish is not listed in per-application setting
03-13 14:44:08.586 14343 14343 V GraphicsEnvironment: Neither updatable production driver nor prerelease driver is supported.
03-13 14:44:08.610 14343 14343 D CompatibilityChangeReporter: Compat change id reported: 183155436; UID 10421; state: ENABLED
03-13 14:44:08.636 14343 14343 I FirebaseApp: Device unlocked: initializing all Firebase APIs for app [DEFAULT]
03-13 14:44:08.659 14343 14343 D CompatibilityChangeReporter: Compat change id reported: 3400644; UID 10421; state: ENABLED
03-13 14:44:08.697 14343 15381 W om.ds.eventwish: ClassLoaderContext classpath size mismatch. expected=1, found=0 (DLC[];PCL[base.apk*2558597794]{PCL[/system/framework/org.apache.http.legacy.jar*1157712065]#PCL[/system/framework/com.android.media.remotedisplay.jar*2114713712]#PCL[/system/framework/com.android.location.provider.jar*3994156537]#PCL[/system/framework/org.apache.http.legacy.jar*1157712065]} | DLC[];PCL[])
03-13 14:44:08.700 14343 15381 I DynamiteModule: Considering local module com.google.android.gms.measurement.dynamite:97 and remote module com.google.android.gms.measurement.dynamite:140
03-13 14:44:08.700 14343 15381 I DynamiteModule: Selected remote version of com.google.android.gms.measurement.dynamite, version >= 140
03-13 14:44:08.700 14343 15381 V DynamiteModule: Dynamite loader version >= 2, using loadModule2NoCrashUtils
03-13 14:44:08.742 14343 15381 W System  : ClassLoader referenced unknown path: 
03-13 14:44:08.744 14343 15381 D nativeloader: Configuring clns-5 for other apk . target_sdk_version=34, uses_libraries=, library_path=/data/app/~~wzQsY1FI40DU1TEt5lJaHQ==/com.google.android.gms-apY9ojRwpR2jszBZex8L-g==/lib/arm64:/data/app/~~wzQsY1FI40DU1TEt5lJaHQ==/com.google.android.gms-apY9ojRwpR2jszBZex8L-g==/base.apk!/lib/arm64-v8a, permitted_path=/data:/mnt/expand:/data/user/0/com.google.android.gms
03-13 14:44:08.771 14343 15381 W om.ds.eventwish: ClassLoaderContext classpath element checksum mismatch. expected=2558597794, found=3283865686 (DLC[];PCL[base.apk*2558597794]{PCL[/system/framework/org.apache.http.legacy.jar*1157712065]#PCL[/system/framework/com.android.media.remotedisplay.jar*2114713712]#PCL[/system/framework/com.android.location.provider.jar*3994156537]#PCL[/system/framework/org.apache.http.legacy.jar*1157712065]} | DLC[];PCL[/data/app/~~cWajB8RDxfLoF3bNp2j3Gw==/com.ds.eventwish-x77bNnQ0ZOlLdSeNln6NBg==/base.apk*3283865686])
03-13 14:44:08.776 14343 15389 I FIAM.Headless: Starting InAppMessaging runtime with Installation ID c1pVizjERDKxMHeV9vWBtn
03-13 14:44:08.781 14343 14343 W Glide   : Failed to find GeneratedAppGlideModule. You should include an annotationProcessor compile dependency on com.github.bumptech.glide:compiler in your application and a @GlideModule annotated AppGlideModule implementation or LibraryGlideModules will be silently ignored
03-13 14:44:08.818 14343 14343 I FirebaseInitProvider: FirebaseApp initialization successful
03-13 14:44:08.839 14343 14343 D EventWishApplication: Firebase initialized successfully
03-13 14:44:08.839 14343 14343 D EventWishApplication: Firebase project ID: neweventwish
03-13 14:44:08.839 14343 14343 D EventWishApplication: Firebase application ID: 1:381021411563:android:3fae237c5ecc58610906ae
03-13 14:44:08.842 14343 14343 I FIAM.Headless: Setting display event component
03-13 14:44:08.842 14343 14343 D FirebaseInAppMsgHandler: Firebase In-App Messaging handler initialized
03-13 14:44:08.844 14343 14343 D ApiClient: ApiClient initialized with application context
03-13 14:44:08.847 14343 15398 D nativeloader: Configuring clns-6 for other apk /system/framework/org.apache.http.legacy.jar. target_sdk_version=34, uses_libraries=ALL, library_path=/data/app/~~wzQsY1FI40DU1TEt5lJaHQ==/com.google.android.gms-apY9ojRwpR2jszBZex8L-g==/lib/arm64:/data/app/~~wzQsY1FI40DU1TEt5lJaHQ==/com.google.android.gms-apY9ojRwpR2jszBZex8L-g==/base.apk!/lib/arm64-v8a, permitted_path=/data:/mnt/expand:/data/user/0/com.google.android.gms
03-13 14:44:08.847 14343 15398 D nativeloader: Extending system_exposed_libraries: libapuwareapusys.mtk.so:libapuwareapusys_v2.mtk.so:libapuwarexrp.mtk.so:libapuwarexrp_v2.mtk.so:libapuwareutils.mtk.so:libapuwareutils_v2.mtk.so:libapuwarehmp.mtk.so:libmcv_runtime_usdk.mtk.so:libneuron_graph_delegate.mtk.so:libneuronusdk_adapter.mtk.so:libtflite_mtk.mtk.so:libarmnn_ndk.mtk.so:libcmdl_ndk.mtk.so:libnir_neon_driver_ndk.mtk.so:libmvpu_runtime.mtk.so:libmvpu_runtime_pub.mtk.so:libmvpu_engine_pub.mtk.so:libmvpu_pattern_pub.mtk.so:libmvpuop_mtk_cv.mtk.so:libmvpuop_mtk_nn.mtk.so:libmvpu_runtime_25.mtk.so:libmvpu_runtime_25_pub.mtk.so:libmvpu_engine_25_pub.mtk.so:libmvpu_pattern_25_pub.mtk.so:libmvpuop25_mtk_cv.mtk.so:libmvpuop25_mtk_nn.mtk.so:libmvpu_config.mtk.so:libteeservice_client.trustonic.so
03-13 14:44:08.856 14343 15398 D nativeloader: Configuring clns-7 for other apk /system/framework/com.android.media.remotedisplay.jar. target_sdk_version=34, uses_libraries=ALL, library_path=/data/app/~~wzQsY1FI40DU1TEt5lJaHQ==/com.google.android.gms-apY9ojRwpR2jszBZex8L-g==/lib/arm64:/data/app/~~wzQsY1FI40DU1TEt5lJaHQ==/com.google.android.gms-apY9ojRwpR2jszBZex8L-g==/base.apk!/lib/arm64-v8a, permitted_path=/data:/mnt/expand:/data/user/0/com.google.android.gms
03-13 14:44:08.856 14343 15398 D nativeloader: Extending system_exposed_libraries: libapuwareapusys.mtk.so:libapuwareapusys_v2.mtk.so:libapuwarexrp.mtk.so:libapuwarexrp_v2.mtk.so:libapuwareutils.mtk.so:libapuwareutils_v2.mtk.so:libapuwarehmp.mtk.so:libmcv_runtime_usdk.mtk.so:libneuron_graph_delegate.mtk.so:libneuronusdk_adapter.mtk.so:libtflite_mtk.mtk.so:libarmnn_ndk.mtk.so:libcmdl_ndk.mtk.so:libnir_neon_driver_ndk.mtk.so:libmvpu_runtime.mtk.so:libmvpu_runtime_pub.mtk.so:libmvpu_engine_pub.mtk.so:libmvpu_pattern_pub.mtk.so:libmvpuop_mtk_cv.mtk.so:libmvpuop_mtk_nn.mtk.so:libmvpu_runtime_25.mtk.so:libmvpu_runtime_25_pub.mtk.so:libmvpu_engine_25_pub.mtk.so:libmvpu_pattern_25_pub.mtk.so:libmvpuop25_mtk_cv.mtk.so:libmvpuop25_mtk_nn.mtk.so:libmvpu_config.mtk.so:libteeservice_client.trustonic.so
03-13 14:44:08.864 14343 15398 W om.ds.eventwish: Loading /data/misc/apexdata/com.android.art/dalvik-cache/arm64/system@framework@com.android.location.provider.jar@classes.odex non-executable as it requires an image which we failed to load
03-13 14:44:08.866 14343 15398 D nativeloader: Configuring clns-8 for other apk /system/framework/com.android.location.provider.jar. target_sdk_version=34, uses_libraries=ALL, library_path=/data/app/~~wzQsY1FI40DU1TEt5lJaHQ==/com.google.android.gms-apY9ojRwpR2jszBZex8L-g==/lib/arm64:/data/app/~~wzQsY1FI40DU1TEt5lJaHQ==/com.google.android.gms-apY9ojRwpR2jszBZex8L-g==/base.apk!/lib/arm64-v8a, permitted_path=/data:/mnt/expand:/data/user/0/com.google.android.gms
03-13 14:44:08.866 14343 15398 D nativeloader: Extending system_exposed_libraries: libapuwareapusys.mtk.so:libapuwareapusys_v2.mtk.so:libapuwarexrp.mtk.so:libapuwarexrp_v2.mtk.so:libapuwareutils.mtk.so:libapuwareutils_v2.mtk.so:libapuwarehmp.mtk.so:libmcv_runtime_usdk.mtk.so:libneuron_graph_delegate.mtk.so:libneuronusdk_adapter.mtk.so:libtflite_mtk.mtk.so:libarmnn_ndk.mtk.so:libcmdl_ndk.mtk.so:libnir_neon_driver_ndk.mtk.so:libmvpu_runtime.mtk.so:libmvpu_runtime_pub.mtk.so:libmvpu_engine_pub.mtk.so:libmvpu_pattern_pub.mtk.so:libmvpuop_mtk_cv.mtk.so:libmvpuop_mtk_nn.mtk.so:libmvpu_runtime_25.mtk.so:libmvpu_runtime_25_pub.mtk.so:libmvpu_engine_25_pub.mtk.so:libmvpu_pattern_25_pub.mtk.so:libmvpuop25_mtk_cv.mtk.so:libmvpuop25_mtk_nn.mtk.so:libmvpu_config.mtk.so:libteeservice_client.trustonic.so
03-13 14:44:08.870 14343 15398 W om.ds.eventwish: Loading /data/app/~~wzQsY1FI40DU1TEt5lJaHQ==/com.google.android.gms-apY9ojRwpR2jszBZex8L-g==/oat/arm64/base.odex non-executable as it requires an image which we failed to load
03-13 14:44:08.873 14343 15398 D nativeloader: Configuring clns-9 for other apk /data/app/~~wzQsY1FI40DU1TEt5lJaHQ==/com.google.android.gms-apY9ojRwpR2jszBZex8L-g==/base.apk. target_sdk_version=34, uses_libraries=, library_path=/data/app/~~wzQsY1FI40DU1TEt5lJaHQ==/com.google.android.gms-apY9ojRwpR2jszBZex8L-g==/lib/arm64:/data/app/~~wzQsY1FI40DU1TEt5lJaHQ==/com.google.android.gms-apY9ojRwpR2jszBZex8L-g==/base.apk!/lib/arm64-v8a, permitted_path=/data:/mnt/expand:/data/user/0/com.google.android.gms
03-13 14:44:08.919 14343 15416 E om.ds.eventwish: No package ID 76 found for resource ID 0x760b000f.
03-13 14:44:08.920 14343 15416 E om.ds.eventwish: No package ID 76 found for resource ID 0x760b000f.
03-13 14:44:08.922 14343 15416 I FA      : App measurement initialized, version: 118001
03-13 14:44:08.922 14343 15416 I FA      : To enable debug logging run: adb shell setprop log.tag.FA VERBOSE
03-13 14:44:08.923 14343 15416 I FA      : To enable faster debug mode event logging run:
03-13 14:44:08.923 14343 15416 I FA      :   adb shell setprop debug.firebase.analytics.app com.ds.eventwish
03-13 14:44:08.925 14343 14343 D ApiClient: OkHttpClient created with cache at: /data/user/0/com.ds.eventwish/cache/http_cache
03-13 14:44:08.938 14343 14343 W om.ds.eventwish: Accessing hidden method Ljava/lang/invoke/MethodHandles$Lookup;-><init>(Ljava/lang/Class;I)V (unsupported, reflection, allowed)
03-13 14:44:08.946 14343 14343 D ApiClient: ApiService created
03-13 14:44:08.987 14343 15431 I okhttp.OkHttpClient: --> POST https://eventwishes.onrender.com/api/tokens/register
03-13 14:44:08.988 14343 15431 I okhttp.OkHttpClient: Content-Type: application/json; charset=UTF-8
03-13 14:44:08.988 14343 15431 I okhttp.OkHttpClient: Content-Length: 154
03-13 14:44:08.991 14343 15431 I okhttp.OkHttpClient: {"token":"c1pVizjERDKxMHeV9vWBtn:APA91bG4-zlAW2wOTQzvLZ8rW40qTI9Om9PlodyJ0v7RJm7akUMGNgKpKRx1ULnF1WGlM3K1EhGZI57C-RwE4zS67JyjuIEbq0ySvwChLmKdhDkdSmilPgg"}
03-13 14:44:08.991 14343 15431 I okhttp.OkHttpClient: --> END POST (154-byte body)
03-13 14:44:08.996 14343 15431 D NetworkUtils: Network state updated: connected=true, type=CELLULAR, metered=true
03-13 14:44:08.999 14343 15431 D NetworkUtils: NetworkUtils initialized
03-13 14:44:09.003 14343 15392 D NetworkUtils: Network available
03-13 14:44:09.006 14343 15392 D NetworkUtils: Network state updated: connected=true, type=CELLULAR, metered=true
03-13 14:44:09.006 14343 15392 D NetworkUtils: Network capabilities changed
03-13 14:44:09.009 14343 15392 D NetworkUtils: Network state updated: connected=true, type=CELLULAR, metered=true
03-13 14:44:09.019 14343 14343 D WM-PackageManagerHelper: Skipping component enablement for androidx.work.impl.background.systemjob.SystemJobService
03-13 14:44:09.019 14343 14343 D WM-Schedulers: Created SystemJobScheduler and enabled SystemJobService
03-13 14:44:09.026 14343 14343 D ReminderCheckWorker: Scheduled periodic reminder check
03-13 14:44:09.027 14343 14343 D EventWishApplication: Scheduled template update check worker
03-13 14:44:09.028 14343 14343 D EventWishApplication: Clearing database cache on app start
03-13 14:44:09.039 14343 15431 D TrafficStats: tagSocket(117) with statsTag=0xffffffff, statsUid=-1
03-13 14:44:09.041 14343 14343 D EventWishApplication: Initializing CategoryIconRepository
03-13 14:44:09.046 14343 14343 D ResourceDatabase: ResourceDatabase instance created
03-13 14:44:09.057 14343 14343 D ResourceCache: ResourceCache initialized
03-13 14:44:09.059 14343 14343 D ErrorHandler: ErrorHandler initialized
03-13 14:44:09.060 14343 14343 D ResourceRepository: ResourceRepository initialized
03-13 14:44:09.060 14343 14343 D CategoryIconRepository: CategoryIconRepository initialized with enhanced caching and offline support
03-13 14:44:09.060 14343 14343 D CategoryIconRepository: Loading category icons with offline-first approach
03-13 14:44:09.065 14343 15435 D EventWishApplication: Festival database cache cleared successfully
03-13 14:44:09.077 14343 14343 D ResourceCache: Cache hit (disk): category_icon_category_icons
03-13 14:44:09.077 14343 14343 D ResourceCache: Cache hit (memory): category_icon_category_icons
03-13 14:44:09.077 14343 14343 D AndroidRuntime: Shutting down VM
03-13 14:44:09.082 14343 14343 E AndroidRuntime: FATAL EXCEPTION: main
03-13 14:44:09.082 14343 14343 E AndroidRuntime: Process: com.ds.eventwish, PID: 14343
03-13 14:44:09.082 14343 14343 E AndroidRuntime: java.lang.RuntimeException: Unable to create application com.ds.eventwish.EventWishApplication: java.lang.ClassCastException: com.google.gson.internal.LinkedTreeMap cannot be cast to com.google.gson.JsonObject
03-13 14:44:09.082 14343 14343 E AndroidRuntime: 	at android.app.ActivityThread.handleBindApplication(ActivityThread.java:7919)
03-13 14:44:09.082 14343 14343 E AndroidRuntime: 	at android.app.ActivityThread.-$$Nest$mhandleBindApplication(Unknown Source:0)
03-13 14:44:09.082 14343 14343 E AndroidRuntime: 	at android.app.ActivityThread$H.handleMessage(ActivityThread.java:2639)
03-13 14:44:09.082 14343 14343 E AndroidRuntime: 	at android.os.Handler.dispatchMessage(Handler.java:108)
03-13 14:44:09.082 14343 14343 E AndroidRuntime: 	at android.os.Looper.loopOnce(Looper.java:226)
03-13 14:44:09.082 14343 14343 E AndroidRuntime: 	at android.os.Looper.loop(Looper.java:328)
03-13 14:44:09.082 14343 14343 E AndroidRuntime: 	at android.app.ActivityThread.main(ActivityThread.java:9213)
03-13 14:44:09.082 14343 14343 E AndroidRuntime: 	at java.lang.reflect.Method.invoke(Native Method)
03-13 14:44:09.082 14343 14343 E AndroidRuntime: 	at com.android.internal.os.RuntimeInit$MethodAndArgsCaller.run(RuntimeInit.java:594)
03-13 14:44:09.082 14343 14343 E AndroidRuntime: 	at com.android.internal.os.ZygoteInit.main(ZygoteInit.java:1099)
03-13 14:44:09.082 14343 14343 E AndroidRuntime: Caused by: java.lang.ClassCastException: com.google.gson.internal.LinkedTreeMap cannot be cast to com.google.gson.JsonObject
03-13 14:44:09.082 14343 14343 E AndroidRuntime: 	at com.ds.eventwish.data.repository.ResourceRepository.getResource(ResourceRepository.java:406)
03-13 14:44:09.082 14343 14343 E AndroidRuntime: 	at com.ds.eventwish.data.repository.CategoryIconRepository.loadCategoryIcons(CategoryIconRepository.java:198)
03-13 14:44:09.082 14343 14343 E AndroidRuntime: 	at com.ds.eventwish.EventWishApplication.onCreate(EventWishApplication.java:105)
03-13 14:44:09.082 14343 14343 E AndroidRuntime: 	at android.app.Instrumentation.callApplicationOnCreate(Instrumentation.java:1316)
03-13 14:44:09.082 14343 14343 E AndroidRuntime: 	at android.app.ActivityThread.handleBindApplication(ActivityThread.java:7906)
03-13 14:44:09.082 14343 14343 E AndroidRuntime: 	... 9 more
03-13 14:44:09.085 14343 15439 D ResourceDatabase: Database opened
03-13 14:44:09.088 14343 15432 D CompatibilityChangeReporter: Compat change id reported: 160794467; UID 10421; state: ENABLED
03-13 14:44:09.089 14343 15439 D ResourceRepository: Cleaned up 0 expired resources
03-13 14:44:09.118 14343 14343 I Process : Sending signal. PID: 14343 SIG: 9
03-13 14:44:09.174 15450 15450 W getprop : type=1400 audit(0.0:2832927): avc:  denied  { open } for  path="/dev/__properties__/u:object_r:vendor_camera_software_moonlight_prop:s0" dev="tmpfs" ino=8774 scontext=u:r:shell:s0 tcontext=u:object_r:vendor_camera_software_moonlight_prop:s0 tclass=file permissive=0
03-13 14:44:09.274 10090 10090 I GoogleInputMethodService: GoogleInputMethodService.onFinishInput():2090 
03-13 14:44:09.282 10090 10090 I Module  : DeviceLockedStatusModuleProvider$Module.updateDeviceLockedStatus():100 repeatCheckTimes = 0, locked = false
03-13 14:44:09.290 10090 10090 I GoogleInputMethodService: GoogleInputMethodService.onStartInput():1357 onStartInput(EditorInfo{EditorInfo{packageName=com.android.launcher3, inputType=0, inputTypeString=NULL, enableLearning=false, autoCorrection=false, autoComplete=false, imeOptions=0, privateImeOptions=null, actionName=UNSPECIFIED, actionLabel=null, initialSelStart=-1, initialSelEnd=-1, initialCapsMode=0, label=null, fieldId=0, fieldName=null, extras=null, hintText=null, hintLocales=[]}}, false)
03-13 14:44:09.291 10090 10090 I Module  : DeviceLockedStatusModuleProvider$Module.updateDeviceLockedStatus():100 repeatCheckTimes = 1, locked = false
03-13 14:44:09.352  2244 10180 V ActivityThread: Recovering failed rename /storage/emulated/0/Android/data/org.telegram.messenger/cache/-6303271137659959502_120.temp to /storage/emulated/0/Android/data/org.telegram.messenger/files/Telegram/Telegram Images/-6303271137659959502_120.jpg
03-13 14:44:09.350  2244  2244 W writeFileQueue: type=1400 audit(0.0:2832929): avc:  denied  { relabelfrom } for  name="-6303271137659959502_120.jpg" dev="dm-47" ino=743418 scontext=u:r:untrusted_app:s0:c14,c257,c512,c768 tcontext=u:object_r:media_rw_data_file:s0:c14,c257,c512,c768 tclass=file permissive=0 app=org.telegram.messenger
03-13 14:44:09.463  2244 10180 V ActivityThread: Recovering failed rename /storage/emulated/0/Android/data/org.telegram.messenger/cache/-6302879526836877773_120.temp to /storage/emulated/0/Android/data/org.telegram.messenger/files/Telegram/Telegram Images/-6302879526836877773_120.jpg
03-13 14:44:09.462  2244  2244 W writeFileQueue: type=1400 audit(0.0:2832930): avc:  denied  { relabelfrom } for  name="-6302879526836877773_120.jpg" dev="dm-47" ino=758482 scontext=u:r:untrusted_app:s0:c14,c257,c512,c768 tcontext=u:object_r:media_rw_data_file:s0:c14,c257,c512,c768 tclass=file permissive=0 app=org.telegram.messenger
03-13 14:44:09.466  2244 10180 V ActivityThread: Recovering failed rename /storage/emulated/0/Android/data/org.telegram.messenger/cache/-6301019337846275546_120.temp to /storage/emulated/0/Android/data/org.telegram.messenger/files/Telegram/Telegram Images/-6301019337846275546_120.jpg
03-13 14:44:09.466  2244  2244 W writeFileQueue: type=1400 audit(0.0:2832931): avc:  denied  { relabelfrom } for  name="-6301019337846275546_120.jpg" dev="dm-47" ino=757282 scontext=u:r:untrusted_app:s0:c14,c257,c512,c768 tcontext=u:object_r:media_rw_data_file:s0:c14,c257,c512,c768 tclass=file permissive=0 app=org.telegram.messenger
03-13 14:44:09.615  2244 10180 V ActivityThread: Recovering failed rename /storage/emulated/0/Android/data/org.telegram.messenger/cache/-6301019337846275543_121.temp to /storage/emulated/0/Android/data/org.telegram.messenger/files/Telegram/Telegram Images/-6301019337846275543_121.jpg
03-13 14:44:09.620  2244 10180 V ActivityThread: Recovering failed rename /storage/emulated/0/Android/data/org.telegram.messenger/cache/-6301019337846275545_120.temp to /storage/emulated/0/Android/data/org.telegram.messenger/files/Telegram/Telegram Images/-6301019337846275545_120.jpg
03-13 14:44:09.623  2244 10180 V ActivityThread: Recovering failed rename /storage/emulated/0/Android/data/org.telegram.messenger/cache/-6283073078992944296_120.temp to /storage/emulated/0/Android/data/org.telegram.messenger/files/Telegram/Telegram Images/-6283073078992944296_120.jpg
03-13 14:44:09.798  2244 10180 V ActivityThread: Recovering failed rename /storage/emulated/0/Android/data/org.telegram.messenger/cache/-6283073078992944294_120.temp to /storage/emulated/0/Android/data/org.telegram.messenger/files/Telegram/Telegram Images/-6283073078992944294_120.jpg
03-13 14:44:09.882  2244 10180 V ActivityThread: Recovering failed rename /storage/emulated/0/Android/data/org.telegram.messenger/cache/-6283073078992944246_120.temp to /storage/emulated/0/Android/data/org.telegram.messenger/files/Telegram/Telegram Images/-6283073078992944246_120.jpg
03-13 14:44:10.015  2244 10180 V ActivityThread: Recovering failed rename /storage/emulated/0/Android/data/org.telegram.messenger/cache/-6283073078992944295_121.temp to /storage/emulated/0/Android/data/org.telegram.messenger/files/Telegram/Telegram Images/-6283073078992944295_121.jpg
03-13 14:44:10.198  2244 10180 V ActivityThread: Recovering failed rename /storage/emulated/0/Android/data/org.telegram.messenger/cache/-6239788913979930340_120.temp to /storage/emulated/0/Android/data/org.telegram.messenger/files/Telegram/Telegram Images/-6239788913979930340_120.jpg
03-13 14:44:10.203  2244 10180 V ActivityThread: Recovering failed rename /storage/emulated/0/Android/data/org.telegram.messenger/cache/-6228546179952654170_120.temp to /storage/emulated/0/Android/data/org.telegram.messenger/files/Telegram/Telegram Images/-6228546179952654170_120.jpg
03-13 14:44:10.202  2244  2244 W writeFileQueue: type=1400 audit(0.0:2832941): avc:  denied  { relabelfrom } for  name="-6228546179952654170_120.jpg" dev="dm-47" ino=744869 scontext=u:r:untrusted_app:s0:c14,c257,c512,c768 tcontext=u:object_r:media_rw_data_file:s0:c14,c257,c512,c768 tclass=file permissive=0 app=org.telegram.messenger
03-13 14:44:10.205  2244 10180 V ActivityThread: Recovering failed rename /storage/emulated/0/Android/data/org.telegram.messenger/cache/-6283073078992944245_121.temp to /storage/emulated/0/Android/data/org.telegram.messenger/files/Telegram/Telegram Images/-6283073078992944245_121.jpg
03-13 14:44:10.207 15470 15470 I om.ds.eventwish: Late-enabling -Xcheck:jni
03-13 14:44:10.206  2244  2244 W writeFileQueue: type=1400 audit(0.0:2832942): avc:  denied  { relabelfrom } for  name="-6283073078992944245_121.jpg" dev="dm-47" ino=744868 scontext=u:r:untrusted_app:s0:c14,c257,c512,c768 tcontext=u:object_r:media_rw_data_file:s0:c14,c257,c512,c768 tclass=file permissive=0 app=org.telegram.messenger
03-13 14:44:10.237 15470 15470 I om.ds.eventwish: Using CollectorTypeCC GC.
03-13 14:44:10.248 15470 15470 D nativeloader: Load libframework-connectivity-tiramisu-jni.so using APEX ns com_android_tethering for caller /apex/com.android.tethering/javalib/framework-connectivity-t.jar: ok
03-13 14:44:10.274 15484 15484 W getprop : type=1400 audit(0.0:2832943): avc:  denied  { open } for  path="/dev/__properties__/u:object_r:vendor_camera_software_moonlight_prop:s0" dev="tmpfs" ino=8774 scontext=u:r:shell:s0 tcontext=u:object_r:vendor_camera_software_moonlight_prop:s0 tclass=file permissive=0
03-13 14:44:10.278 15470 15470 W re-initialized>: type=1400 audit(0.0:2832944): avc:  granted  { execute } for  path="/data/data/com.ds.eventwish/code_cache/startup_agents/c811a9f9-agent.so" dev="dm-47" ino=740435 scontext=u:r:untrusted_app:s0:c165,c257,c512,c768 tcontext=u:object_r:app_data_file:s0:c165,c257,c512,c768 tclass=file app=com.ds.eventwish
03-13 14:44:10.284 15470 15470 D nativeloader: Load /data/user/0/com.ds.eventwish/code_cache/startup_agents/c811a9f9-agent.so using system ns (caller=<unknown>): ok
03-13 14:44:10.285 15470 15470 V studio.deploy: Startup agent attached to VM
03-13 14:44:10.285 15470 15470 V studio.deploy: No existing instrumentation found. Loading instrumentation from instruments-252e729b.jar
03-13 14:44:10.296 15470 15470 W om.ds.eventwish: DexFile /data/data/com.ds.eventwish/code_cache/.studio/instruments-252e729b.jar is in boot class path but is not in a known location
03-13 14:44:10.301 15470 15470 V studio.deploy: Applying transforms with cached classes
03-13 14:44:10.353  2244 10180 V ActivityThread: Recovering failed rename /storage/emulated/0/Android/data/org.telegram.messenger/cache/-6228546179952654169_120.temp to /storage/emulated/0/Android/data/org.telegram.messenger/files/Telegram/Telegram Images/-6228546179952654169_120.jpg
03-13 14:44:10.653 15470 15470 W om.ds.eventwish: Redefining intrinsic method java.lang.Thread java.lang.Thread.currentThread(). This may cause the unexpected use of the original definition of java.lang.Thread java.lang.Thread.currentThread()in methods that have already been compiled.
03-13 14:44:10.653 15470 15470 W om.ds.eventwish: Redefining intrinsic method boolean java.lang.Thread.interrupted(). This may cause the unexpected use of the original definition of boolean java.lang.Thread.interrupted()in methods that have already been compiled.
03-13 14:44:10.659 15470 15470 I studio.deploy: Registering DispatchJNI
03-13 14:44:10.659 15470 15470 I studio.deploy: Found com/android/tools/deploy/interpreter/JNI
03-13 14:44:10.695 15470 15470 D CompatibilityChangeReporter: Compat change id reported: 171979766; UID 10421; state: ENABLED
03-13 14:44:10.697 15470 15470 D CompatibilityChangeReporter: Compat change id reported: 242716250; UID 10421; state: ENABLED
03-13 14:44:10.745 15470 15470 W ziparchive: Unable to open '/data/app/~~cWajB8RDxfLoF3bNp2j3Gw==/com.ds.eventwish-x77bNnQ0ZOlLdSeNln6NBg==/base.dm': No such file or directory
03-13 14:44:10.745 15470 15470 W ziparchive: Unable to open '/data/app/~~cWajB8RDxfLoF3bNp2j3Gw==/com.ds.eventwish-x77bNnQ0ZOlLdSeNln6NBg==/base.dm': No such file or directory
03-13 14:44:11.445 15470 15470 D nativeloader: Configuring clns-4 for other apk /data/app/~~cWajB8RDxfLoF3bNp2j3Gw==/com.ds.eventwish-x77bNnQ0ZOlLdSeNln6NBg==/base.apk. target_sdk_version=34, uses_libraries=, library_path=/data/app/~~cWajB8RDxfLoF3bNp2j3Gw==/com.ds.eventwish-x77bNnQ0ZOlLdSeNln6NBg==/lib/arm64:/data/app/~~cWajB8RDxfLoF3bNp2j3Gw==/com.ds.eventwish-x77bNnQ0ZOlLdSeNln6NBg==/base.apk!/lib/arm64-v8a, permitted_path=/data:/mnt/expand:/data/user/0/com.ds.eventwish
03-13 14:44:11.469 15470 15470 D nativeloader: Load libframework-connectivity-jni.so using APEX ns com_android_tethering for caller /apex/com.android.tethering/javalib/framework-connectivity.jar: ok
03-13 14:44:11.476 15470 15470 V GraphicsEnvironment: Currently set values for:
03-13 14:44:11.476 15470 15470 V GraphicsEnvironment:   angle_gl_driver_selection_pkgs=[]
03-13 14:44:11.476 15470 15470 V GraphicsEnvironment:   angle_gl_driver_selection_values=[]
03-13 14:44:11.477 15470 15470 V GraphicsEnvironment: ANGLE GameManagerService for com.ds.eventwish: false
03-13 14:44:11.477 15470 15470 V GraphicsEnvironment: com.ds.eventwish is not listed in per-application setting
03-13 14:44:11.478 15470 15470 V GraphicsEnvironment: Neither updatable production driver nor prerelease driver is supported.
03-13 14:44:11.525 15470 15470 D CompatibilityChangeReporter: Compat change id reported: 183155436; UID 10421; state: ENABLED
03-13 14:44:11.584 15470 15470 I FirebaseApp: Device unlocked: initializing all Firebase APIs for app [DEFAULT]
03-13 14:44:11.628 15470 15470 D CompatibilityChangeReporter: Compat change id reported: 3400644; UID 10421; state: ENABLED
03-13 14:44:11.673 15470 15505 W om.ds.eventwish: ClassLoaderContext classpath size mismatch. expected=1, found=0 (DLC[];PCL[base.apk*2558597794]{PCL[/system/framework/org.apache.http.legacy.jar*1157712065]#PCL[/system/framework/com.android.media.remotedisplay.jar*2114713712]#PCL[/system/framework/com.android.location.provider.jar*3994156537]#PCL[/system/framework/org.apache.http.legacy.jar*1157712065]} | DLC[];PCL[])
03-13 14:44:11.678 15470 15505 I DynamiteModule: Considering local module com.google.android.gms.measurement.dynamite:97 and remote module com.google.android.gms.measurement.dynamite:140
03-13 14:44:11.678 15470 15505 I DynamiteModule: Selected remote version of com.google.android.gms.measurement.dynamite, version >= 140
03-13 14:44:11.678 15470 15505 V DynamiteModule: Dynamite loader version >= 2, using loadModule2NoCrashUtils
03-13 14:44:11.719 15470 15505 W System  : ClassLoader referenced unknown path: 
03-13 14:44:11.722 15470 15505 D nativeloader: Configuring clns-5 for other apk . target_sdk_version=34, uses_libraries=, library_path=/data/app/~~wzQsY1FI40DU1TEt5lJaHQ==/com.google.android.gms-apY9ojRwpR2jszBZex8L-g==/lib/arm64:/data/app/~~wzQsY1FI40DU1TEt5lJaHQ==/com.google.android.gms-apY9ojRwpR2jszBZex8L-g==/base.apk!/lib/arm64-v8a, permitted_path=/data:/mnt/expand:/data/user/0/com.google.android.gms
03-13 14:44:11.752 15470 15505 W om.ds.eventwish: ClassLoaderContext classpath element checksum mismatch. expected=2558597794, found=3283865686 (DLC[];PCL[base.apk*2558597794]{PCL[/system/framework/org.apache.http.legacy.jar*1157712065]#PCL[/system/framework/com.android.media.remotedisplay.jar*2114713712]#PCL[/system/framework/com.android.location.provider.jar*3994156537]#PCL[/system/framework/org.apache.http.legacy.jar*1157712065]} | DLC[];PCL[/data/app/~~cWajB8RDxfLoF3bNp2j3Gw==/com.ds.eventwish-x77bNnQ0ZOlLdSeNln6NBg==/base.apk*3283865686])
03-13 14:44:11.812 15470 15470 W FA      : Failed to register event listener on calling thread. Trying again on the dynamite thread.
