03-13 14:47:35.973 15497 16153 D nativeloader: Extending system_exposed_libraries: libapuwareapusys.mtk.so:libapuwareapusys_v2.mtk.so:libapuwarexrp.mtk.so:libapuwarexrp_v2.mtk.so:libapuwareutils.mtk.so:libapuwareutils_v2.mtk.so:libapuwarehmp.mtk.so:libmcv_runtime_usdk.mtk.so:libneuron_graph_delegate.mtk.so:libneuronusdk_adapter.mtk.so:libtflite_mtk.mtk.so:libarmnn_ndk.mtk.so:libcmdl_ndk.mtk.so:libnir_neon_driver_ndk.mtk.so:libmvpu_runtime.mtk.so:libmvpu_runtime_pub.mtk.so:libmvpu_engine_pub.mtk.so:libmvpu_pattern_pub.mtk.so:libmvpuop_mtk_cv.mtk.so:libmvpuop_mtk_nn.mtk.so:libmvpu_runtime_25.mtk.so:libmvpu_runtime_25_pub.mtk.so:libmvpu_engine_25_pub.mtk.so:libmvpu_pattern_25_pub.mtk.so:libmvpuop25_mtk_cv.mtk.so:libmvpuop25_mtk_nn.mtk.so:libmvpu_config.mtk.so:libteeservice_client.trustonic.so
03-13 14:47:35.976 15497 16153 W om.ds.eventwish: Loading /data/misc/apexdata/com.android.art/dalvik-cache/arm64/system@framework@com.android.location.provider.jar@classes.odex non-executable as it requires an image which we failed to load
03-13 14:47:35.980 15497 16153 D nativeloader: Configuring clns-8 for other apk /system/framework/com.android.location.provider.jar. target_sdk_version=34, uses_libraries=ALL, library_path=/data/app/~~wzQsY1FI40DU1TEt5lJaHQ==/com.google.android.gms-apY9ojRwpR2jszBZex8L-g==/lib/arm64:/data/app/~~wzQsY1FI40DU1TEt5lJaHQ==/com.google.android.gms-apY9ojRwpR2jszBZex8L-g==/base.apk!/lib/arm64-v8a, permitted_path=/data:/mnt/expand:/data/user/0/com.google.android.gms
03-13 14:47:35.981 15497 16153 D nativeloader: Extending system_exposed_libraries: libapuwareapusys.mtk.so:libapuwareapusys_v2.mtk.so:libapuwarexrp.mtk.so:libapuwarexrp_v2.mtk.so:libapuwareutils.mtk.so:libapuwareutils_v2.mtk.so:libapuwarehmp.mtk.so:libmcv_runtime_usdk.mtk.so:libneuron_graph_delegate.mtk.so:libneuronusdk_adapter.mtk.so:libtflite_mtk.mtk.so:libarmnn_ndk.mtk.so:libcmdl_ndk.mtk.so:libnir_neon_driver_ndk.mtk.so:libmvpu_runtime.mtk.so:libmvpu_runtime_pub.mtk.so:libmvpu_engine_pub.mtk.so:libmvpu_pattern_pub.mtk.so:libmvpuop_mtk_cv.mtk.so:libmvpuop_mtk_nn.mtk.so:libmvpu_runtime_25.mtk.so:libmvpu_runtime_25_pub.mtk.so:libmvpu_engine_25_pub.mtk.so:libmvpu_pattern_25_pub.mtk.so:libmvpuop25_mtk_cv.mtk.so:libmvpuop25_mtk_nn.mtk.so:libmvpu_config.mtk.so:libteeservice_client.trustonic.so
03-13 14:47:35.988 15497 16153 W om.ds.eventwish: Loading /data/app/~~wzQsY1FI40DU1TEt5lJaHQ==/com.google.android.gms-apY9ojRwpR2jszBZex8L-g==/oat/arm64/base.odex non-executable as it requires an image which we failed to load
03-13 14:47:35.992 15497 16153 D nativeloader: Configuring clns-9 for other apk /data/app/~~wzQsY1FI40DU1TEt5lJaHQ==/com.google.android.gms-apY9ojRwpR2jszBZex8L-g==/base.apk. target_sdk_version=34, uses_libraries=, library_path=/data/app/~~wzQsY1FI40DU1TEt5lJaHQ==/com.google.android.gms-apY9ojRwpR2jszBZex8L-g==/lib/arm64:/data/app/~~wzQsY1FI40DU1TEt5lJaHQ==/com.google.android.gms-apY9ojRwpR2jszBZex8L-g==/base.apk!/lib/arm64-v8a, permitted_path=/data:/mnt/expand:/data/user/0/com.google.android.gms
03-13 14:47:36.040 15497 15497 D ApiClient: OkHttpClient created with cache at: /data/user/0/com.ds.eventwish/cache/http_cache
03-13 14:47:36.054 15497 15497 W om.ds.eventwish: Accessing hidden method Ljava/lang/invoke/MethodHandles$Lookup;-><init>(Ljava/lang/Class;I)V (unsupported, reflection, allowed)
03-13 14:47:36.055 15497 16155 E om.ds.eventwish: No package ID 76 found for resource ID 0x760b000f.
03-13 14:47:36.056 15497 16155 E om.ds.eventwish: No package ID 76 found for resource ID 0x760b000f.
03-13 14:47:36.059 15497 16155 I FA      : App measurement initialized, version: 118001
03-13 14:47:36.059 15497 16155 I FA      : To enable debug logging run: adb shell setprop log.tag.FA VERBOSE
03-13 14:47:36.060 15497 16155 I FA      : To enable faster debug mode event logging run:
03-13 14:47:36.060 15497 16155 I FA      :   adb shell setprop debug.firebase.analytics.app com.ds.eventwish
03-13 14:47:36.062 15497 15497 D ApiClient: ApiService created
03-13 14:47:36.106 15497 16168 I okhttp.OkHttpClient: --> POST https://eventwishes.onrender.com/api/tokens/register
03-13 14:47:36.107 15497 16168 I okhttp.OkHttpClient: Content-Type: application/json; charset=UTF-8
03-13 14:47:36.107 15497 16168 I okhttp.OkHttpClient: Content-Length: 154
03-13 14:47:36.110 15497 16168 I okhttp.OkHttpClient: {"token":"c1pVizjERDKxMHeV9vWBtn:APA91bG4-zlAW2wOTQzvLZ8rW40qTI9Om9PlodyJ0v7RJm7akUMGNgKpKRx1ULnF1WGlM3K1EhGZI57C-RwE4zS67JyjuIEbq0ySvwChLmKdhDkdSmilPgg"}
03-13 14:47:36.111 15497 16168 I okhttp.OkHttpClient: --> END POST (154-byte body)
03-13 14:47:36.118 15497 16168 D NetworkUtils: Network state updated: connected=true, type=CELLULAR, metered=true
03-13 14:47:36.122 15497 16168 D NetworkUtils: NetworkUtils initialized
03-13 14:47:36.128 15497 16151 D NetworkUtils: Network available
03-13 14:47:36.134 15497 16151 D NetworkUtils: Network state updated: connected=true, type=CELLULAR, metered=true
03-13 14:47:36.134 15497 16151 D NetworkUtils: Network capabilities changed
03-13 14:47:36.138 15497 16151 D NetworkUtils: Network state updated: connected=true, type=CELLULAR, metered=true
03-13 14:47:36.142 15497 15497 D WM-PackageManagerHelper: Skipping component enablement for androidx.work.impl.background.systemjob.SystemJobService
03-13 14:47:36.142 15497 15497 D WM-Schedulers: Created SystemJobScheduler and enabled SystemJobService
03-13 14:47:36.151 15497 15497 D ReminderCheckWorker: Scheduled periodic reminder check
03-13 14:47:36.152 15497 15497 D EventWishApplication: Scheduled template update check worker
03-13 14:47:36.153 15497 15497 D EventWishApplication: Clearing database cache on app start
03-13 14:47:36.165 15497 15497 D EventWishApplication: Initializing CategoryIconRepository
03-13 14:47:36.169 15497 15497 D ResourceDatabase: ResourceDatabase instance created
03-13 14:47:36.182 15497 15497 D ResourceCache: ResourceCache initialized
03-13 14:47:36.184 15497 15497 D ErrorHandler: ErrorHandler initialized
03-13 14:47:36.184 15497 15497 D ResourceRepository: ResourceRepository initialized
03-13 14:47:36.185 15497 15497 D CategoryIconRepository: CategoryIconRepository initialized with enhanced caching and offline support
03-13 14:47:36.185 15497 15497 D CategoryIconRepository: Loading category icons with offline-first approach
03-13 14:47:36.195 15497 15497 D ResourceCache: Cache hit (disk): category_icon_category_icons
03-13 14:47:36.195 15497 15497 D ResourceCache: Cache hit (memory): category_icon_category_icons
03-13 14:47:36.195 15497 15497 D AndroidRuntime: Shutting down VM
03-13 14:47:36.200 15497 15497 E AndroidRuntime: FATAL EXCEPTION: main
03-13 14:47:36.200 15497 15497 E AndroidRuntime: Process: com.ds.eventwish, PID: 15497
03-13 14:47:36.200 15497 15497 E AndroidRuntime: java.lang.RuntimeException: Unable to create application com.ds.eventwish.EventWishApplication: java.lang.ClassCastException: com.google.gson.internal.LinkedTreeMap cannot be cast to com.google.gson.JsonObject
03-13 14:47:36.200 15497 15497 E AndroidRuntime: 	at android.app.ActivityThread.handleBindApplication(ActivityThread.java:7919)
03-13 14:47:36.200 15497 15497 E AndroidRuntime: 	at android.app.ActivityThread.-$$Nest$mhandleBindApplication(Unknown Source:0)
03-13 14:47:36.200 15497 15497 E AndroidRuntime: 	at android.app.ActivityThread$H.handleMessage(ActivityThread.java:2639)
03-13 14:47:36.200 15497 15497 E AndroidRuntime: 	at android.os.Handler.dispatchMessage(Handler.java:108)
03-13 14:47:36.200 15497 15497 E AndroidRuntime: 	at android.os.Looper.loopOnce(Looper.java:226)
03-13 14:47:36.200 15497 15497 E AndroidRuntime: 	at android.os.Looper.loop(Looper.java:328)
03-13 14:47:36.200 15497 15497 E AndroidRuntime: 	at android.app.ActivityThread.main(ActivityThread.java:9213)
03-13 14:47:36.200 15497 15497 E AndroidRuntime: 	at java.lang.reflect.Method.invoke(Native Method)
03-13 14:47:36.200 15497 15497 E AndroidRuntime: 	at com.android.internal.os.RuntimeInit$MethodAndArgsCaller.run(RuntimeInit.java:594)
03-13 14:47:36.200 15497 15497 E AndroidRuntime: 	at com.android.internal.os.ZygoteInit.main(ZygoteInit.java:1099)
03-13 14:47:36.200 15497 15497 E AndroidRuntime: Caused by: java.lang.ClassCastException: com.google.gson.internal.LinkedTreeMap cannot be cast to com.google.gson.JsonObject
03-13 14:47:36.200 15497 15497 E AndroidRuntime: 	at com.ds.eventwish.data.repository.ResourceRepository.getResource(ResourceRepository.java:406)
03-13 14:47:36.200 15497 15497 E AndroidRuntime: 	at com.ds.eventwish.data.repository.CategoryIconRepository.loadCategoryIcons(CategoryIconRepository.java:198)
03-13 14:47:36.200 15497 15497 E AndroidRuntime: 	at com.ds.eventwish.EventWishApplication.onCreate(EventWishApplication.java:105)
03-13 14:47:36.200 15497 15497 E AndroidRuntime: 	at android.app.Instrumentation.callApplicationOnCreate(Instrumentation.java:1316)
03-13 14:47:36.200 15497 15497 E AndroidRuntime: 	at android.app.ActivityThread.handleBindApplication(ActivityThread.java:7906)
03-13 14:47:36.200 15497 15497 E AndroidRuntime: 	... 9 more
03-13 14:47:36.209 15497 16172 D EventWishApplication: Festival database cache cleared successfully
03-13 14:47:36.219 15497 15497 I Process : Sending signal. PID: 15497 SIG: 9
03-13 14:47:36.371 10090 10090 I GoogleInputMethodService: GoogleInputMethodService.onFinishInput():2090 
03-13 14:47:36.373 10090 10090 I Module  : DeviceLockedStatusModuleProvider$Module.updateDeviceLockedStatus():100 repeatCheckTimes = 0, locked = false
03-13 14:47:36.374 10090 10090 I GoogleInputMethodService: GoogleInputMethodService.onStartInput():1357 onStartInput(EditorInfo{EditorInfo{packageName=com.android.launcher3, inputType=0, inputTypeString=NULL, enableLearning=false, autoCorrection=false, autoComplete=false, imeOptions=0, privateImeOptions=null, actionName=UNSPECIFIED, actionLabel=null, initialSelStart=-1, initialSelEnd=-1, initialCapsMode=0, label=null, fieldId=0, fieldName=null, extras=null, hintText=null, hintLocales=[]}}, false)
03-13 14:47:36.389 10090 10090 I Module  : DeviceLockedStatusModuleProvider$Module.updateDeviceLockedStatus():100 repeatCheckTimes = 1, locked = false
03-13 14:47:36.770 16191 16191 W getprop : type=1400 audit(0.0:2833176): avc:  denied  { open } for  path="/dev/__properties__/u:object_r:vendor_camera_software_moonlight_prop:s0" dev="tmpfs" ino=8774 scontext=u:r:shell:s0 tcontext=u:object_r:vendor_camera_software_moonlight_prop:s0 tclass=file permissive=0
03-13 14:47:48.073  7831  7874 I bbdx    : (REDACTED) getHotwordActive::active query: %s, watch: %s, devices connected: %s
03-13 14:48:00.362  1533  4962 W BatteryStatsService: Unknown sensor handle 0 received in noteWakeupSensorEvent
03-13 14:48:01.195  6793 15875 W JniCorpus: state isInitialized = true
03-13 14:48:01.196  6793 15875 W JniCorpus: state isInitialized = true
03-13 14:48:01.196  6793 15875 W JniCorpus: driveCoreOptions registerChangeObserver = true
03-13 14:48:01.196  6793 15875 W JniCorpus: driveCoreOptions registerChangeObserver = true
03-13 14:48:01.637  6793  6816 W droid.apps.docs: Reducing the number of considered missed Gc histogram windows from 105 to 100
03-13 14:48:02.639  6793 16206 W HttpCallTransport: Fail read Http response and forward to Cello
03-13 14:48:02.640  6793 16206 W HttpCallTransport: Fail read Http response and forward to Cello
03-13 14:48:02.641  6793  7071 E Cello   : [7071:NonCelloThread] drive_v2_cloud_store.cc:6657:DumpToLog Request 0xb400007becce21d0: 0 https://play.googleapis.com/log transport: drive::ds::Status::UNAVAILABLE_WHILE_OFFLINE reader: drive::ds::Status::SUCCESS
03-13 14:48:02.642  6793  7071 E Cello   : [7071:NonCelloThread] drive_v2_cloud_store.cc:6657:DumpToLog req.hdr 0xb400007becce21d0: Content-Type=
03-13 14:48:02.643  6793  7071 E Cello   : [7071:NonCelloThread] drive_v2_cloud_store.cc:6657:DumpToLog Response body 0xb400007becce21d0: (no response body)
03-13 14:48:02.644  6793  7090 E Cello   : [7090:MetricsTransportThread-CELLO] metrics_transport.cc:242:SendRequest Request failed: drive::ds::Status::UNAVAILABLE_WHILE_OFFLINE
03-13 14:48:02.645  6793  7090 I Cello   : [7090:MetricsTransportThread-CELLO] metrics_transport.cc:468:ProcessRequestsOnBackgroundThread Metrics failed to send, drive::ds::Status::UNAVAILABLE_WHILE_OFFLINE
03-13 14:48:10.452  1533  2621 W BatteryStatsService: Unknown sensor handle 0 received in noteWakeupSensorEvent
03-13 14:48:20.596  1533  4686 W BatteryStatsService: Unknown sensor handle 0 received in noteWakeupSensorEvent
03-13 14:48:27.282  1533  4686 D BatteryStatsService: notePemString  noteWhich: 49,arg1: 1080, arg2: 2408, arg3: 30202, arg4: 511, name: com.android.systemui
03-13 14:48:27.282  1533  2621 D BatteryStatsService: notePemString  noteWhich: 49,arg1: 1080, arg2: 2408, arg3: 30202, arg4: 320, name: com.android.systemui
03-13 14:48:27.290  1533  4745 D BatteryStatsService: notePemString  noteWhich: 49,arg1: 1080, arg2: 2408, arg3: 30202, arg4: 511, name: com.android.systemui
03-13 14:48:27.291  1533  4745 D BatteryStatsService: notePemString  noteWhich: 49,arg1: 1080, arg2: 2408, arg3: 30202, arg4: 320, name: com.android.systemui
03-13 14:48:27.320  1533  2621 D BatteryStatsService: notePemString  noteWhich: 49,arg1: 1080, arg2: 2408, arg3: 30202, arg4: 320, name: com.android.systemui
03-13 14:48:27.362  1533  4686 D BatteryStatsService: notePemString  noteWhich: 49,arg1: 1080, arg2: 2408, arg3: 30202, arg4: 320, name: com.android.systemui
03-13 14:48:30.681  1533  4745 W BatteryStatsService: Unknown sensor handle 0 received in noteWakeupSensorEvent
03-13 14:48:31.501 16235 16235 I .microsoft.bing: Using CollectorTypeCC GC.
03-13 14:48:31.507 16235 16235 E .microsoft.bing: Not starting debugger since process cannot load the jdwp agent.
03-13 14:48:31.513 16235 16235 D nativeloader: Load libframework-connectivity-tiramisu-jni.so using APEX ns com_android_tethering for caller /apex/com.android.tethering/javalib/framework-connectivity-t.jar: ok
03-13 14:48:31.536 16235 16235 D CompatibilityChangeReporter: Compat change id reported: 171979766; UID 10334; state: ENABLED
03-13 14:48:31.536 16235 16235 D CompatibilityChangeReporter: Compat change id reported: 242716250; UID 10334; state: ENABLED
03-13 14:48:31.551 16235 16235 D nativeloader: Configuring clns-4 for other apk /system/framework/org.apache.http.legacy.jar. target_sdk_version=34, uses_libraries=ALL, library_path=/data/app/~~KqzdalNSP48jbng_5csdbA==/com.microsoft.bing-3fIsz72pcYT8UlSnuzpffQ==/lib/arm64:/data/app/~~KqzdalNSP48jbng_5csdbA==/com.microsoft.bing-3fIsz72pcYT8UlSnuzpffQ==/base.apk!/lib/arm64-v8a:/data/app/~~KqzdalNSP48jbng_5csdbA==/com.microsoft.bing-3fIsz72pcYT8UlSnuzpffQ==/split_config.arm64_v8a.apk!/lib/arm64-v8a:/data/app/~~KqzdalNSP48jbng_5csdbA==/com.microsoft.bing-3fIsz72pcYT8UlSnuzpffQ==/split_config.xxhdpi.apk!/lib/arm64-v8a, permitted_path=/data:/mnt/expand:/data/user/0/com.microsoft.bing
03-13 14:48:31.551 16235 16235 D nativeloader: Extending system_exposed_libraries: libapuwareapusys.mtk.so:libapuwareapusys_v2.mtk.so:libapuwarexrp.mtk.so:libapuwarexrp_v2.mtk.so:libapuwareutils.mtk.so:libapuwareutils_v2.mtk.so:libapuwarehmp.mtk.so:libmcv_runtime_usdk.mtk.so:libneuron_graph_delegate.mtk.so:libneuronusdk_adapter.mtk.so:libtflite_mtk.mtk.so:libarmnn_ndk.mtk.so:libcmdl_ndk.mtk.so:libnir_neon_driver_ndk.mtk.so:libmvpu_runtime.mtk.so:libmvpu_runtime_pub.mtk.so:libmvpu_engine_pub.mtk.so:libmvpu_pattern_pub.mtk.so:libmvpuop_mtk_cv.mtk.so:libmvpuop_mtk_nn.mtk.so:libmvpu_runtime_25.mtk.so:libmvpu_runtime_25_pub.mtk.so:libmvpu_engine_25_pub.mtk.so:libmvpu_pattern_25_pub.mtk.so:libmvpuop25_mtk_cv.mtk.so:libmvpuop25_mtk_nn.mtk.so:libmvpu_config.mtk.so:libteeservice_client.trustonic.so
03-13 14:48:31.690 16235 16235 W ziparchive: Unable to open '/data/app/~~KqzdalNSP48jbng_5csdbA==/com.microsoft.bing-3fIsz72pcYT8UlSnuzpffQ==/split_config.arm64_v8a.dm': No such file or directory
03-13 14:48:31.690 16235 16235 W ziparchive: Unable to open '/data/app/~~KqzdalNSP48jbng_5csdbA==/com.microsoft.bing-3fIsz72pcYT8UlSnuzpffQ==/split_config.arm64_v8a.dm': No such file or directory
03-13 14:48:31.693 16235 16235 W .microsoft.bing: Entry not found
03-13 14:48:31.695 16235 16235 W ziparchive: Unable to open '/data/app/~~KqzdalNSP48jbng_5csdbA==/com.microsoft.bing-3fIsz72pcYT8UlSnuzpffQ==/split_config.xxhdpi.dm': No such file or directory
03-13 14:48:31.695 16235 16235 W ziparchive: Unable to open '/data/app/~~KqzdalNSP48jbng_5csdbA==/com.microsoft.bing-3fIsz72pcYT8UlSnuzpffQ==/split_config.xxhdpi.dm': No such file or directory
03-13 14:48:31.696 16235 16235 W .microsoft.bing: Entry not found
03-13 14:48:31.698 16235 16235 D nativeloader: Configuring clns-5 for other apk /data/app/~~KqzdalNSP48jbng_5csdbA==/com.microsoft.bing-3fIsz72pcYT8UlSnuzpffQ==/base.apk:/data/app/~~KqzdalNSP48jbng_5csdbA==/com.microsoft.bing-3fIsz72pcYT8UlSnuzpffQ==/split_config.arm64_v8a.apk:/data/app/~~KqzdalNSP48jbng_5csdbA==/com.microsoft.bing-3fIsz72pcYT8UlSnuzpffQ==/split_config.xxhdpi.apk. target_sdk_version=34, uses_libraries=, library_path=/data/app/~~KqzdalNSP48jbng_5csdbA==/com.microsoft.bing-3fIsz72pcYT8UlSnuzpffQ==/lib/arm64:/data/app/~~KqzdalNSP48jbng_5csdbA==/com.microsoft.bing-3fIsz72pcYT8UlSnuzpffQ==/base.apk!/lib/arm64-v8a:/data/app/~~KqzdalNSP48jbng_5csdbA==/com.microsoft.bing-3fIsz72pcYT8UlSnuzpffQ==/split_config.arm64_v8a.apk!/lib/arm64-v8a:/data/app/~~KqzdalNSP48jbng_5csdbA==/com.microsoft.bing-3fIsz72pcYT8UlSnuzpffQ==/split_config.xxhdpi.apk!/lib/arm64-v8a, permitted_path=/data:/mnt/expand:/data/user/0/com.microsoft.bing
03-13 14:48:31.759 16235 16235 D nativeloader: Load libframework-connectivity-jni.so using APEX ns com_android_tethering for caller /apex/com.android.tethering/javalib/framework-connectivity.jar: ok
03-13 14:48:31.765 16235 16235 V GraphicsEnvironment: Currently set values for:
03-13 14:48:31.765 16235 16235 V GraphicsEnvironment:   angle_gl_driver_selection_pkgs=[]
03-13 14:48:31.765 16235 16235 V GraphicsEnvironment:   angle_gl_driver_selection_values=[]
03-13 14:48:31.765 16235 16235 V GraphicsEnvironment: ANGLE GameManagerService for com.microsoft.bing: false
03-13 14:48:31.766 16235 16235 V GraphicsEnvironment: com.microsoft.bing is not listed in per-application setting
03-13 14:48:31.766 16235 16235 V GraphicsEnvironment: Neither updatable production driver nor prerelease driver is supported.
03-13 14:48:31.810 16235 16235 D CompatibilityChangeReporter: Compat change id reported: 183155436; UID 10334; state: ENABLED
03-13 14:48:31.854 16235 16263 D CompatibilityChangeReporter: Compat change id reported: 160794467; UID 10334; state: ENABLED
03-13 14:48:32.066 16235 16235 I M-ProMotion: M-ProMotion is disabled
03-13 14:48:32.067 16235 16235 W Looper  : Loop again would have the queued messages be executed before this one completed.
03-13 14:48:32.071 16235 16280 D CompatibilityChangeReporter: Compat change id reported: 247079863; UID 10334; state: ENABLED
03-13 14:48:32.086 16235 16286 D CompatibilityChangeReporter: Compat change id reported: 263076149; UID 10334; state: ENABLED
03-13 14:48:32.088 16235 16282 W Adjust  : PRODUCTION: Adjust is running in Production mode. Use this setting only for the build that you want to publish. Set the environment to `sandbox` if you want to test your app!
03-13 14:48:32.090 16235 16282 W Adjust  : PRODUCTION: Adjust is running in Production mode. Use this setting only for the build that you want to publish. Set the environment to `sandbox` if you want to test your app!
03-13 14:48:32.100 16235 16281 D EventBus: No subscribers registered for event class com.microsoft.clarity.wd0.k
03-13 14:48:32.100 16235 16281 D EventBus: No subscribers registered for event class com.microsoft.clarity.i21.g
03-13 14:48:32.138 16235 16283 D nativeloader: Load /data/app/~~KqzdalNSP48jbng_5csdbA==/com.microsoft.bing-3fIsz72pcYT8UlSnuzpffQ==/lib/arm64/libOneAuth.so using ns clns-5 from class loader (caller=/data/app/~~KqzdalNSP48jbng_5csdbA==/com.microsoft.bing-3fIsz72pcYT8UlSnuzpffQ==/base.apk!classes2.dex): ok
03-13 14:48:32.142 16235 16304 E ActivityThread: Failed to find provider info for com.facebook.katana.provider.AttributionIdProvider
03-13 14:48:32.160 16235 16278 D nativeloader: Load /data/app/~~KqzdalNSP48jbng_5csdbA==/com.microsoft.bing-3fIsz72pcYT8UlSnuzpffQ==/lib/arm64/liboneds.so using ns clns-5 from class loader (caller=/data/app/~~KqzdalNSP48jbng_5csdbA==/com.microsoft.bing-3fIsz72pcYT8UlSnuzpffQ==/base.apk!classes4.dex): ok
03-13 14:48:32.168 25578 25876 D TrafficStats: tagSocket(267) with statsTag=0x407, statsUid=-1
03-13 14:48:32.242  9240  9240 W armt    : Already started: armt@dffd461
03-13 14:48:32.254  9240 14635 D StrictMode: StrictMode policy violation: android.os.strictmode.DiskReadViolation
03-13 14:48:32.254  9240 14635 D StrictMode: 	at android.os.StrictMode$AndroidBlockGuardPolicy.onReadFromDisk(StrictMode.java:1666)
03-13 14:48:32.254  9240 14635 D StrictMode: 	at libcore.io.BlockGuardOs.access(BlockGuardOs.java:74)
03-13 14:48:32.254  9240 14635 D StrictMode: 	at libcore.io.ForwardingOs.access(ForwardingOs.java:128)
03-13 14:48:32.254  9240 14635 D StrictMode: 	at android.app.ActivityThread$AndroidOs.access(ActivityThread.java:9061)
03-13 14:48:32.254  9240 14635 D StrictMode: 	at java.io.UnixFileSystem.checkAccess(UnixFileSystem.java:332)
03-13 14:48:32.254  9240 14635 D StrictMode: 	at java.io.File.exists(File.java:829)
03-13 14:48:32.254  9240 14635 D StrictMode: 	at android.app.SharedPreferencesImpl.writeToFile(SharedPreferencesImpl.java:738)
03-13 14:48:32.254  9240 14635 D StrictMode: 	at android.app.SharedPreferencesImpl.-$$Nest$mwriteToFile(Unknown Source:0)
03-13 14:48:32.254  9240 14635 D StrictMode: 	at android.app.SharedPreferencesImpl$2.run(SharedPreferencesImpl.java:672)
03-13 14:48:32.254  9240 14635 D StrictMode: 	at android.app.SharedPreferencesImpl.enqueueDiskWrite(SharedPreferencesImpl.java:691)
03-13 14:48:32.254  9240 14635 D StrictMode: 	at android.app.SharedPreferencesImpl.-$$Nest$menqueueDiskWrite(Unknown Source:0)
03-13 14:48:32.254  9240 14635 D StrictMode: 	at android.app.SharedPreferencesImpl$EditorImpl.commit(SharedPreferencesImpl.java:604)
03-13 14:48:32.254  9240 14635 D StrictMode: 	at rbl.c(PG:141)
03-13 14:48:32.254  9240 14635 D StrictMode: 	at rbb.c(PG:12)
03-13 14:48:32.254  9240 14635 D StrictMode: 	at rkk.a(PG:348)
03-13 14:48:32.254  9240 14635 D StrictMode: 	at bgmc.c(PG:3)
03-13 14:48:32.254  9240 14635 D StrictMode: 	at bgme.run(PG:38)
03-13 14:48:32.254  9240 14635 D StrictMode: 	at adfp.run(PG:3)
03-13 14:48:32.254  9240 14635 D StrictMode: 	at bgdf.run(PG:50)
03-13 14:48:32.254  9240 14635 D StrictMode: 	at sil.run(PG:33)
03-13 14:48:32.254  9240 14635 D StrictMode: 	at java.lang.Thread.run(Thread.java:1012)
03-13 14:48:32.254  9240 14635 D StrictMode: 	at adgi.run(PG:63)
03-13 14:48:32.258  9240 14635 D StrictMode: StrictMode policy violation: android.os.strictmode.DiskReadViolation
03-13 14:48:32.258  9240 14635 D StrictMode: 	at android.os.StrictMode$AndroidBlockGuardPolicy.onReadFromDisk(StrictMode.java:1666)
03-13 14:48:32.258  9240 14635 D StrictMode: 	at libcore.io.BlockGuardOs.access(BlockGuardOs.java:74)
03-13 14:48:32.258  9240 14635 D StrictMode: 	at libcore.io.ForwardingOs.access(ForwardingOs.java:128)
03-13 14:48:32.258  9240 14635 D StrictMode: 	at android.app.ActivityThread$AndroidOs.access(ActivityThread.java:9061)
03-13 14:48:32.258  9240 14635 D StrictMode: 	at java.io.UnixFileSystem.checkAccess(UnixFileSystem.java:332)
03-13 14:48:32.258  9240 14635 D StrictMode: 	at java.io.File.exists(File.java:829)
03-13 14:48:32.258  9240 14635 D StrictMode: 	at android.app.SharedPreferencesImpl.writeToFile(SharedPreferencesImpl.java:771)
03-13 14:48:32.258  9240 14635 D StrictMode: 	at android.app.SharedPreferencesImpl.-$$Nest$mwriteToFile(Unknown Source:0)
03-13 14:48:32.258  9240 14635 D StrictMode: 	at android.app.SharedPreferencesImpl$2.run(SharedPreferencesImpl.java:672)
03-13 14:48:32.258  9240 14635 D StrictMode: 	at android.app.SharedPreferencesImpl.enqueueDiskWrite(SharedPreferencesImpl.java:691)
03-13 14:48:32.258  9240 14635 D StrictMode: 	at android.app.SharedPreferencesImpl.-$$Nest$menqueueDiskWrite(Unknown Source:0)
03-13 14:48:32.258  9240 14635 D StrictMode: 	at android.app.SharedPreferencesImpl$EditorImpl.commit(SharedPreferencesImpl.java:604)
03-13 14:48:32.258  9240 14635 D StrictMode: 	at rbl.c(PG:141)
03-13 14:48:32.258  9240 14635 D StrictMode: 	at rbb.c(PG:12)
03-13 14:48:32.258  9240 14635 D StrictMode: 	at rkk.a(PG:348)
03-13 14:48:32.258  9240 14635 D StrictMode: 	at bgmc.c(PG:3)
03-13 14:48:32.258  9240 14635 D StrictMode: 	at bgme.run(PG:38)
03-13 14:48:32.258  9240 14635 D StrictMode: 	at adfp.run(PG:3)
03-13 14:48:32.258  9240 14635 D StrictMode: 	at bgdf.run(PG:50)
03-13 14:48:32.258  9240 14635 D StrictMode: 	at sil.run(PG:33)
03-13 14:48:32.258  9240 14635 D StrictMode: 	at java.lang.Thread.run(Thread.java:1012)
03-13 14:48:32.258  9240 14635 D StrictMode: 	at adgi.run(PG:63)
03-13 14:48:32.261  9240 14635 D StrictMode: StrictMode policy violation: android.os.strictmode.DiskWriteViolation
03-13 14:48:32.261  9240 14635 D StrictMode: 	at android.os.StrictMode$AndroidBlockGuardPolicy.onWriteToDisk(StrictMode.java:1622)
03-13 14:48:32.261  9240 14635 D StrictMode: 	at libcore.io.BlockGuardOs.rename(BlockGuardOs.java:372)
03-13 14:48:32.261  9240 14635 D StrictMode: 	at libcore.io.ForwardingOs.rename(ForwardingOs.java:698)
03-13 14:48:32.261  9240 14635 D StrictMode: 	at android.app.ActivityThread$AndroidOs.rename(ActivityThread.java:9109)
03-13 14:48:32.261  9240 14635 D StrictMode: 	at java.io.UnixFileSystem.rename(UnixFileSystem.java:419)
03-13 14:48:32.261  9240 14635 D StrictMode: 	at java.io.File.renameTo(File.java:1426)
03-13 14:48:32.261  9240 14635 D StrictMode: 	at android.app.SharedPreferencesImpl.writeToFile(SharedPreferencesImpl.java:778)
03-13 14:48:32.261  9240 14635 D StrictMode: 	at android.app.SharedPreferencesImpl.-$$Nest$mwriteToFile(Unknown Source:0)
03-13 14:48:32.261  9240 14635 D StrictMode: 	at android.app.SharedPreferencesImpl$2.run(SharedPreferencesImpl.java:672)
03-13 14:48:32.261  9240 14635 D StrictMode: 	at android.app.SharedPreferencesImpl.enqueueDiskWrite(SharedPreferencesImpl.java:691)
03-13 14:48:32.261  9240 14635 D StrictMode: 	at android.app.SharedPreferencesImpl.-$$Nest$menqueueDiskWrite(Unknown Source:0)
03-13 14:48:32.261  9240 14635 D StrictMode: 	at android.app.SharedPreferencesImpl$EditorImpl.commit(SharedPreferencesImpl.java:604)
03-13 14:48:32.261  9240 14635 D StrictMode: 	at rbl.c(PG:141)
03-13 14:48:32.261  9240 14635 D StrictMode: 	at rbb.c(PG:12)
03-13 14:48:32.261  9240 14635 D StrictMode: 	at rkk.a(PG:348)
03-13 14:48:32.261  9240 14635 D StrictMode: 	at bgmc.c(PG:3)
03-13 14:48:32.261  9240 14635 D StrictMode: 	at bgme.run(PG:38)
03-13 14:48:32.261  9240 14635 D StrictMode: 	at adfp.run(PG:3)
03-13 14:48:32.261  9240 14635 D StrictMode: 	at bgdf.run(PG:50)
03-13 14:48:32.261  9240 14635 D StrictMode: 	at sil.run(PG:33)
03-13 14:48:32.261  9240 14635 D StrictMode: 	at java.lang.Thread.run(Thread.java:1012)
03-13 14:48:32.261  9240 14635 D StrictMode: 	at adgi.run(PG:63)
03-13 14:48:32.261  9240 14635 D StrictMode: StrictMode policy violation: android.os.strictmode.DiskReadViolation
03-13 14:48:32.261  9240 14635 D StrictMode: 	at android.os.StrictMode$AndroidBlockGuardPolicy.onReadFromDisk(StrictMode.java:1666)
03-13 14:48:32.261  9240 14635 D StrictMode: 	at libcore.io.BlockGuardOs.open(BlockGuardOs.java:269)
03-13 14:48:32.261  9240 14635 D StrictMode: 	at libcore.io.ForwardingOs.open(ForwardingOs.java:563)
03-13 14:48:32.261  9240 14635 D StrictMode: 	at android.app.ActivityThread$AndroidOs.open(ActivityThread.java:9070)
03-13 14:48:32.261  9240 14635 D StrictMode: 	at libcore.io.IoBridge.open(IoBridge.java:560)
03-13 14:48:32.261  9240 14635 D StrictMode: 	at java.io.FileOutputStream.<init>(FileOutputStream.java:259)
03-13 14:48:32.261  9240 14635 D StrictMode: 	at java.io.FileOutputStream.<init>(FileOutputStream.java:208)
03-13 14:48:32.261  9240 14635 D StrictMode: 	at android.app.SharedPreferencesImpl.createFileOutputStream(SharedPreferencesImpl.java:702)
03-13 14:48:32.261  9240 14635 D StrictMode: 	at android.app.SharedPreferencesImpl.writeToFile(SharedPreferencesImpl.java:793)
03-13 14:48:32.261  9240 14635 D StrictMode: 	at android.app.SharedPreferencesImpl.-$$Nest$mwriteToFile(Unknown Source:0)
03-13 14:48:32.261  9240 14635 D StrictMode: 	at android.app.SharedPreferencesImpl$2.run(SharedPreferencesImpl.java:672)
03-13 14:48:32.261  9240 14635 D StrictMode: 	at android.app.SharedPreferencesImpl.enqueueDiskWrite(SharedPreferencesImpl.java:691)
03-13 14:48:32.261  9240 14635 D StrictMode: 	at android.app.SharedPreferencesImpl.-$$Nest$menqueueDiskWrite(Unknown Source:0)
03-13 14:48:32.261  9240 14635 D StrictMode: 	at android.app.SharedPreferencesImpl$EditorImpl.commit(SharedPreferencesImpl.java:604)
03-13 14:48:32.261  9240 14635 D StrictMode: 	at rbl.c(PG:141)
03-13 14:48:32.261  9240 14635 D StrictMode: 	at rbb.c(PG:12)
03-13 14:48:32.261  9240 14635 D StrictMode: 	at rkk.a(PG:348)
03-13 14:48:32.261  9240 14635 D StrictMode: 	at bgmc.c(PG:3)
03-13 14:48:32.261  9240 14635 D StrictMode: 	at bgme.run(PG:38)
03-13 14:48:32.261  9240 14635 D StrictMode: 	at adfp.run(PG:3)
03-13 14:48:32.261  9240 14635 D StrictMode: 	at bgdf.run(PG:50)
03-13 14:48:32.261  9240 14635 D StrictMode: 	at sil.run(PG:33)
03-13 14:48:32.261  9240 14635 D StrictMode: 	at java.lang.Thread.run(Thread.java:1012)
03-13 14:48:32.261  9240 14635 D StrictMode: 	at adgi.run(PG:63)
03-13 14:48:32.262 16235 16323 D TrafficStats: tagSocket(118) with statsTag=0xffffffff, statsUid=-1
03-13 14:48:32.262  9240 14635 D StrictMode: StrictMode policy violation: android.os.strictmode.DiskWriteViolation
03-13 14:48:32.262  9240 14635 D StrictMode: 	at android.os.StrictMode$AndroidBlockGuardPolicy.onWriteToDisk(StrictMode.java:1622)
03-13 14:48:32.262  9240 14635 D StrictMode: 	at libcore.io.BlockGuardOs.open(BlockGuardOs.java:272)
03-13 14:48:32.262  9240 14635 D StrictMode: 	at libcore.io.ForwardingOs.open(ForwardingOs.java:563)
03-13 14:48:32.262  9240 14635 D StrictMode: 	at android.app.ActivityThread$AndroidOs.open(ActivityThread.java:9070)
03-13 14:48:32.262  9240 14635 D StrictMode: 	at libcore.io.IoBridge.open(IoBridge.java:560)
03-13 14:48:32.262  9240 14635 D StrictMode: 	at java.io.FileOutputStream.<init>(FileOutputStream.java:259)
03-13 14:48:32.262  9240 14635 D StrictMode: 	at java.io.FileOutputStream.<init>(FileOutputStream.java:208)
03-13 14:48:32.262  9240 14635 D StrictMode: 	at android.app.SharedPreferencesImpl.createFileOutputStream(SharedPreferencesImpl.java:702)
03-13 14:48:32.262  9240 14635 D StrictMode: 	at android.app.SharedPreferencesImpl.writeToFile(SharedPreferencesImpl.java:793)
03-13 14:48:32.262  9240 14635 D StrictMode: 	at android.app.SharedPreferencesImpl.-$$Nest$mwriteToFile(Unknown Source:0)
03-13 14:48:32.262  9240 14635 D StrictMode: 	at android.app.SharedPreferencesImpl$2.run(SharedPreferencesImpl.java:672)
03-13 14:48:32.262  9240 14635 D StrictMode: 	at android.app.SharedPreferencesImpl.enqueueDiskWrite(SharedPreferencesImpl.java:691)
03-13 14:48:32.262  9240 14635 D StrictMode: 	at android.app.SharedPreferencesImpl.-$$Nest$menqueueDiskWrite(Unknown Source:0)
03-13 14:48:32.262  9240 14635 D StrictMode: 	at android.app.SharedPreferencesImpl$EditorImpl.commit(SharedPreferencesImpl.java:604)
03-13 14:48:32.262  9240 14635 D StrictMode: 	at rbl.c(PG:141)
03-13 14:48:32.262  9240 14635 D StrictMode: 	at rbb.c(PG:12)
03-13 14:48:32.262  9240 14635 D StrictMode: 	at rkk.a(PG:348)
03-13 14:48:32.262  9240 14635 D StrictMode: 	at bgmc.c(PG:3)
03-13 14:48:32.262  9240 14635 D StrictMode: 	at bgme.run(PG:38)
03-13 14:48:32.262  9240 14635 D StrictMode: 	at adfp.run(PG:3)
03-13 14:48:32.262  9240 14635 D StrictMode: 	at bgdf.run(PG:50)
03-13 14:48:32.262  9240 14635 D StrictMode: 	at sil.run(PG:33)
03-13 14:48:32.262  9240 14635 D StrictMode: 	at java.lang.Thread.run(Thread.java:1012)
03-13 14:48:32.262  9240 14635 D StrictMode: 	at adgi.run(PG:63)
03-13 14:48:32.264 16235 16345 D EventBus: No subscribers registered for event class com.microsoft.clarity.f70.a
03-13 14:48:32.267 16235 16345 D EventBus: No subscribers registered for event class com.microsoft.clarity.i21.g
03-13 14:48:32.267  9240 14635 D StrictMode: StrictMode policy violation: android.os.strictmode.DiskReadViolation
03-13 14:48:32.267  9240 14635 D StrictMode: 	at android.os.StrictMode$AndroidBlockGuardPolicy.onReadFromDisk(StrictMode.java:1666)
03-13 14:48:32.267  9240 14635 D StrictMode: 	at libcore.io.BlockGuardOs.fstat(BlockGuardOs.java:194)
03-13 14:48:32.267  9240 14635 D StrictMode: 	at libcore.io.ForwardingOs.fstat(ForwardingOs.java:261)
03-13 14:48:32.267  9240 14635 D StrictMode: 	at libcore.io.IoBridge.open(IoBridge.java:563)
03-13 14:48:32.267  9240 14635 D StrictMode: 	at java.io.FileOutputStream.<init>(FileOutputStream.java:259)
03-13 14:48:32.267  9240 14635 D StrictMode: 	at java.io.FileOutputStream.<init>(FileOutputStream.java:208)
03-13 14:48:32.267  9240 14635 D StrictMode: 	at android.app.SharedPreferencesImpl.createFileOutputStream(SharedPreferencesImpl.java:702)
03-13 14:48:32.267  9240 14635 D StrictMode: 	at android.app.SharedPreferencesImpl.writeToFile(SharedPreferencesImpl.java:793)
03-13 14:48:32.267  9240 14635 D StrictMode: 	at android.app.SharedPreferencesImpl.-$$Nest$mwriteToFile(Unknown Source:0)
03-13 14:48:32.267  9240 14635 D StrictMode: 	at android.app.SharedPreferencesImpl$2.run(SharedPreferencesImpl.java:672)
03-13 14:48:32.267  9240 14635 D StrictMode: 	at android.app.SharedPreferencesImpl.enqueueDiskWrite(SharedPreferencesImpl.java:691)
03-13 14:48:32.267  9240 14635 D StrictMode: 	at android.app.SharedPreferencesImpl.-$$Nest$menqueueDiskWrite(Unknown Source:0)
03-13 14:48:32.267  9240 14635 D StrictMode: 	at android.app.SharedPreferencesImpl$EditorImpl.commit(SharedPreferencesImpl.java:604)
03-13 14:48:32.267  9240 14635 D StrictMode: 	at rbl.c(PG:141)
03-13 14:48:32.267  9240 14635 D StrictMode: 	at rbb.c(PG:12)
03-13 14:48:32.267  9240 14635 D StrictMode: 	at rkk.a(PG:348)
03-13 14:48:32.267  9240 14635 D StrictMode: 	at bgmc.c(PG:3)
03-13 14:48:32.267  9240 14635 D StrictMode: 	at bgme.run(PG:38)
03-13 14:48:32.267  9240 14635 D StrictMode: 	at adfp.run(PG:3)
03-13 14:48:32.267  9240 14635 D StrictMode: 	at bgdf.run(PG:50)
03-13 14:48:32.267  9240 14635 D StrictMode: 	at sil.run(PG:33)
03-13 14:48:32.267  9240 14635 D StrictMode: 	at java.lang.Thread.run(Thread.java:1012)
03-13 14:48:32.267  9240 14635 D StrictMode: 	at adgi.run(PG:63)
03-13 14:48:32.269 16235 16344 D EventBus: No subscribers registered for event class com.microsoft.clarity.f70.a
03-13 14:48:32.269 16235 16344 D EventBus: No subscribers registered for event class com.microsoft.clarity.i21.g
03-13 14:48:32.270  9240 14635 D StrictMode: StrictMode policy violation: android.os.strictmode.DiskWriteViolation
03-13 14:48:32.270  9240 14635 D StrictMode: 	at android.os.StrictMode$AndroidBlockGuardPolicy.onWriteToDisk(StrictMode.java:1622)
03-13 14:48:32.270  9240 14635 D StrictMode: 	at libcore.io.BlockGuardOs.write(BlockGuardOs.java:447)
03-13 14:48:32.270  9240 14635 D StrictMode: 	at libcore.io.ForwardingOs.write(ForwardingOs.java:943)
03-13 14:48:32.270  9240 14635 D StrictMode: 	at libcore.io.IoBridge.write(IoBridge.java:646)
03-13 14:48:32.270  9240 14635 D StrictMode: 	at java.io.FileOutputStream.write(FileOutputStream.java:432)
03-13 14:48:32.270  9240 14635 D StrictMode: 	at com.android.internal.util.FastXmlSerializer.flushBytes(FastXmlSerializer.java:253)
03-13 14:48:32.270  9240 14635 D StrictMode: 	at com.android.internal.util.FastXmlSerializer.flush(FastXmlSerializer.java:274)
03-13 14:48:32.270  9240 14635 D StrictMode: 	at com.android.internal.util.FastXmlSerializer.append(FastXmlSerializer.java:113)
03-13 14:48:32.270  9240 14635 D StrictMode: 	at com.android.internal.util.FastXmlSerializer.escapeAndAppendString(FastXmlSerializer.java:166)
03-13 14:48:32.270  9240 14635 D StrictMode: 	at com.android.internal.util.FastXmlSerializer.attribute(FastXmlSerializer.java:197)
03-13 14:48:32.270  9240 14635 D StrictMode: 	at com.android.internal.util.XmlSerializerWrapper.attribute(XmlSerializerWrapper.java:97)
03-13 14:48:32.270  9240 14635 D StrictMode: 	at com.android.internal.util.XmlUtils.writeValueXml(XmlUtils.java:880)
03-13 14:48:32.270  9240 14635 D StrictMode: 	at com.android.internal.util.XmlUtils.writeMapXml(XmlUtils.java:516)
03-13 14:48:32.270  9240 14635 D StrictMode: 	at com.android.internal.util.XmlUtils.writeMapXml(XmlUtils.java:485)
03-13 14:48:32.270  9240 14635 D StrictMode: 	at com.android.internal.util.XmlUtils.writeMapXml(XmlUtils.java:451)
03-13 14:48:32.270  9240 14635 D StrictMode: 	at com.android.internal.util.XmlUtils.writeMapXml(XmlUtils.java:408)
03-13 14:48:32.270  9240 14635 D StrictMode: 	at android.app.SharedPreferencesImpl.writeToFile(SharedPreferencesImpl.java:803)
03-13 14:48:32.270  9240 14635 D StrictMode: 	at android.app.SharedPreferencesImpl.-$$Nest$mwriteToFile(Unknown Source:0)
03-13 14:48:32.270  9240 14635 D StrictMode: 	at android.app.SharedPreferencesImpl$2.run(SharedPreferencesImpl.java:672)
03-13 14:48:32.270  9240 14635 D StrictMode: 	at android.app.SharedPreferencesImpl.enqueueDiskWrite(SharedPreferencesImpl.java:691)
03-13 14:48:32.270  9240 14635 D StrictMode: 	at android.app.SharedPreferencesImpl.-$$Nest$menqueueDiskWrite(Unknown Source:0)
03-13 14:48:32.270  9240 14635 D StrictMode: 	at android.app.SharedPreferencesImpl$EditorImpl.commit(SharedPreferencesImpl.java:604)
03-13 14:48:32.270  9240 14635 D StrictMode: 	at rbl.c(PG:141)
03-13 14:48:32.270  9240 14635 D StrictMode: 	at rbb.c(PG:12)
03-13 14:48:32.270  9240 14635 D StrictMode: 	at rkk.a(PG:348)
03-13 14:48:32.270  9240 14635 D StrictMode: 	at bgmc.c(PG:3)
03-13 14:48:32.270  9240 14635 D StrictMode: 	at bgme.run(PG:38)
03-13 14:48:32.270  9240 14635 D StrictMode: 	at adfp.run(PG:3)
03-13 14:48:32.270  9240 14635 D StrictMode: 	at bgdf.run(PG:50)
03-13 14:48:32.270  9240 14635 D StrictMode: 	at sil.run(PG:33)
03-13 14:48:32.270  9240 14635 D StrictMode: 	at java.lang.Thread.run(Thread.java:1012)
03-13 14:48:32.270  9240 14635 D StrictMode: 	at adgi.run(PG:63)
03-13 14:48:32.271  9240 14635 D StrictMode: StrictMode policy violation: android.os.strictmode.DiskWriteViolation
03-13 14:48:32.271  9240 14635 D StrictMode: 	at android.os.StrictMode$AndroidBlockGuardPolicy.onWriteToDisk(StrictMode.java:1622)
03-13 14:48:32.271  9240 14635 D StrictMode: 	at libcore.io.BlockGuardOs.write(BlockGuardOs.java:447)
03-13 14:48:32.271  9240 14635 D StrictMode: 	at libcore.io.ForwardingOs.write(ForwardingOs.java:943)
03-13 14:48:32.271  9240 14635 D StrictMode: 	at libcore.io.IoBridge.write(IoBridge.java:646)
03-13 14:48:32.271  9240 14635 D StrictMode: 	at java.io.FileOutputStream.write(FileOutputStream.java:432)
03-13 14:48:32.271  9240 14635 D StrictMode: 	at com.android.internal.util.FastXmlSerializer.flushBytes(FastXmlSerializer.java:253)
03-13 14:48:32.271  9240 14635 D StrictMode: 	at com.android.internal.util.FastXmlSerializer.flush(FastXmlSerializer.java:274)
03-13 14:48:32.271  9240 14635 D StrictMode: 	at com.android.internal.util.FastXmlSerializer.endDocument(FastXmlSerializer.java:219)
03-13 14:48:32.271  9240 14635 D StrictMode: 	at com.android.internal.util.XmlSerializerWrapper.endDocument(XmlSerializerWrapper.java:68)
03-13 14:48:32.271  9240 14635 D StrictMode: 	at com.android.internal.util.XmlUtils.writeMapXml(XmlUtils.java:409)
03-13 14:48:32.271  9240 14635 D StrictMode: 	at android.app.SharedPreferencesImpl.writeToFile(SharedPreferencesImpl.java:803)
03-13 14:48:32.271  9240 14635 D StrictMode: 	at android.app.SharedPreferencesImpl.-$$Nest$mwriteToFile(Unknown Source:0)
03-13 14:48:32.271  9240 14635 D StrictMode: 	at android.app.SharedPreferencesImpl$2.run(SharedPreferencesImpl.java:672)
03-13 14:48:32.271  9240 14635 D StrictMode: 	at android.app.SharedPreferencesImpl.enqueueDiskWrite(SharedPreferencesImpl.java:691)
03-13 14:48:32.271  9240 14635 D StrictMode: 	at android.app.SharedPreferencesImpl.-$$Nest$menqueueDiskWrite(Unknown Source:0)
03-13 14:48:32.271  9240 14635 D StrictMode: 	at android.app.SharedPreferencesImpl$EditorImpl.commit(SharedPreferencesImpl.java:604)
03-13 14:48:32.271  9240 14635 D StrictMode: 	at rbl.c(PG:141)
03-13 14:48:32.271  9240 14635 D StrictMode: 	at rbb.c(PG:12)
03-13 14:48:32.271  9240 14635 D StrictMode: 	at rkk.a(PG:348)
03-13 14:48:32.271  9240 14635 D StrictMode: 	at bgmc.c(PG:3)
03-13 14:48:32.271  9240 14635 D StrictMode: 	at bgme.run(PG:38)
03-13 14:48:32.271  9240 14635 D StrictMode: 	at adfp.run(PG:3)
03-13 14:48:32.271  9240 14635 D StrictMode: 	at bgdf.run(PG:50)
03-13 14:48:32.271  9240 14635 D StrictMode: 	at sil.run(PG:33)
03-13 14:48:32.271  9240 14635 D StrictMode: 	at java.lang.Thread.run(Thread.java:1012)
03-13 14:48:32.271  9240 14635 D StrictMode: 	at adgi.run(PG:63)
03-13 14:48:32.273  9240 14635 D StrictMode: StrictMode policy violation: android.os.strictmode.DiskWriteViolation
03-13 14:48:32.273  9240 14635 D StrictMode: 	at android.os.StrictMode$AndroidBlockGuardPolicy.onWriteToDisk(StrictMode.java:1622)
03-13 14:48:32.273  9240 14635 D StrictMode: 	at libcore.io.BlockGuardOs.chmod(BlockGuardOs.java:81)
03-13 14:48:32.273  9240 14635 D StrictMode: 	at libcore.io.ForwardingOs.chmod(ForwardingOs.java:165)
03-13 14:48:32.273  9240 14635 D StrictMode: 	at android.system.Os.chmod(Os.java:119)
03-13 14:48:32.273  9240 14635 D StrictMode: 	at android.os.FileUtils.setPermissions(FileUtils.java:169)
03-13 14:48:32.273  9240 14635 D StrictMode: 	at android.app.ContextImpl.setFilePermissionsFromMode(ContextImpl.java:3678)
03-13 14:48:32.273  9240 14635 D StrictMode: 	at android.app.SharedPreferencesImpl.writeToFile(SharedPreferencesImpl.java:812)
03-13 14:48:32.273  9240 14635 D StrictMode: 	at android.app.SharedPreferencesImpl.-$$Nest$mwriteToFile(Unknown Source:0)
03-13 14:48:32.273  9240 14635 D StrictMode: 	at android.app.SharedPreferencesImpl$2.run(SharedPreferencesImpl.java:672)
03-13 14:48:32.273  9240 14635 D StrictMode: 	at android.app.SharedPreferencesImpl.enqueueDiskWrite(SharedPreferencesImpl.java:691)
03-13 14:48:32.273  9240 14635 D StrictMode: 	at android.app.SharedPreferencesImpl.-$$Nest$menqueueDiskWrite(Unknown Source:0)
03-13 14:48:32.273  9240 14635 D StrictMode: 	at android.app.SharedPreferencesImpl$EditorImpl.commit(SharedPreferencesImpl.java:604)
03-13 14:48:32.273  9240 14635 D StrictMode: 	at rbl.c(PG:141)
03-13 14:48:32.273  9240 14635 D StrictMode: 	at rbb.c(PG:12)
03-13 14:48:32.273  9240 14635 D StrictMode: 	at rkk.a(PG:348)
03-13 14:48:32.273  9240 14635 D StrictMode: 	at bgmc.c(PG:3)
03-13 14:48:32.273  9240 14635 D StrictMode: 	at bgme.run(PG:38)
03-13 14:48:32.273  9240 14635 D StrictMode: 	at adfp.run(PG:3)
03-13 14:48:32.273  9240 14635 D StrictMode: 	at bgdf.run(PG:50)
03-13 14:48:32.273  9240 14635 D StrictMode: 	at sil.run(PG:33)
03-13 14:48:32.273  9240 14635 D StrictMode: 	at java.lang.Thread.run(Thread.java:1012)
03-13 14:48:32.273  9240 14635 D StrictMode: 	at adgi.run(PG:63)
03-13 14:48:32.274  9240 14635 D StrictMode: StrictMode policy violation: android.os.strictmode.DiskReadViolation
03-13 14:48:32.274  9240 14635 D StrictMode: 	at android.os.StrictMode$AndroidBlockGuardPolicy.onReadFromDisk(StrictMode.java:1666)
03-13 14:48:32.274  9240 14635 D StrictMode: 	at libcore.io.BlockGuardOs.stat(BlockGuardOs.java:419)
03-13 14:48:32.274  9240 14635 D StrictMode: 	at libcore.io.ForwardingOs.stat(ForwardingOs.java:846)
03-13 14:48:32.274  9240 14635 D StrictMode: 	at android.app.ActivityThread$AndroidOs.stat(ActivityThread.java:9084)
03-13 14:48:32.274  9240 14635 D StrictMode: 	at android.system.Os.stat(Os.java:904)
03-13 14:48:32.274  9240 14635 D StrictMode: 	at android.app.SharedPreferencesImpl.writeToFile(SharedPreferencesImpl.java:819)
03-13 14:48:32.274  9240 14635 D StrictMode: 	at android.app.SharedPreferencesImpl.-$$Nest$mwriteToFile(Unknown Source:0)
03-13 14:48:32.274  9240 14635 D StrictMode: 	at android.app.SharedPreferencesImpl$2.run(SharedPreferencesImpl.java:672)
03-13 14:48:32.274  9240 14635 D StrictMode: 	at android.app.SharedPreferencesImpl.enqueueDiskWrite(SharedPreferencesImpl.java:691)
03-13 14:48:32.274  9240 14635 D StrictMode: 	at android.app.SharedPreferencesImpl.-$$Nest$menqueueDiskWrite(Unknown Source:0)
03-13 14:48:32.274  9240 14635 D StrictMode: 	at android.app.SharedPreferencesImpl$EditorImpl.commit(SharedPreferencesImpl.java:604)
03-13 14:48:32.274  9240 14635 D StrictMode: 	at rbl.c(PG:141)
03-13 14:48:32.274  9240 14635 D StrictMode: 	at rbb.c(PG:12)
03-13 14:48:32.274  9240 14635 D StrictMode: 	at rkk.a(PG:348)
03-13 14:48:32.274  9240 14635 D StrictMode: 	at bgmc.c(PG:3)
03-13 14:48:32.274  9240 14635 D StrictMode: 	at bgme.run(PG:38)
03-13 14:48:32.274  9240 14635 D StrictMode: 	at adfp.run(PG:3)
03-13 14:48:32.274  9240 14635 D StrictMode: 	at bgdf.run(PG:50)
03-13 14:48:32.274  9240 14635 D StrictMode: 	at sil.run(PG:33)
03-13 14:48:32.274  9240 14635 D StrictMode: 	at java.lang.Thread.run(Thread.java:1012)
03-13 14:48:32.274  9240 14635 D StrictMode: 	at adgi.run(PG:63)
03-13 14:48:32.275  9240 14635 D StrictMode: StrictMode policy violation: android.os.strictmode.DiskWriteViolation
03-13 14:48:32.275  9240 14635 D StrictMode: 	at android.os.StrictMode$AndroidBlockGuardPolicy.onWriteToDisk(StrictMode.java:1622)
03-13 14:48:32.275  9240 14635 D StrictMode: 	at libcore.io.BlockGuardOs.remove(BlockGuardOs.java:365)
03-13 14:48:32.275  9240 14635 D StrictMode: 	at libcore.io.ForwardingOs.remove(ForwardingOs.java:673)
03-13 14:48:32.275  9240 14635 D StrictMode: 	at android.app.ActivityThread$AndroidOs.remove(ActivityThread.java:9102)
03-13 14:48:32.275  9240 14635 D StrictMode: 	at java.io.UnixFileSystem.delete(UnixFileSystem.java:382)
03-13 14:48:32.275  9240 14635 D StrictMode: 	at java.io.File.delete(File.java:1051)
03-13 14:48:32.275  9240 14635 D StrictMode: 	at android.app.SharedPreferencesImpl.writeToFile(SharedPreferencesImpl.java:833)
03-13 14:48:32.275  9240 14635 D StrictMode: 	at android.app.SharedPreferencesImpl.-$$Nest$mwriteToFile(Unknown Source:0)
03-13 14:48:32.275  9240 14635 D StrictMode: 	at android.app.SharedPreferencesImpl$2.run(SharedPreferencesImpl.java:672)
03-13 14:48:32.275  9240 14635 D StrictMode: 	at android.app.SharedPreferencesImpl.enqueueDiskWrite(SharedPreferencesImpl.java:691)
03-13 14:48:32.275  9240 14635 D StrictMode: 	at android.app.SharedPreferencesImpl.-$$Nest$menqueueDiskWrite(Unknown Source:0)
03-13 14:48:32.275  9240 14635 D StrictMode: 	at android.app.SharedPreferencesImpl$EditorImpl.commit(SharedPreferencesImpl.java:604)
03-13 14:48:32.275  9240 14635 D StrictMode: 	at rbl.c(PG:141)
03-13 14:48:32.275  9240 14635 D StrictMode: 	at rbb.c(PG:12)
03-13 14:48:32.275  9240 14635 D StrictMode: 	at rkk.a(PG:348)
03-13 14:48:32.275  9240 14635 D StrictMode: 	at bgmc.c(PG:3)
03-13 14:48:32.275  9240 14635 D StrictMode: 	at bgme.run(PG:38)
03-13 14:48:32.275  9240 14635 D StrictMode: 	at adfp.run(PG:3)
03-13 14:48:32.275  9240 14635 D StrictMode: 	at bgdf.run(PG:50)
03-13 14:48:32.275  9240 14635 D StrictMode: 	at sil.run(PG:33)
03-13 14:48:32.275  9240 14635 D StrictMode: 	at java.lang.Thread.run(Thread.java:1012)
03-13 14:48:32.275  9240 14635 D StrictMode: 	at adgi.run(PG:63)
03-13 14:48:32.290 16235 16318 D nativeloader: Load /data/app/~~KqzdalNSP48jbng_5csdbA==/com.microsoft.bing-3fIsz72pcYT8UlSnuzpffQ==/lib/arm64/libBingMaps-MapControl.so using ns clns-5 from class loader (caller=/data/app/~~KqzdalNSP48jbng_5csdbA==/com.microsoft.bing-3fIsz72pcYT8UlSnuzpffQ==/base.apk!classes3.dex): ok
03-13 14:48:32.292 16235 16318 D BingMaps: JNI_OnLoad
03-13 14:48:32.295 16235 16311 D EventBus: No subscribers registered for event class com.microsoft.clarity.mg0.e
03-13 14:48:32.295 16235 16311 D EventBus: No subscribers registered for event class com.microsoft.clarity.i21.g
03-13 14:48:32.346 16235 16356 I OneAuthLog: [OneAuth:0002:Info::00000000] [Common] [2025-03-13 09:18:32 - thread_id: 67553, correlation_id: UNSET - Android 34] Broker Discovery is enabled. Use the new logic on the SDK side   
03-13 14:48:32.358 16235 16283 D TokenSharingManager_v1.7.1: Library works in release mode
03-13 14:48:32.358 16235 16283 D TokenSharingManager_v1.7.1: Library works in release mode
03-13 14:48:32.372 16235 16356 I OneAuthLog: [OneAuth:0002:Info::00000000] [Common] [2025-03-13 09:18:32 - thread_id: 67602, correlation_id: UNSET - Android 34] Key is loaded with thumbprint: 6hPwEP8rPdAFrY_uSPeTH-Tc0ZpNkcIE7lECZulXRe4   
03-13 14:48:32.373 16235 16356 I OneAuthLog: [OneAuth:0002:Info::00000000] [Common] [2025-03-13 09:18:32 - thread_id: 67602, correlation_id: UNSET - Android 34] Loaded 1 AccountRecords   
03-13 14:48:32.378 16235 16281 D EventBus: No subscribers registered for event class com.microsoft.clarity.cc0.g
03-13 14:48:32.378 16235 16281 D EventBus: No subscribers registered for event class com.microsoft.clarity.i21.g
03-13 14:48:32.378 16235 16281 D EventBus: No subscribers registered for event class com.microsoft.clarity.cc0.g
03-13 14:48:32.378 16235 16281 D EventBus: No subscribers registered for event class com.microsoft.clarity.i21.g
03-13 14:48:32.380  9240  9240 W asfn    : Label map of visible labels is empty for thread thread-f:1826469249250450652: 
03-13 14:48:32.396 16235 16368 I com.microsoft.tokenshare.RemoteTokenShareConfiguration_v1.7.1: loadConfiguration: loaded from cache
03-13 14:48:32.398  9240  9240 W asfn    : Label map of visible labels is empty for thread thread-f:1826469249250450652: 
03-13 14:48:32.399 16235 16356 I OneAuthLog: [OneAuth:0002:Info::00000000] [Common] [2025-03-13 09:18:32 - thread_id: 67602, correlation_id: UNSET - Android 34] Loaded 9 Credentials   
