03-13 15:06:14.389 18401 18401 D MainActivity: Alarm permission granted
03-13 15:06:14.400 18401 18401 D ReminderViewModel: Today's reminders count: 0
03-13 15:06:14.401 18401 18401 D MainActivity: NavController initialized successfully
03-13 15:06:14.401 18401 18401 D MainActivity: Navigated to: 2131362294
03-13 15:06:14.416 18401 18401 D ReminderViewModel: Today's reminders count: 0
03-13 15:06:14.418 18401 18401 D NotificationHelper: Notification channels created
03-13 15:06:14.418 18401 18401 D NotificationHelper: Notification permission already granted
03-13 15:06:14.423 18401 18401 D CacheManager: No cached data found for key: festivals
03-13 15:06:14.423 18401 18401 D FestivalRepository: Cache expired or not available, fetching from server
03-13 15:06:14.426 18401 21562 D FestivalRepository: Updated unread count: 0
03-13 15:06:14.429 18401 21460 I okhttp.OkHttpClient: --> GET https://eventwishes.onrender.com/api/festivals/upcoming
03-13 15:06:14.430 18401 21460 I okhttp.OkHttpClient: --> END GET
03-13 15:06:14.430 18401 18401 D FestivalViewModel: Notifications already scheduled today (server time), skipping
03-13 15:06:14.430 18401 18401 D CacheManager: Cleared all cache data
03-13 15:06:14.456 18401 21460 D TrafficStats: tagSocket(212) with statsTag=0xffffffff, statsUid=-1
03-13 15:06:14.466 18401 18401 D VivoConfigStore: key:vivo.software.springeffect isCached is true and value is true
03-13 15:06:14.548 18401 21450 I okhttp.OkHttpClient: <-- 404 Not Found https://eventwishes.onrender.com/api/tokens/register (1249ms)
03-13 15:06:14.548 18401 21450 I okhttp.OkHttpClient: Date: Thu, 13 Mar 2025 09:36:14 GMT
03-13 15:06:14.548 18401 21450 I okhttp.OkHttpClient: Content-Type: text/html; charset=utf-8
03-13 15:06:14.548 18401 21450 I okhttp.OkHttpClient: Transfer-Encoding: chunked
03-13 15:06:14.549 18401 21450 I okhttp.OkHttpClient: Connection: keep-alive
03-13 15:06:14.549 18401 21450 I okhttp.OkHttpClient: access-control-allow-origin: *
03-13 15:06:14.549 18401 21450 I okhttp.OkHttpClient: content-security-policy: default-src 'none'
03-13 15:06:14.549 18401 21450 I okhttp.OkHttpClient: rndr-id: 67dbbd8d-5557-41fb
03-13 15:06:14.549 18401 21450 I okhttp.OkHttpClient: vary: Accept-Encoding
03-13 15:06:14.549 18401 21450 I okhttp.OkHttpClient: x-content-type-options: nosniff
03-13 15:06:14.549 18401 21450 I okhttp.OkHttpClient: x-powered-by: Express
03-13 15:06:14.549 18401 21450 I okhttp.OkHttpClient: x-render-origin-server: Render
03-13 15:06:14.550 18401 21450 I okhttp.OkHttpClient: cf-cache-status: DYNAMIC
03-13 15:06:14.550 18401 21450 I okhttp.OkHttpClient: Server: cloudflare
03-13 15:06:14.550 18401 21450 I okhttp.OkHttpClient: CF-RAY: 91fa8bb5bcbc33c6-DEL
03-13 15:06:14.550 18401 21450 I okhttp.OkHttpClient: alt-svc: h3=":443"; ma=86400
03-13 15:06:14.550 18401 21450 I okhttp.OkHttpClient: Cache-Control: max-age=300
03-13 15:06:14.553 18401 21450 I okhttp.OkHttpClient: <!DOCTYPE html>
03-13 15:06:14.553 18401 21450 I okhttp.OkHttpClient: <html lang="en">
03-13 15:06:14.553 18401 21450 I okhttp.OkHttpClient: <head>
03-13 15:06:14.553 18401 21450 I okhttp.OkHttpClient: <meta charset="utf-8">
03-13 15:06:14.553 18401 21450 I okhttp.OkHttpClient: <title>Error</title>
03-13 15:06:14.553 18401 21450 I okhttp.OkHttpClient: </head>
03-13 15:06:14.553 18401 21450 I okhttp.OkHttpClient: <body>
03-13 15:06:14.553 18401 21450 I okhttp.OkHttpClient: <pre>Cannot POST /api/tokens/register</pre>
03-13 15:06:14.553 18401 21450 I okhttp.OkHttpClient: </body>
03-13 15:06:14.553 18401 21450 I okhttp.OkHttpClient: </html>
03-13 15:06:14.553 18401 21450 I okhttp.OkHttpClient: <-- END HTTP (159-byte body)
03-13 15:06:14.586  5768  5768 W Finsky  : [2] aisv.b(131): STU: Failed to get storage stats for package 'com.google.mainline.primary.libs' (1601: Error getting stats: android.content.pm.PackageManager.NameNotFoundException)
03-13 15:06:14.605  5768  5768 W Finsky  : [2] aisv.b(131): STU: Failed to get storage stats for package 'com.android.wifi' (1601: Error getting stats: android.content.pm.PackageManager.NameNotFoundException)
03-13 15:06:14.680  5768  5768 W Finsky  : [2] aisv.b(131): STU: Failed to get storage stats for package 'com.android.apex.cts.shim' (1601: Error getting stats: android.content.pm.PackageManager.NameNotFoundException)
03-13 15:06:14.704 18401 18401 D TemplateRepository: TemplateRepository initialized with enhanced caching and offline support
03-13 15:06:14.706 18401 18401 D HomeFragment: onViewCreated called
03-13 15:06:14.708 18401 18401 D HomeViewModel: Initializing HomeViewModel with category: All
03-13 15:06:14.708 18401 18401 D HomeViewModel: Loading templates - refresh: false
03-13 15:06:14.708 18401 18401 D TemplateRepository: Loading templates - page: 1, category: All, forceRefresh: false
03-13 15:06:14.709  5768  5768 W Finsky  : [2] aisv.b(131): STU: Failed to get storage stats for package 'com.google.android.appsearch' (1601: Error getting stats: android.content.pm.PackageManager.NameNotFoundException)
03-13 15:06:14.710  5768  5768 W Finsky  : [2] aisv.b(131): STU: Failed to get storage stats for package 'com.google.android.art' (1601: Error getting stats: android.content.pm.PackageManager.NameNotFoundException)
03-13 15:06:14.718 18401 18401 D ResourceCache: Cache hit (disk): template_templates_page_1
03-13 15:06:14.718 18401 18401 D ResourceCache: Cache hit (memory): template_templates_page_1
03-13 15:06:14.718 18401 18401 D AndroidRuntime: Shutting down VM
--------- beginning of crash
03-13 15:06:14.720 18401 18401 E AndroidRuntime: FATAL EXCEPTION: main
03-13 15:06:14.720 18401 18401 E AndroidRuntime: Process: com.ds.eventwish, PID: 18401
03-13 15:06:14.720 18401 18401 E AndroidRuntime: java.lang.ClassCastException: com.google.gson.internal.LinkedTreeMap cannot be cast to com.google.gson.JsonObject
03-13 15:06:14.720 18401 18401 E AndroidRuntime: 	at com.ds.eventwish.data.repository.ResourceRepository.getResource(ResourceRepository.java:407)
03-13 15:06:14.720 18401 18401 E AndroidRuntime: 	at com.ds.eventwish.data.repository.TemplateRepository.loadTemplates(TemplateRepository.java:265)
03-13 15:06:14.720 18401 18401 E AndroidRuntime: 	at com.ds.eventwish.ui.home.HomeViewModel.loadTemplates(HomeViewModel.java:284)
03-13 15:06:14.720 18401 18401 E AndroidRuntime: 	at com.ds.eventwish.ui.home.HomeViewModel.init(HomeViewModel.java:134)
03-13 15:06:14.720 18401 18401 E AndroidRuntime: 	at com.ds.eventwish.ui.home.HomeFragment.onViewCreated(HomeFragment.java:85)
03-13 15:06:14.720 18401 18401 E AndroidRuntime: 	at androidx.fragment.app.Fragment.performViewCreated(Fragment.java:3147)
03-13 15:06:14.720 18401 18401 E AndroidRuntime: 	at androidx.fragment.app.FragmentStateManager.createView(FragmentStateManager.java:588)
03-13 15:06:14.720 18401 18401 E AndroidRuntime: 	at androidx.fragment.app.FragmentStateManager.moveToExpectedState(FragmentStateManager.java:272)
03-13 15:06:14.720 18401 18401 E AndroidRuntime: 	at androidx.fragment.app.FragmentStore.moveToExpectedState(FragmentStore.java:114)
03-13 15:06:14.720 18401 18401 E AndroidRuntime: 	at androidx.fragment.app.FragmentManager.moveToState(FragmentManager.java:1455)
03-13 15:06:14.720 18401 18401 E AndroidRuntime: 	at androidx.fragment.app.FragmentManager.dispatchStateChange(FragmentManager.java:3034)
03-13 15:06:14.720 18401 18401 E AndroidRuntime: 	at androidx.fragment.app.FragmentManager.dispatchViewCreated(FragmentManager.java:2945)
03-13 15:06:14.720 18401 18401 E AndroidRuntime: 	at androidx.fragment.app.Fragment.performViewCreated(Fragment.java:3148)
03-13 15:06:14.720 18401 18401 E AndroidRuntime: 	at androidx.fragment.app.FragmentStateManager.createView(FragmentStateManager.java:588)
03-13 15:06:14.720 18401 18401 E AndroidRuntime: 	at androidx.fragment.app.FragmentStateManager.moveToExpectedState(FragmentStateManager.java:272)
03-13 15:06:14.720 18401 18401 E AndroidRuntime: 	at androidx.fragment.app.FragmentStore.moveToExpectedState(FragmentStore.java:114)
03-13 15:06:14.720 18401 18401 E AndroidRuntime: 	at androidx.fragment.app.FragmentManager.moveToState(FragmentManager.java:1455)
03-13 15:06:14.720 18401 18401 E AndroidRuntime: 	at androidx.fragment.app.FragmentManager.dispatchStateChange(FragmentManager.java:3034)
03-13 15:06:14.720 18401 18401 E AndroidRuntime: 	at androidx.fragment.app.FragmentManager.dispatchActivityCreated(FragmentManager.java:2952)
03-13 15:06:14.720 18401 18401 E AndroidRuntime: 	at androidx.fragment.app.FragmentController.dispatchActivityCreated(FragmentController.java:263)
03-13 15:06:14.720 18401 18401 E AndroidRuntime: 	at androidx.fragment.app.FragmentActivity.onStart(FragmentActivity.java:350)
03-13 15:06:14.720 18401 18401 E AndroidRuntime: 	at androidx.appcompat.app.AppCompatActivity.onStart(AppCompatActivity.java:251)
03-13 15:06:14.720 18401 18401 E AndroidRuntime: 	at com.ds.eventwish.MainActivity.onStart(MainActivity.java:374)
03-13 15:06:14.720 18401 18401 E AndroidRuntime: 	at android.app.Instrumentation.callActivityOnStart(Instrumentation.java:1582)
03-13 15:06:14.720 18401 18401 E AndroidRuntime: 	at android.app.Activity.performStart(Activity.java:8980)
03-13 15:06:14.720 18401 18401 E AndroidRuntime: 	at android.app.ActivityThread.handleStartActivity(ActivityThread.java:4334)
03-13 15:06:14.720 18401 18401 E AndroidRuntime: 	at android.app.servertransaction.TransactionExecutor.performLifecycleSequence(TransactionExecutor.java:225)
03-13 15:06:14.720 18401 18401 E AndroidRuntime: 	at android.app.servertransaction.TransactionExecutor.cycleToPath(TransactionExecutor.java:205)
03-13 15:06:14.720 18401 18401 E AndroidRuntime: 	at android.app.servertransaction.TransactionExecutor.executeLifecycleState(TransactionExecutor.java:177)
03-13 15:06:14.720 18401 18401 E AndroidRuntime: 	at android.app.servertransaction.TransactionExecutor.execute(TransactionExecutor.java:98)
03-13 15:06:14.720 18401 18401 E AndroidRuntime: 	at android.app.ActivityThread$H.handleMessage(ActivityThread.java:2846)
03-13 15:06:14.720 18401 18401 E AndroidRuntime: 	at android.os.Handler.dispatchMessage(Handler.java:108)
03-13 15:06:14.720 18401 18401 E AndroidRuntime: 	at android.os.Looper.loopOnce(Looper.java:226)
03-13 15:06:14.720 18401 18401 E AndroidRuntime: 	at android.os.Looper.loop(Looper.java:328)
03-13 15:06:14.720 18401 18401 E AndroidRuntime: 	at android.app.ActivityThread.main(ActivityThread.java:9213)
03-13 15:06:14.720 18401 18401 E AndroidRuntime: 	at java.lang.reflect.Method.invoke(Native Method)
03-13 15:06:14.720 18401 18401 E AndroidRuntime: 	at com.android.internal.os.RuntimeInit$MethodAndArgsCaller.run(RuntimeInit.java:594)
03-13 15:06:14.720 18401 18401 E AndroidRuntime: 	at com.android.internal.os.ZygoteInit.main(ZygoteInit.java:1099)
03-13 15:06:14.737 18401 18401 I Process : Sending signal. PID: 18401 SIG: 9
03-13 15:06:14.743  5768  5768 W Finsky  : [2] aisv.b(131): STU: Failed to get storage stats for package 'com.google.android.mediaprovider' (1601: Error getting stats: android.content.pm.PackageManager.NameNotFoundException)
03-13 15:06:14.762  5768  5768 W Finsky  : [2] aisv.b(131): STU: Failed to get storage stats for package 'com.android.virt' (1601: Error getting stats: android.content.pm.PackageManager.NameNotFoundException)
03-13 15:06:14.769 21517 21517 I cr_ChildProcessService: Destroying ChildProcessService pid=21517
03-13 15:06:14.769 25650 25650 D BoundBrokerSvc: onUnbind: Intent { act=com.google.android.gms.safebrowsing.SafeBrowsingService.START dat=chimera-action:/... cmp=com.google.android.gms/.chimera.GmsBoundBrokerService }
03-13 15:06:14.771 21517 21517 I ocessService0:0: System.exit called, status: 0
03-13 15:06:14.771 21517 21517 I AndroidRuntime: VM exiting with result code 0, cleanup skipped.
03-13 15:06:14.787  5768  5768 W Finsky  : [2] aisv.b(131): STU: Failed to get storage stats for package 'com.google.android.resolv' (1601: Error getting stats: android.content.pm.PackageManager.NameNotFoundException)
03-13 15:06:14.791 25650 25650 D BoundBrokerSvc: onUnbind: Intent { act=com.google.android.gms.appset.service.START dat=chimera-action:/... cmp=com.google.android.gms/.chimera.GmsApiService }
03-13 15:06:14.818 21572 21572 W getprop : type=1400 audit(0.0:2837956): avc:  denied  { open } for  path="/dev/__properties__/u:object_r:vendor_camera_software_moonlight_prop:s0" dev="tmpfs" ino=8774 scontext=u:r:shell:s0 tcontext=u:object_r:vendor_camera_software_moonlight_prop:s0 tclass=file permissive=0
03-13 15:06:14.848  5768  5768 W Finsky  : [2] aisv.b(131): STU: Failed to get storage stats for package 'com.google.android.configinfrastructure' (1601: Error getting stats: android.content.pm.PackageManager.NameNotFoundException)
03-13 15:06:14.849  5768  5768 W Finsky  : [2] aisv.b(131): STU: Failed to get storage stats for package 'com.google.android.media' (1601: Error getting stats: android.content.pm.PackageManager.NameNotFoundException)
03-13 15:06:14.879  5768  5768 W Finsky  : [2] aisv.b(131): STU: Failed to get storage stats for package 'com.android.vndk.v31' (1601: Error getting stats: android.content.pm.PackageManager.NameNotFoundException)
03-13 15:06:14.881  5768  5768 W Finsky  : [2] aisv.b(131): STU: Failed to get storage stats for package 'com.android.vndk.v30' (1601: Error getting stats: android.content.pm.PackageManager.NameNotFoundException)
03-13 15:06:14.884  5768  5768 W Finsky  : [2] aisv.b(131): STU: Failed to get storage stats for package 'com.android.vndk.v33' (1601: Error getting stats: android.content.pm.PackageManager.NameNotFoundException)
03-13 15:06:14.899  5768  5768 W Finsky  : [2] aisv.b(131): STU: Failed to get storage stats for package 'com.android.vndk.v34' (1601: Error getting stats: android.content.pm.PackageManager.NameNotFoundException)
03-13 15:06:14.898 21581 21581 W getprop : type=1400 audit(0.0:2837957): avc:  denied  { open } for  path="/dev/__properties__/u:object_r:vendor_camera_software_moonlight_prop:s0" dev="tmpfs" ino=8774 scontext=u:r:shell:s0 tcontext=u:object_r:vendor_camera_software_moonlight_prop:s0 tclass=file permissive=0
03-13 15:06:14.900 10090 10090 I GoogleInputMethodService: GoogleInputMethodService.onFinishInput():2090 
03-13 15:06:14.907 10090 10090 I Module  : DeviceLockedStatusModuleProvider$Module.updateDeviceLockedStatus():100 repeatCheckTimes = 0, locked = false
03-13 15:06:14.908 10090 10090 I GoogleInputMethodService: GoogleInputMethodService.onStartInput():1357 onStartInput(EditorInfo{EditorInfo{packageName=com.android.launcher3, inputType=0, inputTypeString=NULL, enableLearning=false, autoCorrection=false, autoComplete=false, imeOptions=0, privateImeOptions=null, actionName=UNSPECIFIED, actionLabel=null, initialSelStart=-1, initialSelEnd=-1, initialCapsMode=0, label=null, fieldId=0, fieldName=null, extras=null, hintText=null, hintLocales=[]}}, false)
03-13 15:06:14.909 10090 10090 I Module  : DeviceLockedStatusModuleProvider$Module.updateDeviceLockedStatus():100 repeatCheckTimes = 1, locked = false
03-13 15:06:14.953  5768  5768 W Finsky  : [2] aisv.b(131): STU: Failed to get storage stats for package 'com.google.android.sdkext' (1601: Error getting stats: android.content.pm.PackageManager.NameNotFoundException)
03-13 15:06:14.964  5768  5768 W Finsky  : [2] aisv.b(131): STU: Failed to get storage stats for package 'com.google.android.adservices' (1601: Error getting stats: android.content.pm.PackageManager.NameNotFoundException)
03-13 15:06:14.965  5768  5768 W Finsky  : [2] aisv.b(131): STU: Failed to get storage stats for package 'com.google.android.tethering' (1601: Error getting stats: android.content.pm.PackageManager.NameNotFoundException)
03-13 15:06:14.981  5768  5768 W Finsky  : [2] aisv.b(131): STU: Failed to get storage stats for package 'com.android.runtime' (1601: Error getting stats: android.content.pm.PackageManager.NameNotFoundException)
03-13 15:06:14.997  5768  5768 W Finsky  : [2] aisv.b(131): STU: Failed to get storage stats for package 'com.google.android.cellbroadcast' (1601: Error getting stats: android.content.pm.PackageManager.NameNotFoundException)
03-13 15:06:15.069  5768  5768 W Finsky  : [2] aisv.b(131): STU: Failed to get storage stats for package 'com.android.compos' (1601: Error getting stats: android.content.pm.PackageManager.NameNotFoundException)
03-13 15:06:15.074  5768  5768 W Finsky  : [2] aisv.b(131): STU: Failed to get storage stats for package 'com.google.android.tzdata5' (1601: Error getting stats: android.content.pm.PackageManager.NameNotFoundException)
03-13 15:06:15.079  5768  5768 W Finsky  : [2] aisv.b(131): STU: Failed to get storage stats for package 'com.google.android.permission' (1601: Error getting stats: android.content.pm.PackageManager.NameNotFoundException)
03-13 15:06:15.414  5768  5768 W Finsky  : [2] aisv.b(131): STU: Failed to get storage stats for package 'com.google.android.media.swcodec' (1601: Error getting stats: android.content.pm.PackageManager.NameNotFoundException)
03-13 15:06:15.503  5768  5768 W Finsky  : [2] aisv.b(131): STU: Failed to get storage stats for package 'com.google.android.adbd' (1601: Error getting stats: android.content.pm.PackageManager.NameNotFoundException)
03-13 15:06:15.515  5768  5768 W Finsky  : [2] aisv.b(131): STU: Failed to get storage stats for package 'com.android.i18n' (1601: Error getting stats: android.content.pm.PackageManager.NameNotFoundException)
03-13 15:06:15.523  5768  5768 W Finsky  : [2] aisv.b(131): STU: Failed to get storage stats for package 'com.google.android.conscrypt' (1601: Error getting stats: android.content.pm.PackageManager.NameNotFoundException)
03-13 15:06:15.543  5768  5768 W Finsky  : [2] aisv.b(131): STU: Failed to get storage stats for package 'com.google.android.neuralnetworks' (1601: Error getting stats: android.content.pm.PackageManager.NameNotFoundException)
03-13 15:06:15.552  5768  5768 W Finsky  : [2] aisv.b(131): STU: Failed to get storage stats for package 'com.google.android.ipsec' (1601: Error getting stats: android.content.pm.PackageManager.NameNotFoundException)
03-13 15:06:15.560  5768  5768 W Finsky  : [2] aisv.b(131): STU: Failed to get storage stats for package 'com.android.devicelock' (1601: Error getting stats: android.content.pm.PackageManager.NameNotFoundException)
03-13 15:06:15.572  5768  5768 W Finsky  : [2] aisv.b(131): STU: Failed to get storage stats for package 'com.google.android.ondevicepersonalization' (1601: Error getting stats: android.content.pm.PackageManager.NameNotFoundException)
03-13 15:06:15.585  5768  5768 W Finsky  : [2] aisv.b(131): STU: Failed to get storage stats for package 'com.google.android.healthfitness' (1601: Error getting stats: android.content.pm.PackageManager.NameNotFoundException)
03-13 15:06:15.613  5768  5768 W Finsky  : [2] aisv.b(131): STU: Failed to get storage stats for package 'com.android.uwb' (1601: Error getting stats: android.content.pm.PackageManager.NameNotFoundException)
03-13 15:06:15.614  5768  5768 W Finsky  : [2] aisv.b(131): STU: Failed to get storage stats for package 'com.google.android.extservices' (1601: Error getting stats: android.content.pm.PackageManager.NameNotFoundException)
03-13 15:06:15.649  5768  5768 W Finsky  : [2] aisv.b(131): STU: Failed to get storage stats for package 'com.google.android.os.statsd' (1601: Error getting stats: android.content.pm.PackageManager.NameNotFoundException)
03-13 15:06:15.659  5768  5768 W Finsky  : [2] aisv.b(131): STU: Failed to get storage stats for package 'com.android.rkpd' (1601: Error getting stats: android.content.pm.PackageManager.NameNotFoundException)
03-13 15:06:15.664  5768  5768 W Finsky  : [2] aisv.b(131): STU: Failed to get storage stats for package 'com.google.android.scheduling' (1601: Error getting stats: android.content.pm.PackageManager.NameNotFoundException)
03-13 15:06:15.682  5768  5768 I Finsky  : [2] nju.a(199): App states replicator found 92 unowned apps
03-13 15:06:15.692  5768  5768 I Finsky  : [2] njz.b(18): Completed 0 account content syncs with 0 successful.
03-13 15:06:15.692  5768  5768 I Finsky  : [2] ContentSyncJob.a(12): [ContentSync] Installation state replication succeeded.
03-13 15:06:15.693  5768  5768 I Finsky  : [2] ahdm.q(56): SCH: jobFinished: 12-1. TimeElapsed: 1333ms.
03-13 15:06:15.706  5768  5829 I Finsky  : [67125] rue.accept(58): SCH: Scheduling phonesky job Id: 1-1337, CT: 1741844730267, Constraints: [{ L: 43049777, D: 86249777, C: CHARGING_NONE, I: IDLE_NONE, N: NET_ANY, B: BATTERY_ANY }]
03-13 15:06:15.707  5768  5829 I Finsky  : [67125] rue.accept(58): SCH: Scheduling phonesky job Id: 34-1845, CT: 1741844736160, Constraints: [{ L: 604800000, D: 2428498761, C: CHARGING_NONE, I: IDLE_NONE, N: NET_ANY, B: BATTERY_ANY }]
03-13 15:06:15.708  5768  5829 I Finsky  : [67125] rue.accept(58): SCH: Scheduling phonesky job Id: 34-1853, CT: 1741844736160, Constraints: [{ L: 604800000, D: 2587751638, C: CHARGING_NONE, I: IDLE_NONE, N: NET_ANY, B: BATTERY_ANY }]
03-13 15:06:15.709  5768  5829 I Finsky  : [67125] rue.accept(58): SCH: Scheduling phonesky job Id: 34-1854, CT: 1741844736160, Constraints: [{ L: 74951263, D: 1370951263, C: CHARGING_NONE, I: IDLE_NONE, N: NET_ANY, B: BATTERY_ANY }]
03-13 15:06:15.716  5768  5821 I Finsky  : [67122] nbp.apply(251): SCH: Scheduling 1 system job(s)
03-13 15:06:15.718  5768  5821 I Finsky  : [67122] ahdi.b(244): SCH: Scheduling system job Id: 9308, L: 29204327, D: 72404327, C: false, I: false, N: 1
03-13 15:06:15.728  5768 21555 I Finsky  : [67296] ahfc.a(24): SCH: job service finished with id 9301.
03-13 15:06:24.497 11944 12854 E msys    : E[N MQTT]readErr(150)=>TCPStreamTransport readErr
03-13 15:06:24.498 11944 12854 E msys    : E[N MQTT]onReadError(652)=>Read Error: AsyncSocketException: recv() failed (peer=[2a03:2880:f044:114:face:b00c:0:8e]:443), type = Internal error, errno = 103 (Software caused connection abort)
03-13 15:06:24.511 11944 11944 E SlowAppComponent: 0ms: IgPushSdkFbnsReceiverShim instantiating
03-13 15:06:24.511 11944 11944 E SlowAppComponent: Main thread was blocked for 29ms in the background starting with IgPushSdkFbnsReceiverShim
03-13 15:06:24.518 11944 12122 W RealtimeClientManager: Channel state: MqttChannelState{mConnectionState=DISCONNECTED, mDisconnectionReason=null, mLastConnectionMs=1135488341, mLastDisconnectMs=1135536244}
03-13 15:06:24.528 11944 12023 E MQTTBypassDGWStreamGroupCallbacks.cpp: onStreamGroupError Error Domain=MNSSecureTCP Code=0 UserInfo=0xb400007bbce3a8f0 {MCFErrorDirectLocalizedFailureReasonKey=mbedtls_ssl_read(): NET - Reading information from the socket failed (-0x004C), error = Software caused connection abort}
03-13 15:06:24.530 11944 12023 W MQTTBypassDGWConnection.cpp: Restarting due to reason: StreamError
03-13 15:06:24.560 11944 12085 E MvfstCallbacks.cpp: readError: streamid=3; error=LocalError: Idle timeout, Idle timeout, num non control streams: 3
03-13 15:06:24.561 11944 12085 E MvfstCallbacks.cpp: readError: streamid=7; error=LocalError: Idle timeout, Idle timeout, num non control streams: 3
03-13 15:06:24.561 11944 12085 E MvfstCallbacks.cpp: readError: streamid=11; error=LocalError: Idle timeout, Idle timeout, num non control streams: 3
03-13 15:06:24.563 11944 12085 E MvfstCallbacks.cpp: onConnectionError: error=LocalError: Idle timeout, Idle timeout, num non control streams: 3
03-13 15:06:24.571 11944 12122 W RealtimeClientManager: Channel state: MqttChannelState{mConnectionState=CONNECTING, mDisconnectionReason=null, mLastConnectionMs=1135488341, mLastDisconnectMs=1135536244}
03-13 15:06:24.586 11944 12115 W IgMetaConfig: Could not obtain MC: not_user_session session=X.2ww@d44b756
03-13 15:06:24.586 11944 12115 W IgMetaConfig: java.lang.RuntimeException: Could not obtain MC, call-site will receive default values
03-13 15:06:24.586 11944 12115 W IgMetaConfig: 	at X.4ln.A05(:4)
03-13 15:06:24.586 11944 12115 W IgMetaConfig: 	at X.4ln.A04(:43)
03-13 15:06:24.586 11944 12115 W IgMetaConfig: 	at X.4ln.A03(:2)
03-13 15:06:24.586 11944 12115 W IgMetaConfig: 	at X.2gq.A00(:8)
03-13 15:06:24.586 11944 12115 W IgMetaConfig: 	at X.2gq.A02(:8)
03-13 15:06:24.586 11944 12115 W IgMetaConfig: 	at X.8fu.A02(:143)
03-13 15:06:24.586 11944 12115 W IgMetaConfig: 	at X.8fu.A08(:0)
03-13 15:06:24.586 11944 12115 W IgMetaConfig: 	at X.8ge.A01(:16)
03-13 15:06:24.586 11944 12115 W IgMetaConfig: 	at X.8fn.handleMessage(:278)
03-13 15:06:24.586 11944 12115 W IgMetaConfig: 	at android.os.Handler.dispatchMessage(Handler.java:108)
03-13 15:06:24.586 11944 12115 W IgMetaConfig: 	at android.os.Looper.loopOnce(Looper.java:226)
03-13 15:06:24.586 11944 12115 W IgMetaConfig: 	at android.os.Looper.loop(Looper.java:328)
03-13 15:06:24.586 11944 12115 W IgMetaConfig: 	at android.os.HandlerThread.run(HandlerThread.java:67)
03-13 15:06:24.589 11944 12115 W IgMetaConfig: Could not obtain MC: not_user_session session=X.2ww@d44b756
03-13 15:06:24.589 11944 12115 W IgMetaConfig: java.lang.RuntimeException: Could not obtain MC, call-site will receive default values
03-13 15:06:24.589 11944 12115 W IgMetaConfig: 	at X.4ln.A05(:4)
03-13 15:06:24.589 11944 12115 W IgMetaConfig: 	at X.4ln.A04(:43)
03-13 15:06:24.589 11944 12115 W IgMetaConfig: 	at X.4ln.A03(:2)
03-13 15:06:24.589 11944 12115 W IgMetaConfig: 	at X.2gq.A00(:8)
03-13 15:06:24.589 11944 12115 W IgMetaConfig: 	at X.2gq.A02(:8)
03-13 15:06:24.589 11944 12115 W IgMetaConfig: 	at X.8fu.A02(:152)
03-13 15:06:24.589 11944 12115 W IgMetaConfig: 	at X.8fu.A08(:0)
03-13 15:06:24.589 11944 12115 W IgMetaConfig: 	at X.8ge.A01(:16)
03-13 15:06:24.589 11944 12115 W IgMetaConfig: 	at X.8fn.handleMessage(:278)
03-13 15:06:24.589 11944 12115 W IgMetaConfig: 	at android.os.Handler.dispatchMessage(Handler.java:108)
03-13 15:06:24.589 11944 12115 W IgMetaConfig: 	at android.os.Looper.loopOnce(Looper.java:226)
03-13 15:06:24.589 11944 12115 W IgMetaConfig: 	at android.os.Looper.loop(Looper.java:328)
03-13 15:06:24.589 11944 12115 W IgMetaConfig: 	at android.os.HandlerThread.run(HandlerThread.java:67)
03-13 15:06:24.650 11944 12122 W RealtimeClientManager: Channel state: MqttChannelState{mConnectionState=CONNECTING, mDisconnectionReason=null, mLastConnectionMs=1135488341, mLastDisconnectMs=1135536244}
03-13 15:06:24.923 11944 12122 W RealtimeClientManager: Channel state: MqttChannelState{mConnectionState=CONNECTED, mDisconnectionReason=null, mLastConnectionMs=1135536650, mLastDisconnectMs=1135536244}
03-13 15:06:29.008 30726 21604 I System.out: GlobalSearch: firstInt:  -2
03-13 15:06:29.008 30726 21604 I System.out: GlobalSearch: name:  _w_1.del ; size = 3
03-13 15:06:29.008 30726 21604 I System.out: GlobalSearch: memsize = 1
03-13 15:06:29.010 30726 21604 I System.out: GlobalSearch: firstInt:  -2
03-13 15:06:29.010 30726 21604 I System.out: GlobalSearch: name:  _f_1.del ; size = 3
03-13 15:06:29.010 30726 21604 I System.out: GlobalSearch: memsize = 1
03-13 15:06:29.012 30726 21604 I System.out: GlobalSearch: firstInt:  -2
03-13 15:06:29.012 30726 21604 I System.out: GlobalSearch: name:  _7_1.del ; size = 3
03-13 15:06:29.012 30726 21604 I System.out: GlobalSearch: memsize = 1
03-13 15:06:29.013 30726 21604 I System.out: GlobalSearch: firstInt:  -2
03-13 15:06:29.013 30726 21604 I System.out: GlobalSearch: name:  _4_1.del ; size = 3
03-13 15:06:29.013 30726 21604 I System.out: GlobalSearch: memsize = 1
03-13 15:06:29.014 30726 21604 I System.out: GlobalSearch: firstInt:  -2
03-13 15:06:29.014 30726 21604 I System.out: GlobalSearch: name:  _3_1.del ; size = 3
03-13 15:06:29.014 30726 21604 I System.out: GlobalSearch: memsize = 1
03-13 15:06:29.015 30726 21604 I System.out: GlobalSearch: firstInt:  -2
03-13 15:06:29.015 30726 21604 I System.out: GlobalSearch: name:  _2_1.del ; size = 9
03-13 15:06:29.015 30726 21604 I System.out: GlobalSearch: memsize = 2
03-13 15:06:29.017 30726 21604 I System.out: GlobalSearch: firstInt:  -2
03-13 15:06:29.017 30726 21604 I System.out: GlobalSearch: name:  _1_1.del ; size = 3
03-13 15:06:29.017 30726 21604 I System.out: GlobalSearch: memsize = 1
03-13 15:06:29.018 30726 21604 I System.out: GlobalSearch: firstInt:  -2
03-13 15:06:29.018 30726 21604 I System.out: GlobalSearch: name:  _0_7.del ; size = 108
03-13 15:06:29.018 30726 21604 I System.out: GlobalSearch: memsize = 14
03-13 15:06:29.064 30726  1585 D TrafficStats: tagSocket(105) with statsTag=0xffffffff, statsUid=-1
