--------- beginning of main
03-13 17:37:11.301 25650 25650 D BoundBrokerSvc: onUnbind: Intent { act=com.google.android.gms.appset.service.START dat=chimera-action:/... cmp=com.google.android.gms/.chimera.GmsApiService }
03-13 17:37:13.044 15244 18218 V NativeCrypto: Read error: ssl=0xb400007b4ccee098: I/O error during system call, Software caused connection abort
03-13 17:37:13.053 15244 15244 D AdManager: Loading app open ad with ad unit ID: ca-app-pub-3940256099942544/3419835294
03-13 17:37:13.072 15244 18812 V NativeCrypto: Write error: ssl=0xb400007b4ccee098: I/O error during system call, Broken pipe
03-13 17:37:13.077 15244 18812 V NativeCrypto: SSL shutdown failed: ssl=0xb400007b4ccee098: I/O error during system call, Success
03-13 17:37:13.084 15244 15244 D DynamitePackage: Instantiating com.google.android.gms.ads.ChimeraAdManagerCreatorImpl
03-13 17:37:13.095 32290 32290 I ckkw    : onPause
03-13 17:37:13.096 15244 15244 I Ads     : Use RequestConfiguration.Builder().setTestDeviceIds(Arrays.asList("9EA16D6E1D804AE3BA73AF22E8498B88")) to get test ads on this device.
03-13 17:37:13.118 15244 18820 I AudioManager: In isSpeakerphoneOn(), calling application: com.ds.eventwish
03-13 17:37:13.137 15244 15244 D AdManager: Loading app open ad with ad unit ID: ca-app-pub-3940256099942544/3419835294
03-13 17:37:13.146 15244 15244 D DynamitePackage: Instantiating com.google.android.gms.ads.ChimeraAdManagerCreatorImpl
03-13 17:37:13.149 15244 15244 I Ads     : Use RequestConfiguration.Builder().setTestDeviceIds(Arrays.asList("9EA16D6E1D804AE3BA73AF22E8498B88")) to get test ads on this device.
03-13 17:37:13.161 15244 18827 I AudioManager: In isSpeakerphoneOn(), calling application: com.ds.eventwish
03-13 17:37:13.164 15244 18832 W ServiceBindIntentUtils: Dynamic lookup for intent failed for action: com.google.android.gms.ads.service.START
03-13 17:37:13.171 25650 25650 D BoundBrokerSvc: onBind: Intent { act=com.google.android.gms.ads.service.START pkg=com.google.android.gms }
03-13 17:37:13.171 25650 25650 D BoundBrokerSvc: Loading bound service for intent: Intent { act=com.google.android.gms.ads.service.START pkg=com.google.android.gms }
03-13 17:37:13.174 15244 18830 W Ads     : Not retrying to fetch app settings
03-13 17:37:13.180 15244 15244 W WindowOnBackDispatcher: OnBackInvokedCallback is not enabled for the application.
03-13 17:37:13.180 15244 15244 W WindowOnBackDispatcher: Set 'android:enableOnBackInvokedCallback="true"' in the application manifest.
03-13 17:37:13.182 25650 25650 D BoundBrokerSvc: onBind: Intent { act=com.google.android.gms.ads.identifier.service.EVENT_ATTESTATION dat=chimera-action:/... cmp=com.google.android.gms/.chimera.GmsBoundBrokerService }
03-13 17:37:13.183 25650 25650 D BoundBrokerSvc: Loading bound service for intent: Intent { act=com.google.android.gms.ads.identifier.service.EVENT_ATTESTATION dat=chimera-action:/... cmp=com.google.android.gms/.chimera.GmsBoundBrokerService }
03-13 17:37:13.183 15244 15244 D AppOpenAdHelper: App foregrounded
03-13 17:37:13.183 15244 15244 D AppOpenAdHelper: Attempting to show app open ad
03-13 17:37:13.183 15244 15244 D AdManager: App open ad not loaded or expired, loading now
03-13 17:37:13.183 15244 15244 D AdManager: Loading app open ad with ad unit ID: ca-app-pub-3940256099942544/3419835294
03-13 17:37:13.190 15244 15244 D DynamitePackage: Instantiating com.google.android.gms.ads.ChimeraAdManagerCreatorImpl
03-13 17:37:13.194 15244 15244 I Ads     : Use RequestConfiguration.Builder().setTestDeviceIds(Arrays.asList("9EA16D6E1D804AE3BA73AF22E8498B88")) to get test ads on this device.
03-13 17:37:13.205 15244 15244 E AppOpenAdHelper: App open ad failed to show: App open ad not available
03-13 17:37:13.206 15244 15244 D AppOpenAdHelper: Loading app open ad
03-13 17:37:13.206 15244 15244 D AdManager: Loading app open ad with ad unit ID: ca-app-pub-3940256099942544/3419835294
03-13 17:37:13.206 15244 18821 I AudioManager: In isSpeakerphoneOn(), calling application: com.ds.eventwish
03-13 17:37:13.212 15244 15244 D DynamitePackage: Instantiating com.google.android.gms.ads.ChimeraAdManagerCreatorImpl
03-13 17:37:13.214 15244 15244 I Ads     : Use RequestConfiguration.Builder().setTestDeviceIds(Arrays.asList("9EA16D6E1D804AE3BA73AF22E8498B88")) to get test ads on this device.
03-13 17:37:13.221 15244 18808 I AudioManager: In isSpeakerphoneOn(), calling application: com.ds.eventwish
03-13 17:37:13.224 15244 18826 W Ads     : Not retrying to fetch app settings
03-13 17:37:13.235 15244 15244 I FIAM.Headless: went foreground
03-13 17:37:13.237 15244 15244 I FIAM.Display: Binding to activity: MainActivity
03-13 17:37:13.237 15244 15244 I FIAM.Headless: Setting display event component
03-13 17:37:13.238 15244 15244 I PlayCore: UID: [10422]  PID: [15244] AppUpdateService : requestUpdateInfo(com.ds.eventwish)
03-13 17:37:13.240 15244 18134 I PlayCore: UID: [10422]  PID: [15244] AppUpdateService : Initiate binding to the service.
03-13 17:37:13.243 15244 15244 D FestivalNotification: Data already loaded, not refreshing
03-13 17:37:13.246 15244 17991 I FIAM.Headless: Forcing fetch from service rather than cache. Test Device: false | App Fresh Install: true
03-13 17:37:13.253 15244 18038 D FlashyMessageRepo: Reset all displaying states
03-13 17:37:13.264 15244 18824 W Ads     : Not retrying to fetch app settings
03-13 17:37:13.264 15244 18853 I FIAM.Headless: Fetching campaigns from service.
03-13 17:37:13.267 15244 15244 D BufferQueueConsumer: [](id:3b8c00000004,api:0,p:-1,c:15244) connect: controlledByApp=false
03-13 17:37:13.267 15244 18853 W DynamiteModule: Local module descriptor class for com.google.android.gms.providerinstaller.dynamite not found.
03-13 17:37:13.269 15244 18121 E OpenGLRenderer: Unable to match the desired swap behavior.
03-13 17:37:13.270 25578 28027 W ProviderHelper: Unknown dynamite feature providerinstaller.dynamite
03-13 17:37:13.274 15244 18853 I DynamiteModule: Considering local module com.google.android.gms.providerinstaller.dynamite:0 and remote module com.google.android.gms.providerinstaller.dynamite:0
03-13 17:37:13.275 15244 18853 W ProviderInstaller: Failed to load providerinstaller module: No acceptable module com.google.android.gms.providerinstaller.dynamite found. Local version is 0 and remote version is 0.
03-13 17:37:13.282 15244 18853 W ProviderInstaller: Failed to report request stats: com.google.android.gms.common.security.ProviderInstallerImpl.reportRequestStats [class android.content.Context, long, long]
03-13 17:37:13.287 15244 18218 D TrafficStats: tagSocket(214) with statsTag=0xffffffff, statsUid=-1
03-13 17:37:13.300 15244 18121 D BLASTBufferQueue: [VRI[MainActivity]#3](f:0,a:1) acquireNextBufferLocked size=1080x2408 mFrameNumber=1 applyTransaction=true mTimestamp=734506069181068(auto) mPendingTransactions.size=0 graphicBufferId=65472481460308 transform=0
03-13 17:37:13.305 15244 15244 I PlayCore: UID: [10422]  PID: [15244] AppUpdateService : ServiceConnectionImpl.onServiceConnected(ComponentInfo{com.android.vending/com.google.android.finsky.installservice.DevTriggeredUpdateService})
03-13 17:37:13.305 15244 18134 I PlayCore: UID: [10422]  PID: [15244] AppUpdateService : linkToDeath
03-13 17:37:13.305 15244 15244 D MainActivity: No flashy messages to show
03-13 17:37:13.326 15244 15244 V ImeFocusController: onWindowFocus: DecorView@96bca4e[MainActivity] softInputMode=STATE_UNSPECIFIED|ADJUST_RESIZE|IS_FORWARD_NAVIGATION
03-13 17:37:13.333 10090 10090 I GoogleInputMethodService: GoogleInputMethodService.onFinishInput():2090 
03-13 17:37:13.335 15244 18306 D TrafficStats: tagSocket(246) with statsTag=0xffffffff, statsUid=-1
03-13 17:37:13.337 15244 18312 D TrafficStats: tagSocket(247) with statsTag=0xffffffff, statsUid=-1
03-13 17:37:13.339 10090 10090 I Module  : DeviceLockedStatusModuleProvider$Module.updateDeviceLockedStatus():100 repeatCheckTimes = 0, locked = false
03-13 17:37:13.341 15244 18311 D TrafficStats: tagSocket(252) with statsTag=0xffffffff, statsUid=-1
03-13 17:37:13.343 10090 10090 I GoogleInputMethodService: GoogleInputMethodService.onStartInput():1357 onStartInput(EditorInfo{EditorInfo{packageName=com.ds.eventwish, inputType=0, inputTypeString=NULL, enableLearning=false, autoCorrection=false, autoComplete=false, imeOptions=0, privateImeOptions=null, actionName=UNSPECIFIED, actionLabel=null, initialSelStart=-1, initialSelEnd=-1, initialCapsMode=0, label=null, fieldId=0, fieldName=null, extras=null, hintText=null, hintLocales=[]}}, false)
03-13 17:37:13.346 10090 10090 I Module  : DeviceLockedStatusModuleProvider$Module.updateDeviceLockedStatus():100 repeatCheckTimes = 1, locked = false
03-13 17:37:13.347 15244 18159 D TrafficStats: tagSocket(326) with statsTag=0xffffffff, statsUid=-1
03-13 17:37:13.394 15244 18121 I gralloc4: @set_metadata: update dataspace from GM (0x00000000 -> 0x08010000)
03-13 17:37:13.389 25650 18574 W SQLiteLog: (28) double-quoted string literal: "1741694833384"
03-13 17:37:13.395 25650 18574 W SQLiteLog: (28) double-quoted string literal: "1"
03-13 17:37:13.397 32290 32290 D BLASTBufferQueue: [VRI[0 fl=}]#19](f:0,a:1) destructor()
03-13 17:37:13.398 32290 32290 D BufferQueueConsumer: [VRI[0 fl=}]#19(BLAST Consumer)19](id:7e2200000013,api:0,p:-1,c:32290) disconnect
03-13 17:37:13.405 32290 32290 I ckkw    : onStop
03-13 17:37:13.411 15244 18121 I gralloc4: @set_metadata: update dataspace from GM (0x00000000 -> 0x08010000)
03-13 17:37:13.422 15244 18121 I gralloc4: @set_metadata: update dataspace from GM (0x00000000 -> 0x08010000)
03-13 17:37:13.424 25650 18861 W SQLiteLog: (28) double-quoted string literal: "1741694833424"
03-13 17:37:13.424 25650 18861 W SQLiteLog: (28) double-quoted string literal: "1"
03-13 17:37:13.427 25650 18872 W SQLiteLog: (28) double-quoted string literal: "1741694833427"
03-13 17:37:13.428 25650 18872 W SQLiteLog: (28) double-quoted string literal: "1"
03-13 17:37:13.433 25650 18861 W SQLiteLog: (28) double-quoted string literal: "1741694833432"
03-13 17:37:13.433 25650 18861 W SQLiteLog: (28) double-quoted string literal: "1"
03-13 17:37:13.443 15244 18121 I gralloc4: @set_metadata: update dataspace from GM (0x00000000 -> 0x08010000)
03-13 17:37:13.458 25650 25650 I Ads     : Received log message: <Google:HTML> You are currently using version 250505999.234310000.1 of the SDK, which is out of date. Please consider updating your SDK to the most recent SDK version to get the latest features and bug fixes. The latest SDK can be installed from https://goo.gle/android-install-instructions. More information about the SDK deprecation schedule is available at https://developers.google.com/admob/android/deprecation.
03-13 17:37:13.475 25650 18862 I Ads     : SDK version: afma-sdk-a-v250505999.234310000.1
03-13 17:37:13.476 25650 18862 I Ads     : HTTP timeout: 60000 milliseconds.
03-13 17:37:13.486 25650 18874 I Ads     : SDK version: afma-sdk-a-v250505999.234310000.1
03-13 17:37:13.486 25650 18874 I Ads     : HTTP timeout: 60000 milliseconds.
03-13 17:37:13.489 25650 25650 I Ads     : Received log message: <Google:HTML> You are currently using version 250505999.234310000.1 of the SDK, which is out of date. Please consider updating your SDK to the most recent SDK version to get the latest features and bug fixes. The latest SDK can be installed from https://goo.gle/android-install-instructions. More information about the SDK deprecation schedule is available at https://developers.google.com/admob/android/deprecation.
03-13 17:37:13.504 25650 18861 I Ads     : SDK version: afma-sdk-a-v250505999.234310000.1
03-13 17:37:13.504 25650 18861 I Ads     : HTTP timeout: 60000 milliseconds.
03-13 17:37:13.511 25650 18871 I Ads     : SDK version: afma-sdk-a-v250505999.234310000.1
03-13 17:37:13.512 25650 18871 I Ads     : HTTP timeout: 60000 milliseconds.
03-13 17:37:13.599 15244 15244 W Glide   : Load failed for [https://currentedu365.in/wp-content/uploads/2024/09/cultural-icon.png] with dimensions [50x50]
03-13 17:37:13.599 15244 15244 W Glide   : class com.bumptech.glide.load.engine.GlideException: Failed to load resource
03-13 17:37:13.599 15244 15244 W Glide   : There was 1 root cause:
03-13 17:37:13.599 15244 15244 W Glide   : com.bumptech.glide.load.HttpException(Failed to connect or obtain data, status code: 404)
03-13 17:37:13.599 15244 15244 W Glide   :  call GlideException#logRootCauses(String) for more detail
03-13 17:37:13.599 15244 15244 W Glide   :   Cause (1 of 1): class com.bumptech.glide.load.engine.GlideException: Fetching data failed, class java.io.InputStream, REMOTE
03-13 17:37:13.599 15244 15244 W Glide   : There was 1 root cause:
03-13 17:37:13.599 15244 15244 W Glide   : com.bumptech.glide.load.HttpException(Failed to connect or obtain data, status code: 404)
03-13 17:37:13.599 15244 15244 W Glide   :  call GlideException#logRootCauses(String) for more detail
03-13 17:37:13.599 15244 15244 W Glide   :     Cause (1 of 1): class com.bumptech.glide.load.engine.GlideException: Fetch failed
03-13 17:37:13.599 15244 15244 W Glide   : There was 1 root cause:
03-13 17:37:13.599 15244 15244 W Glide   : com.bumptech.glide.load.HttpException(Failed to connect or obtain data, status code: 404)
03-13 17:37:13.599 15244 15244 W Glide   :  call GlideException#logRootCauses(String) for more detail
03-13 17:37:13.599 15244 15244 W Glide   :       Cause (1 of 1): class com.bumptech.glide.load.HttpException: Failed to connect or obtain data, status code: 404
03-13 17:37:13.600 15244 15244 I Glide   : Root cause (1 of 1)
03-13 17:37:13.600 15244 15244 I Glide   : com.bumptech.glide.load.HttpException: Failed to connect or obtain data, status code: 404
03-13 17:37:13.600 15244 15244 I Glide   : 	at com.bumptech.glide.load.data.HttpUrlFetcher.loadDataWithRedirects(HttpUrlFetcher.java:98)
03-13 17:37:13.600 15244 15244 I Glide   : 	at com.bumptech.glide.load.data.HttpUrlFetcher.loadData(HttpUrlFetcher.java:58)
03-13 17:37:13.600 15244 15244 I Glide   : 	at com.bumptech.glide.load.model.MultiModelLoader$MultiFetcher.loadData(MultiModelLoader.java:100)
03-13 17:37:13.600 15244 15244 I Glide   : 	at com.bumptech.glide.load.engine.SourceGenerator.startNextLoad(SourceGenerator.java:95)
03-13 17:37:13.600 15244 15244 I Glide   : 	at com.bumptech.glide.load.engine.SourceGenerator.startNext(SourceGenerator.java:88)
03-13 17:37:13.600 15244 15244 I Glide   : 	at com.bumptech.glide.load.engine.DecodeJob.runGenerators(DecodeJob.java:311)
03-13 17:37:13.600 15244 15244 I Glide   : 	at com.bumptech.glide.load.engine.DecodeJob.runWrapped(DecodeJob.java:280)
03-13 17:37:13.600 15244 15244 I Glide   : 	at com.bumptech.glide.load.engine.DecodeJob.run(DecodeJob.java:235)
03-13 17:37:13.600 15244 15244 I Glide   : 	at java.util.concurrent.ThreadPoolExecutor.runWorker(ThreadPoolExecutor.java:1145)
03-13 17:37:13.600 15244 15244 I Glide   : 	at java.util.concurrent.ThreadPoolExecutor$Worker.run(ThreadPoolExecutor.java:644)
03-13 17:37:13.600 15244 15244 I Glide   : 	at com.bumptech.glide.load.engine.executor.GlideExecutor$DefaultThreadFactory$1.run(GlideExecutor.java:424)
03-13 17:37:13.600 15244 15244 I Glide   : 	at java.lang.Thread.run(Thread.java:1012)
03-13 17:37:13.600 15244 15244 I Glide   : 	at com.bumptech.glide.load.engine.executor.GlideExecutor$DefaultPriorityThreadFactory$1.run(GlideExecutor.java:383)
03-13 17:37:13.600 15244 15244 I Glide   : Caused by: java.io.FileNotFoundException: https://currentedu365.in/wp-content/uploads/2024/09/cultural-icon.png
03-13 17:37:13.600 15244 15244 I Glide   : 	at com.android.okhttp.internal.huc.HttpURLConnectionImpl.getInputStream(HttpURLConnectionImpl.java:255)
03-13 17:37:13.600 15244 15244 I Glide   : 	at com.android.okhttp.internal.huc.DelegatingHttpsURLConnection.getInputStream(DelegatingHttpsURLConnection.java:211)
03-13 17:37:13.600 15244 15244 I Glide   : 	at com.android.okhttp.internal.huc.HttpsURLConnectionImpl.getInputStream(HttpsURLConnectionImpl.java:30)
03-13 17:37:13.600 15244 15244 I Glide   : 	at com.bumptech.glide.load.data.HttpUrlFetcher.loadDataWithRedirects(HttpUrlFetcher.java:95)
03-13 17:37:13.600 15244 15244 I Glide   : 	... 12 more
03-13 17:37:13.600 15244 15244 E CategoriesAdapter: Failed to load icon for category 'Cultural': Failed to load resource
03-13 17:37:13.600 15244 15244 E CategoriesAdapter: There was 1 root cause:
03-13 17:37:13.600 15244 15244 E CategoriesAdapter: com.bumptech.glide.load.HttpException(Failed to connect or obtain data, status code: 404)
03-13 17:37:13.600 15244 15244 E CategoriesAdapter:  call GlideException#logRootCauses(String) for more detail
03-13 17:37:13.606 25650 18862 W Ads     : Received error HTTP response code: 403
03-13 17:37:13.617 25650 18874 W Ads     : Received error HTTP response code: 403
03-13 17:37:13.640 25650 18861 W Ads     : Received error HTTP response code: 403
03-13 17:37:13.641 25650 18871 W Ads     : Received error HTTP response code: 403
03-13 17:37:13.678 15244 15244 W Glide   : Load failed for [https://currentedu365.in/wp-content/uploads/2024/09/graduation-icon.png] with dimensions [50x50]
03-13 17:37:13.678 15244 15244 W Glide   : class com.bumptech.glide.load.engine.GlideException: Failed to load resource
03-13 17:37:13.678 15244 15244 W Glide   : There was 1 root cause:
03-13 17:37:13.678 15244 15244 W Glide   : com.bumptech.glide.load.HttpException(Failed to connect or obtain data, status code: 404)
03-13 17:37:13.678 15244 15244 W Glide   :  call GlideException#logRootCauses(String) for more detail
03-13 17:37:13.678 15244 15244 W Glide   :   Cause (1 of 1): class com.bumptech.glide.load.engine.GlideException: Fetching data failed, class java.io.InputStream, REMOTE
03-13 17:37:13.678 15244 15244 W Glide   : There was 1 root cause:
03-13 17:37:13.678 15244 15244 W Glide   : com.bumptech.glide.load.HttpException(Failed to connect or obtain data, status code: 404)
03-13 17:37:13.678 15244 15244 W Glide   :  call GlideException#logRootCauses(String) for more detail
03-13 17:37:13.678 15244 15244 W Glide   :     Cause (1 of 1): class com.bumptech.glide.load.engine.GlideException: Fetch failed
03-13 17:37:13.678 15244 15244 W Glide   : There was 1 root cause:
03-13 17:37:13.678 15244 15244 W Glide   : com.bumptech.glide.load.HttpException(Failed to connect or obtain data, status code: 404)
03-13 17:37:13.678 15244 15244 W Glide   :  call GlideException#logRootCauses(String) for more detail
03-13 17:37:13.678 15244 15244 W Glide   :       Cause (1 of 1): class com.bumptech.glide.load.HttpException: Failed to connect or obtain data, status code: 404
03-13 17:37:13.678 15244 15244 I Glide   : Root cause (1 of 1)
03-13 17:37:13.678 15244 15244 I Glide   : com.bumptech.glide.load.HttpException: Failed to connect or obtain data, status code: 404
03-13 17:37:13.678 15244 15244 I Glide   : 	at com.bumptech.glide.load.data.HttpUrlFetcher.loadDataWithRedirects(HttpUrlFetcher.java:98)
03-13 17:37:13.678 15244 15244 I Glide   : 	at com.bumptech.glide.load.data.HttpUrlFetcher.loadData(HttpUrlFetcher.java:58)
03-13 17:37:13.678 15244 15244 I Glide   : 	at com.bumptech.glide.load.model.MultiModelLoader$MultiFetcher.loadData(MultiModelLoader.java:100)
03-13 17:37:13.678 15244 15244 I Glide   : 	at com.bumptech.glide.load.engine.SourceGenerator.startNextLoad(SourceGenerator.java:95)
03-13 17:37:13.678 15244 15244 I Glide   : 	at com.bumptech.glide.load.engine.SourceGenerator.startNext(SourceGenerator.java:88)
03-13 17:37:13.678 15244 15244 I Glide   : 	at com.bumptech.glide.load.engine.DecodeJob.runGenerators(DecodeJob.java:311)
03-13 17:37:13.678 15244 15244 I Glide   : 	at com.bumptech.glide.load.engine.DecodeJob.runWrapped(DecodeJob.java:280)
03-13 17:37:13.678 15244 15244 I Glide   : 	at com.bumptech.glide.load.engine.DecodeJob.run(DecodeJob.java:235)
03-13 17:37:13.678 15244 15244 I Glide   : 	at java.util.concurrent.ThreadPoolExecutor.runWorker(ThreadPoolExecutor.java:1145)
03-13 17:37:13.678 15244 15244 I Glide   : 	at java.util.concurrent.ThreadPoolExecutor$Worker.run(ThreadPoolExecutor.java:644)
03-13 17:37:13.678 15244 15244 I Glide   : 	at com.bumptech.glide.load.engine.executor.GlideExecutor$DefaultThreadFactory$1.run(GlideExecutor.java:424)
03-13 17:37:13.678 15244 15244 I Glide   : 	at java.lang.Thread.run(Thread.java:1012)
03-13 17:37:13.678 15244 15244 I Glide   : 	at com.bumptech.glide.load.engine.executor.GlideExecutor$DefaultPriorityThreadFactory$1.run(GlideExecutor.java:383)
03-13 17:37:13.678 15244 15244 I Glide   : Caused by: java.io.FileNotFoundException: https://currentedu365.in/wp-content/uploads/2024/09/graduation-icon.png
03-13 17:37:13.678 15244 15244 I Glide   : 	at com.android.okhttp.internal.huc.HttpURLConnectionImpl.getInputStream(HttpURLConnectionImpl.java:255)
03-13 17:37:13.678 15244 15244 I Glide   : 	at com.android.okhttp.internal.huc.DelegatingHttpsURLConnection.getInputStream(DelegatingHttpsURLConnection.java:211)
03-13 17:37:13.678 15244 15244 I Glide   : 	at com.android.okhttp.internal.huc.HttpsURLConnectionImpl.getInputStream(HttpsURLConnectionImpl.java:30)
03-13 17:37:13.678 15244 15244 I Glide   : 	at com.bumptech.glide.load.data.HttpUrlFetcher.loadDataWithRedirects(HttpUrlFetcher.java:95)
03-13 17:37:13.678 15244 15244 I Glide   : 	... 12 more
03-13 17:37:13.679 15244 15244 E CategoriesAdapter: Failed to load icon for category 'Graduation': Failed to load resource
03-13 17:37:13.679 15244 15244 E CategoriesAdapter: There was 1 root cause:
03-13 17:37:13.679 15244 15244 E CategoriesAdapter: com.bumptech.glide.load.HttpException(Failed to connect or obtain data, status code: 404)
03-13 17:37:13.679 15244 15244 E CategoriesAdapter:  call GlideException#logRootCauses(String) for more detail
03-13 17:37:13.680 15244 15244 W Glide   : Load failed for [https://currentedu365.in/wp-content/uploads/2024/09/national-icon.png] with dimensions [50x50]
03-13 17:37:13.680 15244 15244 W Glide   : class com.bumptech.glide.load.engine.GlideException: Failed to load resource
03-13 17:37:13.680 15244 15244 W Glide   : There was 1 root cause:
03-13 17:37:13.680 15244 15244 W Glide   : com.bumptech.glide.load.HttpException(Failed to connect or obtain data, status code: 404)
03-13 17:37:13.680 15244 15244 W Glide   :  call GlideException#logRootCauses(String) for more detail
03-13 17:37:13.680 15244 15244 W Glide   :   Cause (1 of 1): class com.bumptech.glide.load.engine.GlideException: Fetching data failed, class java.io.InputStream, REMOTE
03-13 17:37:13.680 15244 15244 W Glide   : There was 1 root cause:
03-13 17:37:13.680 15244 15244 W Glide   : com.bumptech.glide.load.HttpException(Failed to connect or obtain data, status code: 404)
03-13 17:37:13.680 15244 15244 W Glide   :  call GlideException#logRootCauses(String) for more detail
03-13 17:37:13.680 15244 15244 W Glide   :     Cause (1 of 1): class com.bumptech.glide.load.engine.GlideException: Fetch failed
03-13 17:37:13.680 15244 15244 W Glide   : There was 1 root cause:
03-13 17:37:13.680 15244 15244 W Glide   : com.bumptech.glide.load.HttpException(Failed to connect or obtain data, status code: 404)
03-13 17:37:13.680 15244 15244 W Glide   :  call GlideException#logRootCauses(String) for more detail
03-13 17:37:13.680 15244 15244 W Glide   :       Cause (1 of 1): class com.bumptech.glide.load.HttpException: Failed to connect or obtain data, status code: 404
03-13 17:37:13.681 15244 15244 I Glide   : Root cause (1 of 1)
03-13 17:37:13.681 15244 15244 I Glide   : com.bumptech.glide.load.HttpException: Failed to connect or obtain data, status code: 404
03-13 17:37:13.681 15244 15244 I Glide   : 	at com.bumptech.glide.load.data.HttpUrlFetcher.loadDataWithRedirects(HttpUrlFetcher.java:98)
03-13 17:37:13.681 15244 15244 I Glide   : 	at com.bumptech.glide.load.data.HttpUrlFetcher.loadData(HttpUrlFetcher.java:58)
03-13 17:37:13.681 15244 15244 I Glide   : 	at com.bumptech.glide.load.model.MultiModelLoader$MultiFetcher.loadData(MultiModelLoader.java:100)
03-13 17:37:13.681 15244 15244 I Glide   : 	at com.bumptech.glide.load.engine.SourceGenerator.startNextLoad(SourceGenerator.java:95)
03-13 17:37:13.681 15244 15244 I Glide   : 	at com.bumptech.glide.load.engine.SourceGenerator.startNext(SourceGenerator.java:88)
03-13 17:37:13.681 15244 15244 I Glide   : 	at com.bumptech.glide.load.engine.DecodeJob.runGenerators(DecodeJob.java:311)
03-13 17:37:13.681 15244 15244 I Glide   : 	at com.bumptech.glide.load.engine.DecodeJob.runWrapped(DecodeJob.java:280)
03-13 17:37:13.681 15244 15244 I Glide   : 	at com.bumptech.glide.load.engine.DecodeJob.run(DecodeJob.java:235)
03-13 17:37:13.681 15244 15244 I Glide   : 	at java.util.concurrent.ThreadPoolExecutor.runWorker(ThreadPoolExecutor.java:1145)
03-13 17:37:13.681 15244 15244 I Glide   : 	at java.util.concurrent.ThreadPoolExecutor$Worker.run(ThreadPoolExecutor.java:644)
03-13 17:37:13.681 15244 15244 I Glide   : 	at com.bumptech.glide.load.engine.executor.GlideExecutor$DefaultThreadFactory$1.run(GlideExecutor.java:424)
03-13 17:37:13.681 15244 15244 I Glide   : 	at java.lang.Thread.run(Thread.java:1012)
03-13 17:37:13.681 15244 15244 I Glide   : 	at com.bumptech.glide.load.engine.executor.GlideExecutor$DefaultPriorityThreadFactory$1.run(GlideExecutor.java:383)
03-13 17:37:13.681 15244 15244 I Glide   : Caused by: java.io.FileNotFoundException: https://currentedu365.in/wp-content/uploads/2024/09/national-icon.png
03-13 17:37:13.681 15244 15244 I Glide   : 	at com.android.okhttp.internal.huc.HttpURLConnectionImpl.getInputStream(HttpURLConnectionImpl.java:255)
03-13 17:37:13.681 15244 15244 I Glide   : 	at com.android.okhttp.internal.huc.DelegatingHttpsURLConnection.getInputStream(DelegatingHttpsURLConnection.java:211)
03-13 17:37:13.681 15244 15244 I Glide   : 	at com.android.okhttp.internal.huc.HttpsURLConnectionImpl.getInputStream(HttpsURLConnectionImpl.java:30)
03-13 17:37:13.681 15244 15244 I Glide   : 	at com.bumptech.glide.load.data.HttpUrlFetcher.loadDataWithRedirects(HttpUrlFetcher.java:95)
03-13 17:37:13.681 15244 15244 I Glide   : 	... 12 more
03-13 17:37:13.681 15244 15244 E CategoriesAdapter: Failed to load icon for category 'National': Failed to load resource
03-13 17:37:13.681 15244 15244 E CategoriesAdapter: There was 1 root cause:
03-13 17:37:13.681 15244 15244 E CategoriesAdapter: com.bumptech.glide.load.HttpException(Failed to connect or obtain data, status code: 404)
03-13 17:37:13.681 15244 15244 E CategoriesAdapter:  call GlideException#logRootCauses(String) for more detail
03-13 17:37:13.683 15244 15244 E AdManager: App open ad failed to load: Ad unit doesn't match format. <https://support.google.com/admob/answer/9905175#4>, error code: 3, domain: com.google.android.gms.ads
03-13 17:37:13.683 15244 15244 I Ads     : Ad failed to load : 3
03-13 17:37:13.686 15244 15244 W Glide   : Load failed for [https://currentedu365.in/wp-content/uploads/2024/09/cultural-icon.png] with dimensions [44x44]
03-13 17:37:13.686 15244 15244 W Glide   : class com.bumptech.glide.load.engine.GlideException: Failed to load resource
03-13 17:37:13.686 15244 15244 W Glide   : There was 1 root cause:
03-13 17:37:13.686 15244 15244 W Glide   : com.bumptech.glide.load.HttpException(Failed to connect or obtain data, status code: 404)
03-13 17:37:13.686 15244 15244 W Glide   :  call GlideException#logRootCauses(String) for more detail
03-13 17:37:13.686 15244 15244 W Glide   :   Cause (1 of 1): class com.bumptech.glide.load.engine.GlideException: Fetching data failed, class java.io.InputStream, REMOTE
03-13 17:37:13.686 15244 15244 W Glide   : There was 1 root cause:
03-13 17:37:13.686 15244 15244 W Glide   : com.bumptech.glide.load.HttpException(Failed to connect or obtain data, status code: 404)
03-13 17:37:13.686 15244 15244 W Glide   :  call GlideException#logRootCauses(String) for more detail
03-13 17:37:13.686 15244 15244 W Glide   :     Cause (1 of 1): class com.bumptech.glide.load.engine.GlideException: Fetch failed
03-13 17:37:13.686 15244 15244 W Glide   : There was 1 root cause:
03-13 17:37:13.686 15244 15244 W Glide   : com.bumptech.glide.load.HttpException(Failed to connect or obtain data, status code: 404)
03-13 17:37:13.686 15244 15244 W Glide   :  call GlideException#logRootCauses(String) for more detail
03-13 17:37:13.686 15244 15244 W Glide   :       Cause (1 of 1): class com.bumptech.glide.load.HttpException: Failed to connect or obtain data, status code: 404
03-13 17:37:13.687 15244 15244 I Glide   : Root cause (1 of 1)
03-13 17:37:13.687 15244 15244 I Glide   : com.bumptech.glide.load.HttpException: Failed to connect or obtain data, status code: 404
03-13 17:37:13.687 15244 15244 I Glide   : 	at com.bumptech.glide.load.data.HttpUrlFetcher.loadDataWithRedirects(HttpUrlFetcher.java:98)
03-13 17:37:13.687 15244 15244 I Glide   : 	at com.bumptech.glide.load.data.HttpUrlFetcher.loadData(HttpUrlFetcher.java:58)
03-13 17:37:13.687 15244 15244 I Glide   : 	at com.bumptech.glide.load.model.MultiModelLoader$MultiFetcher.loadData(MultiModelLoader.java:100)
03-13 17:37:13.687 15244 15244 I Glide   : 	at com.bumptech.glide.load.engine.SourceGenerator.startNextLoad(SourceGenerator.java:95)
03-13 17:37:13.687 15244 15244 I Glide   : 	at com.bumptech.glide.load.engine.SourceGenerator.startNext(SourceGenerator.java:88)
03-13 17:37:13.687 15244 15244 I Glide   : 	at com.bumptech.glide.load.engine.DecodeJob.runGenerators(DecodeJob.java:311)
03-13 17:37:13.687 15244 15244 I Glide   : 	at com.bumptech.glide.load.engine.DecodeJob.runWrapped(DecodeJob.java:280)
03-13 17:37:13.687 15244 15244 I Glide   : 	at com.bumptech.glide.load.engine.DecodeJob.run(DecodeJob.java:235)
03-13 17:37:13.687 15244 15244 I Glide   : 	at java.util.concurrent.ThreadPoolExecutor.runWorker(ThreadPoolExecutor.java:1145)
03-13 17:37:13.687 15244 15244 I Glide   : 	at java.util.concurrent.ThreadPoolExecutor$Worker.run(ThreadPoolExecutor.java:644)
03-13 17:37:13.687 15244 15244 I Glide   : 	at com.bumptech.glide.load.engine.executor.GlideExecutor$DefaultThreadFactory$1.run(GlideExecutor.java:424)
03-13 17:37:13.687 15244 15244 I Glide   : 	at java.lang.Thread.run(Thread.java:1012)
03-13 17:37:13.687 15244 15244 I Glide   : 	at com.bumptech.glide.load.engine.executor.GlideExecutor$DefaultPriorityThreadFactory$1.run(GlideExecutor.java:383)
03-13 17:37:13.687 15244 15244 I Glide   : Caused by: java.io.FileNotFoundException: https://currentedu365.in/wp-content/uploads/2024/09/cultural-icon.png
03-13 17:37:13.687 15244 15244 I Glide   : 	at com.android.okhttp.internal.huc.HttpURLConnectionImpl.getInputStream(HttpURLConnectionImpl.java:255)
03-13 17:37:13.687 15244 15244 I Glide   : 	at com.android.okhttp.internal.huc.DelegatingHttpsURLConnection.getInputStream(DelegatingHttpsURLConnection.java:211)
03-13 17:37:13.687 15244 15244 I Glide   : 	at com.android.okhttp.internal.huc.HttpsURLConnectionImpl.getInputStream(HttpsURLConnectionImpl.java:30)
03-13 17:37:13.687 15244 15244 I Glide   : 	at com.bumptech.glide.load.data.HttpUrlFetcher.loadDataWithRedirects(HttpUrlFetcher.java:95)
03-13 17:37:13.687 15244 15244 I Glide   : 	... 12 more
03-13 17:37:13.707 15244 15244 E AdManager: App open ad failed to load: Ad unit doesn't match format. <https://support.google.com/admob/answer/9905175#4>, error code: 3, domain: com.google.android.gms.ads
03-13 17:37:13.707 15244 15244 I Ads     : Ad failed to load : 3
03-13 17:37:13.710 15244 18121 I gralloc4: @set_metadata: update dataspace from GM (0x00000000 -> 0x08010000)
03-13 17:37:13.714 15244 15244 E AdManager: App open ad failed to load: Ad unit doesn't match format. <https://support.google.com/admob/answer/9905175#4>, error code: 3, domain: com.google.android.gms.ads
03-13 17:37:13.714 15244 15244 I Ads     : Ad failed to load : 3
03-13 17:37:13.721 15244 15244 E AdManager: App open ad failed to load: Ad unit doesn't match format. <https://support.google.com/admob/answer/9905175#4>, error code: 3, domain: com.google.android.gms.ads
03-13 17:37:13.721 15244 15244 I Ads     : Ad failed to load : 3
03-13 17:37:13.726 25650 17850 D AdvertisingIdClient: AdvertisingIdClient already created.
03-13 17:37:13.728 25650 17850 I AdvertisingIdClient: shouldSendLog 1144443115
03-13 17:37:13.728 25650 17850 I AdvertisingIdClient: GetInfoInternal elapse 3ms
03-13 17:37:13.739 23177 23226 E Finsky  : [68304] xct.a(109): ItemStore: getItems RPC failed.
03-13 17:37:13.741 15244 17953 I PlayCore: UID: [10422]  PID: [15244] OnRequestInstallCallback : onRequestInfo
03-13 17:37:13.741 15244 18134 I PlayCore: UID: [10422]  PID: [15244] AppUpdateService : Unbind from service.
03-13 17:37:13.764 25578 18610 W NetworkScheduler: Error inserting flex_time=1729000 job_id=-1 period=3459000 source=16 requires_charging=0 preferred_network_type=1 target_class=com.google.android.gms.measurement.PackageMeasurementTaskService user_id=0 target_package=com.google.android.gms tag=Measurement.PackageMeasurementTaskService.UPLOAD_TASK_TAG task_type=0 required_idleness_state=0 service_kind=0 source_version=250832000 persistence_level=1 preferred_charging_state=1 required_network_type=0 runtime=1741867633759 retry_strategy={"maximum_backoff_seconds":{"3600":0},"initial_backoff_seconds":{"30":0},"retry_policy":{"0":0}} last_runtime=0 [CONTEXT service_id=218 ]
03-13 17:37:13.764 25578 18610 W NetworkScheduler: android.database.sqlite.SQLiteConstraintException: UNIQUE constraint failed: pending_ops.tag, pending_ops.target_class, pending_ops.target_package, pending_ops.user_id (code 2067 SQLITE_CONSTRAINT_UNIQUE)
03-13 17:37:13.764 25578 18610 W NetworkScheduler: 	at android.database.sqlite.SQLiteConnection.nativeExecuteForLastInsertedRowId(Native Method)
03-13 17:37:13.764 25578 18610 W NetworkScheduler: 	at android.database.sqlite.SQLiteConnection.executeForLastInsertedRowId(SQLiteConnection.java:1012)
03-13 17:37:13.764 25578 18610 W NetworkScheduler: 	at android.database.sqlite.SQLiteSession.executeForLastInsertedRowId(SQLiteSession.java:790)
03-13 17:37:13.764 25578 18610 W NetworkScheduler: 	at android.database.sqlite.SQLiteStatement.executeInsert(SQLiteStatement.java:89)
03-13 17:37:13.764 25578 18610 W NetworkScheduler: 	at android.database.sqlite.SQLiteDatabase.insertWithOnConflict(SQLiteDatabase.java:1870)
03-13 17:37:13.764 25578 18610 W NetworkScheduler: 	at android.database.sqlite.SQLiteDatabase.insertOrThrow(SQLiteDatabase.java:1765)
03-13 17:37:13.764 25578 18610 W NetworkScheduler: 	at drpi.d(:com.google.android.gms@250832029@25.08.32 (190400-731361394):727)
03-13 17:37:13.764 25578 18610 W NetworkScheduler: 	at drmz.n(:com.google.android.gms@250832029@25.08.32 (190400-731361394):29)
03-13 17:37:13.764 25578 18610 W NetworkScheduler: 	at drmz.u(:com.google.android.gms@250832029@25.08.32 (190400-731361394):364)
03-13 17:37:13.764 25578 18610 W NetworkScheduler: 	at drmz.h(:com.google.android.gms@250832029@25.08.32 (190400-731361394):51)
03-13 17:37:13.764 25578 18610 W NetworkScheduler: 	at drho.run(:com.google.android.gms@250832029@25.08.32 (190400-731361394):72)
03-13 17:37:13.764 25578 18610 W NetworkScheduler: 	at atru.c(:com.google.android.gms@250832029@25.08.32 (190400-731361394):50)
03-13 17:37:13.764 25578 18610 W NetworkScheduler: 	at atru.run(:com.google.android.gms@250832029@25.08.32 (190400-731361394):76)
03-13 17:37:13.764 25578 18610 W NetworkScheduler: 	at java.util.concurrent.ThreadPoolExecutor.runWorker(ThreadPoolExecutor.java:1145)
03-13 17:37:13.764 25578 18610 W NetworkScheduler: 	at java.util.concurrent.ThreadPoolExecutor$Worker.run(ThreadPoolExecutor.java:644)
03-13 17:37:13.764 25578 18610 W NetworkScheduler: 	at atxi.run(:com.google.android.gms@250832029@25.08.32 (190400-731361394):8)
03-13 17:37:13.764 25578 18610 W NetworkScheduler: 	at java.lang.Thread.run(Thread.java:1012)
03-13 17:37:13.770 25578 18610 W NetworkScheduler: Error inserting flex_time=1729000 job_id=-1 period=3459000 source=16 requires_charging=0 preferred_network_type=1 target_class=com.google.android.gms.measurement.PackageMeasurementTaskService user_id=0 target_package=com.google.android.gms tag=Measurement.PackageMeasurementTaskService.UPLOAD_TASK_TAG task_type=0 required_idleness_state=0 service_kind=0 source_version=250832000 persistence_level=1 preferred_charging_state=1 required_network_type=0 runtime=1741867633761 retry_strategy={"maximum_backoff_seconds":{"3600":0},"initial_backoff_seconds":{"30":0},"retry_policy":{"0":0}} last_runtime=0 [CONTEXT service_id=218 ]
03-13 17:37:13.770 25578 18610 W NetworkScheduler: android.database.sqlite.SQLiteConstraintException: UNIQUE constraint failed: pending_ops.tag, pending_ops.target_class, pending_ops.target_package, pending_ops.user_id (code 2067 SQLITE_CONSTRAINT_UNIQUE)
03-13 17:37:13.770 25578 18610 W NetworkScheduler: 	at android.database.sqlite.SQLiteConnection.nativeExecuteForLastInsertedRowId(Native Method)
03-13 17:37:13.770 25578 18610 W NetworkScheduler: 	at android.database.sqlite.SQLiteConnection.executeForLastInsertedRowId(SQLiteConnection.java:1012)
03-13 17:37:13.770 25578 18610 W NetworkScheduler: 	at android.database.sqlite.SQLiteSession.executeForLastInsertedRowId(SQLiteSession.java:790)
03-13 17:37:13.770 25578 18610 W NetworkScheduler: 	at android.database.sqlite.SQLiteStatement.executeInsert(SQLiteStatement.java:89)
03-13 17:37:13.770 25578 18610 W NetworkScheduler: 	at android.database.sqlite.SQLiteDatabase.insertWithOnConflict(SQLiteDatabase.java:1870)
03-13 17:37:13.770 25578 18610 W NetworkScheduler: 	at android.database.sqlite.SQLiteDatabase.insertOrThrow(SQLiteDatabase.java:1765)
03-13 17:37:13.770 25578 18610 W NetworkScheduler: 	at drpi.d(:com.google.android.gms@250832029@25.08.32 (190400-731361394):727)
03-13 17:37:13.770 25578 18610 W NetworkScheduler: 	at drmz.n(:com.google.android.gms@250832029@25.08.32 (190400-731361394):29)
03-13 17:37:13.770 25578 18610 W NetworkScheduler: 	at drmz.u(:com.google.android.gms@250832029@25.08.32 (190400-731361394):364)
03-13 17:37:13.770 25578 18610 W NetworkScheduler: 	at drmz.h(:com.google.android.gms@250832029@25.08.32 (190400-731361394):51)
03-13 17:37:13.770 25578 18610 W NetworkScheduler: 	at drho.run(:com.google.android.gms@250832029@25.08.32 (190400-731361394):72)
03-13 17:37:13.770 25578 18610 W NetworkScheduler: 	at atru.c(:com.google.android.gms@250832029@25.08.32 (190400-731361394):50)
03-13 17:37:13.770 25578 18610 W NetworkScheduler: 	at atru.run(:com.google.android.gms@250832029@25.08.32 (190400-731361394):97)
03-13 17:37:13.770 25578 18610 W NetworkScheduler: 	at java.util.concurrent.ThreadPoolExecutor.runWorker(ThreadPoolExecutor.java:1145)
03-13 17:37:13.770 25578 18610 W NetworkScheduler: 	at java.util.concurrent.ThreadPoolExecutor$Worker.run(ThreadPoolExecutor.java:644)
03-13 17:37:13.770 25578 18610 W NetworkScheduler: 	at atxi.run(:com.google.android.gms@250832029@25.08.32 (190400-731361394):8)
03-13 17:37:13.770 25578 18610 W NetworkScheduler: 	at java.lang.Thread.run(Thread.java:1012)
03-13 17:37:13.776 25578 18610 W NetworkScheduler: Error inserting flex_time=1729000 job_id=-1 period=3459000 source=16 requires_charging=0 preferred_network_type=1 target_class=com.google.android.gms.measurement.PackageMeasurementTaskService user_id=0 target_package=com.google.android.gms tag=Measurement.PackageMeasurementTaskService.UPLOAD_TASK_TAG task_type=0 required_idleness_state=0 service_kind=0 source_version=250832000 persistence_level=1 preferred_charging_state=1 required_network_type=0 runtime=1741867633773 retry_strategy={"maximum_backoff_seconds":{"3600":0},"initial_backoff_seconds":{"30":0},"retry_policy":{"0":0}} last_runtime=0 [CONTEXT service_id=218 ]
03-13 17:37:13.776 25578 18610 W NetworkScheduler: android.database.sqlite.SQLiteConstraintException: UNIQUE constraint failed: pending_ops.tag, pending_ops.target_class, pending_ops.target_package, pending_ops.user_id (code 2067 SQLITE_CONSTRAINT_UNIQUE)
03-13 17:37:13.776 25578 18610 W NetworkScheduler: 	at android.database.sqlite.SQLiteConnection.nativeExecuteForLastInsertedRowId(Native Method)
03-13 17:37:13.776 25578 18610 W NetworkScheduler: 	at android.database.sqlite.SQLiteConnection.executeForLastInsertedRowId(SQLiteConnection.java:1012)
03-13 17:37:13.776 25578 18610 W NetworkScheduler: 	at android.database.sqlite.SQLiteSession.executeForLastInsertedRowId(SQLiteSession.java:790)
03-13 17:37:13.776 25578 18610 W NetworkScheduler: 	at android.database.sqlite.SQLiteStatement.executeInsert(SQLiteStatement.java:89)
03-13 17:37:13.776 25578 18610 W NetworkScheduler: 	at android.database.sqlite.SQLiteDatabase.insertWithOnConflict(SQLiteDatabase.java:1870)
03-13 17:37:13.776 25578 18610 W NetworkScheduler: 	at android.database.sqlite.SQLiteDatabase.insertOrThrow(SQLiteDatabase.java:1765)
03-13 17:37:13.776 25578 18610 W NetworkScheduler: 	at drpi.d(:com.google.android.gms@250832029@25.08.32 (190400-731361394):727)
03-13 17:37:13.776 25578 18610 W NetworkScheduler: 	at drmz.n(:com.google.android.gms@250832029@25.08.32 (190400-731361394):29)
03-13 17:37:13.776 25578 18610 W NetworkScheduler: 	at drmz.u(:com.google.android.gms@250832029@25.08.32 (190400-731361394):364)
03-13 17:37:13.776 25578 18610 W NetworkScheduler: 	at drmz.h(:com.google.android.gms@250832029@25.08.32 (190400-731361394):51)
03-13 17:37:13.776 25578 18610 W NetworkScheduler: 	at drho.run(:com.google.android.gms@250832029@25.08.32 (190400-731361394):72)
03-13 17:37:13.776 25578 18610 W NetworkScheduler: 	at atru.c(:com.google.android.gms@250832029@25.08.32 (190400-731361394):50)
03-13 17:37:13.776 25578 18610 W NetworkScheduler: 	at atru.run(:com.google.android.gms@250832029@25.08.32 (190400-731361394):76)
03-13 17:37:13.776 25578 18610 W NetworkScheduler: 	at java.util.concurrent.ThreadPoolExecutor.runWorker(ThreadPoolExecutor.java:1145)
03-13 17:37:13.776 25578 18610 W NetworkScheduler: 	at java.util.concurrent.ThreadPoolExecutor$Worker.run(ThreadPoolExecutor.java:644)
03-13 17:37:13.776 25578 18610 W NetworkScheduler: 	at atxi.run(:com.google.android.gms@250832029@25.08.32 (190400-731361394):8)
03-13 17:37:13.776 25578 18610 W NetworkScheduler: 	at java.lang.Thread.run(Thread.java:1012)
03-13 17:37:13.786 25578 16977 W NetworkScheduler: Error inserting flex_time=1729000 job_id=-1 period=3459000 source=16 requires_charging=0 preferred_network_type=1 target_class=com.google.android.gms.measurement.PackageMeasurementTaskService user_id=0 target_package=com.google.android.gms tag=Measurement.PackageMeasurementTaskService.UPLOAD_TASK_TAG task_type=0 required_idleness_state=0 service_kind=0 source_version=250832000 persistence_level=1 preferred_charging_state=1 required_network_type=0 runtime=1741867633783 retry_strategy={"maximum_backoff_seconds":{"3600":0},"initial_backoff_seconds":{"30":0},"retry_policy":{"0":0}} last_runtime=0 [CONTEXT service_id=218 ]
03-13 17:37:13.786 25578 16977 W NetworkScheduler: android.database.sqlite.SQLiteConstraintException: UNIQUE constraint failed: pending_ops.tag, pending_ops.target_class, pending_ops.target_package, pending_ops.user_id (code 2067 SQLITE_CONSTRAINT_UNIQUE)
03-13 17:37:13.786 25578 16977 W NetworkScheduler: 	at android.database.sqlite.SQLiteConnection.nativeExecuteForLastInsertedRowId(Native Method)
03-13 17:37:13.786 25578 16977 W NetworkScheduler: 	at android.database.sqlite.SQLiteConnection.executeForLastInsertedRowId(SQLiteConnection.java:1012)
03-13 17:37:13.786 25578 16977 W NetworkScheduler: 	at android.database.sqlite.SQLiteSession.executeForLastInsertedRowId(SQLiteSession.java:790)
03-13 17:37:13.786 25578 16977 W NetworkScheduler: 	at android.database.sqlite.SQLiteStatement.executeInsert(SQLiteStatement.java:89)
03-13 17:37:13.786 25578 16977 W NetworkScheduler: 	at android.database.sqlite.SQLiteDatabase.insertWithOnConflict(SQLiteDatabase.java:1870)
03-13 17:37:13.786 25578 16977 W NetworkScheduler: 	at android.database.sqlite.SQLiteDatabase.insertOrThrow(SQLiteDatabase.java:1765)
03-13 17:37:13.786 25578 16977 W NetworkScheduler: 	at drpi.d(:com.google.android.gms@250832029@25.08.32 (190400-731361394):727)
03-13 17:37:13.786 25578 16977 W NetworkScheduler: 	at drmz.n(:com.google.android.gms@250832029@25.08.32 (190400-731361394):29)
03-13 17:37:13.786 25578 16977 W NetworkScheduler: 	at drmz.u(:com.google.android.gms@250832029@25.08.32 (190400-731361394):364)
03-13 17:37:13.786 25578 16977 W NetworkScheduler: 	at drmz.h(:com.google.android.gms@250832029@25.08.32 (190400-731361394):51)
03-13 17:37:13.786 25578 16977 W NetworkScheduler: 	at drho.run(:com.google.android.gms@250832029@25.08.32 (190400-731361394):72)
03-13 17:37:13.786 25578 16977 W NetworkScheduler: 	at atru.c(:com.google.android.gms@250832029@25.08.32 (190400-731361394):50)
03-13 17:37:13.786 25578 16977 W NetworkScheduler: 	at atru.run(:com.google.android.gms@250832029@25.08.32 (190400-731361394):76)
03-13 17:37:13.786 25578 16977 W NetworkScheduler: 	at java.util.concurrent.ThreadPoolExecutor.runWorker(ThreadPoolExecutor.java:1145)
03-13 17:37:13.786 25578 16977 W NetworkScheduler: 	at java.util.concurrent.ThreadPoolExecutor$Worker.run(ThreadPoolExecutor.java:644)
03-13 17:37:13.786 25578 16977 W NetworkScheduler: 	at atxi.run(:com.google.android.gms@250832029@25.08.32 (190400-731361394):8)
03-13 17:37:13.786 25578 16977 W NetworkScheduler: 	at java.lang.Thread.run(Thread.java:1012)
03-13 17:37:13.821 15244 18853 I FIAM.Headless: Successfully fetched 0 messages from backend
03-13 17:37:14.056 15244 18121 I gralloc4: @set_metadata: update dataspace from GM (0x00000000 -> 0x08010000)
03-13 17:37:14.076 15244 18121 I gralloc4: @set_metadata: update dataspace from GM (0x00000000 -> 0x08010000)
03-13 17:37:14.555 15244 15244 D MainActivity: Navigated to: 2131362294
03-13 17:37:14.556 15244 15244 D CacheManager: Cleared memory cache
03-13 17:37:14.654 15244 15244 D HomeFragment: onViewCreated called
03-13 17:37:14.655 15244 15244 D HomeViewModel: Initializing HomeViewModel with category: All
03-13 17:37:14.655 15244 15244 D HomeViewModel: Loading templates - refresh: false
03-13 17:37:14.655 15244 15244 D HomeViewModel: Categories already available (7), notifying observers
03-13 17:37:14.655 15244 15244 D CategoriesAdapter: CategoriesAdapter initialized with CategoryIconRepository
03-13 17:37:14.656 15244 15244 D HomeFragment: Categories RecyclerView initial visibility: VISIBLE
03-13 17:37:14.656 15244 15244 D CategoriesAdapter: Categories updated: 1 categories, 1 visible
03-13 17:37:14.656 15244 15244 D HomeFragment: Setting up categories adapter with 7 categories from ViewModel
03-13 17:37:14.656 15244 15244 D CategoriesAdapter: Categories updated: 8 categories, 8 visible
03-13 17:37:14.660 15244 15244 D HomeFragment: Explicitly loading categories in onViewCreated
03-13 17:37:14.660 15244 15244 D HomeViewModel: Categories already available (7), notifying observers
03-13 17:37:14.660 15244 15244 D HomeFragment: Categories RecyclerView visibility: VISIBLE
03-13 17:37:14.660 15244 15244 D HomeFragment: Categories adapter item count: 8
03-13 17:37:14.661 15244 15244 D HomeFragment: Templates updated - size: 8
03-13 17:37:14.661 15244 15244 D HomeFragment: New template IDs updated: 7
03-13 17:37:14.661 15244 15244 D HomeFragment: Loading state updated: false
03-13 17:37:14.661 15244 15244 D HomeFragment: Received 10 category icons
03-13 17:37:14.661 15244 15244 D HomeFragment: Received 7 categories
03-13 17:37:14.662 15244 15244 D CategoryIconRepository: Loading category icons with offline-first approach
03-13 17:37:14.662 15244 15244 D ResourceCache: Cache hit (memory): category_icon_category_icons
03-13 17:37:14.662 15244 15244 D ResourceRepository: Found JsonObject in memory cache for: category_icon_category_icons
03-13 17:37:14.662 15244 15244 D ResourceRepository: Resource found in memory cache: category_icon_category_icons
03-13 17:37:14.662 15244 15244 D CategoryIconRepository: Loading category icons from network
03-13 17:37:14.663 15244 15244 D HomeFragment: Network state changed: Connected
03-13 17:37:14.664 15244 15244 D HomeFragment: Back online after being in background, refreshing data
03-13 17:37:14.664 15244 15244 D HomeViewModel: Loading templates - refresh: true
03-13 17:37:14.664 15244 15244 D HomeViewModel: Setting stale data state: false
03-13 17:37:14.664 15244 15244 D HomeFragment: Loading state updated: true
03-13 17:37:14.664 15244 15244 D HomeFragment: Templates updated - size: 0
03-13 17:37:14.664 15244 15244 D TemplateRepository: Loading templates - page: 1, category: All, forceRefresh: true
03-13 17:37:14.664 15244 15244 D ResourceCache: Cache hit (memory): template_templates_page_1
03-13 17:37:14.664 15244 15244 D ResourceRepository: Found JsonObject in memory cache for: template_templates_page_1
03-13 17:37:14.665 15244 15244 D HomeFragment: Stale data state changed: false
03-13 17:37:14.668 15244 15244 D HomeFragment: onResume called
03-13 17:37:14.668 15244 15244 D HomeFragment: Categories RecyclerView visibility: VISIBLE
03-13 17:37:14.668 15244 15244 D HomeFragment: Categories adapter item count: 8
03-13 17:37:14.668 15244 15244 D FestivalViewModel: Notifications already scheduled today (server time), skipping
03-13 17:37:14.669 15244 15244 D HomeFragment: onResume - Last position: 0
03-13 17:37:14.669 15244 18133 I okhttp.OkHttpClient: --> GET https://eventwishes.onrender.com/api/templates?page=1&limit=20
03-13 17:37:14.671 15244 18029 I okhttp.OkHttpClient: --> GET https://eventwishes.onrender.com/api/categoryIcons
03-13 17:37:14.671 15244 18133 I okhttp.OkHttpClient: --> END GET
03-13 17:37:14.672 15244 18029 I okhttp.OkHttpClient: --> END GET
03-13 17:37:14.674 15244 18136 I okhttp.OkHttpClient: --> GET https://eventwishes.onrender.com/api/test/time
03-13 17:37:14.675 15244 18136 I okhttp.OkHttpClient: --> END GET
03-13 17:37:14.676 15244 15244 D CategoriesAdapter: Binding category at position 0: All, selected: true
03-13 17:37:14.676 15244 15244 D CategoriesAdapter: Fetching icon for category: All
03-13 17:37:14.676 15244 15244 D CategoryIconRepository: Found icon for category: all
