03-13 17:37:14.768 15244 18133 I okhttp.OkHttpClient: rndr-id: 23a027e0-9f2b-42d2
03-13 17:37:14.768 15244 18133 I okhttp.OkHttpClient: x-powered-by: Express
03-13 17:37:14.769 15244 18133 I okhttp.OkHttpClient: x-render-origin-server: Render
03-13 17:37:14.770 15244 18133 I okhttp.OkHttpClient: CF-Cache-Status: DYNAMIC
03-13 17:37:14.770 15244 18133 I okhttp.OkHttpClient: Server: cloudflare
03-13 17:37:14.770 15244 18133 I okhttp.OkHttpClient: CF-RAY: 91fb6731ff9633ba-DEL
03-13 17:37:14.771 15244 18133 I okhttp.OkHttpClient: alt-svc: h3=":443"; ma=86400
03-13 17:37:14.771 15244 18133 I okhttp.OkHttpClient: Cache-Control: max-age=300
03-13 17:37:14.772 15244 18121 I gralloc4: @set_metadata: update dataspace from GM (0x00000000 -> 0x08010000)
03-13 17:37:14.773 15244 18133 I okhttp.OkHttpClient: {"success":true,"data":[{"_id":"67c8810caa69a52cfa6ca079","category":"Birthday","categoryIcon":"https://blogger.googleusercontent.com/img/b/R29vZ2xl/AVvXsEhDYH8b_z1ZgUrg7E9yb62QbWMpGcLVFhjN9puAySdh_CbieYufveDu5LC2XgU_vjRuJY6fBwjQvCfXUrVyMnCRzaZF2X9_pMadAK3yfoj9qav0QJwKHLOapxf_t1Ta0agH0FJpfuxLhQmOSOOdle0tlTefz5S02ixXUEJ8Art5P2NWN0ZyXid7i7PRT93O/s512/world-wide-web.png","__v":0,"createdAt":"2025-03-05T16:51:24.623Z","updatedAt":"2025-03-05T16:51:24.623Z"},{"_id":"67c8810caa69a52cfa6ca07a","category":"Wedding","categoryIcon":"https://raw.githubusercontent.com/google/material-design-icons/master/png/places/beach_access/materialicons/24dp/2x/baseline_beach_access_black_24dp.png","__v":0,"createdAt":"2025-03-05T16:51:24.625Z","updatedAt":"2025-03-05T16:51:24.625Z"},{"_id":"67c8810caa69a52cfa6ca07b","category":"Cultural","categoryIcon":"https://currentedu365.in/wp-content/uploads/2024/09/cultural-icon.png","__v":0,"createdAt":"2025-03-05T16:51:24.625Z","updatedAt":"2025-03-05T16:51:24.625Z"},{"_id":"67c8810caa69a52cfa6ca07c","category":"Religious","categoryIcon":"https://raw.githubusercontent.com/google/material-design-icons/master/png/places/beach_access/materialicons/24dp/2x/baseline_beach_access_black_24dp.png","__v":0,"createdAt":"2025-03-05T16:51:24.625Z","updatedAt":"2025-03-05T16:51:24.625Z"},{"_id":"67c8810caa69a52cfa6ca07d","category":"National","categoryIcon":"https://currentedu365.in/wp-content/uploads/2024/09/national-icon.png","__v":0,"createdAt":"2025-03-05T16:51:24.625Z","updatedAt":"2025-03-05T16:51:24.625Z"},{"_id":"67c8810caa69a52cfa6ca07e","category":"Anniversary","categoryIcon":"https://raw.githubusercontent.com/google/material-design-icons/master/png/places/beach_access/materialicons/24dp/2x/baseline_beach_access_black_24dp.png","__v":0,"createdAt":"2025-03-05T16:51:24.625Z","updatedAt":"2025-03-05T16:51:24.625Z"},{"_id":"67c8810caa69a52cfa6ca07f","category":"Graduation","categoryIcon":"https://currentedu365.in/wp-content/uploads/2024/09/graduation-icon.png","__v":0,"createdAt":"2025-03-05T16:51:24.626Z","updatedAt":"2025-03-05T16:51:24.626Z"},{"_id":"67c8810caa69a52cfa6ca080","category":"New Year","categoryIcon":"https://blogger.googleusercontent.com/img/b/R29vZ2xl/AVvXsEhDYH8b_z1ZgUrg7E9yb62QbWMpGcLVFhjN9puAySdh_CbieYufveDu5LC2XgU_vjRuJY6fBwjQvCfXUrVyMnCRzaZF2X9_pMadAK3yfoj9qav0QJwKHLOapxf_t1Ta0agH0FJpfuxLhQmOSOOdle0tlTefz5S02ixXUEJ8Art5P2NWN0ZyXid7i7PRT93O/s512/world-wide-web.png","__v":0,"createdAt":"2025-03-05T16:51:24.626Z","updatedAt":"2025-03-05T16:51:24.626Z"},{"_id":"67c8810caa69a52cfa6ca081","category":"Valentine","categoryIcon":"https://blogger.googleusercontent.com/img/b/R29vZ2xl/AVvXsEhDYH8b_z1ZgUrg7E9yb62QbWMpGcLVFhjN9puAySdh_CbieYufveDu5LC2XgU_vjRuJY6fBwjQvCfXUrVyMnCRzaZF2X9_pMadAK3yfoj9qav0QJwKHLOapxf_t1Ta0agH0FJpfuxLhQmOSOOdle0tlTefz5S02ixXUEJ8Art5P2NWN0ZyXid7i7PRT93O/s512/world-wide-web.png","__v":0,"createdAt":"2025-03-05T16:51:24.626Z","updatedAt":"2025-03-05T16:51:24.626Z"},{"_id":"67c8810caa69a52cfa6ca082","category":"Christmas","categoryIcon":"https://currentedu365.in/wp-content/uploads/2024/09/christmas-icon.png","__v":0,"createdAt":"2025-03-05T16:51:24.626Z","updatedAt":"2025-03-05T16:51:24.626Z"}],"message":"Category icons retrieved successfully"}
03-13 17:37:14.774 15244 18133 I okhttp.OkHttpClient: <-- END HTTP (3246-byte body)
03-13 17:37:14.779 15244 18038 D ResourceRepository: Resource updated in database: template:templates_page_1
03-13 17:37:14.780 15244 18121 I gralloc4: @set_metadata: update dataspace from GM (0x00000000 -> 0x08010000)
03-13 17:37:14.782 15244 18038 D ResourceRepository: Resource updated in database: category:categories
03-13 17:37:14.784 15244 18038 D ResourceCache: Added to disk cache: category_icon_category_icons
03-13 17:37:14.787 15244 18038 D ResourceCache: Added to disk cache: template_templates_page_1
03-13 17:37:14.788 15244 18038 D ResourceCache: Added to disk cache: category_categories
03-13 17:37:14.815 15244 15244 D HomeFragment: Received 10 category icons
03-13 17:37:14.816 15244 15244 D CategoryIconRepository: Added category icon: Birthday -> https://blogger.googleusercontent.com/img/b/R29vZ2xl/AVvXsEhDYH8b_z1ZgUrg7E9yb62QbWMpGcLVFhjN9puAySdh_CbieYufveDu5LC2XgU_vjRuJY6fBwjQvCfXUrVyMnCRzaZF2X9_pMadAK3yfoj9qav0QJwKHLOapxf_t1Ta0agH0FJpfuxLhQmOSOOdle0tlTefz5S02ixXUEJ8Art5P2NWN0ZyXid7i7PRT93O/s512/world-wide-web.png
03-13 17:37:14.816 15244 15244 D CategoryIconRepository: Added category icon: Wedding -> https://raw.githubusercontent.com/google/material-design-icons/master/png/places/beach_access/materialicons/24dp/2x/baseline_beach_access_black_24dp.png
03-13 17:37:14.816 15244 15244 D CategoryIconRepository: Added category icon: Cultural -> https://currentedu365.in/wp-content/uploads/2024/09/cultural-icon.png
03-13 17:37:14.816 15244 15244 D CategoryIconRepository: Added category icon: Religious -> https://raw.githubusercontent.com/google/material-design-icons/master/png/places/beach_access/materialicons/24dp/2x/baseline_beach_access_black_24dp.png
03-13 17:37:14.816 15244 15244 D CategoryIconRepository: Added category icon: National -> https://currentedu365.in/wp-content/uploads/2024/09/national-icon.png
03-13 17:37:14.816 15244 15244 D CategoryIconRepository: Added category icon: Anniversary -> https://raw.githubusercontent.com/google/material-design-icons/master/png/places/beach_access/materialicons/24dp/2x/baseline_beach_access_black_24dp.png
03-13 17:37:14.817 15244 15244 D CategoryIconRepository: Added category icon: Graduation -> https://currentedu365.in/wp-content/uploads/2024/09/graduation-icon.png
03-13 17:37:14.817 15244 15244 D CategoryIconRepository: Added category icon: New Year -> https://blogger.googleusercontent.com/img/b/R29vZ2xl/AVvXsEhDYH8b_z1ZgUrg7E9yb62QbWMpGcLVFhjN9puAySdh_CbieYufveDu5LC2XgU_vjRuJY6fBwjQvCfXUrVyMnCRzaZF2X9_pMadAK3yfoj9qav0QJwKHLOapxf_t1Ta0agH0FJpfuxLhQmOSOOdle0tlTefz5S02ixXUEJ8Art5P2NWN0ZyXid7i7PRT93O/s512/world-wide-web.png
03-13 17:37:14.817 15244 15244 D CategoryIconRepository: Added category icon: Valentine -> https://blogger.googleusercontent.com/img/b/R29vZ2xl/AVvXsEhDYH8b_z1ZgUrg7E9yb62QbWMpGcLVFhjN9puAySdh_CbieYufveDu5LC2XgU_vjRuJY6fBwjQvCfXUrVyMnCRzaZF2X9_pMadAK3yfoj9qav0QJwKHLOapxf_t1Ta0agH0FJpfuxLhQmOSOOdle0tlTefz5S02ixXUEJ8Art5P2NWN0ZyXid7i7PRT93O/s512/world-wide-web.png
03-13 17:37:14.817 15244 15244 D CategoryIconRepository: Added category icon: Christmas -> https://currentedu365.in/wp-content/uploads/2024/09/christmas-icon.png
03-13 17:37:14.817 15244 15244 D CategoryIconRepository: Added fallback icon for category: all
03-13 17:37:14.817 15244 15244 D CategoryIconRepository: Added fallback icon for category: holiday
03-13 17:37:14.817 15244 15244 D CategoryIconRepository: Added fallback icon for category: congratulations
03-13 17:37:14.817 15244 15244 D CategoryIconRepository: Total category icons after adding fallbacks: 13
03-13 17:37:14.817 15244 15244 D CategoryIconRepository: Available category icon: birthday
03-13 17:37:14.818 15244 15244 D CategoryIconRepository: Available category icon: all
03-13 17:37:14.818 15244 15244 D CategoryIconRepository: Available category icon: religious
03-13 17:37:14.818 15244 15244 D CategoryIconRepository: Available category icon: congratulations
03-13 17:37:14.818 15244 15244 D CategoryIconRepository: Available category icon: valentine
03-13 17:37:14.818 15244 15244 D CategoryIconRepository: Available category icon: christmas
03-13 17:37:14.818 15244 15244 D CategoryIconRepository: Available category icon: holiday
03-13 17:37:14.818 15244 15244 D CategoryIconRepository: Available category icon: cultural
03-13 17:37:14.818 15244 15244 D CategoryIconRepository: Available category icon: graduation
03-13 17:37:14.818 15244 15244 D CategoryIconRepository: Available category icon: national
03-13 17:37:14.818 15244 18038 D ResourceRepository: Resource updated in database: category_icon:category_icons
03-13 17:37:14.818 15244 15244 D CategoryIconRepository: Available category icon: wedding
03-13 17:37:14.818 15244 15244 D CategoryIconRepository: Available category icon: anniversary
03-13 17:37:14.818 15244 15244 D CategoryIconRepository: Available category icon: new year
03-13 17:37:14.818 15244 15244 D CategoryIconRepository: Successfully loaded 10 category icons
03-13 17:37:14.819 15244 18121 I gralloc4: @set_metadata: update dataspace from GM (0x00000000 -> 0x08010000)
03-13 17:37:14.820 15244 18038 D ResourceCache: Added to disk cache: category_icon_category_icons
03-13 17:37:14.822 15244 15244 D CategoriesAdapter: Binding category at position 0: All, selected: true
03-13 17:37:14.823 15244 15244 D CategoriesAdapter: Fetching icon for category: All
03-13 17:37:14.823 15244 15244 D CategoryIconRepository: Found icon for category: all
03-13 17:37:14.823 15244 15244 D CategoriesAdapter: Found icon for category 'All': https://raw.githubusercontent.com/google/material-design-icons/master/png/action/view_module/materialicons/24dp/2x/baseline_view_module_black_24dp.png
03-13 17:37:14.823 15244 15244 D CategoriesAdapter: Loading category icon for 'All' from URL: https://raw.githubusercontent.com/google/material-design-icons/master/png/action/view_module/materialicons/24dp/2x/baseline_view_module_black_24dp.png
03-13 17:37:14.823 15244 15244 D CategoriesAdapter: Successfully loaded icon for category 'All'
03-13 17:37:14.824 15244 15244 D CategoriesAdapter: Binding category at position 1: Anniversary, selected: false
03-13 17:37:14.824 15244 15244 D CategoriesAdapter: Fetching icon for category: Anniversary
03-13 17:37:14.824 15244 15244 D CategoryIconRepository: Found icon for category: anniversary
03-13 17:37:14.824 15244 15244 D CategoriesAdapter: Found icon for category 'Anniversary': https://raw.githubusercontent.com/google/material-design-icons/master/png/places/beach_access/materialicons/24dp/2x/baseline_beach_access_black_24dp.png
03-13 17:37:14.824 15244 15244 D CategoriesAdapter: Loading category icon for 'Anniversary' from URL: https://raw.githubusercontent.com/google/material-design-icons/master/png/places/beach_access/materialicons/24dp/2x/baseline_beach_access_black_24dp.png
03-13 17:37:14.825 15244 15244 D CategoriesAdapter: Successfully loaded icon for category 'Anniversary'
03-13 17:37:14.825 15244 15244 D CategoriesAdapter: Binding category at position 2: Birthday, selected: false
03-13 17:37:14.825 15244 15244 D CategoriesAdapter: Fetching icon for category: Birthday
03-13 17:37:14.825 15244 15244 D CategoryIconRepository: Found icon for category: birthday
03-13 17:37:14.825 15244 15244 D CategoriesAdapter: Found icon for category 'Birthday': https://blogger.googleusercontent.com/img/b/R29vZ2xl/AVvXsEhDYH8b_z1ZgUrg7E9yb62QbWMpGcLVFhjN9puAySdh_CbieYufveDu5LC2XgU_vjRuJY6fBwjQvCfXUrVyMnCRzaZF2X9_pMadAK3yfoj9qav0QJwKHLOapxf_t1Ta0agH0FJpfuxLhQmOSOOdle0tlTefz5S02ixXUEJ8Art5P2NWN0ZyXid7i7PRT93O/s512/world-wide-web.png
03-13 17:37:14.825 15244 15244 D CategoriesAdapter: Loading category icon for 'Birthday' from URL: https://blogger.googleusercontent.com/img/b/R29vZ2xl/AVvXsEhDYH8b_z1ZgUrg7E9yb62QbWMpGcLVFhjN9puAySdh_CbieYufveDu5LC2XgU_vjRuJY6fBwjQvCfXUrVyMnCRzaZF2X9_pMadAK3yfoj9qav0QJwKHLOapxf_t1Ta0agH0FJpfuxLhQmOSOOdle0tlTefz5S02ixXUEJ8Art5P2NWN0ZyXid7i7PRT93O/s512/world-wide-web.png
03-13 17:37:14.826 15244 15244 D CategoriesAdapter: Successfully loaded icon for category 'Birthday'
03-13 17:37:14.827 15244 15244 D CategoriesAdapter: Binding category at position 3: Cultural, selected: false
03-13 17:37:14.827 15244 15244 D CategoriesAdapter: Fetching icon for category: Cultural
03-13 17:37:14.827 15244 15244 D CategoryIconRepository: Found icon for category: cultural
03-13 17:37:14.827 15244 15244 D CategoriesAdapter: Found icon for category 'Cultural': https://currentedu365.in/wp-content/uploads/2024/09/cultural-icon.png
03-13 17:37:14.827 15244 15244 D CategoriesAdapter: Loading category icon for 'Cultural' from URL: https://currentedu365.in/wp-content/uploads/2024/09/cultural-icon.png
03-13 17:37:14.828 15244 15244 D CategoriesAdapter: Binding category at position 4: Graduation, selected: false
03-13 17:37:14.828 15244 15244 D CategoriesAdapter: Fetching icon for category: Graduation
03-13 17:37:14.828 15244 15244 D CategoryIconRepository: Found icon for category: graduation
03-13 17:37:14.828 15244 15244 D CategoriesAdapter: Found icon for category 'Graduation': https://currentedu365.in/wp-content/uploads/2024/09/graduation-icon.png
03-13 17:37:14.828 15244 15244 D CategoriesAdapter: Loading category icon for 'Graduation' from URL: https://currentedu365.in/wp-content/uploads/2024/09/graduation-icon.png
03-13 17:37:14.831 15244 15244 D CategoriesAdapter: Binding category at position 5: National, selected: false
03-13 17:37:14.831 15244 15244 D CategoriesAdapter: Fetching icon for category: National
03-13 17:37:14.831 15244 15244 D CategoryIconRepository: Found icon for category: national
03-13 17:37:14.831 15244 15244 D CategoriesAdapter: Found icon for category 'National': https://currentedu365.in/wp-content/uploads/2024/09/national-icon.png
03-13 17:37:14.831 15244 15244 D CategoriesAdapter: Loading category icon for 'National' from URL: https://currentedu365.in/wp-content/uploads/2024/09/national-icon.png
03-13 17:37:14.833 15244 15244 D CategoriesAdapter: Binding category at position 6: Religious, selected: false
03-13 17:37:14.834 15244 15244 D CategoriesAdapter: Fetching icon for category: Religious
03-13 17:37:14.834 15244 15244 D CategoryIconRepository: Found icon for category: religious
03-13 17:37:14.834 15244 15244 D CategoriesAdapter: Found icon for category 'Religious': https://raw.githubusercontent.com/google/material-design-icons/master/png/places/beach_access/materialicons/24dp/2x/baseline_beach_access_black_24dp.png
03-13 17:37:14.834 15244 15244 D CategoriesAdapter: Loading category icon for 'Religious' from URL: https://raw.githubusercontent.com/google/material-design-icons/master/png/places/beach_access/materialicons/24dp/2x/baseline_beach_access_black_24dp.png
03-13 17:37:14.834 15244 15244 D CategoriesAdapter: Successfully loaded icon for category 'Religious'
03-13 17:37:14.836 15244 15244 D CategoriesAdapter: Binding category at position 7: Wedding, selected: false
03-13 17:37:14.836 15244 15244 D CategoriesAdapter: Fetching icon for category: Wedding
03-13 17:37:14.836 15244 15244 D CategoryIconRepository: Found icon for category: wedding
03-13 17:37:14.836 15244 15244 D CategoriesAdapter: Found icon for category 'Wedding': https://raw.githubusercontent.com/google/material-design-icons/master/png/places/beach_access/materialicons/24dp/2x/baseline_beach_access_black_24dp.png
03-13 17:37:14.836 15244 15244 D CategoriesAdapter: Loading category icon for 'Wedding' from URL: https://raw.githubusercontent.com/google/material-design-icons/master/png/places/beach_access/materialicons/24dp/2x/baseline_beach_access_black_24dp.png
03-13 17:37:14.837 15244 15244 D CategoriesAdapter: Successfully loaded icon for category 'Wedding'
03-13 17:37:14.848 15244 18121 I gralloc4: @set_metadata: update dataspace from GM (0x00000000 -> 0x08010000)
03-13 17:37:14.851 15244 18121 I gralloc4: @set_metadata: update dataspace from GM (0x00000000 -> 0x08010000)
03-13 17:37:14.860 15244 18121 I gralloc4: @set_metadata: update dataspace from GM (0x00000000 -> 0x08010000)
03-13 17:37:14.870 15244 18121 I gralloc4: @set_metadata: update dataspace from GM (0x00000000 -> 0x08010000)
03-13 17:37:14.887 15244 18121 I gralloc4: @set_metadata: update dataspace from GM (0x00000000 -> 0x08010000)
03-13 17:37:14.905 15244 18121 I gralloc4: @set_metadata: update dataspace from GM (0x00000000 -> 0x08010000)
03-13 17:37:14.921 15244 18121 I gralloc4: @set_metadata: update dataspace from GM (0x00000000 -> 0x08010000)
03-13 17:37:14.942 15244 18121 I gralloc4: @set_metadata: update dataspace from GM (0x00000000 -> 0x08010000)
03-13 17:37:14.956 15244 18121 I gralloc4: @set_metadata: update dataspace from GM (0x00000000 -> 0x08010000)
03-13 17:37:14.972 15244 18121 I gralloc4: @set_metadata: update dataspace from GM (0x00000000 -> 0x08010000)
03-13 17:37:14.987 15244 18306 D TrafficStats: tagSocket(247) with statsTag=0xffffffff, statsUid=-1
03-13 17:37:14.993 15244 18121 I gralloc4: @set_metadata: update dataspace from GM (0x00000000 -> 0x08010000)
03-13 17:37:14.996 15244 18312 D TrafficStats: tagSocket(336) with statsTag=0xffffffff, statsUid=-1
03-13 17:37:15.001 15244 18121 I gralloc4: @set_metadata: update dataspace from GM (0x00000000 -> 0x08010000)
03-13 17:37:15.030 15244 18159 D TrafficStats: tagSocket(320) with statsTag=0xffffffff, statsUid=-1
03-13 17:37:15.320 15244 15244 W Glide   : Load failed for [https://currentedu365.in/wp-content/uploads/2024/09/national-icon.png] with dimensions [50x50]
03-13 17:37:15.320 15244 15244 W Glide   : class com.bumptech.glide.load.engine.GlideException: Failed to load resource
03-13 17:37:15.320 15244 15244 W Glide   : There was 1 root cause:
03-13 17:37:15.320 15244 15244 W Glide   : com.bumptech.glide.load.HttpException(Failed to connect or obtain data, status code: 404)
03-13 17:37:15.320 15244 15244 W Glide   :  call GlideException#logRootCauses(String) for more detail
03-13 17:37:15.320 15244 15244 W Glide   :   Cause (1 of 1): class com.bumptech.glide.load.engine.GlideException: Fetching data failed, class java.io.InputStream, REMOTE
03-13 17:37:15.320 15244 15244 W Glide   : There was 1 root cause:
03-13 17:37:15.320 15244 15244 W Glide   : com.bumptech.glide.load.HttpException(Failed to connect or obtain data, status code: 404)
03-13 17:37:15.320 15244 15244 W Glide   :  call GlideException#logRootCauses(String) for more detail
03-13 17:37:15.320 15244 15244 W Glide   :     Cause (1 of 1): class com.bumptech.glide.load.engine.GlideException: Fetch failed
03-13 17:37:15.320 15244 15244 W Glide   : There was 1 root cause:
03-13 17:37:15.320 15244 15244 W Glide   : com.bumptech.glide.load.HttpException(Failed to connect or obtain data, status code: 404)
03-13 17:37:15.320 15244 15244 W Glide   :  call GlideException#logRootCauses(String) for more detail
03-13 17:37:15.320 15244 15244 W Glide   :       Cause (1 of 1): class com.bumptech.glide.load.HttpException: Failed to connect or obtain data, status code: 404
03-13 17:37:15.321 15244 15244 I Glide   : Root cause (1 of 1)
03-13 17:37:15.321 15244 15244 I Glide   : com.bumptech.glide.load.HttpException: Failed to connect or obtain data, status code: 404
03-13 17:37:15.321 15244 15244 I Glide   : 	at com.bumptech.glide.load.data.HttpUrlFetcher.loadDataWithRedirects(HttpUrlFetcher.java:98)
03-13 17:37:15.321 15244 15244 I Glide   : 	at com.bumptech.glide.load.data.HttpUrlFetcher.loadData(HttpUrlFetcher.java:58)
03-13 17:37:15.321 15244 15244 I Glide   : 	at com.bumptech.glide.load.model.MultiModelLoader$MultiFetcher.loadData(MultiModelLoader.java:100)
03-13 17:37:15.321 15244 15244 I Glide   : 	at com.bumptech.glide.load.engine.SourceGenerator.startNextLoad(SourceGenerator.java:95)
03-13 17:37:15.321 15244 15244 I Glide   : 	at com.bumptech.glide.load.engine.SourceGenerator.startNext(SourceGenerator.java:88)
03-13 17:37:15.321 15244 15244 I Glide   : 	at com.bumptech.glide.load.engine.DecodeJob.runGenerators(DecodeJob.java:311)
03-13 17:37:15.321 15244 15244 I Glide   : 	at com.bumptech.glide.load.engine.DecodeJob.runWrapped(DecodeJob.java:280)
03-13 17:37:15.321 15244 15244 I Glide   : 	at com.bumptech.glide.load.engine.DecodeJob.run(DecodeJob.java:235)
03-13 17:37:15.321 15244 15244 I Glide   : 	at java.util.concurrent.ThreadPoolExecutor.runWorker(ThreadPoolExecutor.java:1145)
03-13 17:37:15.321 15244 15244 I Glide   : 	at java.util.concurrent.ThreadPoolExecutor$Worker.run(ThreadPoolExecutor.java:644)
03-13 17:37:15.321 15244 15244 I Glide   : 	at com.bumptech.glide.load.engine.executor.GlideExecutor$DefaultThreadFactory$1.run(GlideExecutor.java:424)
03-13 17:37:15.321 15244 15244 I Glide   : 	at java.lang.Thread.run(Thread.java:1012)
03-13 17:37:15.321 15244 15244 I Glide   : 	at com.bumptech.glide.load.engine.executor.GlideExecutor$DefaultPriorityThreadFactory$1.run(GlideExecutor.java:383)
03-13 17:37:15.321 15244 15244 I Glide   : Caused by: java.io.FileNotFoundException: https://currentedu365.in/wp-content/uploads/2024/09/national-icon.png
03-13 17:37:15.321 15244 15244 I Glide   : 	at com.android.okhttp.internal.huc.HttpURLConnectionImpl.getInputStream(HttpURLConnectionImpl.java:255)
03-13 17:37:15.321 15244 15244 I Glide   : 	at com.android.okhttp.internal.huc.DelegatingHttpsURLConnection.getInputStream(DelegatingHttpsURLConnection.java:211)
03-13 17:37:15.321 15244 15244 I Glide   : 	at com.android.okhttp.internal.huc.HttpsURLConnectionImpl.getInputStream(HttpsURLConnectionImpl.java:30)
03-13 17:37:15.321 15244 15244 I Glide   : 	at com.bumptech.glide.load.data.HttpUrlFetcher.loadDataWithRedirects(HttpUrlFetcher.java:95)
03-13 17:37:15.321 15244 15244 I Glide   : 	... 12 more
03-13 17:37:15.321 15244 15244 E CategoriesAdapter: Failed to load icon for category 'National': Failed to load resource
03-13 17:37:15.321 15244 15244 E CategoriesAdapter: There was 1 root cause:
03-13 17:37:15.321 15244 15244 E CategoriesAdapter: com.bumptech.glide.load.HttpException(Failed to connect or obtain data, status code: 404)
03-13 17:37:15.321 15244 15244 E CategoriesAdapter:  call GlideException#logRootCauses(String) for more detail
03-13 17:37:15.346 15244 18121 I gralloc4: @set_metadata: update dataspace from GM (0x00000000 -> 0x08010000)
03-13 17:37:15.404 15244 15244 W Glide   : Load failed for [https://currentedu365.in/wp-content/uploads/2024/09/graduation-icon.png] with dimensions [50x50]
03-13 17:37:15.404 15244 15244 W Glide   : class com.bumptech.glide.load.engine.GlideException: Failed to load resource
03-13 17:37:15.404 15244 15244 W Glide   : There was 1 root cause:
03-13 17:37:15.404 15244 15244 W Glide   : com.bumptech.glide.load.HttpException(Failed to connect or obtain data, status code: 404)
03-13 17:37:15.404 15244 15244 W Glide   :  call GlideException#logRootCauses(String) for more detail
03-13 17:37:15.404 15244 15244 W Glide   :   Cause (1 of 1): class com.bumptech.glide.load.engine.GlideException: Fetching data failed, class java.io.InputStream, REMOTE
03-13 17:37:15.404 15244 15244 W Glide   : There was 1 root cause:
03-13 17:37:15.404 15244 15244 W Glide   : com.bumptech.glide.load.HttpException(Failed to connect or obtain data, status code: 404)
03-13 17:37:15.404 15244 15244 W Glide   :  call GlideException#logRootCauses(String) for more detail
03-13 17:37:15.404 15244 15244 W Glide   :     Cause (1 of 1): class com.bumptech.glide.load.engine.GlideException: Fetch failed
03-13 17:37:15.404 15244 15244 W Glide   : There was 1 root cause:
03-13 17:37:15.404 15244 15244 W Glide   : com.bumptech.glide.load.HttpException(Failed to connect or obtain data, status code: 404)
03-13 17:37:15.404 15244 15244 W Glide   :  call GlideException#logRootCauses(String) for more detail
03-13 17:37:15.404 15244 15244 W Glide   :       Cause (1 of 1): class com.bumptech.glide.load.HttpException: Failed to connect or obtain data, status code: 404
03-13 17:37:15.405 15244 15244 I Glide   : Root cause (1 of 1)
03-13 17:37:15.405 15244 15244 I Glide   : com.bumptech.glide.load.HttpException: Failed to connect or obtain data, status code: 404
03-13 17:37:15.405 15244 15244 I Glide   : 	at com.bumptech.glide.load.data.HttpUrlFetcher.loadDataWithRedirects(HttpUrlFetcher.java:98)
03-13 17:37:15.405 15244 15244 I Glide   : 	at com.bumptech.glide.load.data.HttpUrlFetcher.loadData(HttpUrlFetcher.java:58)
03-13 17:37:15.405 15244 15244 I Glide   : 	at com.bumptech.glide.load.model.MultiModelLoader$MultiFetcher.loadData(MultiModelLoader.java:100)
03-13 17:37:15.405 15244 15244 I Glide   : 	at com.bumptech.glide.load.engine.SourceGenerator.startNextLoad(SourceGenerator.java:95)
03-13 17:37:15.405 15244 15244 I Glide   : 	at com.bumptech.glide.load.engine.SourceGenerator.startNext(SourceGenerator.java:88)
03-13 17:37:15.405 15244 15244 I Glide   : 	at com.bumptech.glide.load.engine.DecodeJob.runGenerators(DecodeJob.java:311)
03-13 17:37:15.405 15244 15244 I Glide   : 	at com.bumptech.glide.load.engine.DecodeJob.runWrapped(DecodeJob.java:280)
03-13 17:37:15.405 15244 15244 I Glide   : 	at com.bumptech.glide.load.engine.DecodeJob.run(DecodeJob.java:235)
03-13 17:37:15.405 15244 15244 I Glide   : 	at java.util.concurrent.ThreadPoolExecutor.runWorker(ThreadPoolExecutor.java:1145)
03-13 17:37:15.405 15244 15244 I Glide   : 	at java.util.concurrent.ThreadPoolExecutor$Worker.run(ThreadPoolExecutor.java:644)
03-13 17:37:15.405 15244 15244 I Glide   : 	at com.bumptech.glide.load.engine.executor.GlideExecutor$DefaultThreadFactory$1.run(GlideExecutor.java:424)
03-13 17:37:15.405 15244 15244 I Glide   : 	at java.lang.Thread.run(Thread.java:1012)
03-13 17:37:15.405 15244 15244 I Glide   : 	at com.bumptech.glide.load.engine.executor.GlideExecutor$DefaultPriorityThreadFactory$1.run(GlideExecutor.java:383)
03-13 17:37:15.405 15244 15244 I Glide   : Caused by: java.io.FileNotFoundException: https://currentedu365.in/wp-content/uploads/2024/09/graduation-icon.png
03-13 17:37:15.405 15244 15244 I Glide   : 	at com.android.okhttp.internal.huc.HttpURLConnectionImpl.getInputStream(HttpURLConnectionImpl.java:255)
03-13 17:37:15.405 15244 15244 I Glide   : 	at com.android.okhttp.internal.huc.DelegatingHttpsURLConnection.getInputStream(DelegatingHttpsURLConnection.java:211)
03-13 17:37:15.405 15244 15244 I Glide   : 	at com.android.okhttp.internal.huc.HttpsURLConnectionImpl.getInputStream(HttpsURLConnectionImpl.java:30)
03-13 17:37:15.405 15244 15244 I Glide   : 	at com.bumptech.glide.load.data.HttpUrlFetcher.loadDataWithRedirects(HttpUrlFetcher.java:95)
03-13 17:37:15.405 15244 15244 I Glide   : 	... 12 more
03-13 17:37:15.405 15244 15244 E CategoriesAdapter: Failed to load icon for category 'Graduation': Failed to load resource
03-13 17:37:15.405 15244 15244 E CategoriesAdapter: There was 1 root cause:
03-13 17:37:15.405 15244 15244 E CategoriesAdapter: com.bumptech.glide.load.HttpException(Failed to connect or obtain data, status code: 404)
03-13 17:37:15.405 15244 15244 E CategoriesAdapter:  call GlideException#logRootCauses(String) for more detail
03-13 17:37:15.407 15244 15244 W Glide   : Load failed for [https://currentedu365.in/wp-content/uploads/2024/09/cultural-icon.png] with dimensions [50x50]
03-13 17:37:15.407 15244 15244 W Glide   : class com.bumptech.glide.load.engine.GlideException: Failed to load resource
03-13 17:37:15.407 15244 15244 W Glide   : There was 1 root cause:
03-13 17:37:15.407 15244 15244 W Glide   : com.bumptech.glide.load.HttpException(Failed to connect or obtain data, status code: 404)
03-13 17:37:15.407 15244 15244 W Glide   :  call GlideException#logRootCauses(String) for more detail
03-13 17:37:15.407 15244 15244 W Glide   :   Cause (1 of 1): class com.bumptech.glide.load.engine.GlideException: Fetching data failed, class java.io.InputStream, REMOTE
03-13 17:37:15.407 15244 15244 W Glide   : There was 1 root cause:
03-13 17:37:15.407 15244 15244 W Glide   : com.bumptech.glide.load.HttpException(Failed to connect or obtain data, status code: 404)
03-13 17:37:15.407 15244 15244 W Glide   :  call GlideException#logRootCauses(String) for more detail
03-13 17:37:15.407 15244 15244 W Glide   :     Cause (1 of 1): class com.bumptech.glide.load.engine.GlideException: Fetch failed
03-13 17:37:15.407 15244 15244 W Glide   : There was 1 root cause:
03-13 17:37:15.407 15244 15244 W Glide   : com.bumptech.glide.load.HttpException(Failed to connect or obtain data, status code: 404)
03-13 17:37:15.407 15244 15244 W Glide   :  call GlideException#logRootCauses(String) for more detail
03-13 17:37:15.407 15244 15244 W Glide   :       Cause (1 of 1): class com.bumptech.glide.load.HttpException: Failed to connect or obtain data, status code: 404
03-13 17:37:15.408 15244 15244 I Glide   : Root cause (1 of 1)
03-13 17:37:15.408 15244 15244 I Glide   : com.bumptech.glide.load.HttpException: Failed to connect or obtain data, status code: 404
03-13 17:37:15.408 15244 15244 I Glide   : 	at com.bumptech.glide.load.data.HttpUrlFetcher.loadDataWithRedirects(HttpUrlFetcher.java:98)
03-13 17:37:15.408 15244 15244 I Glide   : 	at com.bumptech.glide.load.data.HttpUrlFetcher.loadData(HttpUrlFetcher.java:58)
03-13 17:37:15.408 15244 15244 I Glide   : 	at com.bumptech.glide.load.model.MultiModelLoader$MultiFetcher.loadData(MultiModelLoader.java:100)
03-13 17:37:15.408 15244 15244 I Glide   : 	at com.bumptech.glide.load.engine.SourceGenerator.startNextLoad(SourceGenerator.java:95)
03-13 17:37:15.408 15244 15244 I Glide   : 	at com.bumptech.glide.load.engine.SourceGenerator.startNext(SourceGenerator.java:88)
03-13 17:37:15.408 15244 15244 I Glide   : 	at com.bumptech.glide.load.engine.DecodeJob.runGenerators(DecodeJob.java:311)
03-13 17:37:15.408 15244 15244 I Glide   : 	at com.bumptech.glide.load.engine.DecodeJob.runWrapped(DecodeJob.java:280)
03-13 17:37:15.408 15244 15244 I Glide   : 	at com.bumptech.glide.load.engine.DecodeJob.run(DecodeJob.java:235)
03-13 17:37:15.408 15244 15244 I Glide   : 	at java.util.concurrent.ThreadPoolExecutor.runWorker(ThreadPoolExecutor.java:1145)
03-13 17:37:15.408 15244 15244 I Glide   : 	at java.util.concurrent.ThreadPoolExecutor$Worker.run(ThreadPoolExecutor.java:644)
03-13 17:37:15.408 15244 15244 I Glide   : 	at com.bumptech.glide.load.engine.executor.GlideExecutor$DefaultThreadFactory$1.run(GlideExecutor.java:424)
03-13 17:37:15.408 15244 15244 I Glide   : 	at java.lang.Thread.run(Thread.java:1012)
03-13 17:37:15.408 15244 15244 I Glide   : 	at com.bumptech.glide.load.engine.executor.GlideExecutor$DefaultPriorityThreadFactory$1.run(GlideExecutor.java:383)
03-13 17:37:15.408 15244 15244 I Glide   : Caused by: java.io.FileNotFoundException: https://currentedu365.in/wp-content/uploads/2024/09/cultural-icon.png
03-13 17:37:15.408 15244 15244 I Glide   : 	at com.android.okhttp.internal.huc.HttpURLConnectionImpl.getInputStream(HttpURLConnectionImpl.java:255)
03-13 17:37:15.408 15244 15244 I Glide   : 	at com.android.okhttp.internal.huc.DelegatingHttpsURLConnection.getInputStream(DelegatingHttpsURLConnection.java:211)
03-13 17:37:15.408 15244 15244 I Glide   : 	at com.android.okhttp.internal.huc.HttpsURLConnectionImpl.getInputStream(HttpsURLConnectionImpl.java:30)
03-13 17:37:15.408 15244 15244 I Glide   : 	at com.bumptech.glide.load.data.HttpUrlFetcher.loadDataWithRedirects(HttpUrlFetcher.java:95)
03-13 17:37:15.408 15244 15244 I Glide   : 	... 12 more
03-13 17:37:15.408 15244 15244 E CategoriesAdapter: Failed to load icon for category 'Cultural': Failed to load resource
03-13 17:37:15.408 15244 15244 E CategoriesAdapter: There was 1 root cause:
03-13 17:37:15.408 15244 15244 E CategoriesAdapter: com.bumptech.glide.load.HttpException(Failed to connect or obtain data, status code: 404)
03-13 17:37:15.408 15244 15244 E CategoriesAdapter:  call GlideException#logRootCauses(String) for more detail
03-13 17:37:15.429 15244 18121 I gralloc4: @set_metadata: update dataspace from GM (0x00000000 -> 0x08010000)
03-13 17:37:16.021 15244 18121 I gralloc4: @set_metadata: update dataspace from GM (0x00000000 -> 0x08010000)
03-13 17:37:16.109 15244 15244 I ScrollIdentify: on fling
03-13 17:37:16.120 15244 18121 I gralloc4: @set_metadata: update dataspace from GM (0x00000000 -> 0x08010000)
03-13 17:37:16.121 15244 18142 D skia    : SkJpegCodec::onGetPixels + (1280, 1280)
03-13 17:37:16.122 15244 18142 D skia    : stream getLength() not supported, use temp buffer for loading stream, buffer addr 0x7a0d3b1000 length 489216
03-13 17:37:16.122 15244 18142 D skia    : LoadInputStreamToMem va 0x7a0d3b1000  size 491392
03-13 17:37:16.122 15244 15244 W glide-disk-cach: type=1400 audit(0.0:2874126): avc:  denied  { search } for  name="ppm" dev="proc" ino=4026531920 scontext=u:r:untrusted_app:s0:c166,c257,c512,c768 tcontext=u:object_r:proc_ppm:s0 tclass=dir permissive=0 app=com.ds.eventwish
03-13 17:37:16.124 15244 18142 D libjpeg-alpha: Huffman Builder run in subthread
03-13 17:37:16.126 15244 18142 D libjpeg-alpha: Tile Decoder (#thread:4, size:512 256 256 256x320, alignment:256x16)
03-13 17:37:16.126 15244 15244 W glide-disk-cach: type=1400 audit(0.0:2874127): avc:  denied  { search } for  name="ppm" dev="proc" ino=4026531920 scontext=u:r:untrusted_app:s0:c166,c257,c512,c768 tcontext=u:object_r:proc_ppm:s0 tclass=dir permissive=0 app=com.ds.eventwish
03-13 17:37:16.128 15244 18121 I gralloc4: @set_metadata: update dataspace from GM (0x00000000 -> 0x08010000)
03-13 17:37:16.138 15244 18121 I gralloc4: @set_metadata: update dataspace from GM (0x00000000 -> 0x08010000)
03-13 17:37:16.145 15244 18142 D skia    : SkJpegCodec::onGetPixels -
03-13 17:37:16.152 15244 15244 D HomeFragment: Loading more items
03-13 17:37:16.160 15244 18121 I gralloc4: @set_metadata: update dataspace from GM (0x00000000 -> 0x08010000)
03-13 17:37:16.166 15244 15244 D HomeFragment: Loading more items
03-13 17:37:16.172 15244 18121 I gralloc4: @set_metadata: update dataspace from GM (0x00000000 -> 0x08010000)
03-13 17:37:16.175 15244 18142 D skia    : onGetGainmapInfo: false.
03-13 17:37:16.183 15244 15244 D HomeFragment: Loading more items
03-13 17:37:16.187 15244 18142 D skia    : SkJpegCodec::onGetPixels + (1280, 1280)
03-13 17:37:16.188 15244 18142 D skia    : stream getLength() not supported, use temp buffer for loading stream, buffer addr 0x7a0c5da000 length 544158
03-13 17:37:16.188 15244 18142 D skia    : LoadInputStreamToMem va 0x7a0c5da000  size 546432
03-13 17:37:16.186 15244 15244 W glide-disk-cach: type=1400 audit(0.0:2874128): avc:  denied  { search } for  name="ppm" dev="proc" ino=4026531920 scontext=u:r:untrusted_app:s0:c166,c257,c512,c768 tcontext=u:object_r:proc_ppm:s0 tclass=dir permissive=0 app=com.ds.eventwish
03-13 17:37:16.189 15244 18142 D libjpeg-alpha: Huffman Builder run in subthread
03-13 17:37:16.189 15244 18142 D libjpeg-alpha: Tile Decoder (#thread:4, size:512 256 256 256x320, alignment:256x16)
03-13 17:37:16.186 15244 15244 W glide-disk-cach: type=1400 audit(0.0:2874129): avc:  denied  { search } for  name="ppm" dev="proc" ino=4026531920 scontext=u:r:untrusted_app:s0:c166,c257,c512,c768 tcontext=u:object_r:proc_ppm:s0 tclass=dir permissive=0 app=com.ds.eventwish
03-13 17:37:16.192 15244 18121 I gralloc4: @set_metadata: update dataspace from GM (0x00000000 -> 0x08010000)
03-13 17:37:16.201 15244 15244 D HomeFragment: Loading more items
03-13 17:37:16.208 15244 18142 D skia    : SkJpegCodec::onGetPixels -
03-13 17:37:16.208 15244 18121 I gralloc4: @set_metadata: update dataspace from GM (0x00000000 -> 0x08010000)
03-13 17:37:16.216 15244 15244 D HomeFragment: Loading more items
03-13 17:37:16.221 15244 18142 D skia    : onGetGainmapInfo: false.
03-13 17:37:16.222 15244 18121 I gralloc4: @set_metadata: update dataspace from GM (0x00000000 -> 0x08010000)
03-13 17:37:16.233 15244 15244 D HomeFragment: Loading more items
03-13 17:37:16.241 15244 18121 I gralloc4: @set_metadata: update dataspace from GM (0x00000000 -> 0x08010000)
03-13 17:37:16.252 15244 15244 D HomeFragment: Loading more items
03-13 17:37:16.258 15244 18121 I gralloc4: @set_metadata: update dataspace from GM (0x00000000 -> 0x08010000)
03-13 17:37:16.260 15244 18142 D skia    : SkJpegCodec::onGetPixels + (1280, 1280)
03-13 17:37:16.260 15244 18142 D skia    : stream getLength() not supported, use temp buffer for loading stream, buffer addr 0x79fd413000 length 625330
03-13 17:37:16.261 15244 18142 D skia    : LoadInputStreamToMem va 0x79fd413000  size 627584
03-13 17:37:16.261 15244 18142 D libjpeg-alpha: Huffman Builder run in subthread
03-13 17:37:16.258 15244 15244 W glide-disk-cach: type=1400 audit(0.0:2874130): avc:  denied  { search } for  name="ppm" dev="proc" ino=4026531920 scontext=u:r:untrusted_app:s0:c166,c257,c512,c768 tcontext=u:object_r:proc_ppm:s0 tclass=dir permissive=0 app=com.ds.eventwish
03-13 17:37:16.258 15244 15244 W glide-disk-cach: type=1400 audit(0.0:2874131): avc:  denied  { search } for  name="ppm" dev="proc" ino=4026531920 scontext=u:r:untrusted_app:s0:c166,c257,c512,c768 tcontext=u:object_r:proc_ppm:s0 tclass=dir permissive=0 app=com.ds.eventwish
03-13 17:37:16.262 15244 18142 D libjpeg-alpha: Tile Decoder (#thread:4, size:512 256 256 256x320, alignment:256x16)
03-13 17:37:16.267 15244 15244 D HomeFragment: Loading more items
03-13 17:37:16.273 15244 18121 I gralloc4: @set_metadata: update dataspace from GM (0x00000000 -> 0x08010000)
03-13 17:37:16.278 15244 18142 D skia    : SkJpegCodec::onGetPixels -
03-13 17:37:16.283 15244 15244 D HomeFragment: Loading more items
03-13 17:37:16.289 15244 18142 D skia    : onGetGainmapInfo: false.
03-13 17:37:16.289 15244 18121 I gralloc4: @set_metadata: update dataspace from GM (0x00000000 -> 0x08010000)
03-13 17:37:16.299 15244 15244 D HomeFragment: Loading more items
03-13 17:37:16.306 15244 18121 I gralloc4: @set_metadata: update dataspace from GM (0x00000000 -> 0x08010000)
03-13 17:37:16.318 15244 15244 D HomeFragment: Loading more items
03-13 17:37:16.324 15244 18121 I gralloc4: @set_metadata: update dataspace from GM (0x00000000 -> 0x08010000)
03-13 17:37:16.333 15244 15244 D HomeFragment: Loading more items
03-13 17:37:16.339 15244 18121 I gralloc4: @set_metadata: update dataspace from GM (0x00000000 -> 0x08010000)
03-13 17:37:16.350 15244 15244 D HomeFragment: Loading more items
03-13 17:37:16.356 15244 18121 I gralloc4: @set_metadata: update dataspace from GM (0x00000000 -> 0x08010000)
03-13 17:37:16.366 15244 15244 D HomeFragment: Loading more items
03-13 17:37:16.370 15244 18121 I gralloc4: @set_metadata: update dataspace from GM (0x00000000 -> 0x08010000)
03-13 17:37:16.383 15244 15244 D HomeFragment: Loading more items
03-13 17:37:16.390 15244 18121 I gralloc4: @set_metadata: update dataspace from GM (0x00000000 -> 0x08010000)
03-13 17:37:16.412 15244 18121 I gralloc4: @set_metadata: update dataspace from GM (0x00000000 -> 0x08010000)
03-13 17:37:16.421 15244 18121 I gralloc4: @set_metadata: update dataspace from GM (0x00000000 -> 0x08010000)
03-13 17:37:16.438 15244 18121 I gralloc4: @set_metadata: update dataspace from GM (0x00000000 -> 0x08010000)
03-13 17:37:16.454 15244 18121 I gralloc4: @set_metadata: update dataspace from GM (0x00000000 -> 0x08010000)
03-13 17:37:16.469 15244 18121 I gralloc4: @set_metadata: update dataspace from GM (0x00000000 -> 0x08010000)
03-13 17:37:16.487 15244 18121 I gralloc4: @set_metadata: update dataspace from GM (0x00000000 -> 0x08010000)
03-13 17:37:16.504 15244 18121 I gralloc4: @set_metadata: update dataspace from GM (0x00000000 -> 0x08010000)
03-13 17:37:16.522 15244 18121 I gralloc4: @set_metadata: update dataspace from GM (0x00000000 -> 0x08010000)
03-13 17:37:16.538 15244 18121 I gralloc4: @set_metadata: update dataspace from GM (0x00000000 -> 0x08010000)
03-13 17:37:16.555 15244 18121 I gralloc4: @set_metadata: update dataspace from GM (0x00000000 -> 0x08010000)
03-13 17:37:16.571 15244 18121 I gralloc4: @set_metadata: update dataspace from GM (0x00000000 -> 0x08010000)
03-13 17:37:16.588 15244 18121 I gralloc4: @set_metadata: update dataspace from GM (0x00000000 -> 0x08010000)
03-13 17:37:16.604 15244 18121 I gralloc4: @set_metadata: update dataspace from GM (0x00000000 -> 0x08010000)
03-13 17:37:16.621 15244 18121 I gralloc4: @set_metadata: update dataspace from GM (0x00000000 -> 0x08010000)
03-13 17:37:16.638 15244 18121 I gralloc4: @set_metadata: update dataspace from GM (0x00000000 -> 0x08010000)
03-13 17:37:16.655 15244 18121 I gralloc4: @set_metadata: update dataspace from GM (0x00000000 -> 0x08010000)
03-13 17:37:16.670 15244 18121 I gralloc4: @set_metadata: update dataspace from GM (0x00000000 -> 0x08010000)
03-13 17:37:16.687 15244 18121 I gralloc4: @set_metadata: update dataspace from GM (0x00000000 -> 0x08010000)
03-13 17:37:16.704 15244 18121 I gralloc4: @set_metadata: update dataspace from GM (0x00000000 -> 0x08010000)
03-13 17:37:16.721 15244 18121 I gralloc4: @set_metadata: update dataspace from GM (0x00000000 -> 0x08010000)
03-13 17:37:16.738 15244 18121 I gralloc4: @set_metadata: update dataspace from GM (0x00000000 -> 0x08010000)
03-13 17:37:16.755 15244 18121 I gralloc4: @set_metadata: update dataspace from GM (0x00000000 -> 0x08010000)
03-13 17:37:16.772 15244 18121 I gralloc4: @set_metadata: update dataspace from GM (0x00000000 -> 0x08010000)
03-13 17:37:18.088 15244 18121 I gralloc4: @set_metadata: update dataspace from GM (0x00000000 -> 0x08010000)
03-13 17:37:18.117 15244 15244 D HomeFragment: Loading more items
03-13 17:37:18.132 15244 15244 D HomeFragment: Loading more items
03-13 17:37:18.134 15244 18121 I gralloc4: @set_metadata: update dataspace from GM (0x00000000 -> 0x08010000)
03-13 17:37:18.144 15244 15244 D HomeFragment: Loading more items
03-13 17:37:18.146 15244 18121 I gralloc4: @set_metadata: update dataspace from GM (0x00000000 -> 0x08010000)
03-13 17:37:18.147 15244 15244 I ScrollIdentify: on fling
03-13 17:37:18.156 15244 18121 I gralloc4: @set_metadata: update dataspace from GM (0x00000000 -> 0x08010000)
03-13 17:37:18.164 15244 15244 D HomeFragment: Loading more items
03-13 17:37:18.174 15244 18121 I gralloc4: @set_metadata: update dataspace from GM (0x00000000 -> 0x08010000)
03-13 17:37:18.180 15244 15244 D HomeFragment: Loading more items
03-13 17:37:18.184 15244 18121 I gralloc4: @set_metadata: update dataspace from GM (0x00000000 -> 0x08010000)
03-13 17:37:18.198 15244 15244 D HomeFragment: Loading more items
03-13 17:37:18.202 15244 18121 I gralloc4: @set_metadata: update dataspace from GM (0x00000000 -> 0x08010000)
03-13 17:37:18.214 15244 15244 D HomeFragment: Loading more items
03-13 17:37:18.219 15244 18121 I gralloc4: @set_metadata: update dataspace from GM (0x00000000 -> 0x08010000)
03-13 17:37:18.231 15244 15244 D HomeFragment: Loading more items
03-13 17:37:18.238 15244 18121 I gralloc4: @set_metadata: update dataspace from GM (0x00000000 -> 0x08010000)
03-13 17:37:18.247 15244 15244 D HomeFragment: Loading more items
03-13 17:37:18.251 15244 18121 I gralloc4: @set_metadata: update dataspace from GM (0x00000000 -> 0x08010000)
03-13 17:37:18.264 15244 15244 D HomeFragment: Loading more items
03-13 17:37:18.270 15244 18121 I gralloc4: @set_metadata: update dataspace from GM (0x00000000 -> 0x08010000)
03-13 17:37:18.281 15244 15244 D HomeFragment: Loading more items
03-13 17:37:18.285 15244 18121 I gralloc4: @set_metadata: update dataspace from GM (0x00000000 -> 0x08010000)
03-13 17:37:18.297 15244 15244 D HomeFragment: Loading more items
03-13 17:37:18.302 15244 18121 I gralloc4: @set_metadata: update dataspace from GM (0x00000000 -> 0x08010000)
03-13 17:37:18.314 15244 15244 D HomeFragment: Loading more items
03-13 17:37:18.321 15244 18121 I gralloc4: @set_metadata: update dataspace from GM (0x00000000 -> 0x08010000)
03-13 17:37:18.330 15244 15244 D HomeFragment: Loading more items
03-13 17:37:18.335 15244 18121 I gralloc4: @set_metadata: update dataspace from GM (0x00000000 -> 0x08010000)
03-13 17:37:18.347 15244 15244 D HomeFragment: Loading more items
03-13 17:37:18.352 15244 18121 I gralloc4: @set_metadata: update dataspace from GM (0x00000000 -> 0x08010000)
03-13 17:37:18.364 15244 15244 D HomeFragment: Loading more items
03-13 17:37:18.368 15244 18121 I gralloc4: @set_metadata: update dataspace from GM (0x00000000 -> 0x08010000)
03-13 17:37:18.380 15244 15244 D HomeFragment: Loading more items
03-13 17:37:18.385 15244 18121 I gralloc4: @set_metadata: update dataspace from GM (0x00000000 -> 0x08010000)
03-13 17:37:18.398 15244 15244 D HomeFragment: Loading more items
03-13 17:37:18.406 15244 18121 I gralloc4: @set_metadata: update dataspace from GM (0x00000000 -> 0x08010000)
03-13 17:37:18.414 15244 15244 D HomeFragment: Loading more items
03-13 17:37:18.419 15244 18121 I gralloc4: @set_metadata: update dataspace from GM (0x00000000 -> 0x08010000)
03-13 17:37:18.430 15244 15244 D HomeFragment: Loading more items
03-13 17:37:18.434 15244 18121 I gralloc4: @set_metadata: update dataspace from GM (0x00000000 -> 0x08010000)
03-13 17:37:18.447 15244 15244 D HomeFragment: Loading more items
03-13 17:37:18.451 15244 18121 I gralloc4: @set_metadata: update dataspace from GM (0x00000000 -> 0x08010000)
03-13 17:37:18.468 15244 18121 I gralloc4: @set_metadata: update dataspace from GM (0x00000000 -> 0x08010000)
03-13 17:37:18.484 15244 18121 I gralloc4: @set_metadata: update dataspace from GM (0x00000000 -> 0x08010000)
03-13 17:37:18.500 15244 18121 I gralloc4: @set_metadata: update dataspace from GM (0x00000000 -> 0x08010000)
03-13 17:37:18.518 15244 18121 I gralloc4: @set_metadata: update dataspace from GM (0x00000000 -> 0x08010000)
03-13 17:37:18.538 15244 18121 I gralloc4: @set_metadata: update dataspace from GM (0x00000000 -> 0x08010000)
03-13 17:37:18.551 15244 18121 I gralloc4: @set_metadata: update dataspace from GM (0x00000000 -> 0x08010000)
03-13 17:37:18.568 15244 18121 I gralloc4: @set_metadata: update dataspace from GM (0x00000000 -> 0x08010000)
03-13 17:37:18.583 15244 18121 I gralloc4: @set_metadata: update dataspace from GM (0x00000000 -> 0x08010000)
03-13 17:37:18.601 15244 18121 I gralloc4: @set_metadata: update dataspace from GM (0x00000000 -> 0x08010000)
03-13 17:37:18.618 15244 18121 I gralloc4: @set_metadata: update dataspace from GM (0x00000000 -> 0x08010000)
03-13 17:37:18.635 15244 18121 I gralloc4: @set_metadata: update dataspace from GM (0x00000000 -> 0x08010000)
03-13 17:37:18.650 15244 18121 I gralloc4: @set_metadata: update dataspace from GM (0x00000000 -> 0x08010000)
03-13 17:37:18.667 15244 18121 I gralloc4: @set_metadata: update dataspace from GM (0x00000000 -> 0x08010000)
03-13 17:37:18.684 15244 18121 I gralloc4: @set_metadata: update dataspace from GM (0x00000000 -> 0x08010000)
03-13 17:37:18.700 15244 18121 I gralloc4: @set_metadata: update dataspace from GM (0x00000000 -> 0x08010000)
03-13 17:37:18.718 15244 18121 I gralloc4: @set_metadata: update dataspace from GM (0x00000000 -> 0x08010000)
03-13 17:37:18.719 25650 25650 D BoundBrokerSvc: onUnbind: Intent { act=com.google.android.gms.ads.service.START pkg=com.google.android.gms }
03-13 17:37:18.733 15244 18121 I gralloc4: @set_metadata: update dataspace from GM (0x00000000 -> 0x08010000)
03-13 17:37:18.750 15244 18121 I gralloc4: @set_metadata: update dataspace from GM (0x00000000 -> 0x08010000)
03-13 17:37:18.766 15244 18121 I gralloc4: @set_metadata: update dataspace from GM (0x00000000 -> 0x08010000)
03-13 17:37:18.783 15244 18121 I gralloc4: @set_metadata: update dataspace from GM (0x00000000 -> 0x08010000)
03-13 17:37:18.800 15244 18121 I gralloc4: @set_metadata: update dataspace from GM (0x00000000 -> 0x08010000)
03-13 17:37:18.816 15244 18121 I gralloc4: @set_metadata: update dataspace from GM (0x00000000 -> 0x08010000)
03-13 17:37:18.835 15244 18121 I gralloc4: @set_metadata: update dataspace from GM (0x00000000 -> 0x08010000)
03-13 17:37:18.851 15244 18121 I gralloc4: @set_metadata: update dataspace from GM (0x00000000 -> 0x08010000)
03-13 17:37:18.868 15244 18121 I gralloc4: @set_metadata: update dataspace from GM (0x00000000 -> 0x08010000)
03-13 17:37:18.886 15244 18121 I gralloc4: @set_metadata: update dataspace from GM (0x00000000 -> 0x08010000)
03-13 17:37:18.901 15244 18121 I gralloc4: @set_metadata: update dataspace from GM (0x00000000 -> 0x08010000)
03-13 17:37:18.918 15244 18121 I gralloc4: @set_metadata: update dataspace from GM (0x00000000 -> 0x08010000)
03-13 17:37:18.935 15244 18121 I gralloc4: @set_metadata: update dataspace from GM (0x00000000 -> 0x08010000)
03-13 17:37:18.952 15244 18121 I gralloc4: @set_metadata: update dataspace from GM (0x00000000 -> 0x08010000)
03-13 17:37:18.968 15244 18121 I gralloc4: @set_metadata: update dataspace from GM (0x00000000 -> 0x08010000)
03-13 17:37:18.985 15244 18121 I gralloc4: @set_metadata: update dataspace from GM (0x00000000 -> 0x08010000)
03-13 17:37:19.002 15244 18121 I gralloc4: @set_metadata: update dataspace from GM (0x00000000 -> 0x08010000)
03-13 17:37:19.018 15244 18121 I gralloc4: @set_metadata: update dataspace from GM (0x00000000 -> 0x08010000)
03-13 17:37:19.035 15244 18121 I gralloc4: @set_metadata: update dataspace from GM (0x00000000 -> 0x08010000)
03-13 17:37:19.051 15244 18121 I gralloc4: @set_metadata: update dataspace from GM (0x00000000 -> 0x08010000)
03-13 17:37:19.300 15244 18121 I gralloc4: @set_metadata: update dataspace from GM (0x00000000 -> 0x08010000)
03-13 17:37:19.332 15244 15244 D HomeFragment: New template IDs updated: 6
03-13 17:37:19.335 15244 18121 I gralloc4: @set_metadata: update dataspace from GM (0x00000000 -> 0x08010000)
03-13 17:37:19.335 15244 15244 D MainActivity: Navigated to: 2131362299
03-13 17:37:19.352 15244 18121 I gralloc4: @set_metadata: update dataspace from GM (0x00000000 -> 0x08010000)
03-13 17:37:19.357 15244 15244 D HomeFragment: onPause called
03-13 17:37:19.358 15244 15244 D HomeFragment: Saved scroll position in onPause: 0
03-13 17:37:19.358 15244 15244 D HomeFragment: Saved current page in onPause: 2
