03-13 14:48:32.399  9240  9240 W asfn    : Label map of visible labels is empty for thread thread-f:1826469249250450652: 
03-13 14:48:32.400 16235 16368 I OneAuthLog: [OneAuth:0004:Info:4wg2j:00000000] TSL Info: { name:FetchRemoteConfigurations, resultType:Success, resultCode:None, duration:39ms } 
03-13 14:48:32.404 16235 16368 I OneAuthLog: [OneAuth:0004:Info:4wg2j:00000000] TSL Info: { name:GetRemoteConfigurations, resultType:Success, resultCode:None, duration:0ms } 
03-13 14:48:32.402  9240  9240 W asfn    : Label map of visible labels is empty for thread thread-f:1826469249250450652: 
03-13 14:48:32.414 16235 16356 I OneAuthLog: [OneAuth:0002:Info::00000000] [Common] [2025-03-13 09:18:32 - thread_id: 67609, correlation_id: UNSET - Android 34] Found [1] Accounts...   
03-13 14:48:32.420 16235 16254 E FirebaseMessaging: Failed to sync topics. Won't retry sync. FIS_AUTH_ERROR
03-13 14:48:32.428 16235 16370 W OneAuthLog: [MSAL:0003]	WARNING	SetAuthorityUri:78	Initializing authority from URI 'https://login.microsoftonline.com/consumers' without authority type, defaulting to MsSts
03-13 14:48:32.442  9240 16334 W aosm    : Job(ItemChangesService:applyChangeIntents#0.89) Label updated, but no existing count corresponding to label to apply the deltas to.
03-13 14:48:32.443  9240 16334 W aosm    : Job(ItemChangesService:applyChangeIntents#0.89) Label updated, but no existing count corresponding to label to apply the deltas to.
03-13 14:48:32.452 16235 16356 I OneAuthLog: [OneAuth:0002:Info::00000000] [Common] [2025-03-13 09:18:32 - thread_id: 67611, correlation_id: UNSET - Android 34] Key is loaded with thumbprint: 6hPwEP8rPdAFrY_uSPeTH-Tc0ZpNkcIE7lECZulXRe4   
03-13 14:48:32.452 16235 16356 I OneAuthLog: [OneAuth:0002:Info::00000000] [Common] [2025-03-13 09:18:32 - thread_id: 67611, correlation_id: Data associated to the given key is null or empty - Android 34]    
03-13 14:48:32.452 16235 16356 I OneAuthLog: [OneAuth:0002:Info::00000000] [Common] [2025-03-13 09:18:32 - thread_id: 67611, correlation_id: Data associated to the given key is null or empty - Android 34]    
03-13 14:48:32.453 16235 16356 I OneAuthLog: [OneAuth:0002:Info::00000000] [Common] [2025-03-13 09:18:32 - thread_id: 67611, correlation_id: UNSET - Android 34] Will skip broker discovery via IPC and fall back to AccountManager for the next 60 minutes.   
03-13 14:48:32.453 16235 16356 I OneAuthLog: [OneAuth:0002:Info::00000000] [Common] [2025-03-13 09:18:32 - thread_id: 67611, correlation_id: UNSET - Android 34] Removing cache key   
03-13 14:48:32.453 16235 16356 I OneAuthLog: [OneAuth:0002:Info::00000000] [Common] [2025-03-13 09:18:32 - thread_id: 67611, correlation_id: UNSET - Android 34] Removing cache key   
03-13 14:48:32.453 16235 16356 I OneAuthLog: [OneAuth:0002:Info::00000000] [Common] [2025-03-13 09:18:32 - thread_id: 67611, correlation_id: UNSET - Android 34] Removing cache key   
03-13 14:48:32.456 16235 16356 I OneAuthLog: [OneAuth:0002:Info::00000000] [Common] [2025-03-13 09:18:32 - thread_id: 67611, correlation_id: UNSET - Android 34] No valid AccountManager broker is found   
03-13 14:48:32.456 16235 16356 I OneAuthLog: [OneAuth:0002:Info::00000000] [Common] [2025-03-13 09:18:32 - thread_id: 67611, correlation_id: UNSET - Android 34] Tried getting active broker from account manager, get null.   
03-13 14:48:32.459 16235 16356 I OneAuthLog: [OneAuth:0002:Info::00000000] [Common] [2025-03-13 09:18:32 - thread_id: 67619, correlation_id: UNSET - Android 34] No valid AccountManager broker is found   
03-13 14:48:32.460 16235 16356 I OneAuthLog: [OneAuth:0002:Info::00000000] [Common] [2025-03-13 09:18:32 - thread_id: 67619, correlation_id: UNSET - Android 34] Found [1] Accounts...   
03-13 14:48:32.482 16235 16373 D TrafficStats: tagSocket(129) with statsTag=0xffffffff, statsUid=-1
03-13 14:48:32.532 16235 16394 D TrafficStats: tagSocket(131) with statsTag=0xffffffff, statsUid=-1
03-13 14:48:32.606 16235 16265 I System.out: The initialize method is run
03-13 14:48:32.607 16235 16409 W OneAuthLog: [MSAL:0006]	WARNING	SetAuthorityUri:78	Initializing authority from URI 'https://login.microsoftonline.com/consumers' without authority type, defaulting to MsSts
03-13 14:48:32.612 16235 16356 I OneAuthLog: [OneAuth:0002:Info::00000000] [Common] [2025-03-13 09:18:32 - thread_id: 67626, correlation_id: UNSET - Android 34] No valid AccountManager broker is found   
03-13 14:48:32.612 16235 16356 I OneAuthLog: [OneAuth:0002:Info::00000000] [Common] [2025-03-13 09:18:32 - thread_id: 67619, correlation_id: UNSET - Android 34] No valid AccountManager broker is found   
03-13 14:48:32.612 16235 16356 I OneAuthLog: [OneAuth:0002:Info::00000000] [Common] [2025-03-13 09:18:32 - thread_id: 67619, correlation_id: UNSET - Android 34] Found [1] Accounts...   
03-13 14:48:32.644 16235 16405 D TrafficStats: tagSocket(134) with statsTag=0xffffffff, statsUid=-1
03-13 14:48:32.684 16235 16410 D TrafficStats: tagSocket(135) with statsTag=0xffffffff, statsUid=-1
03-13 14:48:32.804 16235 16373 D TrafficStats: tagSocket(129) with statsTag=0xffffffff, statsUid=-1
03-13 14:48:33.115 16235 16394 D EventBus: No subscribers registered for event class com.microsoft.clarity.l90.a
03-13 14:48:33.116 16235 16394 D EventBus: No subscribers registered for event class com.microsoft.clarity.i21.g
03-13 14:48:33.119 16235 16394 D EventBus: No subscribers registered for event class com.microsoft.clarity.cc0.g
03-13 14:48:33.119 16235 16394 D EventBus: No subscribers registered for event class com.microsoft.clarity.i21.g
03-13 14:48:33.122 16235 16394 D EventBus: No subscribers registered for event class com.microsoft.clarity.n90.a
03-13 14:48:33.122 16235 16394 D EventBus: No subscribers registered for event class com.microsoft.clarity.i21.g
03-13 14:48:33.402 16235 16425 D TrafficStats: tagSocket(129) with statsTag=0xffffffff, statsUid=-1
03-13 14:48:33.442 25578 15337 I AlarmManager: setExactAndAllowWhileIdle [name: GCM_HB_ALARM type: 2 triggerAtMillis: 1136145169]
03-13 14:48:33.457 25578 16426 I AlarmManager: setExactAndAllowWhileIdle [name: FcmRetry type: 2 triggerAtMillis: 1134585181]
03-13 14:48:33.473 25578 15337 I AlarmManager: setExactAndAllowWhileIdle [name: GCM_HB_ALARM type: 2 triggerAtMillis: 1136145200]
03-13 14:48:33.587 25578 16426 I NetworkScheduler.Stats: (REDACTED) Task %s/%s started execution. cause:%s exec_start_elapsed_seconds: %s
03-13 14:48:33.717 25578 25578 D BoundBrokerSvc: onRebind: Intent { act=com.google.android.gms.auth.aang.events.services.START dat=chimera-action:/... cmp=com.google.android.gms/.chimera.PersistentApiService }
03-13 14:48:33.797  9240  9253 I ogle.android.gm: CollectorTransition concurrent copying GC freed 5312KB AllocSpace bytes, 23(1052KB) LOS objects, 49% free, 9606KB/18MB, paused 381us,117us total 214.280ms
03-13 14:48:33.914 25578 25876 D TrafficStats: tagSocket(289) with statsTag=0x1065fff, statsUid=-1
03-13 14:48:34.244  9240  9240 W armt    : Already started: armt@dffd461
03-13 14:48:34.252 16235 16461 D TrafficStats: tagSocket(134) with statsTag=0xffffffff, statsUid=-1
03-13 14:48:34.293  9240 16333 W aofk    : Job(ItemListsService:stopItemList#0.118) Attempting to unregister unknown list: itemlist-ViewType(96)-5
03-13 14:48:34.339  9240  9240 W jrl     : [Gmail] MailSyncAdapterService: MailSyncAdapterService is destroyed! [CONTEXT android_log_tag="MailSyncAdapterService" ]
03-13 14:48:34.517 25578 25876 D TrafficStats: tagSocket(284) with statsTag=0x1065fff, statsUid=10176
03-13 14:48:34.842 16235 16364 E MATSDK  : HTTP request ! failed after 1487 ms, events were rejected by the server (403) and will be all dropped
03-13 14:48:35.181 16235 16368 D TrafficStats: tagSocket(144) with statsTag=0xd83ddc19, statsUid=-1
03-13 14:48:36.357 25578 16391 I CCTUploader: Failed to get auth token for log sources [[SHEETS_ANDROID_PRIMES]] because the account doesn't exist on the device.
03-13 14:48:36.362 25578 16391 I CCTUploader: Failed to get auth token for log sources [[SHEETS_ANDROID_PRIMES]] because the account doesn't exist on the device.
03-13 14:48:36.394 25578 25876 D TrafficStats: tagSocket(306) with statsTag=0x1065fff, statsUid=10174
03-13 14:48:36.881 25578 16391 I CCTUploader: Failed to get auth token for log sources [[SHEETS_ANDROID_PRIMES]] because the account doesn't exist on the device.
03-13 14:48:37.282 16485 16485 W getprop : type=1400 audit(0.0:2833193): avc:  denied  { open } for  path="/dev/__properties__/u:object_r:vendor_camera_software_moonlight_prop:s0" dev="tmpfs" ino=8774 scontext=u:r:shell:s0 tcontext=u:object_r:vendor_camera_software_moonlight_prop:s0 tclass=file permissive=0
03-13 14:48:37.331 25578 16391 I CCTUploader: Failed to get auth token for log sources [[SHEETS_ANDROID_PRIMES]] because the account doesn't exist on the device.
03-13 14:48:37.335 25578 16391 I CCTUploader: Failed to get auth token for log sources [[SHEETS_ANDROID_PRIMES]] because the account doesn't exist on the device.
03-13 14:48:37.437 25578 25876 D TrafficStats: tagSocket(180) with statsTag=0x1065fff, statsUid=10196
03-13 14:48:37.668 16235 16266 D nativeloader: Load /data/app/~~KqzdalNSP48jbng_5csdbA==/com.microsoft.bing-3fIsz72pcYT8UlSnuzpffQ==/lib/arm64/libsmartscreenn.so using ns clns-5 from class loader (caller=/data/app/~~KqzdalNSP48jbng_5csdbA==/com.microsoft.bing-3fIsz72pcYT8UlSnuzpffQ==/base.apk!classes3.dex): ok
03-13 14:48:37.761 16235 16266 D nativeloader: Load /data/app/~~KqzdalNSP48jbng_5csdbA==/com.microsoft.bing-3fIsz72pcYT8UlSnuzpffQ==/lib/arm64/libchrome.so using ns clns-5 from class loader (caller=/data/app/~~KqzdalNSP48jbng_5csdbA==/com.microsoft.bing-3fIsz72pcYT8UlSnuzpffQ==/base.apk!classes3.dex): ok
03-13 14:48:37.832 16235 16266 D nativeloader: Load /system/lib64/libwebviewchromium_plat_support.so using ns clns-5 from class loader (caller=/data/app/~~KqzdalNSP48jbng_5csdbA==/com.microsoft.bing-3fIsz72pcYT8UlSnuzpffQ==/base.apk!classes3.dex): ok
03-13 14:48:38.011 25578 25876 D TrafficStats: tagSocket(275) with statsTag=0x1065fff, statsUid=10190
03-13 14:48:38.867 25578 16391 I CCTUploader: Failed to get auth token for log sources [[SHEETS_ANDROID_PRIMES]] because the account doesn't exist on the device.
03-13 14:48:38.878 25578 16391 I CCTUploader: Failed to get auth token for log sources [[SHEETS_ANDROID_PRIMES]] because the account doesn't exist on the device.
03-13 14:48:39.532 25578 16391 I CCTUploader: Failed to get auth token for log sources [[SHEETS_ANDROID_PRIMES]] because the account doesn't exist on the device.
03-13 14:48:39.543 25578 16391 I CCTUploader: Failed to get auth token for log sources [[SHEETS_ANDROID_PRIMES]] because the account doesn't exist on the device.
03-13 14:48:39.549 25578 16391 I CCTUploader: Failed to get auth token for log sources [[SHEETS_ANDROID_PRIMES]] because the account doesn't exist on the device.
03-13 14:48:39.558 25578 16391 I CCTUploader: Failed to get auth token for log sources [[SHEETS_ANDROID_PRIMES]] because the account doesn't exist on the device.
03-13 14:48:39.668 25578 25587 I .gms.persistent: Background young concurrent copying GC freed 17MB AllocSpace bytes, 68(2324KB) LOS objects, 45% free, 23MB/42MB, paused 369us,89us total 129.227ms
03-13 14:48:40.072 25578 16391 I CCTUploader: Failed to get auth token for log sources [[SHEETS_ANDROID_PRIMES]] because the account doesn't exist on the device.
03-13 14:48:40.081 25578 16391 I CCTUploader: Failed to get auth token for log sources [[SHEETS_ANDROID_PRIMES]] because the account doesn't exist on the device.
03-13 14:48:40.522 25578 16391 I CCTUploader: Failed to get auth token for log sources [[SHEETS_ANDROID_PRIMES]] because the account doesn't exist on the device.
03-13 14:48:41.154 25578 16391 I CCTUploader: Failed to get auth token for log sources [[SHEETS_ANDROID_PRIMES]] because the account doesn't exist on the device.
03-13 14:48:41.381 16235 16314 W OneAuthLog: [MSAL:0007]	WARNING	SetAuthorityUri:78	Initializing authority from URI 'https://login.microsoftonline.com/consumers' without authority type, defaulting to MsSts
03-13 14:48:41.385 16235 16356 I OneAuthLog: [OneAuth:0002:Info::00000000] [Common] [2025-03-13 09:18:41 - thread_id: 67576, correlation_id: UNSET - Android 34] No valid AccountManager broker is found   
03-13 14:48:41.388 16235 16356 I OneAuthLog: [OneAuth:0002:Info::00000000] [Common] [2025-03-13 09:18:41 - thread_id: 67619, correlation_id: UNSET - Android 34] No valid AccountManager broker is found   
03-13 14:48:41.389 16235 16356 I OneAuthLog: [OneAuth:0002:Info::00000000] [Common] [2025-03-13 09:18:41 - thread_id: 67619, correlation_id: UNSET - Android 34] Found [1] Accounts...   
03-13 14:48:41.390 16235 16392 W OneAuthLog: [MSAL:0005]	WARNING	DiscardAccessAndIdTokensIfUnusable:857	No access token found in the cache
03-13 14:48:41.392 16235 16356 I OneAuthLog: [OneAuth:0002:Info::00000000] [Common] [2025-03-13 09:18:41 - thread_id: 67619, correlation_id: Data associated to the given key is null or empty - Android 34]    
03-13 14:48:41.394 16235 16266 D nativeloader: Load /data/app/~~KqzdalNSP48jbng_5csdbA==/com.microsoft.bing-3fIsz72pcYT8UlSnuzpffQ==/lib/arm64/libmaesdk.so using ns clns-5 from class loader (caller=/data/app/~~KqzdalNSP48jbng_5csdbA==/com.microsoft.bing-3fIsz72pcYT8UlSnuzpffQ==/base.apk!classes3.dex): ok
03-13 14:48:41.401 16235 16356 W OneAuthLog: [OneAuth:0002:Warning::00000000] [Common] [2025-03-13 09:18:41 - thread_id: 67619, correlation_id: UNSET - Android 34] Telemetry is disabled because the Telemetry context or configuration is null   
03-13 14:48:41.445 16235 16392 D TrafficStats: tagSocket(156) with statsTag=0xffffffff, statsUid=-1
03-13 14:48:41.459 25578 15228 I NetworkScheduler.Stats: (REDACTED) Task %s/%s finished executing. cause:%s result: %s elapsed_millis: %s uptime_millis: %s exec_start_elapsed_seconds: %s
03-13 14:48:48.075  7831  7882 I bbdx    : (REDACTED) getHotwordActive::active query: %s, watch: %s, devices connected: %s
03-13 14:48:48.732 25578 25578 D BoundBrokerSvc: onUnbind: Intent { act=com.google.android.gms.auth.aang.events.services.START dat=chimera-action:/... cmp=com.google.android.gms/.chimera.PersistentApiService }
03-13 14:48:57.476  1533  4745 D BatteryStatsService: notePemString  noteWhich: 49,arg1: -2, arg2: -1, arg3: 30202, arg4: 320, name: com.android.systemui
03-13 14:48:57.482  1533  4686 D BatteryStatsService: notePemString  noteWhich: 49,arg1: -2, arg2: -1, arg3: 30202, arg4: 511, name: com.android.systemui
03-13 14:48:57.482  1533  4686 D BatteryStatsService: notePemString  noteWhich: 49,arg1: -2, arg2: -1, arg3: 30202, arg4: 320, name: com.android.systemui
03-13 14:48:57.521  1533  4745 D BatteryStatsService: notePemString  noteWhich: 49,arg1: -2, arg2: -1, arg3: 30202, arg4: 511, name: com.android.systemui
03-13 14:48:57.521  1533  2669 D BatteryStatsService: notePemString  noteWhich: 49,arg1: -2, arg2: -1, arg3: 30202, arg4: 320, name: com.android.systemui
03-13 14:48:57.532 10090 10090 I GoogleInputMethodService: GoogleInputMethodService.onFinishInput():2090 
03-13 14:48:57.533 10090 10090 I Module  : DeviceLockedStatusModuleProvider$Module.updateDeviceLockedStatus():100 repeatCheckTimes = 0, locked = false
03-13 14:48:57.535 10090 10090 I GoogleInputMethodService: GoogleInputMethodService.onStartInput():1357 onStartInput(EditorInfo{EditorInfo{packageName=com.android.launcher3, inputType=0, inputTypeString=NULL, enableLearning=false, autoCorrection=false, autoComplete=false, imeOptions=0, privateImeOptions=null, actionName=UNSPECIFIED, actionLabel=null, initialSelStart=-1, initialSelEnd=-1, initialCapsMode=0, label=null, fieldId=0, fieldName=null, extras=null, hintText=null, hintLocales=[]}}, false)
03-13 14:48:57.537 10090 10090 I Module  : DeviceLockedStatusModuleProvider$Module.updateDeviceLockedStatus():100 repeatCheckTimes = 1, locked = false
03-13 14:48:58.584  7831 23295 I erxo    : (REDACTED) appOpsListener %s %s
03-13 14:48:58.585  7831 23295 I erxo    : (REDACTED) Ignoring irrelevant audio permission changes for package %s
03-13 14:48:58.614 10360 10360 I cr_OfflineDetector: Running updateState mConnectivityDetectorInitialized: true, mTimeWhenLastForegrounded: 1134490340, getElapsedTime: 1134490340, mTimeWhenLastOfflineNotificationReceived: 0, mTimeWhenLastOnline: 1133211844, mTimeWhenAirplaneModeToggledOff: 0 mApplicationState: 1, mIsOfflineLastReportedByConnectivityDetector: false, mInAirplaneMode: false mIsEffectivelyOffline: false
03-13 14:48:58.614 10360 10360 I cr_OfflineDetector: updateState(): timeSinceLastForeground: 0, timeSinceOfflineNotificationReceived: 1134490340, timeSinceLastOnline: 1278496, timeNeededForForeground: 2000, timeNeededForOffline: -1134488340 timeSinceAirplaneModeToggledOff: 1134490340 timeNeededAfterConnectionChangeFromOnlineToOffline: -1268496 timeNeededAfterConnectionChangeFromAirplaneToOffline: 0
03-13 14:48:58.696 10360 10360 W cr_ActivityDispatcher: CustomTabsIntent#shouldAlwaysUseBrowserUI() = false
03-13 14:48:58.744 10360 10360 I cr_ChromeActivity: onNewIntentWithNative: exiting picture in picture if needed
03-13 14:48:58.744 10360 10360 I cr_VideoPersist: Framework exited picture in picture
03-13 14:48:58.744 10360 10360 I cr_VideoPersist: Exited picture in picture with reason: 0
03-13 14:48:58.759 16529 16529 I om.ds.eventwish: Late-enabling -Xcheck:jni
03-13 14:48:58.764 10360 10360 I cr_A11yState: Enabled accessibility services list updated. []
03-13 14:48:58.771 10360 10360 I cr_A11yState: Informing listeners of changes.
03-13 14:48:58.771 10360 10360 I cr_A11yState: New AccessibilityState: State{isScreenReaderEnabled=false, isTouchExplorationEnabled=false, isPerformGesturesEnabled=false, isAnyAccessibilityServiceEnabled=false, isAccessibilityToolPresent=false, isSpokenFeedbackServicePresent=false, isTextShowPasswordEnabled=true, isOnlyPasswordManagersEnabled=false}
03-13 14:48:58.784 10360 10691 W cr_PartnerCustomize: Partner homepage must be HTTP(S) or NewTabPage. Got invalid URL ""
03-13 14:48:58.795 16529 16529 I om.ds.eventwish: Using CollectorTypeCC GC.
03-13 14:48:58.805 10360 10360 I cr_InactivityTracker: Last background time read from the SharedPreference is:1741856419525.
03-13 14:48:58.807 10360 10360 I cr_ChromeActivity: onResumeWithNative: exiting picture in picture if needed
03-13 14:48:58.807 10360 10360 I cr_VideoPersist: Dismiss activity with reason 0
03-13 14:48:58.812 16529 16529 D nativeloader: Load libframework-connectivity-tiramisu-jni.so using APEX ns com_android_tethering for caller /apex/com.android.tethering/javalib/framework-connectivity-t.jar: ok
03-13 14:48:58.815 10360 10360 I cr_InactivityTracker: Last visible time read from the SharedPreference is:1741856270869.
03-13 14:48:58.835 10360 10360 D BufferQueueConsumer: [](id:287800000005,api:0,p:-1,c:10360) connect: controlledByApp=false
03-13 14:48:58.836 10360 10474 E OpenGLRenderer: Unable to match the desired swap behavior.
03-13 14:48:58.840 10360 10360 D BufferQueueConsumer: [](id:287800000006,api:0,p:-1,c:10360) connect: controlledByApp=false
03-13 14:48:58.841 10360 10360 I cr_CompositorSurfaceMgr: surfaceCreated format: 0
03-13 14:48:58.842  1533  4745 D BatteryStatsService: notePemString  noteWhich: 49,arg1: 1080, arg2: 2204, arg3: 10360, arg4: 16, name: com.android.chrome
03-13 14:48:58.856  1533  4745 D BatteryStatsService: notePemString  noteWhich: 49,arg1: 1080, arg2: 2204, arg3: 10360, arg4: 16, name: com.android.chrome
03-13 14:48:58.875 10360 10474 D BLASTBufferQueue: [VRI[ChromeTabbedActivity]#5](f:0,a:1) acquireNextBufferLocked size=1080x2408 mFrameNumber=1 applyTransaction=true mTimestamp=724432147768852(auto) mPendingTransactions.size=0 graphicBufferId=44495861186568 transform=0
03-13 14:48:58.877 16529 16529 D nativeloader: Load /data/user/0/com.ds.eventwish/code_cache/startup_agents/c811a9f9-agent.so using system ns (caller=<unknown>): ok
03-13 14:48:58.878 16529 16529 V studio.deploy: Startup agent attached to VM
03-13 14:48:58.880 16529 16529 V studio.deploy: No existing instrumentation found. Loading instrumentation from instruments-252e729b.jar
03-13 14:48:58.890 16529 16529 W om.ds.eventwish: DexFile /data/data/com.ds.eventwish/code_cache/.studio/instruments-252e729b.jar is in boot class path but is not in a known location
03-13 14:48:58.900 16529 16529 V studio.deploy: Applying transforms with cached classes
03-13 14:48:58.955 25650 14043 I SyncManager: (REDACTED) Executing sync(type=%s%s)
03-13 14:48:58.955 25578 15871 I FusedLocation: (REDACTED) stationary throttling engaged @%s
03-13 14:48:58.966 10360 10360 V ImeFocusController: onWindowFocus: Wl0{921ebd7 VFE...... .F...... 0,0-1080,2204 aid=1} softInputMode=STATE_ALWAYS_HIDDEN|ADJUST_RESIZE|IS_FORWARD_NAVIGATION
03-13 14:48:58.971 25650 14043 I SyncManager: (REDACTED) Executing sync(type=%s) finished in %s
03-13 14:48:58.974 10090 10090 I GoogleInputMethodService: GoogleInputMethodService.onFinishInput():2090 
03-13 14:48:58.974 10090 10090 I Module  : DeviceLockedStatusModuleProvider$Module.updateDeviceLockedStatus():100 repeatCheckTimes = 0, locked = false
03-13 14:48:58.976 10090 10090 I GoogleInputMethodService: GoogleInputMethodService.onStartInput():1357 onStartInput(EditorInfo{EditorInfo{packageName=com.android.chrome, inputType=0, inputTypeString=NULL, enableLearning=false, autoCorrection=false, autoComplete=false, imeOptions=12000000, privateImeOptions=null, actionName=UNSPECIFIED, actionLabel=null, initialSelStart=-1, initialSelEnd=-1, initialCapsMode=0, label=null, fieldId=0, fieldName=null, extras=null, hintText=null, hintLocales=[]}}, false)
03-13 14:48:58.980 10090 10090 I Module  : DeviceLockedStatusModuleProvider$Module.updateDeviceLockedStatus():100 repeatCheckTimes = 1, locked = false
03-13 14:48:58.983 10360 10474 I gralloc4: @set_metadata: update dataspace from GM (0x00000000 -> 0x08010000)
03-13 14:48:59.016 10360 10474 I gralloc4: @set_metadata: update dataspace from GM (0x00000000 -> 0x08010000)
03-13 14:48:59.062 10360 10474 I gralloc4: @set_metadata: update dataspace from GM (0x00000000 -> 0x08010000)
03-13 14:48:59.071 10360 10474 I gralloc4: @set_metadata: update dataspace from GM (0x00000000 -> 0x08010000)
03-13 14:48:59.086 10360 10474 I gralloc4: @set_metadata: update dataspace from GM (0x00000000 -> 0x08010000)
03-13 14:48:59.139 25650 14043 I SyncManager: (REDACTED) Executing sync(type=%s%s)
03-13 14:48:59.143 25650 14043 I SyncManager: (REDACTED) Executing sync(type=%s) finished in %s
03-13 14:48:59.145 25650 14043 I SyncManager: (REDACTED) Executing sync(type=%s%s)
03-13 14:48:59.152 25650 14043 I SyncManager: (REDACTED) Executing sync(type=%s) finished in %s
03-13 14:48:59.233 16529 16529 W om.ds.eventwish: Redefining intrinsic method java.lang.Thread java.lang.Thread.currentThread(). This may cause the unexpected use of the original definition of java.lang.Thread java.lang.Thread.currentThread()in methods that have already been compiled.
03-13 14:48:59.233 16529 16529 W om.ds.eventwish: Redefining intrinsic method boolean java.lang.Thread.interrupted(). This may cause the unexpected use of the original definition of boolean java.lang.Thread.interrupted()in methods that have already been compiled.
03-13 14:48:59.237 16529 16529 I studio.deploy: Registering DispatchJNI
03-13 14:48:59.237 16529 16529 I studio.deploy: Found com/android/tools/deploy/interpreter/JNI
03-13 14:48:59.269 16529 16529 D CompatibilityChangeReporter: Compat change id reported: 171979766; UID 10421; state: ENABLED
03-13 14:48:59.269 16529 16529 D CompatibilityChangeReporter: Compat change id reported: 242716250; UID 10421; state: ENABLED
03-13 14:48:59.338 16529 16529 W ziparchive: Unable to open '/data/data/com.ds.eventwish/code_cache/.overlay/base.apk/classes11.dm': No such file or directory
03-13 14:48:59.340 16529 16529 W ziparchive: Unable to open '/data/data/com.ds.eventwish/code_cache/.overlay/base.apk/classes5.dm': No such file or directory
03-13 14:48:59.343 16529 16529 W ziparchive: Unable to open '/data/data/com.ds.eventwish/code_cache/.overlay/base.apk/classes7.dm': No such file or directory
03-13 14:48:59.347 16529 16529 W ziparchive: Unable to open '/data/app/~~cWajB8RDxfLoF3bNp2j3Gw==/com.ds.eventwish-x77bNnQ0ZOlLdSeNln6NBg==/base.dm': No such file or directory
03-13 14:48:59.347 16529 16529 W ziparchive: Unable to open '/data/app/~~cWajB8RDxfLoF3bNp2j3Gw==/com.ds.eventwish-x77bNnQ0ZOlLdSeNln6NBg==/base.dm': No such file or directory
03-13 14:48:59.791 16529 16529 D nativeloader: Configuring clns-4 for other apk /data/app/~~cWajB8RDxfLoF3bNp2j3Gw==/com.ds.eventwish-x77bNnQ0ZOlLdSeNln6NBg==/base.apk. target_sdk_version=34, uses_libraries=, library_path=/data/app/~~cWajB8RDxfLoF3bNp2j3Gw==/com.ds.eventwish-x77bNnQ0ZOlLdSeNln6NBg==/lib/arm64:/data/app/~~cWajB8RDxfLoF3bNp2j3Gw==/com.ds.eventwish-x77bNnQ0ZOlLdSeNln6NBg==/base.apk!/lib/arm64-v8a, permitted_path=/data:/mnt/expand:/data/user/0/com.ds.eventwish
03-13 14:48:59.820 16529 16529 D nativeloader: Load libframework-connectivity-jni.so using APEX ns com_android_tethering for caller /apex/com.android.tethering/javalib/framework-connectivity.jar: ok
03-13 14:48:59.829 16529 16529 V GraphicsEnvironment: Currently set values for:
03-13 14:48:59.829 16529 16529 V GraphicsEnvironment:   angle_gl_driver_selection_pkgs=[]
03-13 14:48:59.829 16529 16529 V GraphicsEnvironment:   angle_gl_driver_selection_values=[]
03-13 14:48:59.830 16529 16529 V GraphicsEnvironment: ANGLE GameManagerService for com.ds.eventwish: false
03-13 14:48:59.830 16529 16529 V GraphicsEnvironment: com.ds.eventwish is not listed in per-application setting
03-13 14:48:59.830 16529 16529 V GraphicsEnvironment: Neither updatable production driver nor prerelease driver is supported.
03-13 14:48:59.889 16529 16529 D CompatibilityChangeReporter: Compat change id reported: 183155436; UID 10421; state: ENABLED
03-13 14:48:59.933 16529 16529 I FirebaseApp: Device unlocked: initializing all Firebase APIs for app [DEFAULT]
03-13 14:48:59.975 16529 16529 D CompatibilityChangeReporter: Compat change id reported: 3400644; UID 10421; state: ENABLED
03-13 14:49:00.034 16529 16566 W om.ds.eventwish: ClassLoaderContext classpath size mismatch. expected=1, found=0 (DLC[];PCL[base.apk*2558597794]{PCL[/system/framework/org.apache.http.legacy.jar*1157712065]#PCL[/system/framework/com.android.media.remotedisplay.jar*2114713712]#PCL[/system/framework/com.android.location.provider.jar*3994156537]#PCL[/system/framework/org.apache.http.legacy.jar*1157712065]} | DLC[];PCL[])
03-13 14:49:00.041 16529 16566 I DynamiteModule: Considering local module com.google.android.gms.measurement.dynamite:97 and remote module com.google.android.gms.measurement.dynamite:140
03-13 14:49:00.041 16529 16566 I DynamiteModule: Selected remote version of com.google.android.gms.measurement.dynamite, version >= 140
03-13 14:49:00.041 16529 16566 V DynamiteModule: Dynamite loader version >= 2, using loadModule2NoCrashUtils
03-13 14:49:00.088 16529 16566 W System  : ClassLoader referenced unknown path: 
03-13 14:49:00.094 16529 16566 D nativeloader: Configuring clns-5 for other apk . target_sdk_version=34, uses_libraries=, library_path=/data/app/~~wzQsY1FI40DU1TEt5lJaHQ==/com.google.android.gms-apY9ojRwpR2jszBZex8L-g==/lib/arm64:/data/app/~~wzQsY1FI40DU1TEt5lJaHQ==/com.google.android.gms-apY9ojRwpR2jszBZex8L-g==/base.apk!/lib/arm64-v8a, permitted_path=/data:/mnt/expand:/data/user/0/com.google.android.gms
03-13 14:49:00.137 16529 16566 W om.ds.eventwish: ClassLoaderContext classpath size mismatch. expected=1, found=4 (DLC[];PCL[base.apk*2558597794]{PCL[/system/framework/org.apache.http.legacy.jar*1157712065]#PCL[/system/framework/com.android.media.remotedisplay.jar*2114713712]#PCL[/system/framework/com.android.location.provider.jar*3994156537]#PCL[/system/framework/org.apache.http.legacy.jar*1157712065]} | DLC[];PCL[/data/data/com.ds.eventwish/code_cache/.overlay/base.apk/classes11.dex*1829717438:/data/data/com.ds.eventwish/code_cache/.overlay/base.apk/classes5.dex*1897806007:/data/data/com.ds.eventwish/code_cache/.overlay/base.apk/classes7.dex*2374248306:/data/app/~~cWajB8RDxfLoF3bNp2j3Gw==/com.ds.eventwish-x77bNnQ0ZOlLdSeNln6NBg==/base.apk*3283865686])
03-13 14:49:00.310 16529 16569 E om.ds.eventwish: No package ID 76 found for resource ID 0x760b000f.
03-13 14:49:00.311 16529 16569 E om.ds.eventwish: No package ID 76 found for resource ID 0x760b000f.
03-13 14:49:00.314 16529 16569 I FA      : App measurement initialized, version: 118001
03-13 14:49:00.314 16529 16569 I FA      : To enable debug logging run: adb shell setprop log.tag.FA VERBOSE
03-13 14:49:00.315 16529 16569 I FA      : To enable faster debug mode event logging run:
03-13 14:49:00.315 16529 16569 I FA      :   adb shell setprop debug.firebase.analytics.app com.ds.eventwish
03-13 14:49:00.365 16529 16582 I FIAM.Headless: Starting InAppMessaging runtime with Installation ID c1pVizjERDKxMHeV9vWBtn
03-13 14:49:00.377 16529 16529 W Glide   : Failed to find GeneratedAppGlideModule. You should include an annotationProcessor compile dependency on com.github.bumptech.glide:compiler in your application and a @GlideModule annotated AppGlideModule implementation or LibraryGlideModules will be silently ignored
03-13 14:49:00.430 16529 16529 I FirebaseInitProvider: FirebaseApp initialization successful
03-13 14:49:00.466 16529 16600 D nativeloader: Configuring clns-6 for other apk /system/framework/org.apache.http.legacy.jar. target_sdk_version=34, uses_libraries=ALL, library_path=/data/app/~~wzQsY1FI40DU1TEt5lJaHQ==/com.google.android.gms-apY9ojRwpR2jszBZex8L-g==/lib/arm64:/data/app/~~wzQsY1FI40DU1TEt5lJaHQ==/com.google.android.gms-apY9ojRwpR2jszBZex8L-g==/base.apk!/lib/arm64-v8a, permitted_path=/data:/mnt/expand:/data/user/0/com.google.android.gms
03-13 14:49:00.466 16529 16600 D nativeloader: Extending system_exposed_libraries: libapuwareapusys.mtk.so:libapuwareapusys_v2.mtk.so:libapuwarexrp.mtk.so:libapuwarexrp_v2.mtk.so:libapuwareutils.mtk.so:libapuwareutils_v2.mtk.so:libapuwarehmp.mtk.so:libmcv_runtime_usdk.mtk.so:libneuron_graph_delegate.mtk.so:libneuronusdk_adapter.mtk.so:libtflite_mtk.mtk.so:libarmnn_ndk.mtk.so:libcmdl_ndk.mtk.so:libnir_neon_driver_ndk.mtk.so:libmvpu_runtime.mtk.so:libmvpu_runtime_pub.mtk.so:libmvpu_engine_pub.mtk.so:libmvpu_pattern_pub.mtk.so:libmvpuop_mtk_cv.mtk.so:libmvpuop_mtk_nn.mtk.so:libmvpu_runtime_25.mtk.so:libmvpu_runtime_25_pub.mtk.so:libmvpu_engine_25_pub.mtk.so:libmvpu_pattern_25_pub.mtk.so:libmvpuop25_mtk_cv.mtk.so:libmvpuop25_mtk_nn.mtk.so:libmvpu_config.mtk.so:libteeservice_client.trustonic.so
03-13 14:49:00.468 16529 16529 D EventWishApplication: Firebase initialized successfully
03-13 14:49:00.468 16529 16529 D EventWishApplication: Firebase project ID: neweventwish
03-13 14:49:00.468 16529 16529 D EventWishApplication: Firebase application ID: 1:381021411563:android:3fae237c5ecc58610906ae
03-13 14:49:00.473 16529 16529 I FIAM.Headless: Setting display event component
03-13 14:49:00.473 16529 16529 D FirebaseInAppMsgHandler: Firebase In-App Messaging handler initialized
03-13 14:49:00.476 16529 16600 D nativeloader: Configuring clns-7 for other apk /system/framework/com.android.media.remotedisplay.jar. target_sdk_version=34, uses_libraries=ALL, library_path=/data/app/~~wzQsY1FI40DU1TEt5lJaHQ==/com.google.android.gms-apY9ojRwpR2jszBZex8L-g==/lib/arm64:/data/app/~~wzQsY1FI40DU1TEt5lJaHQ==/com.google.android.gms-apY9ojRwpR2jszBZex8L-g==/base.apk!/lib/arm64-v8a, permitted_path=/data:/mnt/expand:/data/user/0/com.google.android.gms
03-13 14:49:00.476 16529 16600 D nativeloader: Extending system_exposed_libraries: libapuwareapusys.mtk.so:libapuwareapusys_v2.mtk.so:libapuwarexrp.mtk.so:libapuwarexrp_v2.mtk.so:libapuwareutils.mtk.so:libapuwareutils_v2.mtk.so:libapuwarehmp.mtk.so:libmcv_runtime_usdk.mtk.so:libneuron_graph_delegate.mtk.so:libneuronusdk_adapter.mtk.so:libtflite_mtk.mtk.so:libarmnn_ndk.mtk.so:libcmdl_ndk.mtk.so:libnir_neon_driver_ndk.mtk.so:libmvpu_runtime.mtk.so:libmvpu_runtime_pub.mtk.so:libmvpu_engine_pub.mtk.so:libmvpu_pattern_pub.mtk.so:libmvpuop_mtk_cv.mtk.so:libmvpuop_mtk_nn.mtk.so:libmvpu_runtime_25.mtk.so:libmvpu_runtime_25_pub.mtk.so:libmvpu_engine_25_pub.mtk.so:libmvpu_pattern_25_pub.mtk.so:libmvpuop25_mtk_cv.mtk.so:libmvpuop25_mtk_nn.mtk.so:libmvpu_config.mtk.so:libteeservice_client.trustonic.so
03-13 14:49:00.480 16529 16529 D ApiClient: ApiClient initialized with application context
03-13 14:49:00.483 16529 16600 W om.ds.eventwish: Loading /data/misc/apexdata/com.android.art/dalvik-cache/arm64/system@framework@com.android.location.provider.jar@classes.odex non-executable as it requires an image which we failed to load
03-13 14:49:00.487 16529 16600 D nativeloader: Configuring clns-8 for other apk /system/framework/com.android.location.provider.jar. target_sdk_version=34, uses_libraries=ALL, library_path=/data/app/~~wzQsY1FI40DU1TEt5lJaHQ==/com.google.android.gms-apY9ojRwpR2jszBZex8L-g==/lib/arm64:/data/app/~~wzQsY1FI40DU1TEt5lJaHQ==/com.google.android.gms-apY9ojRwpR2jszBZex8L-g==/base.apk!/lib/arm64-v8a, permitted_path=/data:/mnt/expand:/data/user/0/com.google.android.gms
03-13 14:49:00.488 16529 16600 D nativeloader: Extending system_exposed_libraries: libapuwareapusys.mtk.so:libapuwareapusys_v2.mtk.so:libapuwarexrp.mtk.so:libapuwarexrp_v2.mtk.so:libapuwareutils.mtk.so:libapuwareutils_v2.mtk.so:libapuwarehmp.mtk.so:libmcv_runtime_usdk.mtk.so:libneuron_graph_delegate.mtk.so:libneuronusdk_adapter.mtk.so:libtflite_mtk.mtk.so:libarmnn_ndk.mtk.so:libcmdl_ndk.mtk.so:libnir_neon_driver_ndk.mtk.so:libmvpu_runtime.mtk.so:libmvpu_runtime_pub.mtk.so:libmvpu_engine_pub.mtk.so:libmvpu_pattern_pub.mtk.so:libmvpuop_mtk_cv.mtk.so:libmvpuop_mtk_nn.mtk.so:libmvpu_runtime_25.mtk.so:libmvpu_runtime_25_pub.mtk.so:libmvpu_engine_25_pub.mtk.so:libmvpu_pattern_25_pub.mtk.so:libmvpuop25_mtk_cv.mtk.so:libmvpuop25_mtk_nn.mtk.so:libmvpu_config.mtk.so:libteeservice_client.trustonic.so
03-13 14:49:00.496 16529 16600 W om.ds.eventwish: Loading /data/app/~~wzQsY1FI40DU1TEt5lJaHQ==/com.google.android.gms-apY9ojRwpR2jszBZex8L-g==/oat/arm64/base.odex non-executable as it requires an image which we failed to load
03-13 14:49:00.505 16529 16600 D nativeloader: Configuring clns-9 for other apk /data/app/~~wzQsY1FI40DU1TEt5lJaHQ==/com.google.android.gms-apY9ojRwpR2jszBZex8L-g==/base.apk. target_sdk_version=34, uses_libraries=, library_path=/data/app/~~wzQsY1FI40DU1TEt5lJaHQ==/com.google.android.gms-apY9ojRwpR2jszBZex8L-g==/lib/arm64:/data/app/~~wzQsY1FI40DU1TEt5lJaHQ==/com.google.android.gms-apY9ojRwpR2jszBZex8L-g==/base.apk!/lib/arm64-v8a, permitted_path=/data:/mnt/expand:/data/user/0/com.google.android.gms
03-13 14:49:00.713 16529 16529 D ApiClient: OkHttpClient created with cache at: /data/user/0/com.ds.eventwish/cache/http_cache
03-13 14:49:00.748 16529 16529 W om.ds.eventwish: Accessing hidden method Ljava/lang/invoke/MethodHandles$Lookup;-><init>(Ljava/lang/Class;I)V (unsupported, reflection, allowed)
03-13 14:49:00.767 16529 16529 D ApiClient: ApiService created
03-13 14:49:00.828 16529 16600 I DynamiteModule: Considering local module com.google.android.gms.ads.dynamite:0 and remote module com.google.android.gms.ads.dynamite:250505301
03-13 14:49:00.828 16529 16600 I DynamiteModule: Selected remote version of com.google.android.gms.ads.dynamite, version >= 250505301
03-13 14:49:00.828 16529 16600 V DynamiteModule: Dynamite loader version >= 2, using loadModule2NoCrashUtils
03-13 14:49:00.835 16529 16603 I okhttp.OkHttpClient: --> POST https://eventwishes.onrender.com/api/tokens/register
03-13 14:49:00.836 16529 16603 I okhttp.OkHttpClient: Content-Type: application/json; charset=UTF-8
03-13 14:49:00.836 16529 16603 I okhttp.OkHttpClient: Content-Length: 154
03-13 14:49:00.841 16529 16603 I okhttp.OkHttpClient: {"token":"c1pVizjERDKxMHeV9vWBtn:APA91bG4-zlAW2wOTQzvLZ8rW40qTI9Om9PlodyJ0v7RJm7akUMGNgKpKRx1ULnF1WGlM3K1EhGZI57C-RwE4zS67JyjuIEbq0ySvwChLmKdhDkdSmilPgg"}
03-13 14:49:00.841 16529 16603 I okhttp.OkHttpClient: --> END POST (154-byte body)
03-13 14:49:00.843 16529 16600 W om.ds.eventwish: ClassLoaderContext type mismatch. expected=PCL, found=DLC (PCL[] | DLC[];PCL[/data/data/com.ds.eventwish/code_cache/.overlay/base.apk/classes11.dex*1829717438:/data/data/com.ds.eventwish/code_cache/.overlay/base.apk/classes5.dex*1897806007:/data/data/com.ds.eventwish/code_cache/.overlay/base.apk/classes7.dex*2374248306:/data/app/~~cWajB8RDxfLoF3bNp2j3Gw==/com.ds.eventwish-x77bNnQ0ZOlLdSeNln6NBg==/base.apk*3283865686])
03-13 14:49:00.847 16529 16603 D NetworkUtils: Network state updated: connected=true, type=CELLULAR, metered=true
03-13 14:49:00.855 16529 16603 D NetworkUtils: NetworkUtils initialized
03-13 14:49:00.857 16529 16586 D NetworkUtils: Network available
03-13 14:49:00.860 16529 16586 D NetworkUtils: Network state updated: connected=true, type=CELLULAR, metered=true
03-13 14:49:00.860 16529 16586 D NetworkUtils: Network capabilities changed
03-13 14:49:00.862 16529 16586 D NetworkUtils: Network state updated: connected=true, type=CELLULAR, metered=true
03-13 14:49:00.880 16529 16529 D WM-PackageManagerHelper: Skipping component enablement for androidx.work.impl.background.systemjob.SystemJobService
03-13 14:49:00.880 16529 16529 D WM-Schedulers: Created SystemJobScheduler and enabled SystemJobService
03-13 14:49:00.897 16529 16529 D ReminderCheckWorker: Scheduled periodic reminder check
03-13 14:49:00.898 16529 16529 D EventWishApplication: Scheduled template update check worker
03-13 14:49:00.899 16529 16529 D EventWishApplication: Clearing database cache on app start
03-13 14:49:00.909 16529 16603 D TrafficStats: tagSocket(114) with statsTag=0xffffffff, statsUid=-1
03-13 14:49:00.914 16529 16529 D EventWishApplication: Initializing CategoryIconRepository
03-13 14:49:00.918 16529 16529 D ResourceDatabase: ResourceDatabase instance created
03-13 14:49:00.933 16529 16607 D EventWishApplication: Festival database cache cleared successfully
03-13 14:49:00.935 16529 16529 D ResourceCache: ResourceCache initialized
03-13 14:49:00.937 16529 16529 D ErrorHandler: ErrorHandler initialized
03-13 14:49:00.937 16529 16529 D ResourceRepository: ResourceRepository initialized
03-13 14:49:00.937 16529 16529 D CategoryIconRepository: CategoryIconRepository initialized with enhanced caching and offline support
03-13 14:49:00.937 16529 16529 D CategoryIconRepository: Loading category icons with offline-first approach
03-13 14:49:00.946 16529 16529 D ResourceCache: Cache hit (disk): category_icon_category_icons
03-13 14:49:00.946 16529 16529 D ResourceCache: Cache hit (memory): category_icon_category_icons
03-13 14:49:00.946 16529 16529 D AndroidRuntime: Shutting down VM
03-13 14:49:00.951 16529 16604 D CompatibilityChangeReporter: Compat change id reported: 160794467; UID 10421; state: ENABLED
03-13 14:49:00.954 16529 16529 E AndroidRuntime: FATAL EXCEPTION: main
03-13 14:49:00.954 16529 16529 E AndroidRuntime: Process: com.ds.eventwish, PID: 16529
03-13 14:49:00.954 16529 16529 E AndroidRuntime: java.lang.RuntimeException: Unable to create application com.ds.eventwish.EventWishApplication: java.lang.ClassCastException: com.google.gson.internal.LinkedTreeMap cannot be cast to com.google.gson.JsonObject
03-13 14:49:00.954 16529 16529 E AndroidRuntime: 	at android.app.ActivityThread.handleBindApplication(ActivityThread.java:7919)
03-13 14:49:00.954 16529 16529 E AndroidRuntime: 	at android.app.ActivityThread.-$$Nest$mhandleBindApplication(Unknown Source:0)
03-13 14:49:00.954 16529 16529 E AndroidRuntime: 	at android.app.ActivityThread$H.handleMessage(ActivityThread.java:2639)
03-13 14:49:00.954 16529 16529 E AndroidRuntime: 	at android.os.Handler.dispatchMessage(Handler.java:108)
03-13 14:49:00.954 16529 16529 E AndroidRuntime: 	at android.os.Looper.loopOnce(Looper.java:226)
03-13 14:49:00.954 16529 16529 E AndroidRuntime: 	at android.os.Looper.loop(Looper.java:328)
03-13 14:49:00.954 16529 16529 E AndroidRuntime: 	at android.app.ActivityThread.main(ActivityThread.java:9213)
03-13 14:49:00.954 16529 16529 E AndroidRuntime: 	at java.lang.reflect.Method.invoke(Native Method)
03-13 14:49:00.954 16529 16529 E AndroidRuntime: 	at com.android.internal.os.RuntimeInit$MethodAndArgsCaller.run(RuntimeInit.java:594)
03-13 14:49:00.954 16529 16529 E AndroidRuntime: 	at com.android.internal.os.ZygoteInit.main(ZygoteInit.java:1099)
03-13 14:49:00.954 16529 16529 E AndroidRuntime: Caused by: java.lang.ClassCastException: com.google.gson.internal.LinkedTreeMap cannot be cast to com.google.gson.JsonObject
03-13 14:49:00.954 16529 16529 E AndroidRuntime: 	at com.ds.eventwish.data.repository.ResourceRepository.getResource(ResourceRepository.java:406)
03-13 14:49:00.954 16529 16529 E AndroidRuntime: 	at com.ds.eventwish.data.repository.CategoryIconRepository.loadCategoryIcons(CategoryIconRepository.java:198)
03-13 14:49:00.954 16529 16529 E AndroidRuntime: 	at com.ds.eventwish.EventWishApplication.onCreate(EventWishApplication.java:105)
03-13 14:49:00.954 16529 16529 E AndroidRuntime: 	at android.app.Instrumentation.callApplicationOnCreate(Instrumentation.java:1316)
03-13 14:49:00.954 16529 16529 E AndroidRuntime: 	at android.app.ActivityThread.handleBindApplication(ActivityThread.java:7906)
03-13 14:49:00.954 16529 16529 E AndroidRuntime: 	... 9 more
03-13 14:49:00.956 16529 16612 D ResourceDatabase: Database opened
03-13 14:49:00.959 16529 16612 D ResourceRepository: Cleaned up 0 expired resources
03-13 14:49:01.270 16614 16614 W getprop : type=1400 audit(0.0:2833384): avc:  denied  { open } for  path="/dev/__properties__/u:object_r:vendor_camera_software_moonlight_prop:s0" dev="tmpfs" ino=8774 scontext=u:r:shell:s0 tcontext=u:object_r:vendor_camera_software_moonlight_prop:s0 tclass=file permissive=0
03-13 14:49:02.102 16616 16616 W getprop : type=1400 audit(0.0:2833385): avc:  denied  { open } for  path="/dev/__properties__/u:object_r:vendor_camera_software_moonlight_prop:s0" dev="tmpfs" ino=8774 scontext=u:r:shell:s0 tcontext=u:object_r:vendor_camera_software_moonlight_prop:s0 tclass=file permissive=0
03-13 14:49:15.747 25578 16391 I AlarmManager: setExactAndAllowWhileIdle [name: GCM_HB_ALARM type: 2 triggerAtMillis: 1136187474]
03-13 14:49:15.768 25578 15228 W ChimeraUtils: Module com.google.android.gms.gcm missing resource null(0)
03-13 14:49:15.788 25578 15228 I AlarmManager: setExactAndAllowWhileIdle [name: FcmRetry type: 2 triggerAtMillis: 1134627505]
03-13 14:49:15.813 25578 25578 W GCM     : broadcast intent callback: result=CANCELLED forIntent { act=com.google.android.c2dm.intent.RECEIVE flg=0x10000000 pkg=org.telegram.messenger (has extras) }
03-13 14:49:16.285  2244  9706 D skia    : onGetGainmapInfo: false.
03-13 14:49:16.287  2244  9706 D skia    : onGetGainmapInfo: false.
03-13 14:49:16.288  2244  9706 D skia    : onGetGainmapInfo: false.
03-13 14:49:16.290  2244  9706 D skia    : onGetGainmapInfo: false.
03-13 14:49:16.291  2244  9706 D skia    : onGetGainmapInfo: false.
03-13 14:49:16.293  2244  9706 D skia    : onGetGainmapInfo: false.
03-13 14:49:16.294  2244  9706 D skia    : onGetGainmapInfo: false.
03-13 14:49:16.295  2244  9706 D skia    : onGetGainmapInfo: false.
03-13 14:49:16.296  2244  9706 D skia    : onGetGainmapInfo: false.
03-13 14:49:16.297  2244  9706 D skia    : onGetGainmapInfo: false.
03-13 14:49:16.297  2244  9706 D skia    : onGetGainmapInfo: false.
03-13 14:49:16.299  2244  9706 D skia    : onGetGainmapInfo: false.
03-13 14:49:16.300  2244  9706 D skia    : onGetGainmapInfo: false.
03-13 14:49:16.300  2244  9706 D skia    : onGetGainmapInfo: false.
03-13 14:49:16.301  2244  9706 D skia    : onGetGainmapInfo: false.
03-13 14:49:16.301  2244  9706 D skia    : onGetGainmapInfo: false.
03-13 14:49:16.302  2244  9706 D skia    : onGetGainmapInfo: false.
03-13 14:49:16.303  2244  9706 D skia    : onGetGainmapInfo: false.
03-13 14:49:16.304  2244  9706 D skia    : onGetGainmapInfo: false.
03-13 14:49:16.304  2244  9706 D skia    : onGetGainmapInfo: false.
03-13 14:49:16.305  2244  9706 D skia    : onGetGainmapInfo: false.
03-13 14:49:16.307  2244  9706 D skia    : onGetGainmapInfo: false.
03-13 14:49:16.308  2244  9706 D skia    : onGetGainmapInfo: false.
03-13 14:49:16.309  2244  9706 D skia    : onGetGainmapInfo: false.
03-13 14:49:16.310  2244  9706 D skia    : onGetGainmapInfo: false.
03-13 14:49:16.311  2244  9706 D skia    : onGetGainmapInfo: false.
03-13 14:49:16.313  2244  9706 D skia    : onGetGainmapInfo: false.
03-13 14:49:16.313  2244  9706 D skia    : onGetGainmapInfo: false.
03-13 14:49:16.315  2244  9706 D skia    : onGetGainmapInfo: false.
03-13 14:49:16.316  2244  9706 D skia    : onGetGainmapInfo: false.
03-13 14:49:16.317  2244  9706 D skia    : onGetGainmapInfo: false.
03-13 14:49:16.317  2244  9706 D skia    : onGetGainmapInfo: false.
03-13 14:49:16.319  2244  9706 D skia    : onGetGainmapInfo: false.
03-13 14:49:16.320  2244  9706 D skia    : onGetGainmapInfo: false.
03-13 14:49:16.321  2244  9706 D skia    : onGetGainmapInfo: false.
03-13 14:49:16.322  2244  9706 D skia    : onGetGainmapInfo: false.
03-13 14:49:16.323  2244  9706 D skia    : onGetGainmapInfo: false.
03-13 14:49:16.324  2244  9706 D skia    : onGetGainmapInfo: false.
03-13 14:49:16.325  2244  9706 D skia    : onGetGainmapInfo: false.
03-13 14:49:16.326  2244  9706 D skia    : onGetGainmapInfo: false.
03-13 14:49:16.327  2244  9706 D skia    : onGetGainmapInfo: false.
03-13 14:49:16.328  2244  9706 D skia    : onGetGainmapInfo: false.
03-13 14:49:16.329  2244  9706 D skia    : onGetGainmapInfo: false.
03-13 14:49:16.330  2244  9706 D skia    : onGetGainmapInfo: false.
03-13 14:49:16.331  2244  9706 D skia    : onGetGainmapInfo: false.
03-13 14:49:16.332  2244  9706 D skia    : onGetGainmapInfo: false.
03-13 14:49:16.333  2244  9706 D skia    : onGetGainmapInfo: false.
03-13 14:49:16.333  2244  9706 D skia    : onGetGainmapInfo: false.
03-13 14:49:16.334  2244  9706 D skia    : onGetGainmapInfo: false.
03-13 14:49:16.335  2244  9706 D skia    : onGetGainmapInfo: false.
03-13 14:49:16.336  2244  9706 D skia    : onGetGainmapInfo: false.
03-13 14:49:16.337  2244  9706 D skia    : onGetGainmapInfo: false.
03-13 14:49:16.338  2244  9706 D skia    : onGetGainmapInfo: false.
03-13 14:49:16.339  2244  9706 D skia    : onGetGainmapInfo: false.
03-13 14:49:16.340  2244  9706 D skia    : onGetGainmapInfo: false.
03-13 14:49:16.341  2244  9706 D skia    : onGetGainmapInfo: false.
03-13 14:49:16.342  2244  9706 D skia    : onGetGainmapInfo: false.
03-13 14:49:16.342  2244  9706 D skia    : onGetGainmapInfo: false.
03-13 14:49:16.343  2244  9706 D skia    : onGetGainmapInfo: false.
03-13 14:49:16.344  2244  9706 D skia    : onGetGainmapInfo: false.
03-13 14:49:16.345  2244  9706 D skia    : onGetGainmapInfo: false.
03-13 14:49:16.345  2244  9706 D skia    : onGetGainmapInfo: false.
03-13 14:49:16.346  2244  9706 D skia    : onGetGainmapInfo: false.
03-13 14:49:16.347  2244  9706 D skia    : onGetGainmapInfo: false.
03-13 14:49:16.348  2244  9706 D skia    : onGetGainmapInfo: false.
03-13 14:49:16.349  2244  9706 D skia    : onGetGainmapInfo: false.
03-13 14:49:16.349  2244  9706 D skia    : onGetGainmapInfo: false.
03-13 14:49:16.350  2244  9706 D skia    : onGetGainmapInfo: false.
03-13 14:49:16.351  2244  9706 D skia    : onGetGainmapInfo: false.
03-13 14:49:16.352  2244  9706 D skia    : onGetGainmapInfo: false.
03-13 14:49:16.352  2244  9706 D skia    : onGetGainmapInfo: false.
03-13 14:49:16.353  2244  9706 D skia    : onGetGainmapInfo: false.
03-13 14:49:16.354  2244  9706 D skia    : onGetGainmapInfo: false.
03-13 14:49:16.355  2244  9706 D skia    : onGetGainmapInfo: false.
03-13 14:49:16.356  2244  9706 D skia    : onGetGainmapInfo: false.
03-13 14:49:16.360  2244  9706 D skia    : onGetGainmapInfo: false.
03-13 14:49:16.362  2244  9706 D skia    : onGetGainmapInfo: false.
03-13 14:49:16.367  2244  9733 D skia    : SkJpegCodec::onGetPixels + (740, 414)
03-13 14:49:16.383  2244  9733 D skia    : SkJpegCodec::onGetPixels -
03-13 14:49:16.384  2244  9733 D skia    : onGetGainmapInfo: false.
03-13 14:49:16.385  2244  9733 W Bitmap  : Called getWidth() on a recycle()'d bitmap! This is undefined behavior!
03-13 14:49:16.385  2244  9733 W Bitmap  : Called getHeight() on a recycle()'d bitmap! This is undefined behavior!
03-13 14:49:16.406  2244  9722 D skia    : onGetGainmapInfo: false.
03-13 14:49:16.407  2244  9722 D skia    : onGetGainmapInfo: false.
03-13 14:49:16.412  2244  9722 D skia    : onGetGainmapInfo: false.
03-13 14:49:16.415  2244  9706 D skia    : onGetGainmapInfo: false.
03-13 14:49:16.416  2244  9722 D skia    : onGetGainmapInfo: false.
03-13 14:49:16.416  2244  9706 D skia    : onGetGainmapInfo: false.
03-13 14:49:16.417  2244  9722 D skia    : onGetGainmapInfo: false.
03-13 14:49:16.418  2244  9722 D skia    : onGetGainmapInfo: false.
03-13 14:49:16.420  2244  9722 D skia    : onGetGainmapInfo: false.
03-13 14:49:16.420  2244  9722 D skia    : onGetGainmapInfo: false.
03-13 14:49:16.446  2244  9706 D skia    : onGetGainmapInfo: false.
03-13 14:49:16.449  2244  9706 D skia    : onGetGainmapInfo: false.
03-13 14:49:16.452  2244  9706 D skia    : onGetGainmapInfo: false.
03-13 14:49:16.455  2244  9706 D skia    : onGetGainmapInfo: false.
03-13 14:49:16.457  2244  9706 D skia    : onGetGainmapInfo: false.
03-13 14:49:16.461  2244  9706 D skia    : onGetGainmapInfo: false.
03-13 14:49:16.465  2244  9706 D skia    : onGetGainmapInfo: false.
03-13 14:49:16.466  2244  9706 D skia    : onGetGainmapInfo: false.
03-13 14:49:16.480  2244  9733 D OpenGLRenderer: Bitmap::compress format:Jpeg w:740 h:414 quality:100 app_apk:org.telegram.messenger 
03-13 14:49:16.481  2244  9733 W libc    : Access denied finding property "vendor.vivo.imageencoder.dump"
03-13 14:49:17.569 10360 10474 I gralloc4: @set_metadata: update dataspace from GM (0x00000000 -> 0x08010000)
03-13 14:49:18.581  2244  9722 D skia    : onGetGainmapInfo: false.
