04-07 08:13:01.267 10035 11631 I okhttp.OkHttpClient: {"adUnitId":"test_ad_unit_id","context":{"testMode":true,"screenName":"TestAdActivity","timestamp":1743993781249}}
04-07 08:13:01.268 10035 11631 I okhttp.OkHttpClient: --> END POST (114-byte body)
04-07 08:13:01.270 10035 11567 I gralloc4: @set_metadata: update dataspace from GM (0x00000000 -> 0x08010000)
04-07 08:13:01.689 10035 11631 I okhttp.OkHttpClient: <-- 401 https://eventwish2.onrender.com/api/admob/click (420ms)
04-07 08:13:01.689 10035 11631 I okhttp.OkHttpClient: date: Mon, 07 Apr 2025 02:43:02 GMT
04-07 08:13:01.689 10035 11631 I okhttp.OkHttpClient: content-type: application/json; charset=utf-8
04-07 08:13:01.689 10035 11631 I okhttp.OkHttpClient: access-control-allow-origin: *
04-07 08:13:01.689 10035 11631 I okhttp.OkHttpClient: content-security-policy: default-src 'self';script-src 'self' 'unsafe-inline' 'unsafe-hashes' https://cdn.jsdelivr.net;script-src-attr 'unsafe-inline';connect-src 'self' https://api.eventwish.com https://eventwish2.onrender.com;style-src 'self' 'unsafe-inline' https://cdn.jsdelivr.net;img-src 'self' data: https://via.placeholder.com;font-src 'self' https://cdn.jsdelivr.net;base-uri 'self';form-action 'self';frame-ancestors 'self';object-src 'none';upgrade-insecure-requests
04-07 08:13:01.689 10035 11631 I okhttp.OkHttpClient: cross-origin-opener-policy: same-origin
04-07 08:13:01.689 10035 11631 I okhttp.OkHttpClient: cross-origin-resource-policy: same-origin
04-07 08:13:01.689 10035 11631 I okhttp.OkHttpClient: etag: W/"58-GGvPw5G3EW+ylh8zJiuQ8GFC7vc"
04-07 08:13:01.689 10035 11631 I okhttp.OkHttpClient: origin-agent-cluster: ?1
04-07 08:13:01.689 10035 11631 I okhttp.OkHttpClient: ratelimit-limit: 100
04-07 08:13:01.689 10035 11631 I okhttp.OkHttpClient: ratelimit-policy: 100;w=900
04-07 08:13:01.689 10035 11631 I okhttp.OkHttpClient: ratelimit-remaining: 82
04-07 08:13:01.689 10035 11631 I okhttp.OkHttpClient: ratelimit-reset: 824
04-07 08:13:01.689 10035 11631 I okhttp.OkHttpClient: referrer-policy: no-referrer
04-07 08:13:01.689 10035 11631 I okhttp.OkHttpClient: rndr-id: 52a56c4a-b1fd-4af5
04-07 08:13:01.689 10035 11631 I okhttp.OkHttpClient: strict-transport-security: max-age=15552000; includeSubDomains
04-07 08:13:01.689 10035 11631 I okhttp.OkHttpClient: vary: Accept-Encoding
04-07 08:13:01.690 10035 11631 I okhttp.OkHttpClient: vary: Accept-Encoding
04-07 08:13:01.690 10035 11631 I okhttp.OkHttpClient: x-content-type-options: nosniff
04-07 08:13:01.690 10035 11631 I okhttp.OkHttpClient: x-dns-prefetch-control: off
04-07 08:13:01.690 10035 11631 I okhttp.OkHttpClient: x-download-options: noopen
04-07 08:13:01.690 10035 11631 I okhttp.OkHttpClient: x-frame-options: SAMEORIGIN
04-07 08:13:01.690 10035 11631 I okhttp.OkHttpClient: x-permitted-cross-domain-policies: none
04-07 08:13:01.690 10035 11631 I okhttp.OkHttpClient: x-render-origin-server: Render
04-07 08:13:01.690 10035 11631 I okhttp.OkHttpClient: x-xss-protection: 0
04-07 08:13:01.690 10035 11631 I okhttp.OkHttpClient: cf-cache-status: DYNAMIC
04-07 08:13:01.690 10035 11631 I okhttp.OkHttpClient: server: cloudflare
04-07 08:13:01.690 10035 11631 I okhttp.OkHttpClient: cf-ray: 92c62cd27e4d33c6-DEL
04-07 08:13:01.690 10035 11631 I okhttp.OkHttpClient: alt-svc: h3=":443"; ma=86400
04-07 08:13:01.691 10035 11631 I okhttp.OkHttpClient: {"success":false,"message":"App signature is not valid","error":"APP_SIGNATURE_INVALID"}
04-07 08:13:01.691 10035 11631 I okhttp.OkHttpClient: <-- END HTTP (88-byte body)
04-07 08:13:01.691 10035 10035 D TestAdActivity: Click recorded: false
04-07 08:13:01.691 10035 10035 D TestAdActivity: Status updated: Click test: Failed
04-07 08:13:01.694 10035 11631 D ApiClient: API Request: https://eventwish2.onrender.com/api/admob/reward
04-07 08:13:01.694 10035 11631 D ApiClient: API Key: ew_dev_c1c...
04-07 08:13:01.694 10035 11631 D ApiClient: Headers: x-app-signature: test_signature
04-07 08:13:01.694 10035 11631 D ApiClient: Content-Type: application/json
04-07 08:13:01.694 10035 11631 D ApiClient: x-api-key: ew_dev_c1ce47afeff9fa8b7b1aa165562cb915
04-07 08:13:01.694 10035 11631 D ApiClient: x-device-id: 93e81b95f9f2c74a4b0124f784fe34327066c5c0f8a4c51c00a11a68c831b49e
04-07 08:13:01.694 10035 11631 I okhttp.OkHttpClient: --> POST https://eventwish2.onrender.com/api/admob/reward
04-07 08:13:01.694 10035 11631 I okhttp.OkHttpClient: Content-Length: 56
04-07 08:13:01.694 10035 11631 I okhttp.OkHttpClient: x-app-signature: test_signature
04-07 08:13:01.694 10035 11631 I okhttp.OkHttpClient: Content-Type: application/json
04-07 08:13:01.694 10035 11631 I okhttp.OkHttpClient: x-api-key: ew_dev_c1ce47afeff9fa8b7b1aa165562cb915
04-07 08:13:01.694 10035 11631 I okhttp.OkHttpClient: x-device-id: 93e81b95f9f2c74a4b0124f784fe34327066c5c0f8a4c51c00a11a68c831b49e
04-07 08:13:01.694 10035 11631 I okhttp.OkHttpClient: {"adUnitId":"test_ad_unit_id","timestamp":1743993781692}
04-07 08:13:01.694 10035 11631 I okhttp.OkHttpClient: --> END POST (56-byte body)
04-07 08:13:01.699 10035 11567 I gralloc4: @set_metadata: update dataspace from GM (0x00000000 -> 0x08010000)
04-07 08:13:02.171 10035 11631 I okhttp.OkHttpClient: <-- 401 https://eventwish2.onrender.com/api/admob/reward (476ms)
04-07 08:13:02.171 10035 11631 I okhttp.OkHttpClient: date: Mon, 07 Apr 2025 02:43:02 GMT
04-07 08:13:02.171 10035 11631 I okhttp.OkHttpClient: content-type: application/json; charset=utf-8
04-07 08:13:02.172 10035 11631 I okhttp.OkHttpClient: access-control-allow-origin: *
04-07 08:13:02.172 10035 11631 I okhttp.OkHttpClient: content-security-policy: default-src 'self';script-src 'self' 'unsafe-inline' 'unsafe-hashes' https://cdn.jsdelivr.net;script-src-attr 'unsafe-inline';connect-src 'self' https://api.eventwish.com https://eventwish2.onrender.com;style-src 'self' 'unsafe-inline' https://cdn.jsdelivr.net;img-src 'self' data: https://via.placeholder.com;font-src 'self' https://cdn.jsdelivr.net;base-uri 'self';form-action 'self';frame-ancestors 'self';object-src 'none';upgrade-insecure-requests
04-07 08:13:02.172 10035 11631 I okhttp.OkHttpClient: cross-origin-opener-policy: same-origin
04-07 08:13:02.172 10035 11631 I okhttp.OkHttpClient: cross-origin-resource-policy: same-origin
04-07 08:13:02.172 10035 11631 I okhttp.OkHttpClient: etag: W/"58-GGvPw5G3EW+ylh8zJiuQ8GFC7vc"
04-07 08:13:02.172 10035 11631 I okhttp.OkHttpClient: origin-agent-cluster: ?1
04-07 08:13:02.172 10035 11631 I okhttp.OkHttpClient: ratelimit-limit: 100
04-07 08:13:02.172 10035 11631 I okhttp.OkHttpClient: ratelimit-policy: 100;w=900
04-07 08:13:02.172 10035 11631 I okhttp.OkHttpClient: ratelimit-remaining: 94
04-07 08:13:02.172 10035 11631 I okhttp.OkHttpClient: ratelimit-reset: 651
04-07 08:13:02.173 10035 11631 I okhttp.OkHttpClient: referrer-policy: no-referrer
04-07 08:13:02.173 10035 11631 I okhttp.OkHttpClient: rndr-id: 28a14bf7-0ead-4293
04-07 08:13:02.173 10035 11631 I okhttp.OkHttpClient: strict-transport-security: max-age=15552000; includeSubDomains
04-07 08:13:02.173 10035 11631 I okhttp.OkHttpClient: vary: Accept-Encoding
04-07 08:13:02.173 10035 11631 I okhttp.OkHttpClient: vary: Accept-Encoding
04-07 08:13:02.173 10035 11631 I okhttp.OkHttpClient: x-content-type-options: nosniff
04-07 08:13:02.173 10035 11631 I okhttp.OkHttpClient: x-dns-prefetch-control: off
04-07 08:13:02.173 10035 11631 I okhttp.OkHttpClient: x-download-options: noopen
04-07 08:13:02.173 10035 11631 I okhttp.OkHttpClient: x-frame-options: SAMEORIGIN
04-07 08:13:02.173 10035 11631 I okhttp.OkHttpClient: x-permitted-cross-domain-policies: none
04-07 08:13:02.174 10035 11631 I okhttp.OkHttpClient: x-render-origin-server: Render
04-07 08:13:02.174 10035 11631 I okhttp.OkHttpClient: x-xss-protection: 0
04-07 08:13:02.174 10035 11631 I okhttp.OkHttpClient: cf-cache-status: DYNAMIC
04-07 08:13:02.174 10035 11631 I okhttp.OkHttpClient: server: cloudflare
04-07 08:13:02.174 10035 11631 I okhttp.OkHttpClient: cf-ray: 92c62cd52f0033c6-DEL
04-07 08:13:02.174 10035 11631 I okhttp.OkHttpClient: alt-svc: h3=":443"; ma=86400
04-07 08:13:02.175 10035 11631 I okhttp.OkHttpClient: {"success":false,"message":"App signature is not valid","error":"APP_SIGNATURE_INVALID"}
04-07 08:13:02.175 10035 11631 I okhttp.OkHttpClient: <-- END HTTP (88-byte body)
04-07 08:13:02.176 10035 10035 D TestAdActivity: Reward processed: false
04-07 08:13:02.177 10035 10035 D TestAdActivity: Status updated: Reward test: Failed
04-07 08:13:02.182 10035 11631 D ApiClient: API Request: https://eventwish2.onrender.com/api/admob/engagement
04-07 08:13:02.182 10035 11631 D ApiClient: API Key: ew_dev_c1c...
04-07 08:13:02.182 10035 11631 D ApiClient: Headers: x-app-signature: test_signature
04-07 08:13:02.182 10035 11631 D ApiClient: Content-Type: application/json
04-07 08:13:02.182 10035 11631 D ApiClient: x-api-key: ew_dev_c1ce47afeff9fa8b7b1aa165562cb915
04-07 08:13:02.182 10035 11631 D ApiClient: x-device-id: 93e81b95f9f2c74a4b0124f784fe34327066c5c0f8a4c51c00a11a68c831b49e
04-07 08:13:02.182 10035 11631 I okhttp.OkHttpClient: --> POST https://eventwish2.onrender.com/api/admob/engagement
04-07 08:13:02.183 10035 11631 I okhttp.OkHttpClient: Content-Length: 84
04-07 08:13:02.183 10035 11631 I okhttp.OkHttpClient: x-app-signature: test_signature
04-07 08:13:02.183 10035 11631 I okhttp.OkHttpClient: Content-Type: application/json
04-07 08:13:02.183 10035 11631 I okhttp.OkHttpClient: x-api-key: ew_dev_c1ce47afeff9fa8b7b1aa165562cb915
04-07 08:13:02.183 10035 11631 I okhttp.OkHttpClient: x-device-id: 93e81b95f9f2c74a4b0124f784fe34327066c5c0f8a4c51c00a11a68c831b49e
04-07 08:13:02.184 10035 11631 I okhttp.OkHttpClient: {"adUnitId":"test_ad_unit_id","type":"view","duration":30,"timestamp":1743993782177}
04-07 08:13:02.184 10035 11631 I okhttp.OkHttpClient: --> END POST (84-byte body)
04-07 08:13:02.202 10035 11567 I gralloc4: @set_metadata: update dataspace from GM (0x00000000 -> 0x08010000)
04-07 08:13:02.649 10035 11631 I okhttp.OkHttpClient: <-- 401 https://eventwish2.onrender.com/api/admob/engagement (464ms)
04-07 08:13:02.649 10035 11631 I okhttp.OkHttpClient: date: Mon, 07 Apr 2025 02:43:03 GMT
04-07 08:13:02.649 10035 11631 I okhttp.OkHttpClient: content-type: application/json; charset=utf-8
04-07 08:13:02.649 10035 11631 I okhttp.OkHttpClient: access-control-allow-origin: *
04-07 08:13:02.649 10035 11631 I okhttp.OkHttpClient: content-security-policy: default-src 'self';script-src 'self' 'unsafe-inline' 'unsafe-hashes' https://cdn.jsdelivr.net;script-src-attr 'unsafe-inline';connect-src 'self' https://api.eventwish.com https://eventwish2.onrender.com;style-src 'self' 'unsafe-inline' https://cdn.jsdelivr.net;img-src 'self' data: https://via.placeholder.com;font-src 'self' https://cdn.jsdelivr.net;base-uri 'self';form-action 'self';frame-ancestors 'self';object-src 'none';upgrade-insecure-requests
04-07 08:13:02.649 10035 11631 I okhttp.OkHttpClient: cross-origin-opener-policy: same-origin
04-07 08:13:02.649 10035 11631 I okhttp.OkHttpClient: cross-origin-resource-policy: same-origin
04-07 08:13:02.649 10035 11631 I okhttp.OkHttpClient: etag: W/"58-GGvPw5G3EW+ylh8zJiuQ8GFC7vc"
04-07 08:13:02.649 10035 11631 I okhttp.OkHttpClient: origin-agent-cluster: ?1
04-07 08:13:02.649 10035 11631 I okhttp.OkHttpClient: ratelimit-limit: 100
04-07 08:13:02.649 10035 11631 I okhttp.OkHttpClient: ratelimit-policy: 100;w=900
04-07 08:13:02.649 10035 11631 I okhttp.OkHttpClient: ratelimit-remaining: 81
04-07 08:13:02.649 10035 11631 I okhttp.OkHttpClient: ratelimit-reset: 823
04-07 08:13:02.649 10035 11631 I okhttp.OkHttpClient: referrer-policy: no-referrer
04-07 08:13:02.650 10035 11631 I okhttp.OkHttpClient: rndr-id: 2c90cee7-d7c5-4bbf
04-07 08:13:02.650 10035 11631 I okhttp.OkHttpClient: strict-transport-security: max-age=15552000; includeSubDomains
04-07 08:13:02.650 10035 11631 I okhttp.OkHttpClient: vary: Accept-Encoding
04-07 08:13:02.650 10035 11631 I okhttp.OkHttpClient: vary: Accept-Encoding
04-07 08:13:02.650 10035 11631 I okhttp.OkHttpClient: x-content-type-options: nosniff
04-07 08:13:02.650 10035 11631 I okhttp.OkHttpClient: x-dns-prefetch-control: off
04-07 08:13:02.650 10035 11631 I okhttp.OkHttpClient: x-download-options: noopen
04-07 08:13:02.650 10035 11631 I okhttp.OkHttpClient: x-frame-options: SAMEORIGIN
04-07 08:13:02.650 10035 11631 I okhttp.OkHttpClient: x-permitted-cross-domain-policies: none
04-07 08:13:02.650 10035 11631 I okhttp.OkHttpClient: x-render-origin-server: Render
04-07 08:13:02.650 10035 11631 I okhttp.OkHttpClient: x-xss-protection: 0
04-07 08:13:02.650 10035 11631 I okhttp.OkHttpClient: cf-cache-status: DYNAMIC
04-07 08:13:02.650 10035 11631 I okhttp.OkHttpClient: server: cloudflare
04-07 08:13:02.650 10035 11631 I okhttp.OkHttpClient: cf-ray: 92c62cd84fe833c6-DEL
04-07 08:13:02.650 10035 11631 I okhttp.OkHttpClient: alt-svc: h3=":443"; ma=86400
04-07 08:13:02.651 10035 11631 I okhttp.OkHttpClient: {"success":false,"message":"App signature is not valid","error":"APP_SIGNATURE_INVALID"}
04-07 08:13:02.651 10035 11631 I okhttp.OkHttpClient: <-- END HTTP (88-byte body)
04-07 08:13:02.652 10035 10035 D TestAdActivity: Engagement tracked: false
04-07 08:13:02.653 10035 10035 D TestAdActivity: Status updated: Engagement test: Failed
04-07 08:13:02.653 10035 10035 D TestAdActivity: Status updated: Backend API tests completed
04-07 08:13:02.653 10035 10035 D TestAdActivity: See logs for details
04-07 08:13:02.668 10035 11567 I gralloc4: @set_metadata: update dataspace from GM (0x00000000 -> 0x08010000)
04-07 08:13:02.694 10035 11567 I gralloc4: @set_metadata: update dataspace from GM (0x00000000 -> 0x08010000)
04-07 08:13:04.626 10035 10035 D AdMobRepository: Throttling request, too soon since last request
04-07 08:13:07.207  1760  1819 W BatteryStatsService: Unknown sensor handle 0 received in noteWakeupSensorEvent
04-07 08:13:12.216 10035 10035 D EventWishApplication: Activity paused: TestAdActivity
04-07 08:13:12.217 10035 10035 D TestAdActivity: Activity lifecycle: onPause()
04-07 08:13:12.393 10035 10035 D TestAdActivity: Memory at onPause: Private=70.73 MB, Shared=23204KB, PSS=95.48 MB
04-07 08:13:12.401 25867 25925 W SQLiteLog: (28) double-quoted string literal: "en"
04-07 08:13:12.403 25867 25925 W SQLiteLog: (28) double-quoted string literal: "en"
04-07 08:13:12.417 10035 10035 D EventWishApplication: App went to background
04-07 08:13:12.418 10035 10035 D TestAdActivity: Activity lifecycle: onStop()
04-07 08:13:12.436 10035 11567 D BLASTBufferQueue: [VRI[TestAdActivity]#0](f:0,a:1) destructor()
04-07 08:13:12.437 10035 11567 D BufferQueueConsumer: [VRI[TestAdActivity]#0(BLAST Consumer)0](id:273300000000,api:0,p:-1,c:10035) disconnect
04-07 08:13:12.518 25867 25876 I m.vivo.magazine: Background concurrent copying GC freed 4506KB AllocSpace bytes, 44(1200KB) LOS objects, 52% free, 5557KB/11MB, paused 258us,38us total 137.089ms
04-07 08:13:12.518 25867 25876 W m.vivo.magazine: Reducing the number of considered missed Gc histogram windows from 490 to 100
04-07 08:13:12.640  1760  2281 D BatteryStatsService: notePemString  noteWhich: 49,arg1: 1080, arg2: 2408, arg3: 6063, arg4: 512, name: com.android.systemui
04-07 08:13:12.644  1760  3409 D BatteryStatsService: notePemString  noteWhich: 49,arg1: 1080, arg2: 2408, arg3: 6063, arg4: 320, name: com.android.systemui
04-07 08:13:12.703  1760  3697 D BatteryStatsService: notePemString  noteWhich: 49,arg1: 1080, arg2: 2408, arg3: 6063, arg4: 512, name: com.android.systemui
04-07 08:13:12.705  1760  3697 D BatteryStatsService: notePemString  noteWhich: 49,arg1: 1080, arg2: 2408, arg3: 6063, arg4: 320, name: com.android.systemui
04-07 08:13:12.733  1760  3697 D BatteryStatsService: notePemString  noteWhich: 49,arg1: 1080, arg2: 2408, arg3: 6063, arg4: 512, name: com.android.systemui
04-07 08:13:12.797 25867 25925 W SQLiteLog: (28) double-quoted string literal: "en"
04-07 08:13:12.799 25867 25925 W SQLiteLog: (28) double-quoted string literal: "en"
04-07 08:13:12.916 25867 25925 W SQLiteLog: (28) double-quoted string literal: "en"
04-07 08:13:12.918 25867 25925 W SQLiteLog: (28) double-quoted string literal: "en"
04-07 08:13:37.000  4478  5316 I PlayCommon: [165438] axox.j(213): Preparing logs for uploading
04-07 08:13:37.013  4478  5316 W PlayCommon: [165438] axox.l(11): No account for auth token provided
04-07 08:13:37.017  4478  5316 I PlayCommon: [165438] axox.j(1854): Connecting to server: https://play.googleapis.com/play/log?format=raw&proto_v2=true
04-07 08:13:37.064  4478  5316 D TrafficStats: tagSocket(174) with statsTag=0x6900, statsUid=-1
04-07 08:13:37.351  4478  5316 I PlayCommon: [165438] axox.j(2104): Successfully uploaded logs.
04-07 08:13:51.874 11870 11870 I oadcastreceiver: Using CollectorTypeCC GC.
04-07 08:13:51.886 11870 11870 E oadcastreceiver: Not starting debugger since process cannot load the jdwp agent.
04-07 08:13:51.896 11870 11870 D nativeloader: Load libframework-connectivity-tiramisu-jni.so using APEX ns com_android_tethering for caller /apex/com.android.tethering/javalib/framework-connectivity-t.jar: ok
04-07 08:13:51.919  1760  3409 W BatteryStatsService: Unknown sensor handle 0 received in noteWakeupSensorEvent
04-07 08:13:51.944 11870 11870 D CompatibilityChangeReporter: Compat change id reported: 171979766; UID 10206; state: ENABLED
04-07 08:13:51.945 11870 11870 D CompatibilityChangeReporter: Compat change id reported: 242716250; UID 10206; state: ENABLED
04-07 08:13:51.992 11870 11870 D nativeloader: Configuring clns-shared-4 for other apk /apex/com.android.cellbroadcast/priv-app/GoogleCellBroadcastApp@350820860/GoogleCellBroadcastApp.apk. target_sdk_version=35, uses_libraries=, library_path=/apex/com.android.cellbroadcast/priv-app/GoogleCellBroadcastApp@350820860/lib/arm64:/system/lib64:/system_ext/lib64, permitted_path=/data:/mnt/expand:/data/user_de/0/com.google.android.cellbroadcastreceiver:/apex/com.android.cellbroadcast/priv-app/GoogleCellBroadcastApp@350820860:/system/lib64:/system_ext/lib64
04-07 08:13:51.996 11870 11870 D nativeloader: InitApexLibraries:
04-07 08:13:51.996 11870 11870 D nativeloader:   com_android_adservices: libhpke_jni.so:libtflite_support_classifiers_native.so
04-07 08:13:51.996 11870 11870 D nativeloader:   com_android_appsearch: libicing.so
04-07 08:13:51.996 11870 11870 D nativeloader:   com_android_art: libartservice.so
04-07 08:13:51.996 11870 11870 D nativeloader:   com_android_conscrypt: libjavacrypto.so
04-07 08:13:51.996 11870 11870 D nativeloader:   com_android_mediaprovider: libpdfclient.so
04-07 08:13:51.996 11870 11870 D nativeloader:   com_android_ondevicepersonalization: libfcp_cpp_dep_jni.so:libfcp_hpke_jni.so
04-07 08:13:51.996 11870 11870 D nativeloader:   com_android_os_statsd: libstats_jni.so
04-07 08:13:51.996 11870 11870 D nativeloader:   com_android_tethering: libandroid_net_connectivity_com_android_net_module_util_jni.so:libcrypto.so:libframework-connectivity-jni.so:libframework-connectivity-tiramisu-jni.so:libmainlinecronet.121.0.6167.71.so:libservice-connectivity.so:libservice-thread-jni.so:libssl.so
04-07 08:13:51.996 11870 11870 D nativeloader:   com_android_uwb: libuwb_uci_jni_rust.so
04-07 08:13:51.996 11870 11870 D nativeloader:   com_android_virt: libvirtualizationservice_jni.so:libvirtualmachine_jni.so
04-07 08:13:51.996 11870 11870 D nativeloader:   com_android_wifi: libvivowifi-service.so
04-07 08:13:52.083 11870 11870 D nativeloader: Load libframework-connectivity-jni.so using APEX ns com_android_tethering for caller /apex/com.android.tethering/javalib/framework-connectivity.jar: ok
04-07 08:13:52.093 11870 11870 V GraphicsEnvironment: Currently set values for:
04-07 08:13:52.093 11870 11870 V GraphicsEnvironment:   angle_gl_driver_selection_pkgs=[]
04-07 08:13:52.093 11870 11870 V GraphicsEnvironment:   angle_gl_driver_selection_values=[]
04-07 08:13:52.095 11870 11870 V GraphicsEnvironment: ANGLE GameManagerService for com.google.android.cellbroadcastreceiver: false
04-07 08:13:52.095 11870 11870 V GraphicsEnvironment: com.google.android.cellbroadcastreceiver is not listed in per-application setting
04-07 08:13:52.095 11870 11870 V GraphicsEnvironment: Neither updatable production driver nor prerelease driver is supported.
04-07 08:13:52.119 11870 11870 D CellBroadcastReceiver: onReceive Intent { act=android.intent.action.SERVICE_STATE flg=0x1000010 cmp=com.google.android.cellbroadcastreceiver/com.android.cellbroadcastreceiver.CellBroadcastReceiver (has extras) }
04-07 08:13:52.127 11870 11870 D CellBroadcastReceiver: onServiceStateChanged, ss: 0
04-07 08:13:52.129 11870 11870 D CellBroadcastReceiver: networkOperator: 405870
04-07 08:13:52.134 11870 11870 D CellBroadcastReceiver: update supported roaming operator as 
04-07 08:13:52.140 11870 11870 D CellBroadcastReceiver: onReceive Intent { act=android.intent.action.SERVICE_STATE flg=0x1000010 cmp=com.google.android.cellbroadcastreceiver/com.android.cellbroadcastreceiver.CellBroadcastReceiver (has extras) }
04-07 08:13:52.141 11870 11870 D CellBroadcastReceiver: onServiceStateChanged, ss: 0
04-07 08:13:52.142 11870 11870 D CellBroadcastReceiver: networkOperator: 405870
04-07 08:13:52.142 11870 11870 D CellBroadcastReceiver: update supported roaming operator as 
04-07 08:13:54.061 11870 11870 D CellBroadcastReceiver: onReceive Intent { act=android.intent.action.SERVICE_STATE flg=0x1000010 cmp=com.google.android.cellbroadcastreceiver/com.android.cellbroadcastreceiver.CellBroadcastReceiver (has extras) }
04-07 08:13:54.062 11870 11870 D CellBroadcastReceiver: onServiceStateChanged, ss: 0
04-07 08:13:54.063 11870 11870 D CellBroadcastReceiver: networkOperator: 405870
04-07 08:13:54.064 11870 11870 D CellBroadcastReceiver: update supported roaming operator as 
04-07 08:14:01.540 11870 11870 D CellBroadcastReceiver: onReceive Intent { act=android.intent.action.SERVICE_STATE flg=0x1000010 cmp=com.google.android.cellbroadcastreceiver/com.android.cellbroadcastreceiver.CellBroadcastReceiver (has extras) }
04-07 08:14:01.541 11870 11870 D CellBroadcastReceiver: onServiceStateChanged, ss: 0
04-07 08:14:01.541 11870 11870 D CellBroadcastReceiver: networkOperator: 405870
04-07 08:14:01.542 11870 11870 D CellBroadcastReceiver: update supported roaming operator as 
04-07 08:14:03.704 11870 11870 D CellBroadcastReceiver: onReceive Intent { act=android.intent.action.SERVICE_STATE flg=0x1000010 cmp=com.google.android.cellbroadcastreceiver/com.android.cellbroadcastreceiver.CellBroadcastReceiver (has extras) }
04-07 08:14:03.707 11870 11870 D CellBroadcastReceiver: onServiceStateChanged, ss: 0
04-07 08:14:03.707 11870 11870 D CellBroadcastReceiver: networkOperator: 405870
04-07 08:14:03.708 11870 11870 D CellBroadcastReceiver: update supported roaming operator as 
04-07 08:14:05.926  1760  6925 W BatteryStatsService: Unknown sensor handle 0 received in noteWakeupSensorEvent
04-07 08:14:06.148 11610 11610 I zygote  : usapPoolSocket.accept() end:null,getFileDescriptor():java.io.FileDescriptor@50fb8b1,fd:27
04-07 08:14:06.198 11610 11610 I id.smsorganizer: Using CollectorTypeCC GC.
04-07 08:14:06.207 11610 11610 E id.smsorganizer: Not starting debugger since process cannot load the jdwp agent.
04-07 08:14:06.216 11610 11610 D nativeloader: Load libframework-connectivity-tiramisu-jni.so using APEX ns com_android_tethering for caller /apex/com.android.tethering/javalib/framework-connectivity-t.jar: ok
04-07 08:14:06.257 11610 11610 D CompatibilityChangeReporter: Compat change id reported: 171979766; UID 10062; state: ENABLED
04-07 08:14:06.258 11610 11610 D CompatibilityChangeReporter: Compat change id reported: 242716250; UID 10062; state: ENABLED
04-07 08:14:06.313 11610 11610 D nativeloader: Configuring clns-4 for other apk /data/app/~~eW2b0J59xB7aWgXjv1iVag==/com.microsoft.android.smsorganizer-fOAzGQkx3hhbxlYtE96wGg==/base.apk. target_sdk_version=34, uses_libraries=, library_path=/data/app/~~eW2b0J59xB7aWgXjv1iVag==/com.microsoft.android.smsorganizer-fOAzGQkx3hhbxlYtE96wGg==/lib/arm64:/data/app/~~eW2b0J59xB7aWgXjv1iVag==/com.microsoft.android.smsorganizer-fOAzGQkx3hhbxlYtE96wGg==/base.apk!/lib/arm64-v8a, permitted_path=/data:/mnt/expand:/data/user/0/com.microsoft.android.smsorganizer
04-07 08:14:06.336 11610 11610 D nativeloader: Load libframework-connectivity-jni.so using APEX ns com_android_tethering for caller /apex/com.android.tethering/javalib/framework-connectivity.jar: ok
04-07 08:14:06.342 11610 11610 V GraphicsEnvironment: Currently set values for:
04-07 08:14:06.343 11610 11610 V GraphicsEnvironment:   angle_gl_driver_selection_pkgs=[]
04-07 08:14:06.343 11610 11610 V GraphicsEnvironment:   angle_gl_driver_selection_values=[]
04-07 08:14:06.344 11610 11610 V GraphicsEnvironment: ANGLE GameManagerService for com.microsoft.android.smsorganizer: false
04-07 08:14:06.344 11610 11610 V GraphicsEnvironment: com.microsoft.android.smsorganizer is not listed in per-application setting
04-07 08:14:06.345 11610 11610 V GraphicsEnvironment: Neither updatable production driver nor prerelease driver is supported.
04-07 08:14:06.353 11610 11610 I MultiDex: VM with version 2.1.0 has multidex support
04-07 08:14:06.353 11610 11610 I MultiDex: Installing application
04-07 08:14:06.354 11610 11610 I MultiDex: VM has multidex support, MultiDex support library is disabled.
04-07 08:14:06.371 11610 11610 D FirebaseApp: com.google.firebase.auth.FirebaseAuth is not linked. Skipping initialization.
04-07 08:14:06.371 11610 11610 D FirebaseApp: com.google.firebase.crash.FirebaseCrash is not linked. Skipping initialization.
04-07 08:14:06.371 11610 11610 I FirebaseInitProvider: FirebaseApp initialization successful
04-07 08:14:06.386 11610 11610 D WM-WrkMgrInitializer: Initializing WorkManager with default configuration.
04-07 08:14:06.392 11610 11610 I PERF    : Started SMSOrganizerApplication
04-07 08:14:06.409 11610 12004 D CompatibilityChangeReporter: Compat change id reported: 160794467; UID 10062; state: ENABLED
04-07 08:14:06.410 11610 12007 E com.microsoft.android.smsorganizer.L0: Logger is not initialized
04-07 08:14:06.421 11610 11610 I PERF    : Ended SMSOrganizerApplication took 29 milliseconds
04-07 08:14:06.427 11610 11610 I M-ProMotion: M-ProMotion is disabled
04-07 08:14:06.429 11610 12001 I FA      : App measurement is starting up, version: 14710
04-07 08:14:06.429 11610 12001 I FA      : To enable debug logging run: adb shell setprop log.tag.FA VERBOSE
04-07 08:14:06.430 11610 12001 I FA      : To enable faster debug mode event logging run:
04-07 08:14:06.430 11610 12001 I FA      :   adb shell setprop debug.firebase.analytics.app com.microsoft.android.smsorganizer
04-07 08:14:06.431 11610 11610 D CompatibilityChangeReporter: Compat change id reported: 247079863; UID 10062; state: ENABLED
04-07 08:14:06.454 11610 12005 D CompatibilityChangeReporter: Compat change id reported: 183155436; UID 10062; state: ENABLED
04-07 08:14:06.460 11610 11610 D nativeloader: Load /data/app/~~eW2b0J59xB7aWgXjv1iVag==/com.microsoft.android.smsorganizer-fOAzGQkx3hhbxlYtE96wGg==/lib/arm64/libsmstee.so using ns clns-4 from class loader (caller=/data/app/~~eW2b0J59xB7aWgXjv1iVag==/com.microsoft.android.smsorganizer-fOAzGQkx3hhbxlYtE96wGg==/base.apk!classes2.dex): ok
04-07 08:14:06.475 11610 12022 D CompatibilityChangeReporter: Compat change id reported: 263076149; UID 10062; state: ENABLED
04-07 08:14:07.580 11610 11610 I Choreographer: Skipped 70 frames!  The application may be doing too much work on its main thread.
04-07 08:14:07.631 11610 12038 D TrafficStats: tagSocket(119) with statsTag=0xffffffff, statsUid=-1
04-07 08:14:08.327 11610 12035 D CompatibilityChangeReporter: Compat change id reported: 303742236; UID 10062; state: DISABLED
04-07 08:14:08.520 11444 11444 I zygote  : usapPoolSocket.accept() end:null,getFileDescriptor():java.io.FileDescriptor@1eff58,fd:27
04-07 08:14:08.542 11444 11444 I com.truecaller: Using CollectorTypeCC GC.
04-07 08:14:08.547 11444 11444 E com.truecaller: Not starting debugger since process cannot load the jdwp agent.
04-07 08:14:08.553 11444 11444 D nativeloader: Load libframework-connectivity-tiramisu-jni.so using APEX ns com_android_tethering for caller /apex/com.android.tethering/javalib/framework-connectivity-t.jar: ok
04-07 08:14:08.597 11444 11444 D CompatibilityChangeReporter: Compat change id reported: 171979766; UID 10228; state: ENABLED
04-07 08:14:08.597 11444 11444 D CompatibilityChangeReporter: Compat change id reported: 242716250; UID 10228; state: ENABLED
04-07 08:14:08.630 11610 12074 D TrafficStats: tagSocket(122) with statsTag=0xffffffff, statsUid=-1
04-07 08:14:08.634 11444 11444 D nativeloader: Configuring clns-4 for other apk /system/framework/org.apache.http.legacy.jar. target_sdk_version=35, uses_libraries=ALL, library_path=/data/app/~~g9-fwdg3hpEK2hkA93RtwQ==/com.truecaller-GGNt9pt5_8Grcf9WlUQkXg==/lib/arm64:/data/app/~~g9-fwdg3hpEK2hkA93RtwQ==/com.truecaller-GGNt9pt5_8Grcf9WlUQkXg==/base.apk!/lib/arm64-v8a:/data/app/~~g9-fwdg3hpEK2hkA93RtwQ==/com.truecaller-GGNt9pt5_8Grcf9WlUQkXg==/split_callhero_assistant.apk!/lib/arm64-v8a:/data/app/~~g9-fwdg3hpEK2hkA93RtwQ==/com.truecaller-GGNt9pt5_8Grcf9WlUQkXg==/split_callhero_assistant.config.xxhdpi.apk!/lib/arm64-v8a:/data/app/~~g9-fwdg3hpEK2hkA93RtwQ==/com.truecaller-GGNt9pt5_8Grcf9WlUQkXg==/split_config.arm64_v8a.apk!/lib/arm64-v8a:/data/app/~~g9-fwdg3hpEK2hkA93RtwQ==/com.truecaller-GGNt9pt5_8Grcf9WlUQkXg==/split_config.xxhdpi.apk!/lib/arm64-v8a:/data/app/~~g9-fwdg3hpEK2hkA93RtwQ==/com.truecaller-GGNt9pt5_8Grcf9WlUQkXg==/split_insights_category_model.apk!/lib/arm64-v8a:/data/app/~~g9-fwdg3hpEK2hkA93RtwQ==/com.truecaller-GGNt9pt5_8Grcf9WlUQkXg==/split_
04-07 08:14:08.634 11444 11444 D nativeloader: Extending system_exposed_libraries: libapuwareapusys.mtk.so:libapuwareapusys_v2.mtk.so:libapuwarexrp.mtk.so:libapuwarexrp_v2.mtk.so:libapuwareutils.mtk.so:libapuwareutils_v2.mtk.so:libapuwarehmp.mtk.so:libmcv_runtime_usdk.mtk.so:libneuron_graph_delegate.mtk.so:libneuronusdk_adapter.mtk.so:libtflite_mtk.mtk.so:libarmnn_ndk.mtk.so:libcmdl_ndk.mtk.so:libnir_neon_driver_ndk.mtk.so:libmvpu_runtime.mtk.so:libmvpu_runtime_pub.mtk.so:libmvpu_engine_pub.mtk.so:libmvpu_pattern_pub.mtk.so:libmvpuop_mtk_cv.mtk.so:libmvpuop_mtk_nn.mtk.so:libmvpu_runtime_25.mtk.so:libmvpu_runtime_25_pub.mtk.so:libmvpu_engine_25_pub.mtk.so:libmvpu_pattern_25_pub.mtk.so:libmvpuop25_mtk_cv.mtk.so:libmvpuop25_mtk_nn.mtk.so:libmvpu_config.mtk.so:libteeservice_client.trustonic.so
04-07 08:14:08.834 25867  4390 D TrafficStats: tagSocket(137) with statsTag=0xffffffff, statsUid=-1
04-07 08:14:08.891 11444 11444 W ziparchive: Unable to open '/data/app/~~g9-fwdg3hpEK2hkA93RtwQ==/com.truecaller-GGNt9pt5_8Grcf9WlUQkXg==/split_callhero_assistant.config.xxhdpi.dm': No such file or directory
04-07 08:14:08.891 11444 11444 W ziparchive: Unable to open '/data/app/~~g9-fwdg3hpEK2hkA93RtwQ==/com.truecaller-GGNt9pt5_8Grcf9WlUQkXg==/split_callhero_assistant.config.xxhdpi.dm': No such file or directory
04-07 08:14:08.892 11444 11444 W com.truecaller: Entry not found
04-07 08:14:08.893 11444 11444 W ziparchive: Unable to open '/data/app/~~g9-fwdg3hpEK2hkA93RtwQ==/com.truecaller-GGNt9pt5_8Grcf9WlUQkXg==/split_config.arm64_v8a.dm': No such file or directory
04-07 08:14:08.893 11444 11444 W ziparchive: Unable to open '/data/app/~~g9-fwdg3hpEK2hkA93RtwQ==/com.truecaller-GGNt9pt5_8Grcf9WlUQkXg==/split_config.arm64_v8a.dm': No such file or directory
04-07 08:14:08.893 11444 11444 W com.truecaller: Entry not found
04-07 08:14:08.894 11444 11444 W ziparchive: Unable to open '/data/app/~~g9-fwdg3hpEK2hkA93RtwQ==/com.truecaller-GGNt9pt5_8Grcf9WlUQkXg==/split_config.xxhdpi.dm': No such file or directory
04-07 08:14:08.894 11444 11444 W ziparchive: Unable to open '/data/app/~~g9-fwdg3hpEK2hkA93RtwQ==/com.truecaller-GGNt9pt5_8Grcf9WlUQkXg==/split_config.xxhdpi.dm': No such file or directory
04-07 08:14:08.895 11444 11444 W com.truecaller: Entry not found
04-07 08:14:08.899 11444 11444 W ziparchive: Unable to open '/data/app/~~g9-fwdg3hpEK2hkA93RtwQ==/com.truecaller-GGNt9pt5_8Grcf9WlUQkXg==/split_insights_category_model.config.arm64_v8a.dm': No such file or directory
04-07 08:14:08.899 11444 11444 W ziparchive: Unable to open '/data/app/~~g9-fwdg3hpEK2hkA93RtwQ==/com.truecaller-GGNt9pt5_8Grcf9WlUQkXg==/split_insights_category_model.config.arm64_v8a.dm': No such file or directory
04-07 08:14:08.900 11444 11444 W com.truecaller: Entry not found
04-07 08:14:08.901 11444 11444 D nativeloader: Configuring clns-5 for other apk /data/app/~~g9-fwdg3hpEK2hkA93RtwQ==/com.truecaller-GGNt9pt5_8Grcf9WlUQkXg==/base.apk:/data/app/~~g9-fwdg3hpEK2hkA93RtwQ==/com.truecaller-GGNt9pt5_8Grcf9WlUQkXg==/split_callhero_assistant.apk:/data/app/~~g9-fwdg3hpEK2hkA93RtwQ==/com.truecaller-GGNt9pt5_8Grcf9WlUQkXg==/split_callhero_assistant.config.xxhdpi.apk:/data/app/~~g9-fwdg3hpEK2hkA93RtwQ==/com.truecaller-GGNt9pt5_8Grcf9WlUQkXg==/split_config.arm64_v8a.apk:/data/app/~~g9-fwdg3hpEK2hkA93RtwQ==/com.truecaller-GGNt9pt5_8Grcf9WlUQkXg==/split_config.xxhdpi.apk:/data/app/~~g9-fwdg3hpEK2hkA93RtwQ==/com.truecaller-GGNt9pt5_8Grcf9WlUQkXg==/split_insights_category_model.apk:/data/app/~~g9-fwdg3hpEK2hkA93RtwQ==/com.truecaller-GGNt9pt5_8Grcf9WlUQkXg==/split_insights_category_model.config.arm64_v8a.apk. target_sdk_version=35, uses_libraries=, library_path=/data/app/~~g9-fwdg3hpEK2hkA93RtwQ==/com.truecaller-GGNt9pt5_8Grcf9WlUQkXg==/lib/arm64:/data/app/~~g9-fwdg3hpEK2hkA93RtwQ==/com.truecaller-GGNt9pt5_8Grcf9WlUQkXg==/base.apk!/lib/ar
04-07 08:14:08.922 11444 11444 D nativeloader: Load libframework-connectivity-jni.so using APEX ns com_android_tethering for caller /apex/com.android.tethering/javalib/framework-connectivity.jar: ok
04-07 08:14:08.925 11444 11444 V GraphicsEnvironment: Currently set values for:
04-07 08:14:08.926 11444 11444 V GraphicsEnvironment:   angle_gl_driver_selection_pkgs=[]
04-07 08:14:08.926 11444 11444 V GraphicsEnvironment:   angle_gl_driver_selection_values=[]
04-07 08:14:08.926 11444 11444 V GraphicsEnvironment: ANGLE GameManagerService for com.truecaller: false
04-07 08:14:08.927 11444 11444 V GraphicsEnvironment: com.truecaller is not listed in per-application setting
04-07 08:14:08.927 11444 11444 V GraphicsEnvironment: Neither updatable production driver nor prerelease driver is supported.
04-07 08:14:08.934 11444 11444 I LoadedApk: No resource references to update in package com.truecaller.callhero_assistant
04-07 08:14:08.939 11444 11444 D CompatibilityChangeReporter: Compat change id reported: 247079863; UID 10228; state: ENABLED
04-07 08:14:08.973 11444 12105 D nativeloader: Configuring clns-6 for other apk /system/framework/com.android.media.remotedisplay.jar. target_sdk_version=36, uses_libraries=ALL, library_path=/data/app/~~ZqRfktEg5KspZaOA4wzefg==/com.google.android.gms-VIHbe4Dw8G-x2qbjbfo_lg==/lib/arm64:/data/app/~~ZqRfktEg5KspZaOA4wzefg==/com.google.android.gms-VIHbe4Dw8G-x2qbjbfo_lg==/base.apk!/lib/arm64-v8a, permitted_path=/data:/mnt/expand:/data/user/0/com.google.android.gms
04-07 08:14:08.973 11444 12105 D nativeloader: Extending system_exposed_libraries: libapuwareapusys.mtk.so:libapuwareapusys_v2.mtk.so:libapuwarexrp.mtk.so:libapuwarexrp_v2.mtk.so:libapuwareutils.mtk.so:libapuwareutils_v2.mtk.so:libapuwarehmp.mtk.so:libmcv_runtime_usdk.mtk.so:libneuron_graph_delegate.mtk.so:libneuronusdk_adapter.mtk.so:libtflite_mtk.mtk.so:libarmnn_ndk.mtk.so:libcmdl_ndk.mtk.so:libnir_neon_driver_ndk.mtk.so:libmvpu_runtime.mtk.so:libmvpu_runtime_pub.mtk.so:libmvpu_engine_pub.mtk.so:libmvpu_pattern_pub.mtk.so:libmvpuop_mtk_cv.mtk.so:libmvpuop_mtk_nn.mtk.so:libmvpu_runtime_25.mtk.so:libmvpu_runtime_25_pub.mtk.so:libmvpu_engine_25_pub.mtk.so:libmvpu_pattern_25_pub.mtk.so:libmvpuop25_mtk_cv.mtk.so:libmvpuop25_mtk_nn.mtk.so:libmvpu_config.mtk.so:libteeservice_client.trustonic.so
04-07 08:14:08.978 11444 12105 D nativeloader: Configuring clns-7 for other apk /system/framework/com.android.location.provider.jar. target_sdk_version=36, uses_libraries=ALL, library_path=/data/app/~~ZqRfktEg5KspZaOA4wzefg==/com.google.android.gms-VIHbe4Dw8G-x2qbjbfo_lg==/lib/arm64:/data/app/~~ZqRfktEg5KspZaOA4wzefg==/com.google.android.gms-VIHbe4Dw8G-x2qbjbfo_lg==/base.apk!/lib/arm64-v8a, permitted_path=/data:/mnt/expand:/data/user/0/com.google.android.gms
04-07 08:14:08.978 11444 12105 D nativeloader: Extending system_exposed_libraries: libapuwareapusys.mtk.so:libapuwareapusys_v2.mtk.so:libapuwarexrp.mtk.so:libapuwarexrp_v2.mtk.so:libapuwareutils.mtk.so:libapuwareutils_v2.mtk.so:libapuwarehmp.mtk.so:libmcv_runtime_usdk.mtk.so:libneuron_graph_delegate.mtk.so:libneuronusdk_adapter.mtk.so:libtflite_mtk.mtk.so:libarmnn_ndk.mtk.so:libcmdl_ndk.mtk.so:libnir_neon_driver_ndk.mtk.so:libmvpu_runtime.mtk.so:libmvpu_runtime_pub.mtk.so:libmvpu_engine_pub.mtk.so:libmvpu_pattern_pub.mtk.so:libmvpuop_mtk_cv.mtk.so:libmvpuop_mtk_nn.mtk.so:libmvpu_runtime_25.mtk.so:libmvpu_runtime_25_pub.mtk.so:libmvpu_engine_25_pub.mtk.so:libmvpu_pattern_25_pub.mtk.so:libmvpuop25_mtk_cv.mtk.so:libmvpuop25_mtk_nn.mtk.so:libmvpu_config.mtk.so:libteeservice_client.trustonic.so
04-07 08:14:08.997 11444 12105 D nativeloader: Configuring clns-8 for other apk /data/app/~~ZqRfktEg5KspZaOA4wzefg==/com.google.android.gms-VIHbe4Dw8G-x2qbjbfo_lg==/base.apk. target_sdk_version=36, uses_libraries=, library_path=/data/app/~~ZqRfktEg5KspZaOA4wzefg==/com.google.android.gms-VIHbe4Dw8G-x2qbjbfo_lg==/lib/arm64:/data/app/~~ZqRfktEg5KspZaOA4wzefg==/com.google.android.gms-VIHbe4Dw8G-x2qbjbfo_lg==/base.apk!/lib/arm64-v8a, permitted_path=/data:/mnt/expand:/data/user/0/com.google.android.gms
04-07 08:14:09.038 11444 12105 W com.truecaller: ClassLoaderContext classpath size mismatch. expected=1, found=0 (DLC[];PCL[base.apk*2130223291]{PCL[/system/framework/org.apache.http.legacy.jar*1157712065]#PCL[/system/framework/com.android.media.remotedisplay.jar*2114713712]#PCL[/system/framework/com.android.location.provider.jar*3994156537]#PCL[/system/framework/org.apache.http.legacy.jar*1157712065]} | DLC[];PCL[])
04-07 08:14:09.066 11444 12110 D CompatibilityChangeReporter: Compat change id reported: 183155436; UID 10228; state: ENABLED
04-07 08:14:09.068 11444 12112 W System  : ClassLoader referenced unknown path: 
04-07 08:14:09.069 11444 12106 D CompatibilityChangeReporter: Compat change id reported: 160794467; UID 10228; state: ENABLED
04-07 08:14:09.070 11444 12112 D nativeloader: Configuring clns-9 for other apk . target_sdk_version=36, uses_libraries=, library_path=/data/app/~~ZqRfktEg5KspZaOA4wzefg==/com.google.android.gms-VIHbe4Dw8G-x2qbjbfo_lg==/lib/arm64:/data/app/~~ZqRfktEg5KspZaOA4wzefg==/com.google.android.gms-VIHbe4Dw8G-x2qbjbfo_lg==/base.apk!/lib/arm64-v8a, permitted_path=/data:/mnt/expand:/data/user/0/com.google.android.gms
04-07 08:14:09.086 11444 12112 W com.truecaller: ClassLoaderContext classpath size mismatch. expected=1, found=3 (DLC[];PCL[base.apk*2130223291]{PCL[/system/framework/org.apache.http.legacy.jar*1157712065]#PCL[/system/framework/com.android.media.remotedisplay.jar*2114713712]#PCL[/system/framework/com.android.location.provider.jar*3994156537]#PCL[/system/framework/org.apache.http.legacy.jar*1157712065]} | DLC[];PCL[/data/app/~~g9-fwdg3hpEK2hkA93RtwQ==/com.truecaller-GGNt9pt5_8Grcf9WlUQkXg==/base.apk*878448087:/data/app/~~g9-fwdg3hpEK2hkA93RtwQ==/com.truecaller-GGNt9pt5_8Grcf9WlUQkXg==/split_callhero_assistant.apk*3712091536:/data/app/~~g9-fwdg3hpEK2hkA93RtwQ==/com.truecaller-GGNt9pt5_8Grcf9WlUQkXg==/split_insights_category_model.apk*2527962448]{PCL[/system/framework/org.apache.http.legacy.jar*1157712065]})
04-07 08:14:09.146 11444 12136 D CompatibilityChangeReporter: Compat change id reported: 194532703; UID 10228; state: ENABLED
04-07 08:14:09.149 11444 12136 D CompatibilityChangeReporter: Compat change id reported: 253665015; UID 10228; state: ENABLED
04-07 08:14:09.170 11444 12123 D nativeloader: Load /data/app/~~ZqRfktEg5KspZaOA4wzefg==/com.google.android.gms-VIHbe4Dw8G-x2qbjbfo_lg==/base.apk!/lib/arm64-v8a/libconscrypt_gmscore_jni.so using ns clns-8 from class loader (caller=/data/app/~~ZqRfktEg5KspZaOA4wzefg==/com.google.android.gms-VIHbe4Dw8G-x2qbjbfo_lg==/base.apk!classes3.dex): ok
04-07 08:14:09.175 11444 12123 V NativeCrypto: Registering com/google/android/gms/org/conscrypt/NativeCrypto's 308 native methods...
04-07 08:14:09.199 11444 12105 W com.truecaller: ClassLoaderContext classpath size mismatch. expected=1, found=3 (DLC[];PCL[base.apk*2130223291]{PCL[/system/framework/org.apache.http.legacy.jar*1157712065]#PCL[/system/framework/com.android.media.remotedisplay.jar*2114713712]#PCL[/system/framework/com.android.location.provider.jar*3994156537]#PCL[/system/framework/org.apache.http.legacy.jar*1157712065]} | DLC[];PCL[/data/app/~~g9-fwdg3hpEK2hkA93RtwQ==/com.truecaller-GGNt9pt5_8Grcf9WlUQkXg==/base.apk*878448087:/data/app/~~g9-fwdg3hpEK2hkA93RtwQ==/com.truecaller-GGNt9pt5_8Grcf9WlUQkXg==/split_callhero_assistant.apk*3712091536:/data/app/~~g9-fwdg3hpEK2hkA93RtwQ==/com.truecaller-GGNt9pt5_8Grcf9WlUQkXg==/split_insights_category_model.apk*2527962448]{PCL[/system/framework/org.apache.http.legacy.jar*1157712065]})
04-07 08:14:09.201 11444 11444 I M-ProMotion: M-ProMotion is disabled
04-07 08:14:09.216 12059 12059 I zygote  : usapPoolSocket.accept() end:null,getFileDescriptor():java.io.FileDescriptor@e6b5117,fd:27
04-07 08:14:09.221 11444 12146 E GoogleApiManager: Failed to get service from broker. 
04-07 08:14:09.221 11444 12146 E GoogleApiManager: java.lang.SecurityException: Unknown calling package name 'com.google.android.gms'.
04-07 08:14:09.221 11444 12146 E GoogleApiManager: 	at android.os.Parcel.createExceptionOrNull(Parcel.java:3071)
04-07 08:14:09.221 11444 12146 E GoogleApiManager: 	at android.os.Parcel.createException(Parcel.java:3055)
04-07 08:14:09.221 11444 12146 E GoogleApiManager: 	at android.os.Parcel.readException(Parcel.java:3038)
04-07 08:14:09.221 11444 12146 E GoogleApiManager: 	at android.os.Parcel.readException(Parcel.java:2980)
04-07 08:14:09.221 11444 12146 E GoogleApiManager: 	at atyi.a(:com.google.android.gms@251134029@25.11.34 (190400-740024306):36)
04-07 08:14:09.221 11444 12146 E GoogleApiManager: 	at atwp.z(:com.google.android.gms@251134029@25.11.34 (190400-740024306):145)
04-07 08:14:09.221 11444 12146 E GoogleApiManager: 	at atdw.run(:com.google.android.gms@251134029@25.11.34 (190400-740024306):42)
04-07 08:14:09.221 11444 12146 E GoogleApiManager: 	at android.os.Handler.handleCallback(Handler.java:1013)
04-07 08:14:09.221 11444 12146 E GoogleApiManager: 	at android.os.Handler.dispatchMessage(Handler.java:101)
04-07 08:14:09.221 11444 12146 E GoogleApiManager: 	at cbog.ms(:com.google.android.gms@251134029@25.11.34 (190400-740024306):1)
04-07 08:14:09.221 11444 12146 E GoogleApiManager: 	at cbog.dispatchMessage(:com.google.android.gms@251134029@25.11.34 (190400-740024306):5)
04-07 08:14:09.221 11444 12146 E GoogleApiManager: 	at android.os.Looper.loopOnce(Looper.java:226)
04-07 08:14:09.221 11444 12146 E GoogleApiManager: 	at android.os.Looper.loop(Looper.java:328)
04-07 08:14:09.221 11444 12146 E GoogleApiManager: 	at android.os.HandlerThread.run(HandlerThread.java:67)
04-07 08:14:09.230 12059 12059 I rabank.mobility: Using CollectorTypeCC GC.
04-07 08:14:09.234 12059 12059 E rabank.mobility: Not starting debugger since process cannot load the jdwp agent.
04-07 08:14:09.236 12059 12059 D nativeloader: Load libframework-connectivity-tiramisu-jni.so using APEX ns com_android_tethering for caller /apex/com.android.tethering/javalib/framework-connectivity-t.jar: ok
04-07 08:14:09.269 12059 12059 D CompatibilityChangeReporter: Compat change id reported: 171979766; UID 10362; state: ENABLED
04-07 08:14:09.269 12059 12059 D CompatibilityChangeReporter: Compat change id reported: 242716250; UID 10362; state: ENABLED
04-07 08:14:09.281 12059 12059 D nativeloader: Configuring clns-4 for other apk /system/framework/org.apache.http.legacy.jar. target_sdk_version=34, uses_libraries=ALL, library_path=/data/app/~~iFGxyDNdhsSz6S93OsjYzg==/com.canarabank.mobility-t2YqBL5hzAC1j1QH0dPh3A==/lib/arm64:/data/app/~~iFGxyDNdhsSz6S93OsjYzg==/com.canarabank.mobility-t2YqBL5hzAC1j1QH0dPh3A==/base.apk!/lib/arm64-v8a:/data/app/~~iFGxyDNdhsSz6S93OsjYzg==/com.canarabank.mobility-t2YqBL5hzAC1j1QH0dPh3A==/split_config.arm64_v8a.apk!/lib/arm64-v8a:/data/app/~~iFGxyDNdhsSz6S93OsjYzg==/com.canarabank.mobility-t2YqBL5hzAC1j1QH0dPh3A==/split_config.en.apk!/lib/arm64-v8a:/data/app/~~iFGxyDNdhsSz6S93OsjYzg==/com.canarabank.mobility-t2YqBL5hzAC1j1QH0dPh3A==/split_config.xxhdpi.apk!/lib/arm64-v8a, permitted_path=/data:/mnt/expand:/data/user/0/com.canarabank.mobility
04-07 08:14:09.281 12059 12059 D nativeloader: Extending system_exposed_libraries: libapuwareapusys.mtk.so:libapuwareapusys_v2.mtk.so:libapuwarexrp.mtk.so:libapuwarexrp_v2.mtk.so:libapuwareutils.mtk.so:libapuwareutils_v2.mtk.so:libapuwarehmp.mtk.so:libmcv_runtime_usdk.mtk.so:libneuron_graph_delegate.mtk.so:libneuronusdk_adapter.mtk.so:libtflite_mtk.mtk.so:libarmnn_ndk.mtk.so:libcmdl_ndk.mtk.so:libnir_neon_driver_ndk.mtk.so:libmvpu_runtime.mtk.so:libmvpu_runtime_pub.mtk.so:libmvpu_engine_pub.mtk.so:libmvpu_pattern_pub.mtk.so:libmvpuop_mtk_cv.mtk.so:libmvpuop_mtk_nn.mtk.so:libmvpu_runtime_25.mtk.so:libmvpu_runtime_25_pub.mtk.so:libmvpu_engine_25_pub.mtk.so:libmvpu_pattern_25_pub.mtk.so:libmvpuop25_mtk_cv.mtk.so:libmvpuop25_mtk_nn.mtk.so:libmvpu_config.mtk.so:libteeservice_client.trustonic.so
04-07 08:14:09.282 11444 12123 I ProviderInstaller: Installed default security provider GmsCore_OpenSSL
04-07 08:14:09.286 11444 11444 D VivoConfigStore: init begin
04-07 08:14:09.319 11444 11444 D VivoConfigStore: key:vivo.software.multilandscape isCached is true and value is true
04-07 08:14:09.322 11444 11444 D VivoConfigStore: key:vivo.software.ml.freedrag isCached is false and normal value is false
04-07 08:14:09.327 11444 11444 D VivoConfigStore: key:vivo.software.ml.unasso isCached is false and normal value is false
04-07 08:14:09.327 11444 11444 D VivoConfigStore: key:vivo.software.virtualmultilands isCached is true and value is true
04-07 08:14:09.329 11444 11444 D VivoConfigStore: key:vivo.software.hovermode isCached is false and normal value is false
04-07 08:14:09.332 11444 12141 W FlagRegistrar: Failed to register com.google.android.gms.providerinstaller#com.truecaller
04-07 08:14:09.332 11444 12141 W FlagRegistrar: expk: 17: 17: API: Phenotype.API is not available on this device. Connection failed with: ConnectionResult{statusCode=DEVELOPER_ERROR, resolution=null, message=null}
04-07 08:14:09.332 11444 12141 W FlagRegistrar: 	at expm.a(:com.google.android.gms@251134029@25.11.34 (190400-740024306):13)
04-07 08:14:09.332 11444 12141 W FlagRegistrar: 	at frzb.d(:com.google.android.gms@251134029@25.11.34 (190400-740024306):3)
04-07 08:14:09.332 11444 12141 W FlagRegistrar: 	at frzd.run(:com.google.android.gms@251134029@25.11.34 (190400-740024306):130)
04-07 08:14:09.332 11444 12141 W FlagRegistrar: 	at fsbk.execute(:com.google.android.gms@251134029@25.11.34 (190400-740024306):1)
04-07 08:14:09.332 11444 12141 W FlagRegistrar: 	at frzl.f(:com.google.android.gms@251134029@25.11.34 (190400-740024306):1)
04-07 08:14:09.332 11444 12141 W FlagRegistrar: 	at frzl.m(:com.google.android.gms@251134029@25.11.34 (190400-740024306):99)
04-07 08:14:09.332 11444 12141 W FlagRegistrar: 	at frzl.r(:com.google.android.gms@251134029@25.11.34 (190400-740024306):17)
04-07 08:14:09.332 11444 12141 W FlagRegistrar: 	at eqdu.hE(:com.google.android.gms@251134029@25.11.34 (190400-740024306):35)
04-07 08:14:09.332 11444 12141 W FlagRegistrar: 	at eeku.run(:com.google.android.gms@251134029@25.11.34 (190400-740024306):12)
04-07 08:14:09.332 11444 12141 W FlagRegistrar: 	at fsbk.execute(:com.google.android.gms@251134029@25.11.34 (190400-740024306):1)
04-07 08:14:09.332 11444 12141 W FlagRegistrar: 	at eekv.b(:com.google.android.gms@251134029@25.11.34 (190400-740024306):18)
04-07 08:14:09.332 11444 12141 W FlagRegistrar: 	at eelk.b(:com.google.android.gms@251134029@25.11.34 (190400-740024306):36)
04-07 08:14:09.332 11444 12141 W FlagRegistrar: 	at eelm.d(:com.google.android.gms@251134029@25.11.34 (190400-740024306):25)
04-07 08:14:09.332 11444 12141 W FlagRegistrar: 	at atbe.c(:com.google.android.gms@251134029@25.11.34 (190400-740024306):9)
04-07 08:14:09.332 11444 12141 W FlagRegistrar: 	at atdu.q(:com.google.android.gms@251134029@25.11.34 (190400-740024306):48)
04-07 08:14:09.332 11444 12141 W FlagRegistrar: 	at atdu.d(:com.google.android.gms@251134029@25.11.34 (190400-740024306):10)
04-07 08:14:09.332 11444 12141 W FlagRegistrar: 	at atdu.g(:com.google.android.gms@251134029@25.11.34 (190400-740024306):185)
04-07 08:14:09.332 11444 12141 W FlagRegistrar: 	at atdu.onConnectionFailed(:com.google.android.gms@251134029@25.11.34 (190400-740024306):2)
04-07 08:14:09.332 11444 12141 W FlagRegistrar: 	at atdw.run(:com.google.android.gms@251134029@25.11.34 (190400-740024306):70)
04-07 08:14:09.332 11444 12141 W FlagRegistrar: 	at android.os.Handler.handleCallback(Handler.java:1013)
04-07 08:14:09.332 11444 12141 W FlagRegistrar: 	at android.os.Handler.dispatchMessage(Handler.java:101)
04-07 08:14:09.332 11444 12141 W FlagRegistrar: 	at cbog.ms(:com.google.android.gms@251134029@25.11.34 (190400-740024306):1)
04-07 08:14:09.332 11444 12141 W FlagRegistrar: 	at cbog.dispatchMessage(:com.google.android.gms@251134029@25.11.34 (190400-740024306):5)
04-07 08:14:09.332 11444 12141 W FlagRegistrar: 	at android.os.Looper.loopOnce(Looper.java:226)
04-07 08:14:09.332 11444 12141 W FlagRegistrar: 	at android.os.Looper.loop(Looper.java:328)
04-07 08:14:09.332 11444 12141 W FlagRegistrar: 	at android.os.HandlerThread.run(HandlerThread.java:67)
04-07 08:14:09.332 11444 12141 W FlagRegistrar: Caused by: aszt: 17: API: Phenotype.API is not available on this device. Connection failed with: ConnectionResult{statusCode=DEVELOPER_ERROR, resolution=null, message=null}
