04-07 08:14:09.332 11444 12141 W FlagRegistrar: 	at atwb.a(:com.google.android.gms@251134029@25.11.34 (190400-740024306):15)
04-07 08:14:09.332 11444 12141 W FlagRegistrar: 	at atbh.a(:com.google.android.gms@251134029@25.11.34 (190400-740024306):1)
04-07 08:14:09.332 11444 12141 W FlagRegistrar: 	at atbe.c(:com.google.android.gms@251134029@25.11.34 (190400-740024306):5)
04-07 08:14:09.332 11444 12141 W FlagRegistrar: 	... 12 more
04-07 08:14:09.369 12059 12059 W ziparchive: Unable to open '/data/app/~~iFGxyDNdhsSz6S93OsjYzg==/com.canarabank.mobility-t2YqBL5hzAC1j1QH0dPh3A==/split_config.arm64_v8a.dm': No such file or directory
04-07 08:14:09.369 12059 12059 W ziparchive: Unable to open '/data/app/~~iFGxyDNdhsSz6S93OsjYzg==/com.canarabank.mobility-t2YqBL5hzAC1j1QH0dPh3A==/split_config.arm64_v8a.dm': No such file or directory
04-07 08:14:09.374 12059 12059 W rabank.mobility: Entry not found
04-07 08:14:09.376 12059 12059 W ziparchive: Unable to open '/data/app/~~iFGxyDNdhsSz6S93OsjYzg==/com.canarabank.mobility-t2YqBL5hzAC1j1QH0dPh3A==/split_config.en.dm': No such file or directory
04-07 08:14:09.376 12059 12059 W ziparchive: Unable to open '/data/app/~~iFGxyDNdhsSz6S93OsjYzg==/com.canarabank.mobility-t2YqBL5hzAC1j1QH0dPh3A==/split_config.en.dm': No such file or directory
04-07 08:14:09.377 12059 12059 W rabank.mobility: Entry not found
04-07 08:14:09.377 12059 12059 W ziparchive: Unable to open '/data/app/~~iFGxyDNdhsSz6S93OsjYzg==/com.canarabank.mobility-t2YqBL5hzAC1j1QH0dPh3A==/split_config.xxhdpi.dm': No such file or directory
04-07 08:14:09.377 12059 12059 W ziparchive: Unable to open '/data/app/~~iFGxyDNdhsSz6S93OsjYzg==/com.canarabank.mobility-t2YqBL5hzAC1j1QH0dPh3A==/split_config.xxhdpi.dm': No such file or directory
04-07 08:14:09.378 12059 12059 W rabank.mobility: Entry not found
04-07 08:14:09.379 12059 12059 D nativeloader: Configuring clns-5 for other apk /data/app/~~iFGxyDNdhsSz6S93OsjYzg==/com.canarabank.mobility-t2YqBL5hzAC1j1QH0dPh3A==/base.apk:/data/app/~~iFGxyDNdhsSz6S93OsjYzg==/com.canarabank.mobility-t2YqBL5hzAC1j1QH0dPh3A==/split_config.arm64_v8a.apk:/data/app/~~iFGxyDNdhsSz6S93OsjYzg==/com.canarabank.mobility-t2YqBL5hzAC1j1QH0dPh3A==/split_config.en.apk:/data/app/~~iFGxyDNdhsSz6S93OsjYzg==/com.canarabank.mobility-t2YqBL5hzAC1j1QH0dPh3A==/split_config.xxhdpi.apk. target_sdk_version=34, uses_libraries=, library_path=/data/app/~~iFGxyDNdhsSz6S93OsjYzg==/com.canarabank.mobility-t2YqBL5hzAC1j1QH0dPh3A==/lib/arm64:/data/app/~~iFGxyDNdhsSz6S93OsjYzg==/com.canarabank.mobility-t2YqBL5hzAC1j1QH0dPh3A==/base.apk!/lib/arm64-v8a:/data/app/~~iFGxyDNdhsSz6S93OsjYzg==/com.canarabank.mobility-t2YqBL5hzAC1j1QH0dPh3A==/split_config.arm64_v8a.apk!/lib/arm64-v8a:/data/app/~~iFGxyDNdhsSz6S93OsjYzg==/com.canarabank.mobility-t2YqBL5hzAC1j1QH0dPh3A==/split_config.en.apk!/lib/arm64-v8a:/data/app/~~iFGxyDNdhsSz6S93OsjYzg==/com.canarabank.mobil
04-07 08:14:09.389 11444 12167 E com.truecaller: No package ID 76 found for resource ID 0x760b000f.
04-07 08:14:09.390 11444 12167 E com.truecaller: No package ID 76 found for resource ID 0x760b000f.
04-07 08:14:09.400 11444 12167 I FA      : App measurement initialized, version: 119000
04-07 08:14:09.400 11444 12167 I FA      : To enable debug logging run: adb shell setprop log.tag.FA VERBOSE
04-07 08:14:09.401 11444 12167 I FA      : To enable faster debug mode event logging run:
04-07 08:14:09.401 11444 12167 I FA      :   adb shell setprop debug.firebase.analytics.app com.truecaller
04-07 08:14:09.405 12059 12059 D nativeloader: Load libframework-connectivity-jni.so using APEX ns com_android_tethering for caller /apex/com.android.tethering/javalib/framework-connectivity.jar: ok
04-07 08:14:09.411 12059 12059 V GraphicsEnvironment: Currently set values for:
04-07 08:14:09.411 12059 12059 V GraphicsEnvironment:   angle_gl_driver_selection_pkgs=[]
04-07 08:14:09.411 12059 12059 V GraphicsEnvironment:   angle_gl_driver_selection_values=[]
04-07 08:14:09.411 12059 12059 V GraphicsEnvironment: ANGLE GameManagerService for com.canarabank.mobility: false
04-07 08:14:09.411 12059 12059 V GraphicsEnvironment: com.canarabank.mobility is not listed in per-application setting
04-07 08:14:09.411 12059 12059 V GraphicsEnvironment: Neither updatable production driver nor prerelease driver is supported.
04-07 08:14:09.420 12059 12059 D CompatibilityChangeReporter: Compat change id reported: 183155436; UID 10362; state: ENABLED
04-07 08:14:09.426 12059 12059 I FirebaseApp: Device unlocked: initializing all Firebase APIs for app [DEFAULT]
04-07 08:14:09.458 12059 12059 D CompatibilityChangeReporter: Compat change id reported: 3400644; UID 10362; state: ENABLED
04-07 08:14:09.484 12059 12256 I FIAM.Headless: Starting InAppMessaging runtime with Installation ID d9By9SdBRgS7zd33EumLgG
04-07 08:14:09.496 12059 12059 I FirebaseCrashlytics: Initializing Firebase Crashlytics 18.6.0 for com.canarabank.mobility
04-07 08:14:09.505 12059 12248 W rabank.mobility: ClassLoaderContext classpath size mismatch. expected=1, found=0 (DLC[];PCL[base.apk*2130223291]{PCL[/system/framework/org.apache.http.legacy.jar*1157712065]#PCL[/system/framework/com.android.media.remotedisplay.jar*2114713712]#PCL[/system/framework/com.android.location.provider.jar*3994156537]#PCL[/system/framework/org.apache.http.legacy.jar*1157712065]} | DLC[];PCL[])
04-07 08:14:09.512 12059 12248 I DynamiteModule: Considering local module com.google.android.gms.measurement.dynamite:97 and remote module com.google.android.gms.measurement.dynamite:141
04-07 08:14:09.512 12059 12248 I DynamiteModule: Selected remote version of com.google.android.gms.measurement.dynamite, version >= 141
04-07 08:14:09.517 11444 12215 D CompatibilityChangeReporter: Compat change id reported: 263076149; UID 10228; state: ENABLED
04-07 08:14:09.528 11610 12047 D TrafficStats: tagSocket(125) with statsTag=0xd83ddc19, statsUid=-1
04-07 08:14:09.529 12059 12248 W System  : ClassLoader referenced unknown path: 
04-07 08:14:09.529 12059 12248 D nativeloader: Configuring clns-6 for other apk . target_sdk_version=36, uses_libraries=, library_path=/data/app/~~ZqRfktEg5KspZaOA4wzefg==/com.google.android.gms-VIHbe4Dw8G-x2qbjbfo_lg==/lib/arm64:/data/app/~~ZqRfktEg5KspZaOA4wzefg==/com.google.android.gms-VIHbe4Dw8G-x2qbjbfo_lg==/base.apk!/lib/arm64-v8a, permitted_path=/data:/mnt/expand:/data/user/0/com.google.android.gms
04-07 08:14:09.545 12059 12248 W rabank.mobility: ClassLoaderContext classpath element checksum mismatch. expected=2130223291, found=1753773022 (DLC[];PCL[base.apk*2130223291]{PCL[/system/framework/org.apache.http.legacy.jar*1157712065]#PCL[/system/framework/com.android.media.remotedisplay.jar*2114713712]#PCL[/system/framework/com.android.location.provider.jar*3994156537]#PCL[/system/framework/org.apache.http.legacy.jar*1157712065]} | DLC[];PCL[/data/app/~~iFGxyDNdhsSz6S93OsjYzg==/com.canarabank.mobility-t2YqBL5hzAC1j1QH0dPh3A==/base.apk*1753773022]{PCL[/system/framework/org.apache.http.legacy.jar*1157712065]})
04-07 08:14:09.574 12059 12059 I FirebaseInitProvider: FirebaseApp initialization successful
04-07 08:14:09.596 12059 12059 I AGConnectProvider: AGConnectInitializeProvider#onCreate
04-07 08:14:09.596 12059 12059 I AGConnectInstance: AGConnectInstance#initialize
04-07 08:14:09.596 12059 12059 I ServiceRegistrarParser: getServices
04-07 08:14:09.598 12059 12059 I ServiceRegistrarParser: services:0
04-07 08:14:09.615 12059 12278 D nativeloader: Configuring clns-7 for other apk /system/framework/com.android.media.remotedisplay.jar. target_sdk_version=36, uses_libraries=ALL, library_path=/data/app/~~ZqRfktEg5KspZaOA4wzefg==/com.google.android.gms-VIHbe4Dw8G-x2qbjbfo_lg==/lib/arm64:/data/app/~~ZqRfktEg5KspZaOA4wzefg==/com.google.android.gms-VIHbe4Dw8G-x2qbjbfo_lg==/base.apk!/lib/arm64-v8a, permitted_path=/data:/mnt/expand:/data/user/0/com.google.android.gms
04-07 08:14:09.615 12059 12278 D nativeloader: Extending system_exposed_libraries: libapuwareapusys.mtk.so:libapuwareapusys_v2.mtk.so:libapuwarexrp.mtk.so:libapuwarexrp_v2.mtk.so:libapuwareutils.mtk.so:libapuwareutils_v2.mtk.so:libapuwarehmp.mtk.so:libmcv_runtime_usdk.mtk.so:libneuron_graph_delegate.mtk.so:libneuronusdk_adapter.mtk.so:libtflite_mtk.mtk.so:libarmnn_ndk.mtk.so:libcmdl_ndk.mtk.so:libnir_neon_driver_ndk.mtk.so:libmvpu_runtime.mtk.so:libmvpu_runtime_pub.mtk.so:libmvpu_engine_pub.mtk.so:libmvpu_pattern_pub.mtk.so:libmvpuop_mtk_cv.mtk.so:libmvpuop_mtk_nn.mtk.so:libmvpu_runtime_25.mtk.so:libmvpu_runtime_25_pub.mtk.so:libmvpu_engine_25_pub.mtk.so:libmvpu_pattern_25_pub.mtk.so:libmvpuop25_mtk_cv.mtk.so:libmvpuop25_mtk_nn.mtk.so:libmvpu_config.mtk.so:libteeservice_client.trustonic.so
04-07 08:14:09.627 12059 12278 D nativeloader: Configuring clns-8 for other apk /system/framework/com.android.location.provider.jar. target_sdk_version=36, uses_libraries=ALL, library_path=/data/app/~~ZqRfktEg5KspZaOA4wzefg==/com.google.android.gms-VIHbe4Dw8G-x2qbjbfo_lg==/lib/arm64:/data/app/~~ZqRfktEg5KspZaOA4wzefg==/com.google.android.gms-VIHbe4Dw8G-x2qbjbfo_lg==/base.apk!/lib/arm64-v8a, permitted_path=/data:/mnt/expand:/data/user/0/com.google.android.gms
04-07 08:14:09.627 12059 12278 D nativeloader: Extending system_exposed_libraries: libapuwareapusys.mtk.so:libapuwareapusys_v2.mtk.so:libapuwarexrp.mtk.so:libapuwarexrp_v2.mtk.so:libapuwareutils.mtk.so:libapuwareutils_v2.mtk.so:libapuwarehmp.mtk.so:libmcv_runtime_usdk.mtk.so:libneuron_graph_delegate.mtk.so:libneuronusdk_adapter.mtk.so:libtflite_mtk.mtk.so:libarmnn_ndk.mtk.so:libcmdl_ndk.mtk.so:libnir_neon_driver_ndk.mtk.so:libmvpu_runtime.mtk.so:libmvpu_runtime_pub.mtk.so:libmvpu_engine_pub.mtk.so:libmvpu_pattern_pub.mtk.so:libmvpuop_mtk_cv.mtk.so:libmvpuop_mtk_nn.mtk.so:libmvpu_runtime_25.mtk.so:libmvpu_runtime_25_pub.mtk.so:libmvpu_engine_25_pub.mtk.so:libmvpu_pattern_25_pub.mtk.so:libmvpuop25_mtk_cv.mtk.so:libmvpuop25_mtk_nn.mtk.so:libmvpu_config.mtk.so:libteeservice_client.trustonic.so
04-07 08:14:09.666 12059 12281 D CompatibilityChangeReporter: Compat change id reported: 160794467; UID 10362; state: ENABLED
04-07 08:14:09.682 12059 12059 I M-ProMotion: M-ProMotion is disabled
04-07 08:14:09.690 12059 12279 E rabank.mobility: No package ID 76 found for resource ID 0x760b000f.
04-07 08:14:09.691 12059 12279 E rabank.mobility: No package ID 76 found for resource ID 0x760b000f.
04-07 08:14:09.691 12059 12059 I System.out: Important information - TRAI does not provide any NOC for installing mobile towers. If a fraudster brings a fake letter to you, inform the concerned serv  sender   je-reginf
04-07 08:14:09.693 12059 12059 I System.out: ice provider and the local police.  sender   je-reginf
04-07 08:14:09.693 12059 12279 I FA      : App measurement initialized, version: 119000
04-07 08:14:09.693 12059 12283 D nativeloader: Load /data/app/~~iFGxyDNdhsSz6S93OsjYzg==/com.canarabank.mobility-t2YqBL5hzAC1j1QH0dPh3A==/lib/arm64/libflutter.so using ns clns-5 from class loader (caller=/data/app/~~iFGxyDNdhsSz6S93OsjYzg==/com.canarabank.mobility-t2YqBL5hzAC1j1QH0dPh3A==/base.apk!classes7.dex): ok
04-07 08:14:09.693 12059 12278 D nativeloader: Configuring clns-9 for other apk /data/app/~~ZqRfktEg5KspZaOA4wzefg==/com.google.android.gms-VIHbe4Dw8G-x2qbjbfo_lg==/base.apk. target_sdk_version=36, uses_libraries=, library_path=/data/app/~~ZqRfktEg5KspZaOA4wzefg==/com.google.android.gms-VIHbe4Dw8G-x2qbjbfo_lg==/lib/arm64:/data/app/~~ZqRfktEg5KspZaOA4wzefg==/com.google.android.gms-VIHbe4Dw8G-x2qbjbfo_lg==/base.apk!/lib/arm64-v8a, permitted_path=/data:/mnt/expand:/data/user/0/com.google.android.gms
04-07 08:14:09.694 12059 12279 I FA      : To enable debug logging run: adb shell setprop log.tag.FA VERBOSE
04-07 08:14:09.695 12059 12279 I FA      : To enable faster debug mode event logging run:
04-07 08:14:09.695 12059 12279 I FA      :   adb shell setprop debug.firebase.analytics.app com.canarabank.mobility
04-07 08:14:09.702 12059 12269 I FirebaseCrashlytics: No version control information found
04-07 08:14:09.725 12059 12278 I DynamiteModule: Considering local module com.google.android.gms.ads.dynamite:0 and remote module com.google.android.gms.ads.dynamite:250505301
04-07 08:14:09.725 12059 12278 I DynamiteModule: Selected remote version of com.google.android.gms.ads.dynamite, version >= 250505301
04-07 08:14:09.725 11444 12223 D CompatibilityChangeReporter: Compat change id reported: 150939131; UID 10228; state: ENABLED
04-07 08:14:09.729 12059 12278 W rabank.mobility: ClassLoaderContext classpath element checksum mismatch. expected=2130223291, found=1753773022 (DLC[];PCL[base.apk*2130223291]{PCL[/system/framework/org.apache.http.legacy.jar*1157712065]#PCL[/system/framework/com.android.media.remotedisplay.jar*2114713712]#PCL[/system/framework/com.android.location.provider.jar*3994156537]#PCL[/system/framework/org.apache.http.legacy.jar*1157712065]} | DLC[];PCL[/data/app/~~iFGxyDNdhsSz6S93OsjYzg==/com.canarabank.mobility-t2YqBL5hzAC1j1QH0dPh3A==/base.apk*1753773022]{PCL[/system/framework/org.apache.http.legacy.jar*1157712065]})
04-07 08:14:09.759 11444 12151 D TrafficStats: tagSocket(114) with statsTag=0xffffffff, statsUid=-1
04-07 08:14:10.371 11444 12316 D TrafficStats: tagSocket(182) with statsTag=0xffffffff, statsUid=-1
04-07 08:14:10.432 11444 12224 W SQLiteLog: (28) double-quoted string literal: ""
04-07 08:14:10.433 11444 12224 W SQLiteLog: (28) double-quoted string literal: ""
04-07 08:14:10.433 11444 12224 W SQLiteLog: (28) double-quoted string literal: ""
04-07 08:14:10.433 11444 12224 W SQLiteLog: (28) double-quoted string literal: ""
04-07 08:14:10.433 11444 12224 W SQLiteLog: (28) double-quoted string literal: ""
04-07 08:14:10.433 11444 12224 W SQLiteLog: (28) double-quoted string literal: ""
04-07 08:14:10.433 11444 12224 W SQLiteLog: (28) double-quoted string literal: ""
04-07 08:14:10.433 11444 12224 W SQLiteLog: (28) double-quoted string literal: ""
04-07 08:14:10.433 11444 12224 W SQLiteLog: (28) double-quoted string literal: ""
04-07 08:14:10.433 11444 12224 W SQLiteLog: (28) double-quoted string literal: ""
04-07 08:14:10.433 11444 12224 W SQLiteLog: (28) double-quoted string literal: ""
04-07 08:14:10.433 11444 12224 W SQLiteLog: (28) double-quoted string literal: ""
04-07 08:14:10.433 11444 12224 W SQLiteLog: (28) double-quoted string literal: ""
04-07 08:14:10.433 11444 12224 W SQLiteLog: (28) double-quoted string literal: ""
04-07 08:14:10.433 11444 12224 W SQLiteLog: (28) double-quoted string literal: ""
04-07 08:14:10.433 11444 12224 W SQLiteLog: (28) double-quoted string literal: ""
04-07 08:14:11.099 11444 12062 I com.truecaller: Background concurrent copying GC freed 28MB AllocSpace bytes, 313(22MB) LOS objects, 50% free, 22MB/45MB, paused 316us,127us total 546.113ms
04-07 08:14:11.111 11444 11444 W FinalizerDaemon: type=1400 audit(0.0:6747891): avc:  denied  { getopt } for  path="/dev/socket/usap_pool_primary" scontext=u:r:untrusted_app:s0:c228,c256,c512,c768 tcontext=u:r:zygote:s0 tclass=unix_stream_socket permissive=0 app=com.truecaller
04-07 08:14:12.690 11610 12327 D ProfileInstaller: Installing profile for com.microsoft.android.smsorganizer
04-07 08:14:19.136 25754 25836 W printstats: process:com.vivo.sps:rms tag:_V_NRMS-IDLE print:3429 lines
04-07 08:14:20.521 25867  9244 D TrafficStats: tagSocket(137) with statsTag=0xffffffff, statsUid=-1
04-07 08:14:20.576 25867 25925 W SQLiteLog: (28) double-quoted string literal: "en"
04-07 08:14:20.578 25867 25925 W SQLiteLog: (28) double-quoted string literal: "en"
04-07 08:14:20.843 25867 25925 W SQLiteLog: (28) double-quoted string literal: "en"
04-07 08:14:20.844 25867 25925 W SQLiteLog: (28) double-quoted string literal: "en"
04-07 08:14:37.832 11870 11870 D CellBroadcastReceiver: onReceive Intent { act=android.intent.action.SERVICE_STATE flg=0x1000010 cmp=com.google.android.cellbroadcastreceiver/com.android.cellbroadcastreceiver.CellBroadcastReceiver (has extras) }
04-07 08:14:37.835 11870 11870 D CellBroadcastReceiver: onServiceStateChanged, ss: 0
04-07 08:14:37.835 11870 11870 D CellBroadcastReceiver: networkOperator: 405870
04-07 08:14:37.840 11870 11870 D CellBroadcastReceiver: update supported roaming operator as 
04-07 08:14:37.932 11870 11870 D CellBroadcastReceiver: onReceive Intent { act=android.intent.action.SERVICE_STATE flg=0x1000010 cmp=com.google.android.cellbroadcastreceiver/com.android.cellbroadcastreceiver.CellBroadcastReceiver (has extras) }
04-07 08:14:37.933 11870 11870 D CellBroadcastReceiver: onServiceStateChanged, ss: 0
04-07 08:14:37.934 11870 11870 D CellBroadcastReceiver: networkOperator: 405870
04-07 08:14:37.935 11870 11870 D CellBroadcastReceiver: update supported roaming operator as 
04-07 08:14:39.840 11870 11870 D CellBroadcastReceiver: onReceive Intent { act=android.intent.action.SERVICE_STATE flg=0x1000010 cmp=com.google.android.cellbroadcastreceiver/com.android.cellbroadcastreceiver.CellBroadcastReceiver (has extras) }
04-07 08:14:39.841 11870 11870 D CellBroadcastReceiver: onServiceStateChanged, ss: 0
04-07 08:14:39.842 11870 11870 D CellBroadcastReceiver: networkOperator: 405870
04-07 08:14:39.842 11870 11870 D CellBroadcastReceiver: update supported roaming operator as 
04-07 08:14:39.899 11870 11870 D CellBroadcastReceiver: onReceive Intent { act=android.intent.action.SERVICE_STATE flg=0x1000010 cmp=com.google.android.cellbroadcastreceiver/com.android.cellbroadcastreceiver.CellBroadcastReceiver (has extras) }
04-07 08:14:39.900 11870 11870 D CellBroadcastReceiver: onServiceStateChanged, ss: 0
04-07 08:14:39.901 11870 11870 D CellBroadcastReceiver: networkOperator: 405870
04-07 08:14:39.902 11870 11870 D CellBroadcastReceiver: update supported roaming operator as 
04-07 08:14:41.043 11610 11610 W FinalizerDaemon: type=1400 audit(0.0:6748218): avc:  denied  { getopt } for  path="/dev/socket/usap_pool_primary" scontext=u:r:untrusted_app:s0:c62,c256,c512,c768 tcontext=u:r:zygote:s0 tclass=unix_stream_socket permissive=0
04-07 08:14:41.051 11610 11995 W System  : A resource failed to call close. 
04-07 08:14:44.845  4478  4539 I Finsky  : [165385] lmx.run(1122): AIM: AppInfoManager-Perf > Destroying AppInfoManager ...
04-07 08:14:45.999 19257 12483 D TrafficStats: tagSocket(129) with statsTag=0xffffffff, statsUid=-1
04-07 08:15:11.576 11870 11870 D CellBroadcastReceiver: onReceive Intent { act=android.intent.action.SERVICE_STATE flg=0x1000010 cmp=com.google.android.cellbroadcastreceiver/com.android.cellbroadcastreceiver.CellBroadcastReceiver (has extras) }
04-07 08:15:11.582 11870 11870 D CellBroadcastReceiver: onServiceStateChanged, ss: 0
04-07 08:15:11.589 11870 11870 D CellBroadcastReceiver: networkOperator: 405870
04-07 08:15:11.591 11870 11870 D CellBroadcastReceiver: update supported roaming operator as 
04-07 08:15:11.646 11870 11870 D CellBroadcastReceiver: onReceive Intent { act=android.intent.action.SERVICE_STATE flg=0x1000010 cmp=com.google.android.cellbroadcastreceiver/com.android.cellbroadcastreceiver.CellBroadcastReceiver (has extras) }
04-07 08:15:11.647 11870 11870 D CellBroadcastReceiver: onServiceStateChanged, ss: 0
04-07 08:15:11.649 11870 11870 D CellBroadcastReceiver: networkOperator: 405870
04-07 08:15:11.649 11870 11870 D CellBroadcastReceiver: update supported roaming operator as 
04-07 08:15:13.431 11870 11870 D CellBroadcastReceiver: onReceive Intent { act=android.intent.action.SERVICE_STATE flg=0x1000010 cmp=com.google.android.cellbroadcastreceiver/com.android.cellbroadcastreceiver.CellBroadcastReceiver (has extras) }
04-07 08:15:13.433 11870 11870 D CellBroadcastReceiver: onServiceStateChanged, ss: 0
04-07 08:15:13.434 11870 11870 D CellBroadcastReceiver: networkOperator: 405870
04-07 08:15:13.434 11870 11870 D CellBroadcastReceiver: update supported roaming operator as 
04-07 08:15:24.778  1760  3409 W BatteryStatsService: Unknown sensor handle 0 received in noteWakeupSensorEvent
04-07 08:15:29.028 11444 12317 V NativeCrypto: Read error: ssl=0xb400006ecaee60d8: I/O error during system call, Software caused connection abort
04-07 08:15:29.074 11444 12776 V NativeCrypto: Write error: ssl=0xb400006ecaee60d8: I/O error during system call, Broken pipe
04-07 08:15:29.082 11444 12776 V NativeCrypto: SSL shutdown failed: ssl=0xb400006ecaee60d8: I/O error during system call, Success
04-07 08:15:29.087 11444 12146 E GoogleApiManager: Failed to get service from broker. 
04-07 08:15:29.087 11444 12146 E GoogleApiManager: java.lang.SecurityException: Unknown calling package name 'com.google.android.gms'.
04-07 08:15:29.087 11444 12146 E GoogleApiManager: 	at android.os.Parcel.createExceptionOrNull(Parcel.java:3071)
04-07 08:15:29.087 11444 12146 E GoogleApiManager: 	at android.os.Parcel.createException(Parcel.java:3055)
04-07 08:15:29.087 11444 12146 E GoogleApiManager: 	at android.os.Parcel.readException(Parcel.java:3038)
04-07 08:15:29.087 11444 12146 E GoogleApiManager: 	at android.os.Parcel.readException(Parcel.java:2980)
04-07 08:15:29.087 11444 12146 E GoogleApiManager: 	at atyi.a(:com.google.android.gms@251134029@25.11.34 (190400-740024306):36)
04-07 08:15:29.087 11444 12146 E GoogleApiManager: 	at atwp.z(:com.google.android.gms@251134029@25.11.34 (190400-740024306):145)
04-07 08:15:29.087 11444 12146 E GoogleApiManager: 	at atdw.run(:com.google.android.gms@251134029@25.11.34 (190400-740024306):42)
04-07 08:15:29.087 11444 12146 E GoogleApiManager: 	at android.os.Handler.handleCallback(Handler.java:1013)
04-07 08:15:29.087 11444 12146 E GoogleApiManager: 	at android.os.Handler.dispatchMessage(Handler.java:101)
04-07 08:15:29.087 11444 12146 E GoogleApiManager: 	at cbog.ms(:com.google.android.gms@251134029@25.11.34 (190400-740024306):1)
04-07 08:15:29.087 11444 12146 E GoogleApiManager: 	at cbog.dispatchMessage(:com.google.android.gms@251134029@25.11.34 (190400-740024306):5)
04-07 08:15:29.087 11444 12146 E GoogleApiManager: 	at android.os.Looper.loopOnce(Looper.java:226)
04-07 08:15:29.087 11444 12146 E GoogleApiManager: 	at android.os.Looper.loop(Looper.java:328)
04-07 08:15:29.087 11444 12146 E GoogleApiManager: 	at android.os.HandlerThread.run(HandlerThread.java:67)
04-07 08:15:36.469  1760  4965 W BatteryStatsService: Unknown sensor handle 0 received in noteWakeupSensorEvent
04-07 08:16:11.377  1760  6397 W BatteryStatsService: Unknown sensor handle 0 received in noteWakeupSensorEvent
04-07 08:16:12.215 11870 11870 D CellBroadcastReceiver: onReceive Intent { act=android.intent.action.SERVICE_STATE flg=0x1000010 cmp=com.google.android.cellbroadcastreceiver/com.android.cellbroadcastreceiver.CellBroadcastReceiver (has extras) }
04-07 08:16:12.216 11870 11870 D CellBroadcastReceiver: onServiceStateChanged, ss: 0
04-07 08:16:12.217 11870 11870 D CellBroadcastReceiver: networkOperator: 405870
04-07 08:16:12.217 11870 11870 D CellBroadcastReceiver: update supported roaming operator as 
04-07 08:16:12.338 11870 11870 D CellBroadcastReceiver: onReceive Intent { act=android.intent.action.SERVICE_STATE flg=0x1000010 cmp=com.google.android.cellbroadcastreceiver/com.android.cellbroadcastreceiver.CellBroadcastReceiver (has extras) }
04-07 08:16:12.340 11870 11870 D CellBroadcastReceiver: onServiceStateChanged, ss: 0
04-07 08:16:12.340 11870 11870 D CellBroadcastReceiver: networkOperator: 405870
04-07 08:16:12.341 11870 11870 D CellBroadcastReceiver: update supported roaming operator as 
04-07 08:16:16.789 11870 11870 D CellBroadcastReceiver: onReceive Intent { act=android.intent.action.SERVICE_STATE flg=0x1000010 cmp=com.google.android.cellbroadcastreceiver/com.android.cellbroadcastreceiver.CellBroadcastReceiver (has extras) }
04-07 08:16:16.790 11870 11870 D CellBroadcastReceiver: onServiceStateChanged, ss: 0
04-07 08:16:16.790 11870 11870 D CellBroadcastReceiver: networkOperator: 405870
04-07 08:16:16.791 11870 11870 D CellBroadcastReceiver: update supported roaming operator as 
04-07 08:16:17.047 20797 20846 D WM-DelayedWorkTracker: Scheduling work c6c3a9e1-432b-4582-bc2d-eebdff9bf396
04-07 08:16:17.060 20797 20846 D WM-GreedyScheduler: Starting tracking for c6c3a9e1-432b-4582-bc2d-eebdff9bf396
04-07 08:16:17.068 20797 20846 D WM-DelayedWorkTracker: Scheduling work 428f5157-ad3d-4e65-ae89-4168235419c1
04-07 08:16:17.069 20797 20846 D WM-GreedyScheduler: Starting tracking for 428f5157-ad3d-4e65-ae89-4168235419c1
04-07 08:16:17.084 20797 20823 D WM-GreedyScheduler: Constraints not met: Cancelling work ID WorkGenerationalId(workSpecId=c6c3a9e1-432b-4582-bc2d-eebdff9bf396, generation=7668)
04-07 08:16:17.085 20797 20865 D WM-GreedyScheduler: Constraints not met: Cancelling work ID WorkGenerationalId(workSpecId=428f5157-ad3d-4e65-ae89-4168235419c1, generation=2306)
04-07 08:16:24.090  1760  4965 W BatteryStatsService: Unknown sensor handle 0 received in noteWakeupSensorEvent
04-07 08:16:25.395 11870 11870 D CellBroadcastReceiver: onReceive Intent { act=android.intent.action.SERVICE_STATE flg=0x1000010 cmp=com.google.android.cellbroadcastreceiver/com.android.cellbroadcastreceiver.CellBroadcastReceiver (has extras) }
04-07 08:16:25.396 11870 11870 D CellBroadcastReceiver: onServiceStateChanged, ss: 0
04-07 08:16:25.396 11870 11870 D CellBroadcastReceiver: networkOperator: 405870
04-07 08:16:25.397 11870 11870 D CellBroadcastReceiver: update supported roaming operator as 
04-07 08:16:25.462 11870 11870 D CellBroadcastReceiver: onReceive Intent { act=android.intent.action.SERVICE_STATE flg=0x1000010 cmp=com.google.android.cellbroadcastreceiver/com.android.cellbroadcastreceiver.CellBroadcastReceiver (has extras) }
04-07 08:16:25.465 11870 11870 D CellBroadcastReceiver: onServiceStateChanged, ss: 0
04-07 08:16:25.466 11870 11870 D CellBroadcastReceiver: networkOperator: 405870
04-07 08:16:25.467 11870 11870 D CellBroadcastReceiver: update supported roaming operator as 
04-07 08:16:26.314 11870 11870 D CellBroadcastReceiver: onReceive Intent { act=android.intent.action.SERVICE_STATE flg=0x1000010 cmp=com.google.android.cellbroadcastreceiver/com.android.cellbroadcastreceiver.CellBroadcastReceiver (has extras) }
04-07 08:16:26.315 11870 11870 D CellBroadcastReceiver: onServiceStateChanged, ss: 0
04-07 08:16:26.315 11870 11870 D CellBroadcastReceiver: networkOperator: 405870
04-07 08:16:26.315 11870 11870 D CellBroadcastReceiver: update supported roaming operator as 
04-07 08:16:27.351 11870 11870 D CellBroadcastReceiver: onReceive Intent { act=android.intent.action.SERVICE_STATE flg=0x1000010 cmp=com.google.android.cellbroadcastreceiver/com.android.cellbroadcastreceiver.CellBroadcastReceiver (has extras) }
04-07 08:16:27.353 11870 11870 D CellBroadcastReceiver: onServiceStateChanged, ss: 0
04-07 08:16:27.353 11870 11870 D CellBroadcastReceiver: networkOperator: 405870
04-07 08:16:27.353 11870 11870 D CellBroadcastReceiver: update supported roaming operator as 
04-07 08:17:39.488 14447 16377 W System.err: android.content.pm.PackageManager$NameNotFoundException: com.ds.eventwish
04-07 08:17:39.493 14447 16377 W System.err: 	at android.app.ApplicationPackageManager.getPackageInfoAsUser(ApplicationPackageManager.java:317)
04-07 08:17:39.494 14447 16377 W System.err: 	at android.app.ApplicationPackageManager.getPackageInfo(ApplicationPackageManager.java:263)
04-07 08:17:39.496 14447 16377 W System.err: 	at android.app.ApplicationPackageManager.getPackageInfo(ApplicationPackageManager.java:257)
04-07 08:17:39.496 14447 16377 W System.err: 	at g2.a.c(AppInfoUtil.java:12)
04-07 08:17:39.498 14447 16377 W System.err: 	at i1.d.h(LogAnalysisManager.java:65)
04-07 08:17:39.499 14447 16377 W System.err: 	at o1.a.a(CopyAndAnalysisTask.java:99)
04-07 08:17:39.499 14447 16377 W System.err: 	at t1.b.run(InteractiveRunnable.java:7)
04-07 08:17:39.500 14447 16377 W System.err: 	at java.util.concurrent.Executors$RunnableAdapter.call(Executors.java:487)
04-07 08:17:39.501 14447 16377 W System.err: 	at java.util.concurrent.FutureTask.run(FutureTask.java:264)
04-07 08:17:39.502 14447 16377 W System.err: 	at java.util.concurrent.ThreadPoolExecutor.runWorker(ThreadPoolExecutor.java:1145)
04-07 08:17:39.503 14447 16377 W System.err: 	at java.util.concurrent.ThreadPoolExecutor$Worker.run(ThreadPoolExecutor.java:644)
04-07 08:17:39.504 14447 16377 W System.err: 	at java.lang.Thread.run(Thread.java:1012)
04-07 08:17:39.513 14447 16377 W System.err: android.content.pm.PackageManager$NameNotFoundException: com.ds.eventwish
04-07 08:17:39.515 14447 16377 W System.err: 	at android.app.ApplicationPackageManager.getPackageInfoAsUser(ApplicationPackageManager.java:317)
04-07 08:17:39.515 14447 16377 W System.err: 	at android.app.ApplicationPackageManager.getPackageInfo(ApplicationPackageManager.java:263)
04-07 08:17:39.515 14447 16377 W System.err: 	at android.app.ApplicationPackageManager.getPackageInfo(ApplicationPackageManager.java:257)
04-07 08:17:39.516 14447 16377 W System.err: 	at g2.a.c(AppInfoUtil.java:12)
04-07 08:17:39.516 14447 16377 W System.err: 	at i1.d.h(LogAnalysisManager.java:65)
04-07 08:17:39.516 14447 16377 W System.err: 	at o1.a.a(CopyAndAnalysisTask.java:99)
04-07 08:17:39.516 14447 16377 W System.err: 	at t1.b.run(InteractiveRunnable.java:7)
04-07 08:17:39.516 14447 16377 W System.err: 	at java.util.concurrent.Executors$RunnableAdapter.call(Executors.java:487)
04-07 08:17:39.516 14447 16377 W System.err: 	at java.util.concurrent.FutureTask.run(FutureTask.java:264)
04-07 08:17:39.516 14447 16377 W System.err: 	at java.util.concurrent.ThreadPoolExecutor.runWorker(ThreadPoolExecutor.java:1145)
04-07 08:17:39.516 14447 16377 W System.err: 	at java.util.concurrent.ThreadPoolExecutor$Worker.run(ThreadPoolExecutor.java:644)
04-07 08:17:39.516 14447 16377 W System.err: 	at java.lang.Thread.run(Thread.java:1012)
04-07 08:17:57.413  1760  2789 W BatteryStatsService: Unknown sensor handle 0 received in noteWakeupSensorEvent
04-07 08:18:09.733  1760  2789 W BatteryStatsService: Unknown sensor handle 0 received in noteWakeupSensorEvent
04-07 08:18:32.381  1760  4442 W BatteryStatsService: Unknown sensor handle 0 received in noteWakeupSensorEvent
04-07 08:18:44.941  1760  6709 W BatteryStatsService: Unknown sensor handle 0 received in noteWakeupSensorEvent
04-07 08:19:30.535 11870 11870 D CellBroadcastReceiver: onReceive Intent { act=android.intent.action.SERVICE_STATE flg=0x1000010 cmp=com.google.android.cellbroadcastreceiver/com.android.cellbroadcastreceiver.CellBroadcastReceiver (has extras) }
04-07 08:19:30.539 11870 11870 D CellBroadcastReceiver: onServiceStateChanged, ss: 0
04-07 08:19:30.540 11870 11870 D CellBroadcastReceiver: networkOperator: 405870
04-07 08:19:30.541 11870 11870 D CellBroadcastReceiver: update supported roaming operator as 
04-07 08:19:30.610 11870 11870 D CellBroadcastReceiver: onReceive Intent { act=android.intent.action.SERVICE_STATE flg=0x1000010 cmp=com.google.android.cellbroadcastreceiver/com.android.cellbroadcastreceiver.CellBroadcastReceiver (has extras) }
04-07 08:19:30.611 11870 11870 D CellBroadcastReceiver: onServiceStateChanged, ss: 0
04-07 08:19:30.612 11870 11870 D CellBroadcastReceiver: networkOperator: 405870
04-07 08:19:30.613 11870 11870 D CellBroadcastReceiver: update supported roaming operator as 
04-07 08:19:43.589 11870 11870 D CellBroadcastReceiver: onReceive Intent { act=android.intent.action.SERVICE_STATE flg=0x1000010 cmp=com.google.android.cellbroadcastreceiver/com.android.cellbroadcastreceiver.CellBroadcastReceiver (has extras) }
04-07 08:19:43.590 11870 11870 D CellBroadcastReceiver: onServiceStateChanged, ss: 0
04-07 08:19:43.592 11870 11870 D CellBroadcastReceiver: networkOperator: 405870
04-07 08:19:43.593 11870 11870 D CellBroadcastReceiver: update supported roaming operator as 
04-07 08:19:46.777 11870 11870 D CellBroadcastReceiver: onReceive Intent { act=android.intent.action.SERVICE_STATE flg=0x1000010 cmp=com.google.android.cellbroadcastreceiver/com.android.cellbroadcastreceiver.CellBroadcastReceiver (has extras) }
04-07 08:19:46.779 11870 11870 D CellBroadcastReceiver: onServiceStateChanged, ss: 0
04-07 08:19:46.780 11870 11870 D CellBroadcastReceiver: networkOperator: 405870
04-07 08:19:46.782 11870 11870 D CellBroadcastReceiver: update supported roaming operator as 
04-07 08:19:55.192 11870 11870 D CellBroadcastReceiver: onReceive Intent { act=android.intent.action.SERVICE_STATE flg=0x1000010 cmp=com.google.android.cellbroadcastreceiver/com.android.cellbroadcastreceiver.CellBroadcastReceiver (has extras) }
04-07 08:19:55.194 11870 11870 D CellBroadcastReceiver: onServiceStateChanged, ss: 0
04-07 08:19:55.194 11870 11870 D CellBroadcastReceiver: networkOperator: 405870
04-07 08:19:55.195 11870 11870 D CellBroadcastReceiver: update supported roaming operator as 
04-07 08:19:55.245 11870 11870 D CellBroadcastReceiver: onReceive Intent { act=android.intent.action.SERVICE_STATE flg=0x1000010 cmp=com.google.android.cellbroadcastreceiver/com.android.cellbroadcastreceiver.CellBroadcastReceiver (has extras) }
04-07 08:19:55.247 11870 11870 D CellBroadcastReceiver: onServiceStateChanged, ss: 0
04-07 08:19:55.247 11870 11870 D CellBroadcastReceiver: networkOperator: 405870
04-07 08:19:55.247 11870 11870 D CellBroadcastReceiver: update supported roaming operator as 
04-07 08:19:57.140 11870 11870 D CellBroadcastReceiver: onReceive Intent { act=android.intent.action.SERVICE_STATE flg=0x1000010 cmp=com.google.android.cellbroadcastreceiver/com.android.cellbroadcastreceiver.CellBroadcastReceiver (has extras) }
04-07 08:19:57.141 11870 11870 D CellBroadcastReceiver: onServiceStateChanged, ss: 0
04-07 08:19:57.142 11870 11870 D CellBroadcastReceiver: networkOperator: 405870
04-07 08:19:57.142 11870 11870 D CellBroadcastReceiver: update supported roaming operator as 
04-07 08:20:22.087 14654 14654 I id.apps.fitness: Using CollectorTypeCC GC.
04-07 08:20:22.091 14654 14654 E id.apps.fitness: Not starting debugger since process cannot load the jdwp agent.
04-07 08:20:22.094 14654 14654 D nativeloader: Load libframework-connectivity-tiramisu-jni.so using APEX ns com_android_tethering for caller /apex/com.android.tethering/javalib/framework-connectivity-t.jar: ok
04-07 08:20:22.119 14654 14654 D CompatibilityChangeReporter: Compat change id reported: 171979766; UID 10232; state: ENABLED
04-07 08:20:22.119 14654 14654 D CompatibilityChangeReporter: Compat change id reported: 242716250; UID 10232; state: ENABLED
04-07 08:20:22.143 14654 14654 D nativeloader: Configuring clns-4 for other apk /system/framework/org.apache.http.legacy.jar. target_sdk_version=35, uses_libraries=ALL, library_path=/data/app/~~rNWCG6b6bH6iM0z55U3ATQ==/com.google.android.apps.fitness-XwgRWwoKQsmqHDe_OZSxiA==/lib/arm64:/data/app/~~rNWCG6b6bH6iM0z55U3ATQ==/com.google.android.apps.fitness-XwgRWwoKQsmqHDe_OZSxiA==/base.apk!/lib/arm64-v8a, permitted_path=/data:/mnt/expand:/data/user/0/com.google.android.apps.fitness
04-07 08:20:22.143 14654 14654 D nativeloader: Extending system_exposed_libraries: libapuwareapusys.mtk.so:libapuwareapusys_v2.mtk.so:libapuwarexrp.mtk.so:libapuwarexrp_v2.mtk.so:libapuwareutils.mtk.so:libapuwareutils_v2.mtk.so:libapuwarehmp.mtk.so:libmcv_runtime_usdk.mtk.so:libneuron_graph_delegate.mtk.so:libneuronusdk_adapter.mtk.so:libtflite_mtk.mtk.so:libarmnn_ndk.mtk.so:libcmdl_ndk.mtk.so:libnir_neon_driver_ndk.mtk.so:libmvpu_runtime.mtk.so:libmvpu_runtime_pub.mtk.so:libmvpu_engine_pub.mtk.so:libmvpu_pattern_pub.mtk.so:libmvpuop_mtk_cv.mtk.so:libmvpuop_mtk_nn.mtk.so:libmvpu_runtime_25.mtk.so:libmvpu_runtime_25_pub.mtk.so:libmvpu_engine_25_pub.mtk.so:libmvpu_pattern_25_pub.mtk.so:libmvpuop25_mtk_cv.mtk.so:libmvpuop25_mtk_nn.mtk.so:libmvpu_config.mtk.so:libteeservice_client.trustonic.so
04-07 08:20:22.226 14654 14654 D nativeloader: Configuring clns-5 for other apk /data/app/~~rNWCG6b6bH6iM0z55U3ATQ==/com.google.android.apps.fitness-XwgRWwoKQsmqHDe_OZSxiA==/base.apk. target_sdk_version=35, uses_libraries=, library_path=/data/app/~~rNWCG6b6bH6iM0z55U3ATQ==/com.google.android.apps.fitness-XwgRWwoKQsmqHDe_OZSxiA==/lib/arm64:/data/app/~~rNWCG6b6bH6iM0z55U3ATQ==/com.google.android.apps.fitness-XwgRWwoKQsmqHDe_OZSxiA==/base.apk!/lib/arm64-v8a, permitted_path=/data:/mnt/expand:/data/user/0/com.google.android.apps.fitness
04-07 08:20:22.268  1760  2789 W BatteryStatsService: Unknown sensor handle 0 received in noteWakeupSensorEvent
04-07 08:20:22.276 14654 14654 D nativeloader: Load libframework-connectivity-jni.so using APEX ns com_android_tethering for caller /apex/com.android.tethering/javalib/framework-connectivity.jar: ok
04-07 08:20:22.284 14654 14654 V GraphicsEnvironment: Currently set values for:
04-07 08:20:22.284 14654 14654 V GraphicsEnvironment:   angle_gl_driver_selection_pkgs=[]
04-07 08:20:22.284 14654 14654 V GraphicsEnvironment:   angle_gl_driver_selection_values=[]
04-07 08:20:22.285 14654 14654 V GraphicsEnvironment: ANGLE GameManagerService for com.google.android.apps.fitness: false
04-07 08:20:22.285 14654 14654 V GraphicsEnvironment: com.google.android.apps.fitness is not listed in per-application setting
04-07 08:20:22.286 14654 14654 V GraphicsEnvironment: Neither updatable production driver nor prerelease driver is supported.
04-07 08:20:22.342 14654 14654 D CompatibilityChangeReporter: Compat change id reported: 3400644; UID 10232; state: ENABLED
04-07 08:20:22.563 14654 14692 V MediaExtractorFactory: MediaExtractorFactory::Create (null)
04-07 08:20:22.563 14654 14692 V MediaExtractorFactory: get service manager
04-07 08:20:22.577 14654 14693 V MediaExtractorFactory: MediaExtractorFactory::Create (null)
04-07 08:20:22.578 14654 14693 V MediaExtractorFactory: get service manager
04-07 08:20:22.604 14654 14692 D MediaCodec: CreateByType: pid -1(14654)
04-07 08:20:22.604 14654 14692 D MediaCodec: CreateByType: mime audio/vorbis, encoder 0 pid -1
04-07 08:20:22.604 14654 14692 D MediaCodec: get client pid:-1
04-07 08:20:22.604 14654 14692 D MediaCodec: can't get client name
04-07 08:20:22.615 14654 14692 D MediaCodecList: codecHandlesFormat: no format, so no extra checks
04-07 08:20:22.616 14654 14692 D MediaCodecList: codecHandlesFormat: no format, so no extra checks
04-07 08:20:22.622 14654 14693 D MediaCodec: CreateByType: pid -1(14654)
04-07 08:20:22.622 14654 14693 D MediaCodec: CreateByType: mime audio/vorbis, encoder 0 pid -1
04-07 08:20:22.622 14654 14693 D MediaCodec: get client pid:-1
04-07 08:20:22.622 14654 14693 D MediaCodec: can't get client name
04-07 08:20:22.625 14654 14693 D MediaCodecList: codecHandlesFormat: no format, so no extra checks
04-07 08:20:22.628 14654 14693 D MediaCodecList: codecHandlesFormat: no format, so no extra checks
04-07 08:20:22.631 14654 14692 D CCodecBufferChannel: mBufferCountDebug=0 mIsUserLoad=1
04-07 08:20:22.631 14654 14692 I CCodecBufferChannel: Constructor 0xb400006f2aee5600
04-07 08:20:22.631 14654 14692 I CCodecBufferChannel: mIsVivoLogEnable = 0
04-07 08:20:22.631 14654 14692 D MediaCodec: [0xb400006f1af23710] init: CCodec 0xb4000070aaed4780, CCodecBufferChannel 0xb400006f2aee5600
04-07 08:20:22.631 14654 14694 D MediaCodec: [0xb400006f1af23710] setState: 1
04-07 08:20:22.635 14654 14694 D CCodec  : allocate(c2.android.vorbis.decoder)
04-07 08:20:22.637 14654 14693 D CCodecBufferChannel: mBufferCountDebug=0 mIsUserLoad=1
04-07 08:20:22.637 14654 14693 I CCodecBufferChannel: Constructor 0xb400006f2aee1c10
04-07 08:20:22.637 14654 14693 I CCodecBufferChannel: mIsVivoLogEnable = 0
04-07 08:20:22.637 14654 14693 D MediaCodec: [0xb400006f1af2f9c0] init: CCodec 0xb4000070aaed83a0, CCodecBufferChannel 0xb400006f2aee1c10
04-07 08:20:22.639 14654 14696 D MediaCodec: [0xb400006f1af2f9c0] setState: 1
04-07 08:20:22.639 14654 14696 D CCodec  : allocate(c2.android.vorbis.decoder)
04-07 08:20:22.652 14654 14694 I Codec2Client: Available Codec2 services: "default" "software" "vivocodec"
04-07 08:20:22.661 14654 14694 I CCodec  : setting up 'default' as default (vendor) store
04-07 08:20:22.663 14654 14696 I CCodec  : setting up 'default' as default (vendor) store
04-07 08:20:22.690 14654 14696 I CCodec  : Created component [c2.android.vorbis.decoder]
04-07 08:20:22.690 14654 14696 D CCodecBufferChannel: [0xb400006f2aee1c10] setComponent: mName c2.android.vorbis.decoder#270, mPipelineWatcher 0xb400006f2aee20b8
04-07 08:20:22.691 14654 14696 D CCodecBufferChannel: PipelineWatcher debug info [c2.android.vorbis.decoder#270] enable=0
04-07 08:20:22.691 14654 14696 D CCodecConfig: read media type: audio/vorbis
04-07 08:20:22.692 14654 14694 I CCodec  : Created component [c2.android.vorbis.decoder]
04-07 08:20:22.692 14654 14694 D CCodecBufferChannel: [0xb400006f2aee5600] setComponent: mName c2.android.vorbis.decoder#329, mPipelineWatcher 0xb400006f2aee5aa8
04-07 08:20:22.692 14654 14694 D CCodecBufferChannel: PipelineWatcher debug info [c2.android.vorbis.decoder#329] enable=0
04-07 08:20:22.693 14654 14694 D CCodecConfig: read media type: audio/vorbis
04-07 08:20:22.695 14654 14696 D ReflectedParamUpdater: extent() != 1 for single value type: algo.buffers.max-count.values
04-07 08:20:22.696 14654 14696 D ReflectedParamUpdater: extent() != 1 for single value type: output.subscribed-indices.values
04-07 08:20:22.697 14654 14696 D ReflectedParamUpdater: extent() != 1 for single value type: input.buffers.allocator-ids.values
04-07 08:20:22.697 14654 14694 D ReflectedParamUpdater: extent() != 1 for single value type: algo.buffers.max-count.values
04-07 08:20:22.697 14654 14696 D ReflectedParamUpdater: extent() != 1 for single value type: output.buffers.allocator-ids.values
04-07 08:20:22.697 14654 14694 D ReflectedParamUpdater: extent() != 1 for single value type: output.subscribed-indices.values
04-07 08:20:22.698 14654 14696 D ReflectedParamUpdater: extent() != 1 for single value type: algo.buffers.allocator-ids.values
04-07 08:20:22.698 14654 14694 D ReflectedParamUpdater: extent() != 1 for single value type: input.buffers.allocator-ids.values
04-07 08:20:22.698 14654 14694 D ReflectedParamUpdater: extent() != 1 for single value type: output.buffers.allocator-ids.values
04-07 08:20:22.699 14654 14696 D ReflectedParamUpdater: extent() != 1 for single value type: output.buffers.pool-ids.values
04-07 08:20:22.700 14654 14696 D ReflectedParamUpdater: extent() != 1 for single value type: algo.buffers.pool-ids.values
04-07 08:20:22.703 14654 14694 D ReflectedParamUpdater: extent() != 1 for single value type: algo.buffers.allocator-ids.values
04-07 08:20:22.704 14654 14696 I CCodecConfig: query failed after returning 7 values (BAD_INDEX)
04-07 08:20:22.705 14654 14694 D ReflectedParamUpdater: extent() != 1 for single value type: output.buffers.pool-ids.values
04-07 08:20:22.705 14654 14696 D MediaCodec: [0xb400006f1af2f9c0] setState: 2
04-07 08:20:22.705 14654 14694 D ReflectedParamUpdater: extent() != 1 for single value type: algo.buffers.pool-ids.values
04-07 08:20:22.709 14654 14694 I CCodecConfig: query failed after returning 7 values (BAD_INDEX)
04-07 08:20:22.709 14654 14693 D MediaCodec: mInitName[c2.android.vorbis.decoder], mMediacodec[0xb400006f1af2f9c0], mCodec[0xb4000070aaed83a0], mBufferChannel[0xb400006f2aee1c10]
04-07 08:20:22.710 14654 14694 D MediaCodec: [0xb400006f1af23710] setState: 2
04-07 08:20:22.710 14654 14693 D MediaCodec: [0xb400006f1af2f9c0] [c2.android.vorbis.decoder] configure
04-07 08:20:22.712 14654 14692 D MediaCodec: mInitName[c2.android.vorbis.decoder], mMediacodec[0xb400006f1af23710], mCodec[0xb4000070aaed4780], mBufferChannel[0xb400006f2aee5600]
04-07 08:20:22.712 14654 14692 D MediaCodec: [0xb400006f1af23710] [c2.android.vorbis.decoder] configure
04-07 08:20:22.712 14654 14694 D MediaCodec: flushMediametrics
04-07 08:20:22.712 14654 14696 D MediaCodec: flushMediametrics
04-07 08:20:22.712 14654 14694 D MediaCodec: [0xb400006f1af23710] setState: 3
04-07 08:20:22.713 14654 14696 D MediaCodec: [0xb400006f1af2f9c0] setState: 3
04-07 08:20:22.713 14654 14694 D CCodec  : [c2.android.vorbis.decoder] buffers are bound to CCodec for this session
04-07 08:20:22.713 14654 14696 D CCodec  : [c2.android.vorbis.decoder] buffers are bound to CCodec for this session
04-07 08:20:22.715 14654 14696 W Codec2Client: query -- param skipped: index = 1107298332.
04-07 08:20:22.716 14654 14694 W Codec2Client: query -- param skipped: index = 1107298332.
04-07 08:20:22.716 14654 14694 D CCodec  : encoding statistics level = 0
04-07 08:20:22.716 14654 14694 D CCodec  : setup formats input: AMessage(what = 0x00000000) = {
04-07 08:20:22.716 14654 14694 D CCodec  :   int32_t bitrate = 120000
04-07 08:20:22.716 14654 14694 D CCodec  :   int32_t channel-count = 1
04-07 08:20:22.716 14654 14694 D CCodec  :   int32_t max-input-size = 32768
04-07 08:20:22.716 14654 14694 D CCodec  :   string mime = "audio/vorbis"
04-07 08:20:22.716 14654 14694 D CCodec  :   int32_t sample-rate = 48000
04-07 08:20:22.716 14654 14694 D CCodec  : }
04-07 08:20:22.716 14654 14694 D CCodec  : setup formats output: AMessage(what = 0x00000000) = {
04-07 08:20:22.716 14654 14694 D CCodec  :   int32_t bitrate = 120000
04-07 08:20:22.716 14654 14694 D CCodec  :   int32_t channel-count = 1
04-07 08:20:22.716 14654 14694 D CCodec  :   string mime = "audio/raw"
04-07 08:20:22.716 14654 14694 D CCodec  :   int32_t sample-rate = 48000
04-07 08:20:22.716 14654 14694 D CCodec  :   int32_t channel-mask = 1
04-07 08:20:22.716 14654 14694 D CCodec  :   int32_t android._config-pcm-encoding = 2
04-07 08:20:22.716 14654 14694 D CCodec  : }
04-07 08:20:22.717 14654 14694 I CCodecConfig: query failed after returning 7 values (BAD_INDEX)
04-07 08:20:22.717 14654 14694 D MediaCodec: [0xb400006f1af23710] setState: 4
04-07 08:20:22.717 14654 14694 D MediaCodec: [0xb400006f1af23710] setState: 5
04-07 08:20:22.718 14654 14694 W Codec2Client: query -- param skipped: index = 1342179345.
04-07 08:20:22.718 14654 14694 W Codec2Client: query -- param skipped: index = 2415921170.
04-07 08:20:22.719 14654 14694 I CCodecBufferChannel: mIsVivoLogEnable = 0
04-07 08:20:22.719 14654 14694 D C2Store : Using ION
04-07 08:20:22.721 14654 14694 D CCodecBufferChannel: [c2.android.vorbis.decoder#329] Created input block pool with allocatorID 16 => poolID 17 - OK (0)
04-07 08:20:22.724 14654 14696 D CCodec  : encoding statistics level = 0
04-07 08:20:22.724 14654 14686 D CompatibilityChangeReporter: Compat change id reported: 160794467; UID 10232; state: ENABLED
04-07 08:20:22.727 14654 14696 D CCodec  : setup formats input: AMessage(what = 0x00000000) = {
04-07 08:20:22.727 14654 14696 D CCodec  :   int32_t bitrate = 120000
04-07 08:20:22.727 14654 14696 D CCodec  :   int32_t channel-count = 1
04-07 08:20:22.727 14654 14696 D CCodec  :   int32_t max-input-size = 32768
04-07 08:20:22.727 14654 14696 D CCodec  :   string mime = "audio/vorbis"
04-07 08:20:22.727 14654 14696 D CCodec  :   int32_t sample-rate = 48000
04-07 08:20:22.727 14654 14696 D CCodec  : }
04-07 08:20:22.727 14654 14694 I CCodecBufferChannel: [c2.android.vorbis.decoder#329] Created output block pool with allocatorID 16 => poolID 48688 - OK
04-07 08:20:22.728 14654 14694 D CCodecBufferChannel: [c2.android.vorbis.decoder#329] Configured output block pool ids 48688 => OK
04-07 08:20:22.728 14654 14694 D CCodecBufferChannel: [0xb400006f2aee5600] [c2.android.vorbis.decoder#329] start: output->outputDelay 0, output->numSlots 4
04-07 08:20:22.729 14654 14694 D CCodecBuffers: [c2.android.vorbis.decoder#329:1D-Output.Impl[N]] converted 0 buffers to array mode of 4
04-07 08:20:22.729 14654 14696 D CCodec  : setup formats output: AMessage(what = 0x00000000) = {
04-07 08:20:22.729 14654 14696 D CCodec  :   int32_t bitrate = 120000
04-07 08:20:22.729 14654 14696 D CCodec  :   int32_t channel-count = 1
04-07 08:20:22.729 14654 14696 D CCodec  :   string mime = "audio/raw"
04-07 08:20:22.729 14654 14696 D CCodec  :   int32_t sample-rate = 48000
04-07 08:20:22.729 14654 14696 D CCodec  :   int32_t channel-mask = 1
04-07 08:20:22.729 14654 14696 D CCodec  :   int32_t android._config-pcm-encoding = 2
04-07 08:20:22.729 14654 14696 D CCodec  : }
04-07 08:20:22.730 14654 14696 I CCodecConfig: query failed after returning 7 values (BAD_INDEX)
04-07 08:20:22.731 14654 14696 D MediaCodec: [0xb400006f1af2f9c0] setState: 4
04-07 08:20:22.731 14654 14696 D MediaCodec: [0xb400006f1af2f9c0] setState: 5
04-07 08:20:22.731 14654 14694 E ion     : ioctl c0044901 failed with code -1: Invalid argument
04-07 08:20:22.732 14654 14696 W Codec2Client: query -- param skipped: index = 1342179345.
04-07 08:20:22.732 14654 14696 W Codec2Client: query -- param skipped: index = 2415921170.
04-07 08:20:22.733 14654 14696 I CCodecBufferChannel: mIsVivoLogEnable = 0
04-07 08:20:22.734 14654 14696 D CCodecBufferChannel: [c2.android.vorbis.decoder#270] Created input block pool with allocatorID 16 => poolID 18 - OK (0)
04-07 08:20:22.736 14654 14696 I CCodecBufferChannel: [c2.android.vorbis.decoder#270] Created output block pool with allocatorID 16 => poolID 48689 - OK
04-07 08:20:22.737 14654 14694 D MediaCodec: [0xb400006f1af23710] setState: 6
04-07 08:20:22.737 14654 14696 D CCodecBufferChannel: [c2.android.vorbis.decoder#270] Configured output block pool ids 48689 => OK
04-07 08:20:22.737 14654 14696 D CCodecBufferChannel: [0xb400006f2aee1c10] [c2.android.vorbis.decoder#270] start: output->outputDelay 0, output->numSlots 4
04-07 08:20:22.738 14654 14696 D CCodecBuffers: [c2.android.vorbis.decoder#270:1D-Output.Impl[N]] converted 0 buffers to array mode of 4
04-07 08:20:22.741 14654 14696 D MediaCodec: [0xb400006f1af2f9c0] setState: 6
04-07 08:20:22.747 14654 14694 D CCodecBuffers: [c2.android.vorbis.decoder#329:1D-Input.Impl[N]] converted 4 buffers to array mode of 4
04-07 08:20:22.751 14654 14696 D CCodecBuffers: [c2.android.vorbis.decoder#270:1D-Input.Impl[N]] converted 4 buffers to array mode of 4
04-07 08:20:22.761 14654 14694 I MediaCodec: [c2.android.vorbis.decoder] output format changed to: AMessage(what = 0x00000000) = {
04-07 08:20:22.761 14654 14694 I MediaCodec:       int32_t bitrate = 120000
04-07 08:20:22.761 14654 14694 I MediaCodec:       int32_t channel-count = 1
04-07 08:20:22.761 14654 14694 I MediaCodec:       string mime = "audio/raw"
