04-07 08:13:01.267 10035 11631 I okhttp.OkHttpClient: {"adUnitId":"test_ad_unit_id","context":{"testMode":true,"screenName":"TestAdActivity","timestamp":1743993781249}}
04-07 08:13:01.268 10035 11631 I okhttp.OkHttpClient: --> END POST (114-byte body)
04-07 08:13:01.270 10035 11567 I gralloc4: @set_metadata: update dataspace from GM (0x00000000 -> 0x08010000)
04-07 08:13:01.689 10035 11631 I okhttp.OkHttpClient: <-- 401 https://eventwish2.onrender.com/api/admob/click (420ms)
04-07 08:13:01.689 10035 11631 I okhttp.OkHttpClient: date: Mon, 07 Apr 2025 02:43:02 GMT
04-07 08:13:01.689 10035 11631 I okhttp.OkHttpClient: content-type: application/json; charset=utf-8
04-07 08:13:01.689 10035 11631 I okhttp.OkHttpClient: access-control-allow-origin: *
04-07 08:13:01.689 10035 11631 I okhttp.OkHttpClient: content-security-policy: default-src 'self';script-src 'self' 'unsafe-inline' 'unsafe-hashes' https://cdn.jsdelivr.net;script-src-attr 'unsafe-inline';connect-src 'self' https://api.eventwish.com https://eventwish2.onrender.com;style-src 'self' 'unsafe-inline' https://cdn.jsdelivr.net;img-src 'self' data: https://via.placeholder.com;font-src 'self' https://cdn.jsdelivr.net;base-uri 'self';form-action 'self';frame-ancestors 'self';object-src 'none';upgrade-insecure-requests
04-07 08:13:01.689 10035 11631 I okhttp.OkHttpClient: cross-origin-opener-policy: same-origin
04-07 08:13:01.689 10035 11631 I okhttp.OkHttpClient: cross-origin-resource-policy: same-origin
04-07 08:13:01.689 10035 11631 I okhttp.OkHttpClient: etag: W/"58-GGvPw5G3EW+ylh8zJiuQ8GFC7vc"
04-07 08:13:01.689 10035 11631 I okhttp.OkHttpClient: origin-agent-cluster: ?1
04-07 08:13:01.689 10035 11631 I okhttp.OkHttpClient: ratelimit-limit: 100
04-07 08:13:01.689 10035 11631 I okhttp.OkHttpClient: ratelimit-policy: 100;w=900
04-07 08:13:01.689 10035 11631 I okhttp.OkHttpClient: ratelimit-remaining: 82
04-07 08:13:01.689 10035 11631 I okhttp.OkHttpClient: ratelimit-reset: 824
04-07 08:13:01.689 10035 11631 I okhttp.OkHttpClient: referrer-policy: no-referrer
04-07 08:13:01.689 10035 11631 I okhttp.OkHttpClient: rndr-id: 52a56c4a-b1fd-4af5
04-07 08:13:01.689 10035 11631 I okhttp.OkHttpClient: strict-transport-security: max-age=15552000; includeSubDomains
04-07 08:13:01.689 10035 11631 I okhttp.OkHttpClient: vary: Accept-Encoding
04-07 08:13:01.690 10035 11631 I okhttp.OkHttpClient: vary: Accept-Encoding
04-07 08:13:01.690 10035 11631 I okhttp.OkHttpClient: x-content-type-options: nosniff
04-07 08:13:01.690 10035 11631 I okhttp.OkHttpClient: x-dns-prefetch-control: off
04-07 08:13:01.690 10035 11631 I okhttp.OkHttpClient: x-download-options: noopen
04-07 08:13:01.690 10035 11631 I okhttp.OkHttpClient: x-frame-options: SAMEORIGIN
04-07 08:13:01.690 10035 11631 I okhttp.OkHttpClient: x-permitted-cross-domain-policies: none
04-07 08:13:01.690 10035 11631 I okhttp.OkHttpClient: x-render-origin-server: Render
04-07 08:13:01.690 10035 11631 I okhttp.OkHttpClient: x-xss-protection: 0
04-07 08:13:01.690 10035 11631 I okhttp.OkHttpClient: cf-cache-status: DYNAMIC
04-07 08:13:01.690 10035 11631 I okhttp.OkHttpClient: server: cloudflare
04-07 08:13:01.690 10035 11631 I okhttp.OkHttpClient: cf-ray: 92c62cd27e4d33c6-DEL
04-07 08:13:01.690 10035 11631 I okhttp.OkHttpClient: alt-svc: h3=":443"; ma=86400
04-07 08:13:01.691 10035 11631 I okhttp.OkHttpClient: {"success":false,"message":"App signature is not valid","error":"APP_SIGNATURE_INVALID"}
04-07 08:13:01.691 10035 11631 I okhttp.OkHttpClient: <-- END HTTP (88-byte body)
04-07 08:13:01.691 10035 10035 D TestAdActivity: Click recorded: false
04-07 08:13:01.691 10035 10035 D TestAdActivity: Status updated: Click test: Failed
04-07 08:13:01.694 10035 11631 D ApiClient: API Request: https://eventwish2.onrender.com/api/admob/reward
04-07 08:13:01.694 10035 11631 D ApiClient: API Key: ew_dev_c1c...
04-07 08:13:01.694 10035 11631 D ApiClient: Headers: x-app-signature: test_signature
04-07 08:13:01.694 10035 11631 D ApiClient: Content-Type: application/json
04-07 08:13:01.694 10035 11631 D ApiClient: x-api-key: ew_dev_c1ce47afeff9fa8b7b1aa165562cb915
04-07 08:13:01.694 10035 11631 D ApiClient: x-device-id: 93e81b95f9f2c74a4b0124f784fe34327066c5c0f8a4c51c00a11a68c831b49e
04-07 08:13:01.694 10035 11631 I okhttp.OkHttpClient: --> POST https://eventwish2.onrender.com/api/admob/reward
04-07 08:13:01.694 10035 11631 I okhttp.OkHttpClient: Content-Length: 56
04-07 08:13:01.694 10035 11631 I okhttp.OkHttpClient: x-app-signature: test_signature
04-07 08:13:01.694 10035 11631 I okhttp.OkHttpClient: Content-Type: application/json
04-07 08:13:01.694 10035 11631 I okhttp.OkHttpClient: x-api-key: ew_dev_c1ce47afeff9fa8b7b1aa165562cb915
04-07 08:13:01.694 10035 11631 I okhttp.OkHttpClient: x-device-id: 93e81b95f9f2c74a4b0124f784fe34327066c5c0f8a4c51c00a11a68c831b49e
04-07 08:13:01.694 10035 11631 I okhttp.OkHttpClient: {"adUnitId":"test_ad_unit_id","timestamp":1743993781692}
04-07 08:13:01.694 10035 11631 I okhttp.OkHttpClient: --> END POST (56-byte body)
04-07 08:13:01.699 10035 11567 I gralloc4: @set_metadata: update dataspace from GM (0x00000000 -> 0x08010000)
04-07 08:13:02.171 10035 11631 I okhttp.OkHttpClient: <-- 401 https://eventwish2.onrender.com/api/admob/reward (476ms)
04-07 08:13:02.171 10035 11631 I okhttp.OkHttpClient: date: Mon, 07 Apr 2025 02:43:02 GMT
04-07 08:13:02.171 10035 11631 I okhttp.OkHttpClient: content-type: application/json; charset=utf-8
04-07 08:13:02.172 10035 11631 I okhttp.OkHttpClient: access-control-allow-origin: *
04-07 08:13:02.172 10035 11631 I okhttp.OkHttpClient: content-security-policy: default-src 'self';script-src 'self' 'unsafe-inline' 'unsafe-hashes' https://cdn.jsdelivr.net;script-src-attr 'unsafe-inline';connect-src 'self' https://api.eventwish.com https://eventwish2.onrender.com;style-src 'self' 'unsafe-inline' https://cdn.jsdelivr.net;img-src 'self' data: https://via.placeholder.com;font-src 'self' https://cdn.jsdelivr.net;base-uri 'self';form-action 'self';frame-ancestors 'self';object-src 'none';upgrade-insecure-requests
04-07 08:13:02.172 10035 11631 I okhttp.OkHttpClient: cross-origin-opener-policy: same-origin
04-07 08:13:02.172 10035 11631 I okhttp.OkHttpClient: cross-origin-resource-policy: same-origin
04-07 08:13:02.172 10035 11631 I okhttp.OkHttpClient: etag: W/"58-GGvPw5G3EW+ylh8zJiuQ8GFC7vc"
04-07 08:13:02.172 10035 11631 I okhttp.OkHttpClient: origin-agent-cluster: ?1
04-07 08:13:02.172 10035 11631 I okhttp.OkHttpClient: ratelimit-limit: 100
04-07 08:13:02.172 10035 11631 I okhttp.OkHttpClient: ratelimit-policy: 100;w=900
04-07 08:13:02.172 10035 11631 I okhttp.OkHttpClient: ratelimit-remaining: 94
04-07 08:13:02.172 10035 11631 I okhttp.OkHttpClient: ratelimit-reset: 651
04-07 08:13:02.173 10035 11631 I okhttp.OkHttpClient: referrer-policy: no-referrer
04-07 08:13:02.173 10035 11631 I okhttp.OkHttpClient: rndr-id: 28a14bf7-0ead-4293
04-07 08:13:02.173 10035 11631 I okhttp.OkHttpClient: strict-transport-security: max-age=15552000; includeSubDomains
04-07 08:13:02.173 10035 11631 I okhttp.OkHttpClient: vary: Accept-Encoding
04-07 08:13:02.173 10035 11631 I okhttp.OkHttpClient: vary: Accept-Encoding
04-07 08:13:02.173 10035 11631 I okhttp.OkHttpClient: x-content-type-options: nosniff
04-07 08:13:02.173 10035 11631 I okhttp.OkHttpClient: x-dns-prefetch-control: off
04-07 08:13:02.173 10035 11631 I okhttp.OkHttpClient: x-download-options: noopen
04-07 08:13:02.173 10035 11631 I okhttp.OkHttpClient: x-frame-options: SAMEORIGIN
04-07 08:13:02.173 10035 11631 I okhttp.OkHttpClient: x-permitted-cross-domain-policies: none
04-07 08:13:02.174 10035 11631 I okhttp.OkHttpClient: x-render-origin-server: Render
04-07 08:13:02.174 10035 11631 I okhttp.OkHttpClient: x-xss-protection: 0
04-07 08:13:02.174 10035 11631 I okhttp.OkHttpClient: cf-cache-status: DYNAMIC
04-07 08:13:02.174 10035 11631 I okhttp.OkHttpClient: server: cloudflare
04-07 08:13:02.174 10035 11631 I okhttp.OkHttpClient: cf-ray: 92c62cd52f0033c6-DEL
04-07 08:13:02.174 10035 11631 I okhttp.OkHttpClient: alt-svc: h3=":443"; ma=86400
04-07 08:13:02.175 10035 11631 I okhttp.OkHttpClient: {"success":false,"message":"App signature is not valid","error":"APP_SIGNATURE_INVALID"}
04-07 08:13:02.175 10035 11631 I okhttp.OkHttpClient: <-- END HTTP (88-byte body)
04-07 08:13:02.176 10035 10035 D TestAdActivity: Reward processed: false
04-07 08:13:02.177 10035 10035 D TestAdActivity: Status updated: Reward test: Failed
04-07 08:13:02.182 10035 11631 D ApiClient: API Request: https://eventwish2.onrender.com/api/admob/engagement
04-07 08:13:02.182 10035 11631 D ApiClient: API Key: ew_dev_c1c...
04-07 08:13:02.182 10035 11631 D ApiClient: Headers: x-app-signature: test_signature
04-07 08:13:02.182 10035 11631 D ApiClient: Content-Type: application/json
04-07 08:13:02.182 10035 11631 D ApiClient: x-api-key: ew_dev_c1ce47afeff9fa8b7b1aa165562cb915
04-07 08:13:02.182 10035 11631 D ApiClient: x-device-id: 93e81b95f9f2c74a4b0124f784fe34327066c5c0f8a4c51c00a11a68c831b49e
04-07 08:13:02.182 10035 11631 I okhttp.OkHttpClient: --> POST https://eventwish2.onrender.com/api/admob/engagement
04-07 08:13:02.183 10035 11631 I okhttp.OkHttpClient: Content-Length: 84
04-07 08:13:02.183 10035 11631 I okhttp.OkHttpClient: x-app-signature: test_signature
04-07 08:13:02.183 10035 11631 I okhttp.OkHttpClient: Content-Type: application/json
04-07 08:13:02.183 10035 11631 I okhttp.OkHttpClient: x-api-key: ew_dev_c1ce47afeff9fa8b7b1aa165562cb915
04-07 08:13:02.183 10035 11631 I okhttp.OkHttpClient: x-device-id: 93e81b95f9f2c74a4b0124f784fe34327066c5c0f8a4c51c00a11a68c831b49e
04-07 08:13:02.184 10035 11631 I okhttp.OkHttpClient: {"adUnitId":"test_ad_unit_id","type":"view","duration":30,"timestamp":1743993782177}
04-07 08:13:02.184 10035 11631 I okhttp.OkHttpClient: --> END POST (84-byte body)
04-07 08:13:02.202 10035 11567 I gralloc4: @set_metadata: update dataspace from GM (0x00000000 -> 0x08010000)
04-07 08:13:02.649 10035 11631 I okhttp.OkHttpClient: <-- 401 https://eventwish2.onrender.com/api/admob/engagement (464ms)
04-07 08:13:02.649 10035 11631 I okhttp.OkHttpClient: date: Mon, 07 Apr 2025 02:43:03 GMT
04-07 08:13:02.649 10035 11631 I okhttp.OkHttpClient: content-type: application/json; charset=utf-8
04-07 08:13:02.649 10035 11631 I okhttp.OkHttpClient: access-control-allow-origin: *
04-07 08:13:02.649 10035 11631 I okhttp.OkHttpClient: content-security-policy: default-src 'self';script-src 'self' 'unsafe-inline' 'unsafe-hashes' https://cdn.jsdelivr.net;script-src-attr 'unsafe-inline';connect-src 'self' https://api.eventwish.com https://eventwish2.onrender.com;style-src 'self' 'unsafe-inline' https://cdn.jsdelivr.net;img-src 'self' data: https://via.placeholder.com;font-src 'self' https://cdn.jsdelivr.net;base-uri 'self';form-action 'self';frame-ancestors 'self';object-src 'none';upgrade-insecure-requests
04-07 08:13:02.649 10035 11631 I okhttp.OkHttpClient: cross-origin-opener-policy: same-origin
04-07 08:13:02.649 10035 11631 I okhttp.OkHttpClient: cross-origin-resource-policy: same-origin
04-07 08:13:02.649 10035 11631 I okhttp.OkHttpClient: etag: W/"58-GGvPw5G3EW+ylh8zJiuQ8GFC7vc"
04-07 08:13:02.649 10035 11631 I okhttp.OkHttpClient: origin-agent-cluster: ?1
04-07 08:13:02.649 10035 11631 I okhttp.OkHttpClient: ratelimit-limit: 100
04-07 08:13:02.649 10035 11631 I okhttp.OkHttpClient: ratelimit-policy: 100;w=900
04-07 08:13:02.649 10035 11631 I okhttp.OkHttpClient: ratelimit-remaining: 81
04-07 08:13:02.649 10035 11631 I okhttp.OkHttpClient: ratelimit-reset: 823
04-07 08:13:02.649 10035 11631 I okhttp.OkHttpClient: referrer-policy: no-referrer
04-07 08:13:02.650 10035 11631 I okhttp.OkHttpClient: rndr-id: 2c90cee7-d7c5-4bbf
04-07 08:13:02.650 10035 11631 I okhttp.OkHttpClient: strict-transport-security: max-age=15552000; includeSubDomains
04-07 08:13:02.650 10035 11631 I okhttp.OkHttpClient: vary: Accept-Encoding
04-07 08:13:02.650 10035 11631 I okhttp.OkHttpClient: vary: Accept-Encoding
04-07 08:13:02.650 10035 11631 I okhttp.OkHttpClient: x-content-type-options: nosniff
04-07 08:13:02.650 10035 11631 I okhttp.OkHttpClient: x-dns-prefetch-control: off
04-07 08:13:02.650 10035 11631 I okhttp.OkHttpClient: x-download-options: noopen
04-07 08:13:02.650 10035 11631 I okhttp.OkHttpClient: x-frame-options: SAMEORIGIN
04-07 08:13:02.650 10035 11631 I okhttp.OkHttpClient: x-permitted-cross-domain-policies: none
04-07 08:13:02.650 10035 11631 I okhttp.OkHttpClient: x-render-origin-server: Render
04-07 08:13:02.650 10035 11631 I okhttp.OkHttpClient: x-xss-protection: 0
04-07 08:13:02.650 10035 11631 I okhttp.OkHttpClient: cf-cache-status: DYNAMIC
04-07 08:13:02.650 10035 11631 I okhttp.OkHttpClient: server: cloudflare
04-07 08:13:02.650 10035 11631 I okhttp.OkHttpClient: cf-ray: 92c62cd84fe833c6-DEL
04-07 08:13:02.650 10035 11631 I okhttp.OkHttpClient: alt-svc: h3=":443"; ma=86400
04-07 08:13:02.651 10035 11631 I okhttp.OkHttpClient: {"success":false,"message":"App signature is not valid","error":"APP_SIGNATURE_INVALID"}
04-07 08:13:02.651 10035 11631 I okhttp.OkHttpClient: <-- END HTTP (88-byte body)
04-07 08:13:02.652 10035 10035 D TestAdActivity: Engagement tracked: false
04-07 08:13:02.653 10035 10035 D TestAdActivity: Status updated: Engagement test: Failed
04-07 08:13:02.653 10035 10035 D TestAdActivity: Status updated: Backend API tests completed
04-07 08:13:02.653 10035 10035 D TestAdActivity: See logs for details
04-07 08:13:02.668 10035 11567 I gralloc4: @set_metadata: update dataspace from GM (0x00000000 -> 0x08010000)
04-07 08:13:02.694 10035 11567 I gralloc4: @set_metadata: update dataspace from GM (0x00000000 -> 0x08010000)
04-07 08:13:04.626 10035 10035 D AdMobRepository: Throttling request, too soon since last request
04-07 08:13:07.207  1760  1819 W BatteryStatsService: Unknown sensor handle 0 received in noteWakeupSensorEvent
