04-07 08:12:40.030 10035 11631 I okhttp.OkHttpClient: x-frame-options: SAMEORIGIN
04-07 08:12:40.031 10035 11631 I okhttp.OkHttpClient: x-permitted-cross-domain-policies: none
04-07 08:12:40.031 10035 11631 I okhttp.OkHttpClient: x-render-origin-server: Render
04-07 08:12:40.031 10035 11631 I okhttp.OkHttpClient: x-xss-protection: 0
04-07 08:12:40.031 10035 11631 I okhttp.OkHttpClient: cf-cache-status: DYNAMIC
04-07 08:12:40.031 10035 11631 I okhttp.OkHttpClient: server: cloudflare
04-07 08:12:40.031 10035 11631 I okhttp.OkHttpClient: cf-ray: 92c62c4b9d2333c6-DEL
04-07 08:12:40.032 10035 11631 I okhttp.OkHttpClient: alt-svc: h3=":443"; ma=86400
04-07 08:12:40.032 10035 11567 I gralloc4: @set_metadata: update dataspace from GM (0x00000000 -> 0x08010000)
04-07 08:12:40.033 10035 11631 I okhttp.OkHttpClient: {"success":false,"message":"App signature is not valid","error":"APP_SIGNATURE_INVALID"}
04-07 08:12:40.033 10035 11631 I okhttp.OkHttpClient: <-- END HTTP (88-byte body)
04-07 08:12:40.035 10035 10035 D TestAdActivity: Reward processed: false
04-07 08:12:40.038 10035 10035 D TestAdActivity: Status updated: Reward test: Failed
04-07 08:12:40.046 10035 11631 D ApiClient: API Request: https://eventwish2.onrender.com/api/admob/engagement
04-07 08:12:40.046 10035 11631 D ApiClient: API Key: ew_dev_c1c...
04-07 08:12:40.046 10035 11631 D ApiClient: Headers: x-app-signature: test_signature
04-07 08:12:40.046 10035 11631 D ApiClient: Content-Type: application/json
04-07 08:12:40.046 10035 11631 D ApiClient: x-api-key: ew_dev_c1ce47afeff9fa8b7b1aa165562cb915
04-07 08:12:40.046 10035 11631 D ApiClient: x-device-id: 93e81b95f9f2c74a4b0124f784fe34327066c5c0f8a4c51c00a11a68c831b49e
04-07 08:12:40.046 10035 11631 I okhttp.OkHttpClient: --> POST https://eventwish2.onrender.com/api/admob/engagement
04-07 08:12:40.047 10035 11631 I okhttp.OkHttpClient: Content-Length: 84
04-07 08:12:40.047 10035 11631 I okhttp.OkHttpClient: x-app-signature: test_signature
04-07 08:12:40.047 10035 11631 I okhttp.OkHttpClient: Content-Type: application/json
04-07 08:12:40.047 10035 11631 I okhttp.OkHttpClient: x-api-key: ew_dev_c1ce47afeff9fa8b7b1aa165562cb915
04-07 08:12:40.047 10035 11631 I okhttp.OkHttpClient: x-device-id: 93e81b95f9f2c74a4b0124f784fe34327066c5c0f8a4c51c00a11a68c831b49e
04-07 08:12:40.048 10035 11567 I gralloc4: @set_metadata: update dataspace from GM (0x00000000 -> 0x08010000)
04-07 08:12:40.048 10035 11631 I okhttp.OkHttpClient: {"adUnitId":"test_ad_unit_id","type":"view","duration":30,"timestamp":1743993760039}
04-07 08:12:40.048 10035 11631 I okhttp.OkHttpClient: --> END POST (84-byte body)
04-07 08:12:40.065 10035 11567 I gralloc4: @set_metadata: update dataspace from GM (0x00000000 -> 0x08010000)
04-07 08:12:40.083 10035 11567 I gralloc4: @set_metadata: update dataspace from GM (0x00000000 -> 0x08010000)
04-07 08:12:40.096 10035 11567 I gralloc4: @set_metadata: update dataspace from GM (0x00000000 -> 0x08010000)
04-07 08:12:40.115 10035 11567 I gralloc4: @set_metadata: update dataspace from GM (0x00000000 -> 0x08010000)
04-07 08:12:40.133 10035 11567 I gralloc4: @set_metadata: update dataspace from GM (0x00000000 -> 0x08010000)
04-07 08:12:40.148 10035 11567 I gralloc4: @set_metadata: update dataspace from GM (0x00000000 -> 0x08010000)
04-07 08:12:40.165 10035 11567 I gralloc4: @set_metadata: update dataspace from GM (0x00000000 -> 0x08010000)
04-07 08:12:40.182 10035 11567 I gralloc4: @set_metadata: update dataspace from GM (0x00000000 -> 0x08010000)
04-07 08:12:40.198 10035 11567 I gralloc4: @set_metadata: update dataspace from GM (0x00000000 -> 0x08010000)
04-07 08:12:40.214 10035 11567 I gralloc4: @set_metadata: update dataspace from GM (0x00000000 -> 0x08010000)
04-07 08:12:40.231 10035 11567 I gralloc4: @set_metadata: update dataspace from GM (0x00000000 -> 0x08010000)
04-07 08:12:40.248 10035 11567 I gralloc4: @set_metadata: update dataspace from GM (0x00000000 -> 0x08010000)
04-07 08:12:40.264 10035 11567 I gralloc4: @set_metadata: update dataspace from GM (0x00000000 -> 0x08010000)
04-07 08:12:40.281 10035 11567 I gralloc4: @set_metadata: update dataspace from GM (0x00000000 -> 0x08010000)
04-07 08:12:40.298 10035 11567 I gralloc4: @set_metadata: update dataspace from GM (0x00000000 -> 0x08010000)
04-07 08:12:40.314 10035 11567 I gralloc4: @set_metadata: update dataspace from GM (0x00000000 -> 0x08010000)
04-07 08:12:40.330 10035 11567 I gralloc4: @set_metadata: update dataspace from GM (0x00000000 -> 0x08010000)
04-07 08:12:40.350 10035 11567 I gralloc4: @set_metadata: update dataspace from GM (0x00000000 -> 0x08010000)
04-07 08:12:40.369 10035 10035 D TestAdActivity: Status updated: Testing backend endpoints...
04-07 08:12:40.369 10035 10035 D AdMobRepository: Throttling request, too soon since last request
04-07 08:12:40.369 10035 10035 D AdMobRepository: Throttling request, too soon since last request
04-07 08:12:40.371 10035 11567 I gralloc4: @set_metadata: update dataspace from GM (0x00000000 -> 0x08010000)
04-07 08:12:40.378 10035 11567 I gralloc4: @set_metadata: update dataspace from GM (0x00000000 -> 0x08010000)
04-07 08:12:40.378 10035 11575 D ApiClient: API Request: https://eventwish2.onrender.com/api/admob/impression
04-07 08:12:40.378 10035 11575 D ApiClient: API Key: ew_dev_c1c...
04-07 08:12:40.378 10035 11575 D ApiClient: Headers: x-app-signature: test_signature
04-07 08:12:40.378 10035 11575 D ApiClient: Content-Type: application/json
04-07 08:12:40.378 10035 11575 D ApiClient: x-api-key: ew_dev_c1ce47afeff9fa8b7b1aa165562cb915
04-07 08:12:40.378 10035 11575 D ApiClient: x-device-id: 93e81b95f9f2c74a4b0124f784fe34327066c5c0f8a4c51c00a11a68c831b49e
04-07 08:12:40.378 10035 11575 I okhttp.OkHttpClient: --> POST https://eventwish2.onrender.com/api/admob/impression
04-07 08:12:40.379 10035 11575 I okhttp.OkHttpClient: Content-Length: 114
04-07 08:12:40.379 10035 11575 I okhttp.OkHttpClient: x-app-signature: test_signature
04-07 08:12:40.379 10035 11575 I okhttp.OkHttpClient: Content-Type: application/json
04-07 08:12:40.379 10035 11575 I okhttp.OkHttpClient: x-api-key: ew_dev_c1ce47afeff9fa8b7b1aa165562cb915
04-07 08:12:40.379 10035 11575 I okhttp.OkHttpClient: x-device-id: 93e81b95f9f2c74a4b0124f784fe34327066c5c0f8a4c51c00a11a68c831b49e
04-07 08:12:40.380 10035 11575 I okhttp.OkHttpClient: {"context":{"testMode":true,"screenName":"TestAdActivity","timestamp":1743993760369},"adUnitId":"test_ad_unit_id"}
04-07 08:12:40.380 10035 11575 I okhttp.OkHttpClient: --> END POST (114-byte body)
04-07 08:12:40.393 10035 11567 I gralloc4: @set_metadata: update dataspace from GM (0x00000000 -> 0x08010000)
04-07 08:12:40.411 10035 11567 I gralloc4: @set_metadata: update dataspace from GM (0x00000000 -> 0x08010000)
04-07 08:12:40.421 10035 11631 I okhttp.OkHttpClient: <-- 401 https://eventwish2.onrender.com/api/admob/engagement (371ms)
04-07 08:12:40.421 10035 11631 I okhttp.OkHttpClient: date: Mon, 07 Apr 2025 02:42:41 GMT
04-07 08:12:40.421 10035 11631 I okhttp.OkHttpClient: content-type: application/json; charset=utf-8
04-07 08:12:40.422 10035 11631 I okhttp.OkHttpClient: access-control-allow-origin: *
04-07 08:12:40.422 10035 11631 I okhttp.OkHttpClient: content-security-policy: default-src 'self';script-src 'self' 'unsafe-inline' 'unsafe-hashes' https://cdn.jsdelivr.net;script-src-attr 'unsafe-inline';connect-src 'self' https://api.eventwish.com https://eventwish2.onrender.com;style-src 'self' 'unsafe-inline' https://cdn.jsdelivr.net;img-src 'self' data: https://via.placeholder.com;font-src 'self' https://cdn.jsdelivr.net;base-uri 'self';form-action 'self';frame-ancestors 'self';object-src 'none';upgrade-insecure-requests
04-07 08:12:40.422 10035 11631 I okhttp.OkHttpClient: cross-origin-opener-policy: same-origin
04-07 08:12:40.422 10035 11631 I okhttp.OkHttpClient: cross-origin-resource-policy: same-origin
04-07 08:12:40.422 10035 11631 I okhttp.OkHttpClient: etag: W/"58-GGvPw5G3EW+ylh8zJiuQ8GFC7vc"
04-07 08:12:40.422 10035 11631 I okhttp.OkHttpClient: origin-agent-cluster: ?1
04-07 08:12:40.423 10035 11631 I okhttp.OkHttpClient: ratelimit-limit: 100
04-07 08:12:40.423 10035 11631 I okhttp.OkHttpClient: ratelimit-policy: 100;w=900
04-07 08:12:40.423 10035 11631 I okhttp.OkHttpClient: ratelimit-remaining: 87
04-07 08:12:40.423 10035 11631 I okhttp.OkHttpClient: ratelimit-reset: 845
04-07 08:12:40.423 10035 11631 I okhttp.OkHttpClient: referrer-policy: no-referrer
04-07 08:12:40.423 10035 11631 I okhttp.OkHttpClient: rndr-id: 1f6b3eb3-275a-42e6
04-07 08:12:40.424 10035 11631 I okhttp.OkHttpClient: strict-transport-security: max-age=15552000; includeSubDomains
04-07 08:12:40.424 10035 11631 I okhttp.OkHttpClient: vary: Accept-Encoding
04-07 08:12:40.424 10035 11631 I okhttp.OkHttpClient: vary: Accept-Encoding
04-07 08:12:40.424 10035 11631 I okhttp.OkHttpClient: x-content-type-options: nosniff
04-07 08:12:40.424 10035 11631 I okhttp.OkHttpClient: x-dns-prefetch-control: off
04-07 08:12:40.424 10035 11631 I okhttp.OkHttpClient: x-download-options: noopen
04-07 08:12:40.425 10035 11631 I okhttp.OkHttpClient: x-frame-options: SAMEORIGIN
04-07 08:12:40.425 10035 11631 I okhttp.OkHttpClient: x-permitted-cross-domain-policies: none
04-07 08:12:40.425 10035 11631 I okhttp.OkHttpClient: x-render-origin-server: Render
04-07 08:12:40.425 10035 11631 I okhttp.OkHttpClient: x-xss-protection: 0
04-07 08:12:40.425 10035 11631 I okhttp.OkHttpClient: cf-cache-status: DYNAMIC
04-07 08:12:40.425 10035 11631 I okhttp.OkHttpClient: server: cloudflare
04-07 08:12:40.425 10035 11631 I okhttp.OkHttpClient: cf-ray: 92c62c4ddddd33c6-DEL
04-07 08:12:40.425 10035 11631 I okhttp.OkHttpClient: alt-svc: h3=":443"; ma=86400
04-07 08:12:40.427 10035 11631 I okhttp.OkHttpClient: {"success":false,"message":"App signature is not valid","error":"APP_SIGNATURE_INVALID"}
04-07 08:12:40.427 10035 11631 I okhttp.OkHttpClient: <-- END HTTP (88-byte body)
04-07 08:12:40.428 10035 10035 D TestAdActivity: Engagement tracked: false
04-07 08:12:40.428 10035 10035 D TestAdActivity: Status updated: Engagement test: Failed
04-07 08:12:40.430 10035 11567 I gralloc4: @set_metadata: update dataspace from GM (0x00000000 -> 0x08010000)
04-07 08:12:40.430 10035 10035 D TestAdActivity: Status updated: Backend API tests completed
04-07 08:12:40.430 10035 10035 D TestAdActivity: See logs for details
04-07 08:12:40.447 10035 11567 I gralloc4: @set_metadata: update dataspace from GM (0x00000000 -> 0x08010000)
04-07 08:12:40.463 10035 11567 I gralloc4: @set_metadata: update dataspace from GM (0x00000000 -> 0x08010000)
04-07 08:12:40.477 10035 11567 I gralloc4: @set_metadata: update dataspace from GM (0x00000000 -> 0x08010000)
04-07 08:12:40.497 10035 11567 I gralloc4: @set_metadata: update dataspace from GM (0x00000000 -> 0x08010000)
04-07 08:12:40.515 10035 11567 I gralloc4: @set_metadata: update dataspace from GM (0x00000000 -> 0x08010000)
04-07 08:12:40.529 10035 11567 I gralloc4: @set_metadata: update dataspace from GM (0x00000000 -> 0x08010000)
04-07 08:12:40.547 10035 11567 I gralloc4: @set_metadata: update dataspace from GM (0x00000000 -> 0x08010000)
04-07 08:12:40.565 10035 11567 I gralloc4: @set_metadata: update dataspace from GM (0x00000000 -> 0x08010000)
04-07 08:12:40.581 10035 11567 I gralloc4: @set_metadata: update dataspace from GM (0x00000000 -> 0x08010000)
04-07 08:12:40.597 10035 11567 I gralloc4: @set_metadata: update dataspace from GM (0x00000000 -> 0x08010000)
04-07 08:12:40.614 10035 11567 I gralloc4: @set_metadata: update dataspace from GM (0x00000000 -> 0x08010000)
04-07 08:12:40.631 10035 11567 I gralloc4: @set_metadata: update dataspace from GM (0x00000000 -> 0x08010000)
04-07 08:12:40.647 10035 11567 I gralloc4: @set_metadata: update dataspace from GM (0x00000000 -> 0x08010000)
04-07 08:12:40.664 10035 11567 I gralloc4: @set_metadata: update dataspace from GM (0x00000000 -> 0x08010000)
04-07 08:12:40.681 10035 11567 I gralloc4: @set_metadata: update dataspace from GM (0x00000000 -> 0x08010000)
04-07 08:12:40.697 10035 11567 I gralloc4: @set_metadata: update dataspace from GM (0x00000000 -> 0x08010000)
04-07 08:12:40.713 10035 11567 I gralloc4: @set_metadata: update dataspace from GM (0x00000000 -> 0x08010000)
04-07 08:12:40.731 10035 11567 I gralloc4: @set_metadata: update dataspace from GM (0x00000000 -> 0x08010000)
04-07 08:12:40.748 10035 11567 I gralloc4: @set_metadata: update dataspace from GM (0x00000000 -> 0x08010000)
04-07 08:12:40.764 10035 11567 I gralloc4: @set_metadata: update dataspace from GM (0x00000000 -> 0x08010000)
04-07 08:12:40.781 10035 11567 I gralloc4: @set_metadata: update dataspace from GM (0x00000000 -> 0x08010000)
04-07 08:12:40.783 10035 11575 I okhttp.OkHttpClient: <-- 401 https://eventwish2.onrender.com/api/admob/impression (402ms)
04-07 08:12:40.784 10035 11575 I okhttp.OkHttpClient: date: Mon, 07 Apr 2025 02:42:41 GMT
04-07 08:12:40.784 10035 11575 I okhttp.OkHttpClient: content-type: application/json; charset=utf-8
04-07 08:12:40.784 10035 11575 I okhttp.OkHttpClient: access-control-allow-origin: *
04-07 08:12:40.784 10035 11575 I okhttp.OkHttpClient: content-security-policy: default-src 'self';script-src 'self' 'unsafe-inline' 'unsafe-hashes' https://cdn.jsdelivr.net;script-src-attr 'unsafe-inline';connect-src 'self' https://api.eventwish.com https://eventwish2.onrender.com;style-src 'self' 'unsafe-inline' https://cdn.jsdelivr.net;img-src 'self' data: https://via.placeholder.com;font-src 'self' https://cdn.jsdelivr.net;base-uri 'self';form-action 'self';frame-ancestors 'self';object-src 'none';upgrade-insecure-requests
04-07 08:12:40.784 10035 11575 I okhttp.OkHttpClient: cross-origin-opener-policy: same-origin
04-07 08:12:40.784 10035 11575 I okhttp.OkHttpClient: cross-origin-resource-policy: same-origin
04-07 08:12:40.784 10035 11575 I okhttp.OkHttpClient: etag: W/"58-GGvPw5G3EW+ylh8zJiuQ8GFC7vc"
04-07 08:12:40.785 10035 11575 I okhttp.OkHttpClient: origin-agent-cluster: ?1
04-07 08:12:40.785 10035 11575 I okhttp.OkHttpClient: ratelimit-limit: 100
04-07 08:12:40.785 10035 11575 I okhttp.OkHttpClient: ratelimit-policy: 100;w=900
04-07 08:12:40.785 10035 11575 I okhttp.OkHttpClient: ratelimit-remaining: 92
04-07 08:12:40.785 10035 11575 I okhttp.OkHttpClient: ratelimit-reset: 672
04-07 08:12:40.785 10035 11575 I okhttp.OkHttpClient: referrer-policy: no-referrer
04-07 08:12:40.785 10035 11575 I okhttp.OkHttpClient: rndr-id: 4e48bc57-b9a7-49f7
04-07 08:12:40.786 10035 11575 I okhttp.OkHttpClient: strict-transport-security: max-age=15552000; includeSubDomains
04-07 08:12:40.786 10035 11575 I okhttp.OkHttpClient: vary: Accept-Encoding
04-07 08:12:40.786 10035 11575 I okhttp.OkHttpClient: vary: Accept-Encoding
04-07 08:12:40.786 10035 11575 I okhttp.OkHttpClient: x-content-type-options: nosniff
04-07 08:12:40.786 10035 11575 I okhttp.OkHttpClient: x-dns-prefetch-control: off
04-07 08:12:40.786 10035 11575 I okhttp.OkHttpClient: x-download-options: noopen
04-07 08:12:40.786 10035 11575 I okhttp.OkHttpClient: x-frame-options: SAMEORIGIN
04-07 08:12:40.787 10035 11575 I okhttp.OkHttpClient: x-permitted-cross-domain-policies: none
04-07 08:12:40.787 10035 11575 I okhttp.OkHttpClient: x-render-origin-server: Render
04-07 08:12:40.787 10035 11575 I okhttp.OkHttpClient: x-xss-protection: 0
04-07 08:12:40.787 10035 11575 I okhttp.OkHttpClient: cf-cache-status: DYNAMIC
04-07 08:12:40.787 10035 11575 I okhttp.OkHttpClient: server: cloudflare
04-07 08:12:40.787 10035 11575 I okhttp.OkHttpClient: cf-ray: 92c62c500eaa33c6-DEL
04-07 08:12:40.787 10035 11575 I okhttp.OkHttpClient: alt-svc: h3=":443"; ma=86400
04-07 08:12:40.789 10035 11575 I okhttp.OkHttpClient: {"success":false,"message":"App signature is not valid","error":"APP_SIGNATURE_INVALID"}
04-07 08:12:40.789 10035 11575 I okhttp.OkHttpClient: <-- END HTTP (88-byte body)
04-07 08:12:40.792 10035 10035 D TestAdActivity: Impression recorded: false
04-07 08:12:40.796 10035 10035 D TestAdActivity: Status updated: Impression test: Failed
04-07 08:12:40.797 10035 11567 I gralloc4: @set_metadata: update dataspace from GM (0x00000000 -> 0x08010000)
04-07 08:12:40.809 10035 11575 D ApiClient: API Request: https://eventwish2.onrender.com/api/admob/click
04-07 08:12:40.809 10035 11575 D ApiClient: API Key: ew_dev_c1c...
04-07 08:12:40.809 10035 11575 D ApiClient: Headers: x-app-signature: test_signature
04-07 08:12:40.809 10035 11575 D ApiClient: Content-Type: application/json
04-07 08:12:40.809 10035 11575 D ApiClient: x-api-key: ew_dev_c1ce47afeff9fa8b7b1aa165562cb915
04-07 08:12:40.809 10035 11575 D ApiClient: x-device-id: 93e81b95f9f2c74a4b0124f784fe34327066c5c0f8a4c51c00a11a68c831b49e
04-07 08:12:40.810 10035 11575 I okhttp.OkHttpClient: --> POST https://eventwish2.onrender.com/api/admob/click
04-07 08:12:40.810 10035 11575 I okhttp.OkHttpClient: Content-Length: 114
04-07 08:12:40.810 10035 11575 I okhttp.OkHttpClient: x-app-signature: test_signature
04-07 08:12:40.810 10035 11575 I okhttp.OkHttpClient: Content-Type: application/json
04-07 08:12:40.810 10035 11575 I okhttp.OkHttpClient: x-api-key: ew_dev_c1ce47afeff9fa8b7b1aa165562cb915
04-07 08:12:40.810 10035 11575 I okhttp.OkHttpClient: x-device-id: 93e81b95f9f2c74a4b0124f784fe34327066c5c0f8a4c51c00a11a68c831b49e
04-07 08:12:40.811 10035 11575 I okhttp.OkHttpClient: {"adUnitId":"test_ad_unit_id","context":{"testMode":true,"screenName":"TestAdActivity","timestamp":1743993760797}}
04-07 08:12:40.811 10035 11575 I okhttp.OkHttpClient: --> END POST (114-byte body)
04-07 08:12:40.814 10035 11567 I gralloc4: @set_metadata: update dataspace from GM (0x00000000 -> 0x08010000)
04-07 08:12:40.830 10035 11567 I gralloc4: @set_metadata: update dataspace from GM (0x00000000 -> 0x08010000)
04-07 08:12:40.848 10035 11567 I gralloc4: @set_metadata: update dataspace from GM (0x00000000 -> 0x08010000)
04-07 08:12:40.865 10035 11567 I gralloc4: @set_metadata: update dataspace from GM (0x00000000 -> 0x08010000)
04-07 08:12:40.879 10035 11567 I gralloc4: @set_metadata: update dataspace from GM (0x00000000 -> 0x08010000)
04-07 08:12:40.897 10035 11567 I gralloc4: @set_metadata: update dataspace from GM (0x00000000 -> 0x08010000)
04-07 08:12:40.913 10035 11567 I gralloc4: @set_metadata: update dataspace from GM (0x00000000 -> 0x08010000)
04-07 08:12:40.932 10035 11567 I gralloc4: @set_metadata: update dataspace from GM (0x00000000 -> 0x08010000)
04-07 08:12:40.946 10035 11567 I gralloc4: @set_metadata: update dataspace from GM (0x00000000 -> 0x08010000)
04-07 08:12:40.965 10035 11567 I gralloc4: @set_metadata: update dataspace from GM (0x00000000 -> 0x08010000)
04-07 08:12:40.980 10035 11567 I gralloc4: @set_metadata: update dataspace from GM (0x00000000 -> 0x08010000)
04-07 08:12:40.997 10035 11567 I gralloc4: @set_metadata: update dataspace from GM (0x00000000 -> 0x08010000)
04-07 08:12:41.013 10035 11567 I gralloc4: @set_metadata: update dataspace from GM (0x00000000 -> 0x08010000)
04-07 08:12:41.030 10035 11567 I gralloc4: @set_metadata: update dataspace from GM (0x00000000 -> 0x08010000)
04-07 08:12:41.048 10035 11567 I gralloc4: @set_metadata: update dataspace from GM (0x00000000 -> 0x08010000)
04-07 08:12:41.064 10035 11567 I gralloc4: @set_metadata: update dataspace from GM (0x00000000 -> 0x08010000)
04-07 08:12:41.079 10035 11567 I gralloc4: @set_metadata: update dataspace from GM (0x00000000 -> 0x08010000)
04-07 08:12:41.097 10035 11567 I gralloc4: @set_metadata: update dataspace from GM (0x00000000 -> 0x08010000)
04-07 08:12:41.113 10035 11567 I gralloc4: @set_metadata: update dataspace from GM (0x00000000 -> 0x08010000)
04-07 08:12:41.130 10035 11567 I gralloc4: @set_metadata: update dataspace from GM (0x00000000 -> 0x08010000)
04-07 08:12:41.148 10035 11567 I gralloc4: @set_metadata: update dataspace from GM (0x00000000 -> 0x08010000)
04-07 08:12:41.159 10035 11567 I gralloc4: @set_metadata: update dataspace from GM (0x00000000 -> 0x08010000)
04-07 08:12:41.178 10035 11567 I gralloc4: @set_metadata: update dataspace from GM (0x00000000 -> 0x08010000)
04-07 08:12:41.234 10035 11575 I okhttp.OkHttpClient: <-- 401 https://eventwish2.onrender.com/api/admob/click (422ms)
04-07 08:12:41.234 10035 11575 I okhttp.OkHttpClient: date: Mon, 07 Apr 2025 02:42:41 GMT
04-07 08:12:41.234 10035 11575 I okhttp.OkHttpClient: content-type: application/json; charset=utf-8
04-07 08:12:41.234 10035 11575 I okhttp.OkHttpClient: access-control-allow-origin: *
04-07 08:12:41.235 10035 11575 I okhttp.OkHttpClient: content-security-policy: default-src 'self';script-src 'self' 'unsafe-inline' 'unsafe-hashes' https://cdn.jsdelivr.net;script-src-attr 'unsafe-inline';connect-src 'self' https://api.eventwish.com https://eventwish2.onrender.com;style-src 'self' 'unsafe-inline' https://cdn.jsdelivr.net;img-src 'self' data: https://via.placeholder.com;font-src 'self' https://cdn.jsdelivr.net;base-uri 'self';form-action 'self';frame-ancestors 'self';object-src 'none';upgrade-insecure-requests
04-07 08:12:41.235 10035 11575 I okhttp.OkHttpClient: cross-origin-opener-policy: same-origin
04-07 08:12:41.235 10035 11575 I okhttp.OkHttpClient: cross-origin-resource-policy: same-origin
04-07 08:12:41.235 10035 11575 I okhttp.OkHttpClient: etag: W/"58-GGvPw5G3EW+ylh8zJiuQ8GFC7vc"
04-07 08:12:41.235 10035 11575 I okhttp.OkHttpClient: origin-agent-cluster: ?1
04-07 08:12:41.235 10035 11575 I okhttp.OkHttpClient: ratelimit-limit: 100
04-07 08:12:41.235 10035 11575 I okhttp.OkHttpClient: ratelimit-policy: 100;w=900
04-07 08:12:41.236 10035 11575 I okhttp.OkHttpClient: ratelimit-remaining: 86
04-07 08:12:41.236 10035 11575 I okhttp.OkHttpClient: ratelimit-reset: 845
04-07 08:12:41.236 10035 11575 I okhttp.OkHttpClient: referrer-policy: no-referrer
04-07 08:12:41.236 10035 11575 I okhttp.OkHttpClient: rndr-id: 006f379b-6f98-495a
04-07 08:12:41.236 10035 11575 I okhttp.OkHttpClient: strict-transport-security: max-age=15552000; includeSubDomains
04-07 08:12:41.236 10035 11575 I okhttp.OkHttpClient: vary: Accept-Encoding
04-07 08:12:41.236 10035 11575 I okhttp.OkHttpClient: vary: Accept-Encoding
04-07 08:12:41.237 10035 11575 I okhttp.OkHttpClient: x-content-type-options: nosniff
04-07 08:12:41.237 10035 11575 I okhttp.OkHttpClient: x-dns-prefetch-control: off
04-07 08:12:41.237 10035 11575 I okhttp.OkHttpClient: x-download-options: noopen
04-07 08:12:41.237 10035 11575 I okhttp.OkHttpClient: x-frame-options: SAMEORIGIN
04-07 08:12:41.237 10035 11575 I okhttp.OkHttpClient: x-permitted-cross-domain-policies: none
04-07 08:12:41.237 10035 11575 I okhttp.OkHttpClient: x-render-origin-server: Render
04-07 08:12:41.237 10035 11575 I okhttp.OkHttpClient: x-xss-protection: 0
04-07 08:12:41.238 10035 11575 I okhttp.OkHttpClient: cf-cache-status: DYNAMIC
04-07 08:12:41.238 10035 11575 I okhttp.OkHttpClient: server: cloudflare
04-07 08:12:41.238 10035 11575 I okhttp.OkHttpClient: cf-ray: 92c62c529f5e33c6-DEL
04-07 08:12:41.238 10035 11575 I okhttp.OkHttpClient: alt-svc: h3=":443"; ma=86400
04-07 08:12:41.240 10035 11575 I okhttp.OkHttpClient: {"success":false,"message":"App signature is not valid","error":"APP_SIGNATURE_INVALID"}
04-07 08:12:41.240 10035 11575 I okhttp.OkHttpClient: <-- END HTTP (88-byte body)
04-07 08:12:41.242 10035 10035 D TestAdActivity: Click recorded: false
04-07 08:12:41.245 10035 10035 D TestAdActivity: Status updated: Click test: Failed
04-07 08:12:41.254 10035 11575 D ApiClient: API Request: https://eventwish2.onrender.com/api/admob/reward
04-07 08:12:41.254 10035 11575 D ApiClient: API Key: ew_dev_c1c...
04-07 08:12:41.254 10035 11575 D ApiClient: Headers: x-app-signature: test_signature
04-07 08:12:41.254 10035 11575 D ApiClient: Content-Type: application/json
04-07 08:12:41.254 10035 11575 D ApiClient: x-api-key: ew_dev_c1ce47afeff9fa8b7b1aa165562cb915
04-07 08:12:41.254 10035 11575 D ApiClient: x-device-id: 93e81b95f9f2c74a4b0124f784fe34327066c5c0f8a4c51c00a11a68c831b49e
04-07 08:12:41.255 10035 11575 I okhttp.OkHttpClient: --> POST https://eventwish2.onrender.com/api/admob/reward
04-07 08:12:41.255 10035 11575 I okhttp.OkHttpClient: Content-Length: 56
04-07 08:12:41.255 10035 11575 I okhttp.OkHttpClient: x-app-signature: test_signature
04-07 08:12:41.255 10035 11575 I okhttp.OkHttpClient: Content-Type: application/json
04-07 08:12:41.256 10035 11575 I okhttp.OkHttpClient: x-api-key: ew_dev_c1ce47afeff9fa8b7b1aa165562cb915
04-07 08:12:41.256 10035 11575 I okhttp.OkHttpClient: x-device-id: 93e81b95f9f2c74a4b0124f784fe34327066c5c0f8a4c51c00a11a68c831b49e
04-07 08:12:41.256 10035 11575 I okhttp.OkHttpClient: {"adUnitId":"test_ad_unit_id","timestamp":1743993761245}
04-07 08:12:41.257 10035 11575 I okhttp.OkHttpClient: --> END POST (56-byte body)
04-07 08:12:41.264 10035 11567 I gralloc4: @set_metadata: update dataspace from GM (0x00000000 -> 0x08010000)
04-07 08:12:41.597 10035 11575 I okhttp.OkHttpClient: <-- 401 https://eventwish2.onrender.com/api/admob/reward (339ms)
04-07 08:12:41.597 10035 11575 I okhttp.OkHttpClient: date: Mon, 07 Apr 2025 02:42:42 GMT
04-07 08:12:41.597 10035 11575 I okhttp.OkHttpClient: content-type: application/json; charset=utf-8
04-07 08:12:41.597 10035 11575 I okhttp.OkHttpClient: access-control-allow-origin: *
04-07 08:12:41.597 10035 11575 I okhttp.OkHttpClient: content-security-policy: default-src 'self';script-src 'self' 'unsafe-inline' 'unsafe-hashes' https://cdn.jsdelivr.net;script-src-attr 'unsafe-inline';connect-src 'self' https://api.eventwish.com https://eventwish2.onrender.com;style-src 'self' 'unsafe-inline' https://cdn.jsdelivr.net;img-src 'self' data: https://via.placeholder.com;font-src 'self' https://cdn.jsdelivr.net;base-uri 'self';form-action 'self';frame-ancestors 'self';object-src 'none';upgrade-insecure-requests
04-07 08:12:41.598 10035 11575 I okhttp.OkHttpClient: cross-origin-opener-policy: same-origin
04-07 08:12:41.598 10035 11575 I okhttp.OkHttpClient: cross-origin-resource-policy: same-origin
04-07 08:12:41.598 10035 11575 I okhttp.OkHttpClient: etag: W/"58-GGvPw5G3EW+ylh8zJiuQ8GFC7vc"
04-07 08:12:41.598 10035 11575 I okhttp.OkHttpClient: origin-agent-cluster: ?1
04-07 08:12:41.598 10035 11575 I okhttp.OkHttpClient: ratelimit-limit: 100
04-07 08:12:41.598 10035 11575 I okhttp.OkHttpClient: ratelimit-policy: 100;w=900
04-07 08:12:41.598 10035 11575 I okhttp.OkHttpClient: ratelimit-remaining: 85
04-07 08:12:41.598 10035 11575 I okhttp.OkHttpClient: ratelimit-reset: 844
04-07 08:12:41.599 10035 11575 I okhttp.OkHttpClient: referrer-policy: no-referrer
04-07 08:12:41.599 10035 11575 I okhttp.OkHttpClient: rndr-id: 8c4e7767-c1ae-42ad
04-07 08:12:41.599 10035 11575 I okhttp.OkHttpClient: strict-transport-security: max-age=15552000; includeSubDomains
04-07 08:12:41.599 10035 11575 I okhttp.OkHttpClient: vary: Accept-Encoding
04-07 08:12:41.599 10035 11575 I okhttp.OkHttpClient: vary: Accept-Encoding
04-07 08:12:41.599 10035 11575 I okhttp.OkHttpClient: x-content-type-options: nosniff
04-07 08:12:41.600 10035 11575 I okhttp.OkHttpClient: x-dns-prefetch-control: off
04-07 08:12:41.600 10035 11575 I okhttp.OkHttpClient: x-download-options: noopen
04-07 08:12:41.600 10035 11575 I okhttp.OkHttpClient: x-frame-options: SAMEORIGIN
04-07 08:12:41.600 10035 11575 I okhttp.OkHttpClient: x-permitted-cross-domain-policies: none
04-07 08:12:41.600 10035 11575 I okhttp.OkHttpClient: x-render-origin-server: Render
04-07 08:12:41.600 10035 11575 I okhttp.OkHttpClient: x-xss-protection: 0
04-07 08:12:41.601 10035 11575 I okhttp.OkHttpClient: cf-cache-status: DYNAMIC
04-07 08:12:41.601 10035 11575 I okhttp.OkHttpClient: server: cloudflare
04-07 08:12:41.601 10035 11575 I okhttp.OkHttpClient: cf-ray: 92c62c55785b33c6-DEL
04-07 08:12:41.601 10035 11575 I okhttp.OkHttpClient: alt-svc: h3=":443"; ma=86400
04-07 08:12:41.602 10035 11575 I okhttp.OkHttpClient: {"success":false,"message":"App signature is not valid","error":"APP_SIGNATURE_INVALID"}
04-07 08:12:41.602 10035 11575 I okhttp.OkHttpClient: <-- END HTTP (88-byte body)
04-07 08:12:41.622 10035 10035 D TestAdActivity: Reward processed: false
04-07 08:12:41.623 10035 10035 D TestAdActivity: Status updated: Reward test: Failed
04-07 08:12:41.629 10035 11575 D ApiClient: API Request: https://eventwish2.onrender.com/api/admob/engagement
04-07 08:12:41.629 10035 11575 D ApiClient: API Key: ew_dev_c1c...
04-07 08:12:41.629 10035 11575 D ApiClient: Headers: x-app-signature: test_signature
04-07 08:12:41.629 10035 11575 D ApiClient: Content-Type: application/json
04-07 08:12:41.629 10035 11575 D ApiClient: x-api-key: ew_dev_c1ce47afeff9fa8b7b1aa165562cb915
04-07 08:12:41.629 10035 11575 D ApiClient: x-device-id: 93e81b95f9f2c74a4b0124f784fe34327066c5c0f8a4c51c00a11a68c831b49e
04-07 08:12:41.630 10035 11575 I okhttp.OkHttpClient: --> POST https://eventwish2.onrender.com/api/admob/engagement
04-07 08:12:41.630 10035 11575 I okhttp.OkHttpClient: Content-Length: 84
04-07 08:12:41.630 10035 11575 I okhttp.OkHttpClient: x-app-signature: test_signature
04-07 08:12:41.630 10035 11575 I okhttp.OkHttpClient: Content-Type: application/json
04-07 08:12:41.630 10035 11575 I okhttp.OkHttpClient: x-api-key: ew_dev_c1ce47afeff9fa8b7b1aa165562cb915
04-07 08:12:41.631 10035 11575 I okhttp.OkHttpClient: x-device-id: 93e81b95f9f2c74a4b0124f784fe34327066c5c0f8a4c51c00a11a68c831b49e
04-07 08:12:41.631 10035 11575 I okhttp.OkHttpClient: {"adUnitId":"test_ad_unit_id","type":"view","duration":30,"timestamp":1743993761623}
04-07 08:12:41.631 10035 11575 I okhttp.OkHttpClient: --> END POST (84-byte body)
04-07 08:12:41.643 10035 11567 I gralloc4: @set_metadata: update dataspace from GM (0x00000000 -> 0x08010000)
04-07 08:12:41.732 10035 10035 W FinalizerDaemon: type=1400 audit(0.0:6747541): avc:  denied  { getopt } for  path="/dev/socket/usap_pool_primary" scontext=u:r:untrusted_app:s0:c232,c257,c512,c768 tcontext=u:r:zygote:s0 tclass=unix_stream_socket permissive=0 app=com.ds.eventwish
04-07 08:12:41.975 10035 11575 I okhttp.OkHttpClient: <-- 401 https://eventwish2.onrender.com/api/admob/engagement (343ms)
04-07 08:12:41.975 10035 11575 I okhttp.OkHttpClient: date: Mon, 07 Apr 2025 02:42:42 GMT
04-07 08:12:41.975 10035 11575 I okhttp.OkHttpClient: content-type: application/json; charset=utf-8
04-07 08:12:41.975 10035 11575 I okhttp.OkHttpClient: access-control-allow-origin: *
04-07 08:12:41.975 10035 11575 I okhttp.OkHttpClient: content-security-policy: default-src 'self';script-src 'self' 'unsafe-inline' 'unsafe-hashes' https://cdn.jsdelivr.net;script-src-attr 'unsafe-inline';connect-src 'self' https://api.eventwish.com https://eventwish2.onrender.com;style-src 'self' 'unsafe-inline' https://cdn.jsdelivr.net;img-src 'self' data: https://via.placeholder.com;font-src 'self' https://cdn.jsdelivr.net;base-uri 'self';form-action 'self';frame-ancestors 'self';object-src 'none';upgrade-insecure-requests
04-07 08:12:41.975 10035 11575 I okhttp.OkHttpClient: cross-origin-opener-policy: same-origin
04-07 08:12:41.975 10035 11575 I okhttp.OkHttpClient: cross-origin-resource-policy: same-origin
04-07 08:12:41.976 10035 11575 I okhttp.OkHttpClient: etag: W/"58-GGvPw5G3EW+ylh8zJiuQ8GFC7vc"
04-07 08:12:41.976 10035 11575 I okhttp.OkHttpClient: origin-agent-cluster: ?1
04-07 08:12:41.976 10035 11575 I okhttp.OkHttpClient: ratelimit-limit: 100
04-07 08:12:41.976 10035 11575 I okhttp.OkHttpClient: ratelimit-policy: 100;w=900
04-07 08:12:41.976 10035 11575 I okhttp.OkHttpClient: ratelimit-remaining: 84
04-07 08:12:41.976 10035 11575 I okhttp.OkHttpClient: ratelimit-reset: 844
04-07 08:12:41.976 10035 11575 I okhttp.OkHttpClient: referrer-policy: no-referrer
04-07 08:12:41.976 10035 11575 I okhttp.OkHttpClient: rndr-id: d89de853-9cea-4c8d
04-07 08:12:41.976 10035 11575 I okhttp.OkHttpClient: strict-transport-security: max-age=15552000; includeSubDomains
04-07 08:12:41.976 10035 11575 I okhttp.OkHttpClient: vary: Accept-Encoding
04-07 08:12:41.977 10035 11575 I okhttp.OkHttpClient: vary: Accept-Encoding
04-07 08:12:41.977 10035 11575 I okhttp.OkHttpClient: x-content-type-options: nosniff
04-07 08:12:41.977 10035 11575 I okhttp.OkHttpClient: x-dns-prefetch-control: off
04-07 08:12:41.977 10035 11575 I okhttp.OkHttpClient: x-download-options: noopen
04-07 08:12:41.977 10035 11575 I okhttp.OkHttpClient: x-frame-options: SAMEORIGIN
04-07 08:12:41.977 10035 11575 I okhttp.OkHttpClient: x-permitted-cross-domain-policies: none
04-07 08:12:41.977 10035 11575 I okhttp.OkHttpClient: x-render-origin-server: Render
04-07 08:12:41.977 10035 11575 I okhttp.OkHttpClient: x-xss-protection: 0
04-07 08:12:41.977 10035 11575 I okhttp.OkHttpClient: cf-cache-status: DYNAMIC
04-07 08:12:41.977 10035 11575 I okhttp.OkHttpClient: server: cloudflare
04-07 08:12:41.977 10035 11575 I okhttp.OkHttpClient: cf-ray: 92c62c57d91833c6-DEL
04-07 08:12:41.978 10035 11575 I okhttp.OkHttpClient: alt-svc: h3=":443"; ma=86400
04-07 08:12:41.979 10035 11575 I okhttp.OkHttpClient: {"success":false,"message":"App signature is not valid","error":"APP_SIGNATURE_INVALID"}
04-07 08:12:41.979 10035 11575 I okhttp.OkHttpClient: <-- END HTTP (88-byte body)
04-07 08:12:41.980 10035 10035 D TestAdActivity: Engagement tracked: false
04-07 08:12:41.981 10035 10035 D TestAdActivity: Status updated: Engagement test: Failed
04-07 08:12:41.982 10035 10035 D TestAdActivity: Status updated: Backend API tests completed
04-07 08:12:41.982 10035 10035 D TestAdActivity: See logs for details
04-07 08:12:41.993 10035 11567 I gralloc4: @set_metadata: update dataspace from GM (0x00000000 -> 0x08010000)
04-07 08:12:42.010 10035 11567 I gralloc4: @set_metadata: update dataspace from GM (0x00000000 -> 0x08010000)
--------- beginning of system
04-07 08:12:57.149  1760  3505 W BatteryStatsService: Unknown sensor handle 0 received in noteWakeupSensorEvent
04-07 08:13:00.135 10035 11567 I gralloc4: @set_metadata: update dataspace from GM (0x00000000 -> 0x08010000)
04-07 08:13:00.156 10035 11567 I gralloc4: @set_metadata: update dataspace from GM (0x00000000 -> 0x08010000)
04-07 08:13:00.163 10035 10035 D TestAdActivity: Status updated: Testing backend endpoints...
04-07 08:13:00.163 10035 11567 I gralloc4: @set_metadata: update dataspace from GM (0x00000000 -> 0x08010000)
04-07 08:13:00.168 10035 10035 D AdMobRepository: Throttling request, too soon since last request
04-07 08:13:00.172 10035 11567 I gralloc4: @set_metadata: update dataspace from GM (0x00000000 -> 0x08010000)
04-07 08:13:00.173 10035 11575 D ApiClient: API Request: https://eventwish2.onrender.com/api/admob/units
04-07 08:13:00.173 10035 11575 D ApiClient: API Key: ew_dev_c1c...
04-07 08:13:00.173 10035 11575 D ApiClient: Headers: x-app-signature: test_signature
04-07 08:13:00.173 10035 11575 D ApiClient: Content-Type: application/json
04-07 08:13:00.173 10035 11575 D ApiClient: x-api-key: ew_dev_c1ce47afeff9fa8b7b1aa165562cb915
04-07 08:13:00.173 10035 11575 D ApiClient: x-device-id: 93e81b95f9f2c74a4b0124f784fe34327066c5c0f8a4c51c00a11a68c831b49e
04-07 08:13:00.174 10035 11575 I okhttp.OkHttpClient: --> GET https://eventwish2.onrender.com/api/admob/units
04-07 08:13:00.174 10035 11575 I okhttp.OkHttpClient: x-app-signature: test_signature
04-07 08:13:00.175 10035 11575 I okhttp.OkHttpClient: Content-Type: application/json
04-07 08:13:00.176 10035 11575 I okhttp.OkHttpClient: x-api-key: ew_dev_c1ce47afeff9fa8b7b1aa165562cb915
04-07 08:13:00.176 10035 11575 I okhttp.OkHttpClient: x-device-id: 93e81b95f9f2c74a4b0124f784fe34327066c5c0f8a4c51c00a11a68c831b49e
04-07 08:13:00.176 10035 11575 I okhttp.OkHttpClient: --> END GET
04-07 08:13:00.182 10035 11631 D ApiClient: API Request: https://eventwish2.onrender.com/api/admob/impression
04-07 08:13:00.182 10035 11631 D ApiClient: API Key: ew_dev_c1c...
04-07 08:13:00.182 10035 11631 D ApiClient: Headers: x-app-signature: test_signature
04-07 08:13:00.182 10035 11631 D ApiClient: Content-Type: application/json
04-07 08:13:00.182 10035 11631 D ApiClient: x-api-key: ew_dev_c1ce47afeff9fa8b7b1aa165562cb915
04-07 08:13:00.182 10035 11631 D ApiClient: x-device-id: 93e81b95f9f2c74a4b0124f784fe34327066c5c0f8a4c51c00a11a68c831b49e
04-07 08:13:00.184 10035 11631 I okhttp.OkHttpClient: --> POST https://eventwish2.onrender.com/api/admob/impression
04-07 08:13:00.185 10035 11631 I okhttp.OkHttpClient: Content-Length: 114
04-07 08:13:00.186 10035 11631 I okhttp.OkHttpClient: x-app-signature: test_signature
04-07 08:13:00.186 10035 11631 I okhttp.OkHttpClient: Content-Type: application/json
04-07 08:13:00.187 10035 11631 I okhttp.OkHttpClient: x-api-key: ew_dev_c1ce47afeff9fa8b7b1aa165562cb915
04-07 08:13:00.187 10035 11631 I okhttp.OkHttpClient: x-device-id: 93e81b95f9f2c74a4b0124f784fe34327066c5c0f8a4c51c00a11a68c831b49e
04-07 08:13:00.191 10035 11631 I okhttp.OkHttpClient: {"context":{"testMode":true,"screenName":"TestAdActivity","timestamp":1743993780169},"adUnitId":"test_ad_unit_id"}
04-07 08:13:00.193 10035 11631 I okhttp.OkHttpClient: --> END POST (114-byte body)
04-07 08:13:00.194 10035 11567 I gralloc4: @set_metadata: update dataspace from GM (0x00000000 -> 0x08010000)
04-07 08:13:00.203 10035 11567 I gralloc4: @set_metadata: update dataspace from GM (0x00000000 -> 0x08010000)
04-07 08:13:00.221 10035 11567 I gralloc4: @set_metadata: update dataspace from GM (0x00000000 -> 0x08010000)
04-07 08:13:00.236 10035 11567 I gralloc4: @set_metadata: update dataspace from GM (0x00000000 -> 0x08010000)
04-07 08:13:00.253 10035 11567 I gralloc4: @set_metadata: update dataspace from GM (0x00000000 -> 0x08010000)
04-07 08:13:00.270 10035 11567 I gralloc4: @set_metadata: update dataspace from GM (0x00000000 -> 0x08010000)
04-07 08:13:00.286 10035 11567 I gralloc4: @set_metadata: update dataspace from GM (0x00000000 -> 0x08010000)
04-07 08:13:00.303 10035 11567 I gralloc4: @set_metadata: update dataspace from GM (0x00000000 -> 0x08010000)
04-07 08:13:00.323 10035 11567 I gralloc4: @set_metadata: update dataspace from GM (0x00000000 -> 0x08010000)
04-07 08:13:00.339 10035 11567 I gralloc4: @set_metadata: update dataspace from GM (0x00000000 -> 0x08010000)
04-07 08:13:00.355 10035 11567 I gralloc4: @set_metadata: update dataspace from GM (0x00000000 -> 0x08010000)
04-07 08:13:00.373 10035 11567 I gralloc4: @set_metadata: update dataspace from GM (0x00000000 -> 0x08010000)
04-07 08:13:00.387 10035 11567 I gralloc4: @set_metadata: update dataspace from GM (0x00000000 -> 0x08010000)
04-07 08:13:00.405 10035 11567 I gralloc4: @set_metadata: update dataspace from GM (0x00000000 -> 0x08010000)
04-07 08:13:00.422 10035 11567 I gralloc4: @set_metadata: update dataspace from GM (0x00000000 -> 0x08010000)
04-07 08:13:00.438 10035 11567 I gralloc4: @set_metadata: update dataspace from GM (0x00000000 -> 0x08010000)
04-07 08:13:00.454 10035 11567 I gralloc4: @set_metadata: update dataspace from GM (0x00000000 -> 0x08010000)
04-07 08:13:00.471 10035 11567 I gralloc4: @set_metadata: update dataspace from GM (0x00000000 -> 0x08010000)
04-07 08:13:00.488 10035 11567 I gralloc4: @set_metadata: update dataspace from GM (0x00000000 -> 0x08010000)
04-07 08:13:00.505 10035 11567 I gralloc4: @set_metadata: update dataspace from GM (0x00000000 -> 0x08010000)
04-07 08:13:00.522 10035 11567 I gralloc4: @set_metadata: update dataspace from GM (0x00000000 -> 0x08010000)
04-07 08:13:00.539 10035 11567 I gralloc4: @set_metadata: update dataspace from GM (0x00000000 -> 0x08010000)
04-07 08:13:00.556 10035 11567 I gralloc4: @set_metadata: update dataspace from GM (0x00000000 -> 0x08010000)
04-07 08:13:00.569 10035 11567 I gralloc4: @set_metadata: update dataspace from GM (0x00000000 -> 0x08010000)
04-07 08:13:00.585 10035 11575 I okhttp.OkHttpClient: <-- 401 https://eventwish2.onrender.com/api/admob/units (407ms)
04-07 08:13:00.586 10035 11575 I okhttp.OkHttpClient: date: Mon, 07 Apr 2025 02:43:01 GMT
04-07 08:13:00.587 10035 11575 I okhttp.OkHttpClient: content-type: application/json; charset=utf-8
04-07 08:13:00.587 10035 11575 I okhttp.OkHttpClient: access-control-allow-origin: *
04-07 08:13:00.588 10035 11575 I okhttp.OkHttpClient: content-security-policy: default-src 'self';script-src 'self' 'unsafe-inline' 'unsafe-hashes' https://cdn.jsdelivr.net;script-src-attr 'unsafe-inline';connect-src 'self' https://api.eventwish.com https://eventwish2.onrender.com;style-src 'self' 'unsafe-inline' https://cdn.jsdelivr.net;img-src 'self' data: https://via.placeholder.com;font-src 'self' https://cdn.jsdelivr.net;base-uri 'self';form-action 'self';frame-ancestors 'self';object-src 'none';upgrade-insecure-requests
04-07 08:13:00.588 10035 11575 I okhttp.OkHttpClient: cross-origin-opener-policy: same-origin
04-07 08:13:00.589 10035 11575 I okhttp.OkHttpClient: cross-origin-resource-policy: same-origin
04-07 08:13:00.590 10035 11567 I gralloc4: @set_metadata: update dataspace from GM (0x00000000 -> 0x08010000)
04-07 08:13:00.591 10035 11575 I okhttp.OkHttpClient: etag: W/"58-GGvPw5G3EW+ylh8zJiuQ8GFC7vc"
04-07 08:13:00.592 10035 11575 I okhttp.OkHttpClient: origin-agent-cluster: ?1
04-07 08:13:00.593 10035 11575 I okhttp.OkHttpClient: ratelimit-limit: 100
04-07 08:13:00.594 10035 11575 I okhttp.OkHttpClient: ratelimit-policy: 100;w=900
04-07 08:13:00.595 10035 11575 I okhttp.OkHttpClient: ratelimit-remaining: 83
04-07 08:13:00.596 10035 11575 I okhttp.OkHttpClient: ratelimit-reset: 825
04-07 08:13:00.597 10035 11575 I okhttp.OkHttpClient: referrer-policy: no-referrer
04-07 08:13:00.598 10035 11575 I okhttp.OkHttpClient: rndr-id: 503ede38-6c0c-40d8
04-07 08:13:00.598 10035 11575 I okhttp.OkHttpClient: strict-transport-security: max-age=15552000; includeSubDomains
04-07 08:13:00.599 10035 11575 I okhttp.OkHttpClient: vary: Accept-Encoding
04-07 08:13:00.600 10035 11575 I okhttp.OkHttpClient: vary: Accept-Encoding
04-07 08:13:00.600 10035 11575 I okhttp.OkHttpClient: x-content-type-options: nosniff
04-07 08:13:00.601 10035 11575 I okhttp.OkHttpClient: x-dns-prefetch-control: off
04-07 08:13:00.601 10035 11575 I okhttp.OkHttpClient: x-download-options: noopen
04-07 08:13:00.602 10035 11575 I okhttp.OkHttpClient: x-frame-options: SAMEORIGIN
04-07 08:13:00.602 10035 11575 I okhttp.OkHttpClient: x-permitted-cross-domain-policies: none
04-07 08:13:00.603 10035 11575 I okhttp.OkHttpClient: x-render-origin-server: Render
04-07 08:13:00.604 10035 11575 I okhttp.OkHttpClient: x-xss-protection: 0
04-07 08:13:00.605 10035 11575 I okhttp.OkHttpClient: cf-cache-status: DYNAMIC
04-07 08:13:00.606 10035 11567 I gralloc4: @set_metadata: update dataspace from GM (0x00000000 -> 0x08010000)
04-07 08:13:00.607 10035 11575 I okhttp.OkHttpClient: server: cloudflare
04-07 08:13:00.608 10035 11575 I okhttp.OkHttpClient: cf-ray: 92c62ccbdc7133c6-DEL
04-07 08:13:00.609 10035 11575 I okhttp.OkHttpClient: alt-svc: h3=":443"; ma=86400
04-07 08:13:00.615 10035 11575 I okhttp.OkHttpClient: {"success":false,"message":"App signature is not valid","error":"APP_SIGNATURE_INVALID"}
04-07 08:13:00.615 10035 11575 I okhttp.OkHttpClient: <-- END HTTP (88-byte body)
04-07 08:13:00.622 10035 10035 E AdMobRepository: Failed to fetch ad units: 401 
04-07 08:13:00.622 10035 11567 I gralloc4: @set_metadata: update dataspace from GM (0x00000000 -> 0x08010000)
04-07 08:13:00.622 10035 10035 D AdMobRepository: Retrying in 4000ms (attempt 2 of 3)
04-07 08:13:00.636 10035 11567 I gralloc4: @set_metadata: update dataspace from GM (0x00000000 -> 0x08010000)
04-07 08:13:00.655 10035 11567 I gralloc4: @set_metadata: update dataspace from GM (0x00000000 -> 0x08010000)
04-07 08:13:00.672 10035 11567 I gralloc4: @set_metadata: update dataspace from GM (0x00000000 -> 0x08010000)
04-07 08:13:00.690 10035 11567 I gralloc4: @set_metadata: update dataspace from GM (0x00000000 -> 0x08010000)
04-07 08:13:00.704 10035 11567 I gralloc4: @set_metadata: update dataspace from GM (0x00000000 -> 0x08010000)
04-07 08:13:00.721 10035 11567 I gralloc4: @set_metadata: update dataspace from GM (0x00000000 -> 0x08010000)
04-07 08:13:00.737 10035 11567 I gralloc4: @set_metadata: update dataspace from GM (0x00000000 -> 0x08010000)
04-07 08:13:00.756 10035 11567 I gralloc4: @set_metadata: update dataspace from GM (0x00000000 -> 0x08010000)
04-07 08:13:00.771 10035 11567 I gralloc4: @set_metadata: update dataspace from GM (0x00000000 -> 0x08010000)
04-07 08:13:00.787 10035 11567 I gralloc4: @set_metadata: update dataspace from GM (0x00000000 -> 0x08010000)
04-07 08:13:00.805 10035 11567 I gralloc4: @set_metadata: update dataspace from GM (0x00000000 -> 0x08010000)
04-07 08:13:00.821 10035 11567 I gralloc4: @set_metadata: update dataspace from GM (0x00000000 -> 0x08010000)
04-07 08:13:00.837 10035 11567 I gralloc4: @set_metadata: update dataspace from GM (0x00000000 -> 0x08010000)
04-07 08:13:00.854 10035 11567 I gralloc4: @set_metadata: update dataspace from GM (0x00000000 -> 0x08010000)
04-07 08:13:00.870 10035 11567 I gralloc4: @set_metadata: update dataspace from GM (0x00000000 -> 0x08010000)
04-07 08:13:00.887 10035 11567 I gralloc4: @set_metadata: update dataspace from GM (0x00000000 -> 0x08010000)
04-07 08:13:00.904 10035 11567 I gralloc4: @set_metadata: update dataspace from GM (0x00000000 -> 0x08010000)
04-07 08:13:00.921 10035 11567 I gralloc4: @set_metadata: update dataspace from GM (0x00000000 -> 0x08010000)
04-07 08:13:00.938 10035 11567 I gralloc4: @set_metadata: update dataspace from GM (0x00000000 -> 0x08010000)
04-07 08:13:00.954 10035 11567 I gralloc4: @set_metadata: update dataspace from GM (0x00000000 -> 0x08010000)
04-07 08:13:00.968 10035 11567 I gralloc4: @set_metadata: update dataspace from GM (0x00000000 -> 0x08010000)
04-07 08:13:01.223 10035 11631 I okhttp.OkHttpClient: <-- 401 https://eventwish2.onrender.com/api/admob/impression (1028ms)
04-07 08:13:01.224 10035 11631 I okhttp.OkHttpClient: date: Mon, 07 Apr 2025 02:43:01 GMT
04-07 08:13:01.225 10035 11631 I okhttp.OkHttpClient: content-type: application/json; charset=utf-8
04-07 08:13:01.226 10035 11631 I okhttp.OkHttpClient: access-control-allow-origin: *
04-07 08:13:01.227 10035 11631 I okhttp.OkHttpClient: content-security-policy: default-src 'self';script-src 'self' 'unsafe-inline' 'unsafe-hashes' https://cdn.jsdelivr.net;script-src-attr 'unsafe-inline';connect-src 'self' https://api.eventwish.com https://eventwish2.onrender.com;style-src 'self' 'unsafe-inline' https://cdn.jsdelivr.net;img-src 'self' data: https://via.placeholder.com;font-src 'self' https://cdn.jsdelivr.net;base-uri 'self';form-action 'self';frame-ancestors 'self';object-src 'none';upgrade-insecure-requests
04-07 08:13:01.228 10035 11631 I okhttp.OkHttpClient: cross-origin-opener-policy: same-origin
04-07 08:13:01.228 10035 11631 I okhttp.OkHttpClient: cross-origin-resource-policy: same-origin
04-07 08:13:01.229 10035 11631 I okhttp.OkHttpClient: etag: W/"58-GGvPw5G3EW+ylh8zJiuQ8GFC7vc"
04-07 08:13:01.229 10035 11631 I okhttp.OkHttpClient: origin-agent-cluster: ?1
04-07 08:13:01.229 10035 11631 I okhttp.OkHttpClient: ratelimit-limit: 100
04-07 08:13:01.230 10035 11631 I okhttp.OkHttpClient: ratelimit-policy: 100;w=900
04-07 08:13:01.231 10035 11631 I okhttp.OkHttpClient: ratelimit-remaining: 95
04-07 08:13:01.232 10035 11631 I okhttp.OkHttpClient: ratelimit-reset: 652
04-07 08:13:01.232 10035 11631 I okhttp.OkHttpClient: referrer-policy: no-referrer
04-07 08:13:01.233 10035 11631 I okhttp.OkHttpClient: rndr-id: ec62c0ea-9117-4fe4
04-07 08:13:01.234 10035 11631 I okhttp.OkHttpClient: strict-transport-security: max-age=15552000; includeSubDomains
04-07 08:13:01.234 10035 11631 I okhttp.OkHttpClient: vary: Accept-Encoding
04-07 08:13:01.234 10035 11631 I okhttp.OkHttpClient: vary: Accept-Encoding
04-07 08:13:01.235 10035 11631 I okhttp.OkHttpClient: x-content-type-options: nosniff
04-07 08:13:01.235 10035 11631 I okhttp.OkHttpClient: x-dns-prefetch-control: off
04-07 08:13:01.236 10035 11631 I okhttp.OkHttpClient: x-download-options: noopen
04-07 08:13:01.236 10035 11631 I okhttp.OkHttpClient: x-frame-options: SAMEORIGIN
04-07 08:13:01.237 10035 11631 I okhttp.OkHttpClient: x-permitted-cross-domain-policies: none
04-07 08:13:01.237 10035 11631 I okhttp.OkHttpClient: x-render-origin-server: Render
04-07 08:13:01.237 10035 11631 I okhttp.OkHttpClient: x-xss-protection: 0
04-07 08:13:01.238 10035 11631 I okhttp.OkHttpClient: cf-cache-status: DYNAMIC
04-07 08:13:01.238 10035 11631 I okhttp.OkHttpClient: server: cloudflare
04-07 08:13:01.239 10035 11631 I okhttp.OkHttpClient: cf-ray: 92c62ccbfc7b33c6-DEL
04-07 08:13:01.239 10035 11631 I okhttp.OkHttpClient: alt-svc: h3=":443"; ma=86400
04-07 08:13:01.244 10035 11631 I okhttp.OkHttpClient: {"success":false,"message":"App signature is not valid","error":"APP_SIGNATURE_INVALID"}
04-07 08:13:01.245 10035 11631 I okhttp.OkHttpClient: <-- END HTTP (88-byte body)
04-07 08:13:01.248 10035 10035 D TestAdActivity: Impression recorded: false
04-07 08:13:01.249 10035 10035 D TestAdActivity: Status updated: Impression test: Failed
04-07 08:13:01.260 10035 11631 D ApiClient: API Request: https://eventwish2.onrender.com/api/admob/click
04-07 08:13:01.260 10035 11631 D ApiClient: API Key: ew_dev_c1c...
04-07 08:13:01.260 10035 11631 D ApiClient: Headers: x-app-signature: test_signature
04-07 08:13:01.260 10035 11631 D ApiClient: Content-Type: application/json
04-07 08:13:01.260 10035 11631 D ApiClient: x-api-key: ew_dev_c1ce47afeff9fa8b7b1aa165562cb915
04-07 08:13:01.260 10035 11631 D ApiClient: x-device-id: 93e81b95f9f2c74a4b0124f784fe34327066c5c0f8a4c51c00a11a68c831b49e
04-07 08:13:01.261 10035 11631 I okhttp.OkHttpClient: --> POST https://eventwish2.onrender.com/api/admob/click
04-07 08:13:01.263 10035 11631 I okhttp.OkHttpClient: Content-Length: 114
04-07 08:13:01.263 10035 11631 I okhttp.OkHttpClient: x-app-signature: test_signature
04-07 08:13:01.264 10035 11631 I okhttp.OkHttpClient: Content-Type: application/json
04-07 08:13:01.264 10035 11631 I okhttp.OkHttpClient: x-api-key: ew_dev_c1ce47afeff9fa8b7b1aa165562cb915
04-07 08:13:01.265 10035 11631 I okhttp.OkHttpClient: x-device-id: 93e81b95f9f2c74a4b0124f784fe34327066c5c0f8a4c51c00a11a68c831b49e
