04-07 07:45:31.662  3681  3812 E TemplateUpdateWorker: 	at retrofit2.OkHttpCall.execute(OkHttpCall.java:204)
04-07 07:45:31.662  3681  3812 E TemplateUpdateWorker: 	at retrofit2.DefaultCallAdapterFactory$ExecutorCallbackCall.execute(DefaultCallAdapterFactory.java:108)
04-07 07:45:31.662  3681  3812 E TemplateUpdateWorker: 	at com.ds.eventwish.workers.TemplateUpdateWorker.doWork(TemplateUpdateWorker.java:51)
04-07 07:45:31.662  3681  3812 E TemplateUpdateWorker: 	at androidx.work.Worker$1.run(Worker.java:82)
04-07 07:45:31.662  3681  3812 E TemplateUpdateWorker: 	at java.util.concurrent.ThreadPoolExecutor.runWorker(ThreadPoolExecutor.java:1145)
04-07 07:45:31.662  3681  3812 E TemplateUpdateWorker: 	at java.util.concurrent.ThreadPoolExecutor$Worker.run(ThreadPoolExecutor.java:644)
04-07 07:45:31.662  3681  3812 E TemplateUpdateWorker: 	at java.lang.Thread.run(Thread.java:1012)
04-07 07:45:31.668  3681  3807 I WM-WorkerWrapper: Worker result RETRY for Work [ id=881613ee-38ef-4643-93c6-17cba6b35731, tags={ com.ds.eventwish.workers.TemplateUpdateWorker } ]
04-07 07:45:31.691  3681  3807 D CompatibilityChangeReporter: Compat change id reported: 194532703; UID 10488; state: ENABLED
04-07 07:45:31.691  3681  3807 D CompatibilityChangeReporter: Compat change id reported: 253665015; UID 10488; state: ENABLED
04-07 07:45:32.033  3681  3701 I om.ds.eventwish: Compiler allocated 4211KB to compile void android.widget.TextView.<init>(android.content.Context, android.util.AttributeSet, int, int)
04-07 07:45:32.472  3681  3701 I om.ds.eventwish: Compiler allocated 6508KB to compile void android.view.ViewRootImpl.performTraversals()
04-07 07:45:32.892  3681  3756 I gralloc4: @set_metadata: update dataspace from GM (0x00000000 -> 0x08010000)
04-07 07:45:32.909  3681  3756 I gralloc4: @set_metadata: update dataspace from GM (0x00000000 -> 0x08010000)
04-07 07:45:32.925  3681  3756 I gralloc4: @set_metadata: update dataspace from GM (0x00000000 -> 0x08010000)
04-07 07:45:32.951  3681  3756 I gralloc4: @set_metadata: update dataspace from GM (0x00000000 -> 0x08010000)
04-07 07:45:32.958  3681  3756 I gralloc4: @set_metadata: update dataspace from GM (0x00000000 -> 0x08010000)
04-07 07:45:32.976  3681  3756 I gralloc4: @set_metadata: update dataspace from GM (0x00000000 -> 0x08010000)
04-07 07:45:32.992  3681  3756 I gralloc4: @set_metadata: update dataspace from GM (0x00000000 -> 0x08010000)
04-07 07:45:33.010  3681  3756 I gralloc4: @set_metadata: update dataspace from GM (0x00000000 -> 0x08010000)
04-07 07:45:33.025  3681  3756 I gralloc4: @set_metadata: update dataspace from GM (0x00000000 -> 0x08010000)
04-07 07:45:33.045  3681  3756 I gralloc4: @set_metadata: update dataspace from GM (0x00000000 -> 0x08010000)
04-07 07:45:33.063  3681  3756 I gralloc4: @set_metadata: update dataspace from GM (0x00000000 -> 0x08010000)
04-07 07:45:33.081  3681  3756 I gralloc4: @set_metadata: update dataspace from GM (0x00000000 -> 0x08010000)
04-07 07:45:33.093  3681  3756 I gralloc4: @set_metadata: update dataspace from GM (0x00000000 -> 0x08010000)
04-07 07:45:33.113  3681  3756 I gralloc4: @set_metadata: update dataspace from GM (0x00000000 -> 0x08010000)
04-07 07:45:33.126  3681  3756 I gralloc4: @set_metadata: update dataspace from GM (0x00000000 -> 0x08010000)
04-07 07:45:33.145  3681  3756 I gralloc4: @set_metadata: update dataspace from GM (0x00000000 -> 0x08010000)
04-07 07:45:33.159  3681  3756 I gralloc4: @set_metadata: update dataspace from GM (0x00000000 -> 0x08010000)
04-07 07:45:33.525  3681  3681 D EventWishApplication: Retrying user registration after delay
04-07 07:45:33.525  3681  3681 E EventWishApplication: Cannot register user: AppExecutors not initialized
04-07 07:45:35.823  1760  4057 W BatteryStatsService: Unknown sensor handle 0 received in noteWakeupSensorEvent
04-07 07:45:35.901  3681  3838 D ProfileInstaller: Installing profile for com.ds.eventwish
04-07 07:45:36.526  3681  3681 D EventWishApplication: Retrying user registration after delay
04-07 07:45:36.526  3681  3681 E EventWishApplication: Cannot register user: AppExecutors not initialized
04-07 07:45:37.695  3681  3756 I gralloc4: @set_metadata: update dataspace from GM (0x00000000 -> 0x08010000)
04-07 07:45:37.695  3681  3681 W AdBannerView: AdMobManager not initialized yet: AdMobManager must be initialized first. Call init(Context)
04-07 07:45:37.695  3681  3681 W AdBannerView: AdMobManager still not initialized: AdMobManager must be initialized first. Call init(Context)
04-07 07:45:37.696  3681  3681 W AdBannerView: AdMobManager still not initialized: AdMobManager must be initialized first. Call init(Context)
04-07 07:45:37.696  3681  3681 W AdBannerView: AdMobManager still not initialized: AdMobManager must be initialized first. Call init(Context)
04-07 07:45:37.696  3681  3681 W AdBannerView: AdMobManager still not initialized: AdMobManager must be initialized first. Call init(Context)
04-07 07:45:37.697  3681  3681 D TestAdActivity: Status updated: Banner ad displayed
04-07 07:45:37.706  3681  3756 I gralloc4: @set_metadata: update dataspace from GM (0x00000000 -> 0x08010000)
04-07 07:45:37.723  3681  3756 I gralloc4: @set_metadata: update dataspace from GM (0x00000000 -> 0x08010000)
04-07 07:45:37.735  3681  3756 I gralloc4: @set_metadata: update dataspace from GM (0x00000000 -> 0x08010000)
04-07 07:45:37.754  3681  3756 I gralloc4: @set_metadata: update dataspace from GM (0x00000000 -> 0x08010000)
04-07 07:45:37.770  3681  3756 I gralloc4: @set_metadata: update dataspace from GM (0x00000000 -> 0x08010000)
04-07 07:45:37.785  3681  3756 I gralloc4: @set_metadata: update dataspace from GM (0x00000000 -> 0x08010000)
04-07 07:45:37.804  3681  3756 I gralloc4: @set_metadata: update dataspace from GM (0x00000000 -> 0x08010000)
04-07 07:45:37.822  3681  3756 I gralloc4: @set_metadata: update dataspace from GM (0x00000000 -> 0x08010000)
04-07 07:45:37.838  3681  3756 I gralloc4: @set_metadata: update dataspace from GM (0x00000000 -> 0x08010000)
04-07 07:45:37.856  3681  3756 I gralloc4: @set_metadata: update dataspace from GM (0x00000000 -> 0x08010000)
04-07 07:45:37.873  3681  3756 I gralloc4: @set_metadata: update dataspace from GM (0x00000000 -> 0x08010000)
04-07 07:45:37.892  3681  3756 I gralloc4: @set_metadata: update dataspace from GM (0x00000000 -> 0x08010000)
04-07 07:45:37.909  3681  3756 I gralloc4: @set_metadata: update dataspace from GM (0x00000000 -> 0x08010000)
04-07 07:45:37.923  3681  3756 I gralloc4: @set_metadata: update dataspace from GM (0x00000000 -> 0x08010000)
04-07 07:45:37.941  3681  3756 I gralloc4: @set_metadata: update dataspace from GM (0x00000000 -> 0x08010000)
04-07 07:45:37.960  3681  3756 I gralloc4: @set_metadata: update dataspace from GM (0x00000000 -> 0x08010000)
04-07 07:45:37.973  3681  3756 I gralloc4: @set_metadata: update dataspace from GM (0x00000000 -> 0x08010000)
04-07 07:45:37.991  3681  3756 I gralloc4: @set_metadata: update dataspace from GM (0x00000000 -> 0x08010000)
04-07 07:45:38.009  3681  3756 I gralloc4: @set_metadata: update dataspace from GM (0x00000000 -> 0x08010000)
04-07 07:45:38.026  3681  3756 I gralloc4: @set_metadata: update dataspace from GM (0x00000000 -> 0x08010000)
04-07 07:45:38.038  3681  3756 I gralloc4: @set_metadata: update dataspace from GM (0x00000000 -> 0x08010000)
04-07 07:45:38.060  3681  3756 I gralloc4: @set_metadata: update dataspace from GM (0x00000000 -> 0x08010000)
04-07 07:45:38.072  3681  3756 I gralloc4: @set_metadata: update dataspace from GM (0x00000000 -> 0x08010000)
04-07 07:45:38.095  3681  3756 I gralloc4: @set_metadata: update dataspace from GM (0x00000000 -> 0x08010000)
04-07 07:45:38.106  3681  3756 I gralloc4: @set_metadata: update dataspace from GM (0x00000000 -> 0x08010000)
04-07 07:45:38.125  3681  3756 I gralloc4: @set_metadata: update dataspace from GM (0x00000000 -> 0x08010000)
04-07 07:45:38.139  3681  3756 I gralloc4: @set_metadata: update dataspace from GM (0x00000000 -> 0x08010000)
04-07 07:45:38.158  3681  3756 I gralloc4: @set_metadata: update dataspace from GM (0x00000000 -> 0x08010000)
04-07 07:45:38.171  3681  3756 I gralloc4: @set_metadata: update dataspace from GM (0x00000000 -> 0x08010000)
04-07 07:45:38.191  3681  3756 I gralloc4: @set_metadata: update dataspace from GM (0x00000000 -> 0x08010000)
04-07 07:45:38.208  3681  3756 I gralloc4: @set_metadata: update dataspace from GM (0x00000000 -> 0x08010000)
04-07 07:45:38.225  3681  3756 I gralloc4: @set_metadata: update dataspace from GM (0x00000000 -> 0x08010000)
04-07 07:45:38.239  3681  3756 I gralloc4: @set_metadata: update dataspace from GM (0x00000000 -> 0x08010000)
04-07 07:45:38.257  3681  3756 I gralloc4: @set_metadata: update dataspace from GM (0x00000000 -> 0x08010000)
04-07 07:45:38.274  3681  3756 I gralloc4: @set_metadata: update dataspace from GM (0x00000000 -> 0x08010000)
04-07 07:45:38.289  3681  3756 I gralloc4: @set_metadata: update dataspace from GM (0x00000000 -> 0x08010000)
04-07 07:45:38.307  3681  3756 I gralloc4: @set_metadata: update dataspace from GM (0x00000000 -> 0x08010000)
04-07 07:45:38.324  3681  3756 I gralloc4: @set_metadata: update dataspace from GM (0x00000000 -> 0x08010000)
04-07 07:45:38.342  3681  3756 I gralloc4: @set_metadata: update dataspace from GM (0x00000000 -> 0x08010000)
04-07 07:45:38.356  3681  3756 I gralloc4: @set_metadata: update dataspace from GM (0x00000000 -> 0x08010000)
04-07 07:45:38.375  3681  3756 I gralloc4: @set_metadata: update dataspace from GM (0x00000000 -> 0x08010000)
04-07 07:45:38.389  3681  3756 I gralloc4: @set_metadata: update dataspace from GM (0x00000000 -> 0x08010000)
04-07 07:45:38.407  3681  3756 I gralloc4: @set_metadata: update dataspace from GM (0x00000000 -> 0x08010000)
04-07 07:45:38.425  3681  3756 I gralloc4: @set_metadata: update dataspace from GM (0x00000000 -> 0x08010000)
04-07 07:45:38.439  3681  3756 I gralloc4: @set_metadata: update dataspace from GM (0x00000000 -> 0x08010000)
04-07 07:45:38.457  3681  3756 I gralloc4: @set_metadata: update dataspace from GM (0x00000000 -> 0x08010000)
04-07 07:45:38.474  3681  3756 I gralloc4: @set_metadata: update dataspace from GM (0x00000000 -> 0x08010000)
04-07 07:45:38.489  3681  3756 I gralloc4: @set_metadata: update dataspace from GM (0x00000000 -> 0x08010000)
04-07 07:45:38.507  3681  3756 I gralloc4: @set_metadata: update dataspace from GM (0x00000000 -> 0x08010000)
04-07 07:45:38.525  3681  3756 I gralloc4: @set_metadata: update dataspace from GM (0x00000000 -> 0x08010000)
04-07 07:45:38.538  3681  3756 I gralloc4: @set_metadata: update dataspace from GM (0x00000000 -> 0x08010000)
04-07 07:45:38.554  3681  3756 I gralloc4: @set_metadata: update dataspace from GM (0x00000000 -> 0x08010000)
04-07 07:45:39.137  3681  3681 D CompatibilityChangeReporter: Compat change id reported: 147798919; UID 10488; state: ENABLED
04-07 07:45:39.143  3681  3756 I gralloc4: @set_metadata: update dataspace from GM (0x00000000 -> 0x08010000)
04-07 07:45:39.153  3681  3681 D TestAdActivity: Status updated: Cannot test endpoints: AdMobRepository not initialized
04-07 07:45:39.154  3681  3756 I gralloc4: @set_metadata: update dataspace from GM (0x00000000 -> 0x08010000)
04-07 07:45:39.170  3681  3756 I gralloc4: @set_metadata: update dataspace from GM (0x00000000 -> 0x08010000)
04-07 07:45:39.190  3681  3756 I gralloc4: @set_metadata: update dataspace from GM (0x00000000 -> 0x08010000)
04-07 07:45:39.204  3681  3756 I gralloc4: @set_metadata: update dataspace from GM (0x00000000 -> 0x08010000)
04-07 07:45:39.220  3681  3756 I gralloc4: @set_metadata: update dataspace from GM (0x00000000 -> 0x08010000)
04-07 07:45:39.234  3681  3756 I gralloc4: @set_metadata: update dataspace from GM (0x00000000 -> 0x08010000)
04-07 07:45:39.259  3681  3756 I gralloc4: @set_metadata: update dataspace from GM (0x00000000 -> 0x08010000)
04-07 07:45:39.271  3681  3756 I gralloc4: @set_metadata: update dataspace from GM (0x00000000 -> 0x08010000)
04-07 07:45:39.285  3681  3756 I gralloc4: @set_metadata: update dataspace from GM (0x00000000 -> 0x08010000)
04-07 07:45:39.307  3681  3756 I gralloc4: @set_metadata: update dataspace from GM (0x00000000 -> 0x08010000)
04-07 07:45:39.321  3681  3756 I gralloc4: @set_metadata: update dataspace from GM (0x00000000 -> 0x08010000)
04-07 07:45:39.340  3681  3756 I gralloc4: @set_metadata: update dataspace from GM (0x00000000 -> 0x08010000)
04-07 07:45:39.355  3681  3756 I gralloc4: @set_metadata: update dataspace from GM (0x00000000 -> 0x08010000)
04-07 07:45:39.373  3681  3756 I gralloc4: @set_metadata: update dataspace from GM (0x00000000 -> 0x08010000)
04-07 07:45:39.388  3681  3756 I gralloc4: @set_metadata: update dataspace from GM (0x00000000 -> 0x08010000)
04-07 07:45:39.405  3681  3756 I gralloc4: @set_metadata: update dataspace from GM (0x00000000 -> 0x08010000)
04-07 07:45:39.423  3681  3756 I gralloc4: @set_metadata: update dataspace from GM (0x00000000 -> 0x08010000)
04-07 07:45:39.439  3681  3756 I gralloc4: @set_metadata: update dataspace from GM (0x00000000 -> 0x08010000)
04-07 07:45:39.455  3681  3756 I gralloc4: @set_metadata: update dataspace from GM (0x00000000 -> 0x08010000)
04-07 07:45:39.470  3681  3756 I gralloc4: @set_metadata: update dataspace from GM (0x00000000 -> 0x08010000)
04-07 07:45:39.490  3681  3756 I gralloc4: @set_metadata: update dataspace from GM (0x00000000 -> 0x08010000)
04-07 07:45:39.504  3681  3756 I gralloc4: @set_metadata: update dataspace from GM (0x00000000 -> 0x08010000)
04-07 07:45:39.522  3681  3756 I gralloc4: @set_metadata: update dataspace from GM (0x00000000 -> 0x08010000)
04-07 07:45:39.527  3681  3681 D EventWishApplication: Retrying user registration after delay
04-07 07:45:39.527  3681  3681 E EventWishApplication: Cannot register user: AppExecutors not initialized
04-07 07:45:39.538  3681  3756 I gralloc4: @set_metadata: update dataspace from GM (0x00000000 -> 0x08010000)
04-07 07:45:39.557  3681  3756 I gralloc4: @set_metadata: update dataspace from GM (0x00000000 -> 0x08010000)
04-07 07:45:39.572  3681  3756 I gralloc4: @set_metadata: update dataspace from GM (0x00000000 -> 0x08010000)
04-07 07:45:39.590  3681  3756 I gralloc4: @set_metadata: update dataspace from GM (0x00000000 -> 0x08010000)
04-07 07:45:39.602  3681  3756 I gralloc4: @set_metadata: update dataspace from GM (0x00000000 -> 0x08010000)
04-07 07:45:39.623  3681  3756 I gralloc4: @set_metadata: update dataspace from GM (0x00000000 -> 0x08010000)
04-07 07:45:39.640  3681  3756 I gralloc4: @set_metadata: update dataspace from GM (0x00000000 -> 0x08010000)
04-07 07:45:39.657  3681  3756 I gralloc4: @set_metadata: update dataspace from GM (0x00000000 -> 0x08010000)
04-07 07:45:39.673  3681  3756 I gralloc4: @set_metadata: update dataspace from GM (0x00000000 -> 0x08010000)
04-07 07:45:39.690  3681  3756 I gralloc4: @set_metadata: update dataspace from GM (0x00000000 -> 0x08010000)
04-07 07:45:39.707  3681  3756 I gralloc4: @set_metadata: update dataspace from GM (0x00000000 -> 0x08010000)
04-07 07:45:39.721  3681  3756 I gralloc4: @set_metadata: update dataspace from GM (0x00000000 -> 0x08010000)
04-07 07:45:39.741  3681  3756 I gralloc4: @set_metadata: update dataspace from GM (0x00000000 -> 0x08010000)
04-07 07:45:39.755  3681  3756 I gralloc4: @set_metadata: update dataspace from GM (0x00000000 -> 0x08010000)
04-07 07:45:39.773  3681  3756 I gralloc4: @set_metadata: update dataspace from GM (0x00000000 -> 0x08010000)
04-07 07:45:39.790  3681  3756 I gralloc4: @set_metadata: update dataspace from GM (0x00000000 -> 0x08010000)
04-07 07:45:39.807  3681  3756 I gralloc4: @set_metadata: update dataspace from GM (0x00000000 -> 0x08010000)
04-07 07:45:39.821  3681  3756 I gralloc4: @set_metadata: update dataspace from GM (0x00000000 -> 0x08010000)
04-07 07:45:39.839  3681  3756 I gralloc4: @set_metadata: update dataspace from GM (0x00000000 -> 0x08010000)
04-07 07:45:39.858  3681  3756 I gralloc4: @set_metadata: update dataspace from GM (0x00000000 -> 0x08010000)
04-07 07:45:39.875  3681  3756 I gralloc4: @set_metadata: update dataspace from GM (0x00000000 -> 0x08010000)
04-07 07:45:39.887  3681  3756 I gralloc4: @set_metadata: update dataspace from GM (0x00000000 -> 0x08010000)
04-07 07:45:39.903  3681  3756 I gralloc4: @set_metadata: update dataspace from GM (0x00000000 -> 0x08010000)
04-07 07:45:39.921  3681  3756 I gralloc4: @set_metadata: update dataspace from GM (0x00000000 -> 0x08010000)
04-07 07:45:39.937  3681  3756 I gralloc4: @set_metadata: update dataspace from GM (0x00000000 -> 0x08010000)
04-07 07:45:39.955  3681  3756 I gralloc4: @set_metadata: update dataspace from GM (0x00000000 -> 0x08010000)
04-07 07:45:39.972  3681  3756 I gralloc4: @set_metadata: update dataspace from GM (0x00000000 -> 0x08010000)
04-07 07:45:39.985  3681  3756 I gralloc4: @set_metadata: update dataspace from GM (0x00000000 -> 0x08010000)
04-07 07:45:40.002  3681  3756 I gralloc4: @set_metadata: update dataspace from GM (0x00000000 -> 0x08010000)
04-07 07:45:41.861  3681  3756 I gralloc4: @set_metadata: update dataspace from GM (0x00000000 -> 0x08010000)
04-07 07:45:41.862  3681  3681 D TestAdActivity: Status updated: Cannot test auth: AdMobRepository not initialized
04-07 07:45:41.878  3681  3756 I gralloc4: @set_metadata: update dataspace from GM (0x00000000 -> 0x08010000)
04-07 07:45:41.884  3681  3756 I gralloc4: @set_metadata: update dataspace from GM (0x00000000 -> 0x08010000)
04-07 07:45:41.898  3681  3756 I gralloc4: @set_metadata: update dataspace from GM (0x00000000 -> 0x08010000)
04-07 07:45:41.919  3681  3756 I gralloc4: @set_metadata: update dataspace from GM (0x00000000 -> 0x08010000)
04-07 07:45:41.930  3681  3756 I gralloc4: @set_metadata: update dataspace from GM (0x00000000 -> 0x08010000)
04-07 07:45:41.948  3681  3756 I gralloc4: @set_metadata: update dataspace from GM (0x00000000 -> 0x08010000)
04-07 07:45:41.965  3681  3756 I gralloc4: @set_metadata: update dataspace from GM (0x00000000 -> 0x08010000)
04-07 07:45:41.983  3681  3756 I gralloc4: @set_metadata: update dataspace from GM (0x00000000 -> 0x08010000)
04-07 07:45:41.998  3681  3756 I gralloc4: @set_metadata: update dataspace from GM (0x00000000 -> 0x08010000)
04-07 07:45:42.016  3681  3756 I gralloc4: @set_metadata: update dataspace from GM (0x00000000 -> 0x08010000)
04-07 07:45:42.034  3681  3756 I gralloc4: @set_metadata: update dataspace from GM (0x00000000 -> 0x08010000)
04-07 07:45:42.051  3681  3756 I gralloc4: @set_metadata: update dataspace from GM (0x00000000 -> 0x08010000)
04-07 07:45:42.067  3681  3756 I gralloc4: @set_metadata: update dataspace from GM (0x00000000 -> 0x08010000)
04-07 07:45:42.084  3681  3756 I gralloc4: @set_metadata: update dataspace from GM (0x00000000 -> 0x08010000)
04-07 07:45:42.100  3681  3756 I gralloc4: @set_metadata: update dataspace from GM (0x00000000 -> 0x08010000)
04-07 07:45:42.117  3681  3756 I gralloc4: @set_metadata: update dataspace from GM (0x00000000 -> 0x08010000)
04-07 07:45:42.134  3681  3756 I gralloc4: @set_metadata: update dataspace from GM (0x00000000 -> 0x08010000)
04-07 07:45:42.152  3681  3756 I gralloc4: @set_metadata: update dataspace from GM (0x00000000 -> 0x08010000)
04-07 07:45:42.168  3681  3756 I gralloc4: @set_metadata: update dataspace from GM (0x00000000 -> 0x08010000)
04-07 07:45:42.184  3681  3756 I gralloc4: @set_metadata: update dataspace from GM (0x00000000 -> 0x08010000)
04-07 07:45:42.201  3681  3756 I gralloc4: @set_metadata: update dataspace from GM (0x00000000 -> 0x08010000)
04-07 07:45:42.220  3681  3756 I gralloc4: @set_metadata: update dataspace from GM (0x00000000 -> 0x08010000)
04-07 07:45:42.235  3681  3756 I gralloc4: @set_metadata: update dataspace from GM (0x00000000 -> 0x08010000)
04-07 07:45:42.252  3681  3756 I gralloc4: @set_metadata: update dataspace from GM (0x00000000 -> 0x08010000)
04-07 07:45:42.271  3681  3756 I gralloc4: @set_metadata: update dataspace from GM (0x00000000 -> 0x08010000)
04-07 07:45:42.284  3681  3756 I gralloc4: @set_metadata: update dataspace from GM (0x00000000 -> 0x08010000)
04-07 07:45:42.303  3681  3756 I gralloc4: @set_metadata: update dataspace from GM (0x00000000 -> 0x08010000)
04-07 07:45:42.320  3681  3756 I gralloc4: @set_metadata: update dataspace from GM (0x00000000 -> 0x08010000)
04-07 07:45:42.337  3681  3756 I gralloc4: @set_metadata: update dataspace from GM (0x00000000 -> 0x08010000)
04-07 07:45:42.351  3681  3756 I gralloc4: @set_metadata: update dataspace from GM (0x00000000 -> 0x08010000)
04-07 07:45:42.369  3681  3756 I gralloc4: @set_metadata: update dataspace from GM (0x00000000 -> 0x08010000)
04-07 07:45:42.386  3681  3756 I gralloc4: @set_metadata: update dataspace from GM (0x00000000 -> 0x08010000)
04-07 07:45:42.403  3681  3756 I gralloc4: @set_metadata: update dataspace from GM (0x00000000 -> 0x08010000)
04-07 07:45:42.420  3681  3756 I gralloc4: @set_metadata: update dataspace from GM (0x00000000 -> 0x08010000)
04-07 07:45:42.435  3681  3756 I gralloc4: @set_metadata: update dataspace from GM (0x00000000 -> 0x08010000)
04-07 07:45:42.453  3681  3756 I gralloc4: @set_metadata: update dataspace from GM (0x00000000 -> 0x08010000)
04-07 07:45:42.468  3681  3756 I gralloc4: @set_metadata: update dataspace from GM (0x00000000 -> 0x08010000)
04-07 07:45:42.486  3681  3756 I gralloc4: @set_metadata: update dataspace from GM (0x00000000 -> 0x08010000)
04-07 07:45:42.504  3681  3756 I gralloc4: @set_metadata: update dataspace from GM (0x00000000 -> 0x08010000)
04-07 07:45:42.518  3681  3756 I gralloc4: @set_metadata: update dataspace from GM (0x00000000 -> 0x08010000)
04-07 07:45:42.528  3681  3681 D EventWishApplication: Retrying user registration after delay
04-07 07:45:42.528  3681  3681 E EventWishApplication: Cannot register user: AppExecutors not initialized
04-07 07:45:42.537  3681  3756 I gralloc4: @set_metadata: update dataspace from GM (0x00000000 -> 0x08010000)
04-07 07:45:42.551  3681  3756 I gralloc4: @set_metadata: update dataspace from GM (0x00000000 -> 0x08010000)
04-07 07:45:42.570  3681  3756 I gralloc4: @set_metadata: update dataspace from GM (0x00000000 -> 0x08010000)
04-07 07:45:42.587  3681  3756 I gralloc4: @set_metadata: update dataspace from GM (0x00000000 -> 0x08010000)
04-07 07:45:42.620  3681  3756 I gralloc4: @set_metadata: update dataspace from GM (0x00000000 -> 0x08010000)
04-07 07:45:42.637  3681  3756 I gralloc4: @set_metadata: update dataspace from GM (0x00000000 -> 0x08010000)
04-07 07:45:42.651  3681  3681 D TestAdActivity: Status updated: Cannot test parsing: AdMobManager not initialized
04-07 07:45:42.651  3681  3756 I gralloc4: @set_metadata: update dataspace from GM (0x00000000 -> 0x08010000)
04-07 07:45:42.665  3681  3756 I gralloc4: @set_metadata: update dataspace from GM (0x00000000 -> 0x08010000)
04-07 07:45:42.685  3681  3756 I gralloc4: @set_metadata: update dataspace from GM (0x00000000 -> 0x08010000)
04-07 07:45:42.699  3681  3756 I gralloc4: @set_metadata: update dataspace from GM (0x00000000 -> 0x08010000)
04-07 07:45:42.717  3681  3756 I gralloc4: @set_metadata: update dataspace from GM (0x00000000 -> 0x08010000)
04-07 07:45:42.732  3681  3756 I gralloc4: @set_metadata: update dataspace from GM (0x00000000 -> 0x08010000)
04-07 07:45:42.750  3681  3756 I gralloc4: @set_metadata: update dataspace from GM (0x00000000 -> 0x08010000)
04-07 07:45:42.765  3681  3756 I gralloc4: @set_metadata: update dataspace from GM (0x00000000 -> 0x08010000)
04-07 07:45:42.784  3681  3756 I gralloc4: @set_metadata: update dataspace from GM (0x00000000 -> 0x08010000)
04-07 07:45:42.802  3681  3756 I gralloc4: @set_metadata: update dataspace from GM (0x00000000 -> 0x08010000)
04-07 07:45:42.817  3681  3756 I gralloc4: @set_metadata: update dataspace from GM (0x00000000 -> 0x08010000)
04-07 07:45:42.836  3681  3756 I gralloc4: @set_metadata: update dataspace from GM (0x00000000 -> 0x08010000)
04-07 07:45:42.851  3681  3756 I gralloc4: @set_metadata: update dataspace from GM (0x00000000 -> 0x08010000)
04-07 07:45:42.869  3681  3756 I gralloc4: @set_metadata: update dataspace from GM (0x00000000 -> 0x08010000)
04-07 07:45:42.887  3681  3756 I gralloc4: @set_metadata: update dataspace from GM (0x00000000 -> 0x08010000)
04-07 07:45:42.901  3681  3756 I gralloc4: @set_metadata: update dataspace from GM (0x00000000 -> 0x08010000)
04-07 07:45:42.918  3681  3756 I gralloc4: @set_metadata: update dataspace from GM (0x00000000 -> 0x08010000)
04-07 07:45:42.936  3681  3756 I gralloc4: @set_metadata: update dataspace from GM (0x00000000 -> 0x08010000)
04-07 07:45:42.949  3681  3756 I gralloc4: @set_metadata: update dataspace from GM (0x00000000 -> 0x08010000)
04-07 07:45:42.972  3681  3756 I gralloc4: @set_metadata: update dataspace from GM (0x00000000 -> 0x08010000)
04-07 07:45:42.984  3681  3756 I gralloc4: @set_metadata: update dataspace from GM (0x00000000 -> 0x08010000)
04-07 07:45:43.002  3681  3756 I gralloc4: @set_metadata: update dataspace from GM (0x00000000 -> 0x08010000)
04-07 07:45:43.020  3681  3756 I gralloc4: @set_metadata: update dataspace from GM (0x00000000 -> 0x08010000)
04-07 07:45:43.037  3681  3756 I gralloc4: @set_metadata: update dataspace from GM (0x00000000 -> 0x08010000)
04-07 07:45:43.051  3681  3756 I gralloc4: @set_metadata: update dataspace from GM (0x00000000 -> 0x08010000)
04-07 07:45:43.068  3681  3756 I gralloc4: @set_metadata: update dataspace from GM (0x00000000 -> 0x08010000)
04-07 07:45:43.085  3681  3756 I gralloc4: @set_metadata: update dataspace from GM (0x00000000 -> 0x08010000)
04-07 07:45:43.103  3681  3756 I gralloc4: @set_metadata: update dataspace from GM (0x00000000 -> 0x08010000)
04-07 07:45:43.117  3681  3756 I gralloc4: @set_metadata: update dataspace from GM (0x00000000 -> 0x08010000)
04-07 07:45:43.136  3681  3756 I gralloc4: @set_metadata: update dataspace from GM (0x00000000 -> 0x08010000)
04-07 07:45:43.150  3681  3756 I gralloc4: @set_metadata: update dataspace from GM (0x00000000 -> 0x08010000)
04-07 07:45:43.169  3681  3756 I gralloc4: @set_metadata: update dataspace from GM (0x00000000 -> 0x08010000)
04-07 07:45:43.186  3681  3756 I gralloc4: @set_metadata: update dataspace from GM (0x00000000 -> 0x08010000)
04-07 07:45:43.200  3681  3756 I gralloc4: @set_metadata: update dataspace from GM (0x00000000 -> 0x08010000)
04-07 07:45:43.218  3681  3756 I gralloc4: @set_metadata: update dataspace from GM (0x00000000 -> 0x08010000)
04-07 07:45:43.236  3681  3756 I gralloc4: @set_metadata: update dataspace from GM (0x00000000 -> 0x08010000)
04-07 07:45:43.253  3681  3756 I gralloc4: @set_metadata: update dataspace from GM (0x00000000 -> 0x08010000)
04-07 07:45:43.267  3681  3756 I gralloc4: @set_metadata: update dataspace from GM (0x00000000 -> 0x08010000)
04-07 07:45:43.285  3681  3756 I gralloc4: @set_metadata: update dataspace from GM (0x00000000 -> 0x08010000)
04-07 07:45:43.300  3681  3756 I gralloc4: @set_metadata: update dataspace from GM (0x00000000 -> 0x08010000)
04-07 07:45:43.320  3681  3756 I gralloc4: @set_metadata: update dataspace from GM (0x00000000 -> 0x08010000)
04-07 07:45:43.334  3681  3756 I gralloc4: @set_metadata: update dataspace from GM (0x00000000 -> 0x08010000)
04-07 07:45:43.353  3681  3756 I gralloc4: @set_metadata: update dataspace from GM (0x00000000 -> 0x08010000)
04-07 07:45:43.367  3681  3756 I gralloc4: @set_metadata: update dataspace from GM (0x00000000 -> 0x08010000)
04-07 07:45:43.385  3681  3756 I gralloc4: @set_metadata: update dataspace from GM (0x00000000 -> 0x08010000)
04-07 07:45:43.400  3681  3756 I gralloc4: @set_metadata: update dataspace from GM (0x00000000 -> 0x08010000)
04-07 07:45:43.418  3681  3756 I gralloc4: @set_metadata: update dataspace from GM (0x00000000 -> 0x08010000)
04-07 07:45:43.436  3681  3756 I gralloc4: @set_metadata: update dataspace from GM (0x00000000 -> 0x08010000)
04-07 07:45:43.456  3681  3756 I gralloc4: @set_metadata: update dataspace from GM (0x00000000 -> 0x08010000)
04-07 07:45:43.470  3681  3756 I gralloc4: @set_metadata: update dataspace from GM (0x00000000 -> 0x08010000)
04-07 07:45:43.480  3681  3756 I gralloc4: @set_metadata: update dataspace from GM (0x00000000 -> 0x08010000)
04-07 07:45:43.698  3681  3756 I gralloc4: @set_metadata: update dataspace from GM (0x00000000 -> 0x08010000)
04-07 07:45:43.701  3681  3681 D TestAdActivity: Status updated: Cannot test parsing: AdMobManager not initialized
04-07 07:45:43.719  3681  3756 I gralloc4: @set_metadata: update dataspace from GM (0x00000000 -> 0x08010000)
04-07 07:45:43.731  3681  3756 I gralloc4: @set_metadata: update dataspace from GM (0x00000000 -> 0x08010000)
04-07 07:45:43.755  3681  3756 I gralloc4: @set_metadata: update dataspace from GM (0x00000000 -> 0x08010000)
04-07 07:45:43.767  3681  3756 I gralloc4: @set_metadata: update dataspace from GM (0x00000000 -> 0x08010000)
04-07 07:45:43.781  3681  3756 I gralloc4: @set_metadata: update dataspace from GM (0x00000000 -> 0x08010000)
04-07 07:45:43.801  3681  3756 I gralloc4: @set_metadata: update dataspace from GM (0x00000000 -> 0x08010000)
04-07 07:45:43.814  3681  3756 I gralloc4: @set_metadata: update dataspace from GM (0x00000000 -> 0x08010000)
04-07 07:45:43.832  3681  3756 I gralloc4: @set_metadata: update dataspace from GM (0x00000000 -> 0x08010000)
04-07 07:45:43.853  3681  3756 I gralloc4: @set_metadata: update dataspace from GM (0x00000000 -> 0x08010000)
04-07 07:45:43.864  3681  3756 I gralloc4: @set_metadata: update dataspace from GM (0x00000000 -> 0x08010000)
04-07 07:45:43.884  3681  3756 I gralloc4: @set_metadata: update dataspace from GM (0x00000000 -> 0x08010000)
04-07 07:45:43.902  3681  3756 I gralloc4: @set_metadata: update dataspace from GM (0x00000000 -> 0x08010000)
04-07 07:45:43.916  3681  3756 I gralloc4: @set_metadata: update dataspace from GM (0x00000000 -> 0x08010000)
04-07 07:45:43.937  3681  3756 I gralloc4: @set_metadata: update dataspace from GM (0x00000000 -> 0x08010000)
04-07 07:45:43.952  3681  3756 I gralloc4: @set_metadata: update dataspace from GM (0x00000000 -> 0x08010000)
04-07 07:45:43.966  3681  3756 I gralloc4: @set_metadata: update dataspace from GM (0x00000000 -> 0x08010000)
04-07 07:45:43.987  3681  3756 I gralloc4: @set_metadata: update dataspace from GM (0x00000000 -> 0x08010000)
04-07 07:45:43.999  3681  3756 I gralloc4: @set_metadata: update dataspace from GM (0x00000000 -> 0x08010000)
04-07 07:45:44.018  3681  3756 I gralloc4: @set_metadata: update dataspace from GM (0x00000000 -> 0x08010000)
04-07 07:45:44.033  3681  3756 I gralloc4: @set_metadata: update dataspace from GM (0x00000000 -> 0x08010000)
04-07 07:45:44.053  3681  3756 I gralloc4: @set_metadata: update dataspace from GM (0x00000000 -> 0x08010000)
04-07 07:45:44.066  3681  3756 I gralloc4: @set_metadata: update dataspace from GM (0x00000000 -> 0x08010000)
04-07 07:45:44.084  3681  3756 I gralloc4: @set_metadata: update dataspace from GM (0x00000000 -> 0x08010000)
04-07 07:45:44.100  3681  3756 I gralloc4: @set_metadata: update dataspace from GM (0x00000000 -> 0x08010000)
04-07 07:45:44.122  3681  3756 I gralloc4: @set_metadata: update dataspace from GM (0x00000000 -> 0x08010000)
04-07 07:45:44.137  3681  3756 I gralloc4: @set_metadata: update dataspace from GM (0x00000000 -> 0x08010000)
04-07 07:45:44.155  3681  3756 I gralloc4: @set_metadata: update dataspace from GM (0x00000000 -> 0x08010000)
04-07 07:45:44.165  3681  3756 I gralloc4: @set_metadata: update dataspace from GM (0x00000000 -> 0x08010000)
04-07 07:45:44.185  3681  3756 I gralloc4: @set_metadata: update dataspace from GM (0x00000000 -> 0x08010000)
04-07 07:45:44.199  3681  3756 I gralloc4: @set_metadata: update dataspace from GM (0x00000000 -> 0x08010000)
04-07 07:45:44.216  3681  3756 I gralloc4: @set_metadata: update dataspace from GM (0x00000000 -> 0x08010000)
04-07 07:45:44.234  3681  3756 I gralloc4: @set_metadata: update dataspace from GM (0x00000000 -> 0x08010000)
04-07 07:45:44.249  3681  3756 I gralloc4: @set_metadata: update dataspace from GM (0x00000000 -> 0x08010000)
04-07 07:45:44.265  3681  3756 I gralloc4: @set_metadata: update dataspace from GM (0x00000000 -> 0x08010000)
04-07 07:45:44.282  3681  3756 I gralloc4: @set_metadata: update dataspace from GM (0x00000000 -> 0x08010000)
04-07 07:45:44.299  3681  3756 I gralloc4: @set_metadata: update dataspace from GM (0x00000000 -> 0x08010000)
04-07 07:45:44.316  3681  3756 I gralloc4: @set_metadata: update dataspace from GM (0x00000000 -> 0x08010000)
04-07 07:45:44.332  3681  3756 I gralloc4: @set_metadata: update dataspace from GM (0x00000000 -> 0x08010000)
04-07 07:45:44.349  3681  3756 I gralloc4: @set_metadata: update dataspace from GM (0x00000000 -> 0x08010000)
04-07 07:45:44.365  3681  3756 I gralloc4: @set_metadata: update dataspace from GM (0x00000000 -> 0x08010000)
04-07 07:45:44.382  3681  3756 I gralloc4: @set_metadata: update dataspace from GM (0x00000000 -> 0x08010000)
04-07 07:45:44.399  3681  3756 I gralloc4: @set_metadata: update dataspace from GM (0x00000000 -> 0x08010000)
04-07 07:45:44.415  3681  3756 I gralloc4: @set_metadata: update dataspace from GM (0x00000000 -> 0x08010000)
04-07 07:45:44.432  3681  3756 I gralloc4: @set_metadata: update dataspace from GM (0x00000000 -> 0x08010000)
04-07 07:45:44.449  3681  3756 I gralloc4: @set_metadata: update dataspace from GM (0x00000000 -> 0x08010000)
04-07 07:45:44.466  3681  3756 I gralloc4: @set_metadata: update dataspace from GM (0x00000000 -> 0x08010000)
04-07 07:45:44.482  3681  3756 I gralloc4: @set_metadata: update dataspace from GM (0x00000000 -> 0x08010000)
04-07 07:45:44.500  3681  3756 I gralloc4: @set_metadata: update dataspace from GM (0x00000000 -> 0x08010000)
04-07 07:45:44.516  3681  3756 I gralloc4: @set_metadata: update dataspace from GM (0x00000000 -> 0x08010000)
04-07 07:45:44.536  3681  3756 I gralloc4: @set_metadata: update dataspace from GM (0x00000000 -> 0x08010000)
04-07 07:45:44.549  3681  3756 I gralloc4: @set_metadata: update dataspace from GM (0x00000000 -> 0x08010000)
04-07 07:45:44.566  3681  3756 I gralloc4: @set_metadata: update dataspace from GM (0x00000000 -> 0x08010000)
04-07 07:45:45.025  3681  3756 I gralloc4: @set_metadata: update dataspace from GM (0x00000000 -> 0x08010000)
04-07 07:45:45.032  3681  3756 I gralloc4: @set_metadata: update dataspace from GM (0x00000000 -> 0x08010000)
04-07 07:45:45.037  3681  3756 I gralloc4: @set_metadata: update dataspace from GM (0x00000000 -> 0x08010000)
04-07 07:45:45.055  3681  3756 I gralloc4: @set_metadata: update dataspace from GM (0x00000000 -> 0x08010000)
04-07 07:45:45.077  3681  3756 I gralloc4: @set_metadata: update dataspace from GM (0x00000000 -> 0x08010000)
04-07 07:45:45.086  3681  3756 I gralloc4: @set_metadata: update dataspace from GM (0x00000000 -> 0x08010000)
04-07 07:45:45.103  3681  3756 I gralloc4: @set_metadata: update dataspace from GM (0x00000000 -> 0x08010000)
04-07 07:45:45.121  3681  3756 I gralloc4: @set_metadata: update dataspace from GM (0x00000000 -> 0x08010000)
04-07 07:45:45.139  3681  3756 I gralloc4: @set_metadata: update dataspace from GM (0x00000000 -> 0x08010000)
04-07 07:45:45.157  3681  3756 I gralloc4: @set_metadata: update dataspace from GM (0x00000000 -> 0x08010000)
04-07 07:45:45.172  3681  3756 I gralloc4: @set_metadata: update dataspace from GM (0x00000000 -> 0x08010000)
04-07 07:45:45.191  3681  3756 I gralloc4: @set_metadata: update dataspace from GM (0x00000000 -> 0x08010000)
04-07 07:45:45.205  3681  3756 I gralloc4: @set_metadata: update dataspace from GM (0x00000000 -> 0x08010000)
04-07 07:45:45.223  3681  3756 I gralloc4: @set_metadata: update dataspace from GM (0x00000000 -> 0x08010000)
04-07 07:45:45.239  3681  3756 I gralloc4: @set_metadata: update dataspace from GM (0x00000000 -> 0x08010000)
04-07 07:45:45.256  3681  3756 I gralloc4: @set_metadata: update dataspace from GM (0x00000000 -> 0x08010000)
04-07 07:45:45.273  3681  3756 I gralloc4: @set_metadata: update dataspace from GM (0x00000000 -> 0x08010000)
04-07 07:45:45.290  3681  3756 I gralloc4: @set_metadata: update dataspace from GM (0x00000000 -> 0x08010000)
04-07 07:45:45.314  3681  3756 I gralloc4: @set_metadata: update dataspace from GM (0x00000000 -> 0x08010000)
04-07 07:45:45.333  3681  3756 I gralloc4: @set_metadata: update dataspace from GM (0x00000000 -> 0x08010000)
04-07 07:45:45.351  3681  3756 I gralloc4: @set_metadata: update dataspace from GM (0x00000000 -> 0x08010000)
04-07 07:45:45.372  3681  3756 I gralloc4: @set_metadata: update dataspace from GM (0x00000000 -> 0x08010000)
04-07 07:45:45.380  3681  3756 I gralloc4: @set_metadata: update dataspace from GM (0x00000000 -> 0x08010000)
04-07 07:45:45.398  3681  3756 I gralloc4: @set_metadata: update dataspace from GM (0x00000000 -> 0x08010000)
04-07 07:45:45.414  3681  3756 I gralloc4: @set_metadata: update dataspace from GM (0x00000000 -> 0x08010000)
04-07 07:45:45.430  3681  3756 I gralloc4: @set_metadata: update dataspace from GM (0x00000000 -> 0x08010000)
04-07 07:45:45.448  3681  3756 I gralloc4: @set_metadata: update dataspace from GM (0x00000000 -> 0x08010000)
04-07 07:45:45.465  3681  3756 I gralloc4: @set_metadata: update dataspace from GM (0x00000000 -> 0x08010000)
04-07 07:45:45.480  3681  3756 I gralloc4: @set_metadata: update dataspace from GM (0x00000000 -> 0x08010000)
04-07 07:45:45.497  3681  3756 I gralloc4: @set_metadata: update dataspace from GM (0x00000000 -> 0x08010000)
04-07 07:45:45.514  3681  3756 I gralloc4: @set_metadata: update dataspace from GM (0x00000000 -> 0x08010000)
04-07 07:45:45.529  3681  3681 D EventWishApplication: Retrying user registration after delay
04-07 07:45:45.529  3681  3681 E EventWishApplication: Cannot register user: AppExecutors not initialized
04-07 07:45:45.531  3681  3756 I gralloc4: @set_metadata: update dataspace from GM (0x00000000 -> 0x08010000)
04-07 07:45:45.547  3681  3756 I gralloc4: @set_metadata: update dataspace from GM (0x00000000 -> 0x08010000)
04-07 07:45:45.564  3681  3756 I gralloc4: @set_metadata: update dataspace from GM (0x00000000 -> 0x08010000)
04-07 07:45:45.581  3681  3756 I gralloc4: @set_metadata: update dataspace from GM (0x00000000 -> 0x08010000)
04-07 07:45:45.598  3681  3756 I gralloc4: @set_metadata: update dataspace from GM (0x00000000 -> 0x08010000)
04-07 07:45:45.614  3681  3756 I gralloc4: @set_metadata: update dataspace from GM (0x00000000 -> 0x08010000)
04-07 07:45:45.631  3681  3756 I gralloc4: @set_metadata: update dataspace from GM (0x00000000 -> 0x08010000)
04-07 07:45:45.647  3681  3756 I gralloc4: @set_metadata: update dataspace from GM (0x00000000 -> 0x08010000)
04-07 07:45:45.664  3681  3756 I gralloc4: @set_metadata: update dataspace from GM (0x00000000 -> 0x08010000)
04-07 07:45:45.682  3681  3756 I gralloc4: @set_metadata: update dataspace from GM (0x00000000 -> 0x08010000)
04-07 07:45:45.697  3681  3756 I gralloc4: @set_metadata: update dataspace from GM (0x00000000 -> 0x08010000)
04-07 07:45:45.714  3681  3756 I gralloc4: @set_metadata: update dataspace from GM (0x00000000 -> 0x08010000)
04-07 07:45:45.731  3681  3756 I gralloc4: @set_metadata: update dataspace from GM (0x00000000 -> 0x08010000)
04-07 07:45:45.747  3681  3756 I gralloc4: @set_metadata: update dataspace from GM (0x00000000 -> 0x08010000)
04-07 07:45:45.764  3681  3756 I gralloc4: @set_metadata: update dataspace from GM (0x00000000 -> 0x08010000)
04-07 07:45:45.780  3681  3756 I gralloc4: @set_metadata: update dataspace from GM (0x00000000 -> 0x08010000)
04-07 07:45:45.797  3681  3756 I gralloc4: @set_metadata: update dataspace from GM (0x00000000 -> 0x08010000)
04-07 07:45:45.814  3681  3756 I gralloc4: @set_metadata: update dataspace from GM (0x00000000 -> 0x08010000)
04-07 07:45:45.830  3681  3756 I gralloc4: @set_metadata: update dataspace from GM (0x00000000 -> 0x08010000)
04-07 07:45:45.848  3681  3756 I gralloc4: @set_metadata: update dataspace from GM (0x00000000 -> 0x08010000)
04-07 07:45:45.862  3681  3756 I gralloc4: @set_metadata: update dataspace from GM (0x00000000 -> 0x08010000)
04-07 07:45:45.948  1760  6396 W BatteryStatsService: Unknown sensor handle 0 received in noteWakeupSensorEvent
04-07 07:45:48.532  3681  3681 D EventWishApplication: Retrying user registration after delay
04-07 07:45:48.532  3681  3681 E EventWishApplication: Cannot register user: AppExecutors not initialized
04-07 07:45:50.759  3681  3681 W AdBannerView: AdMobManager not initialized yet: AdMobManager must be initialized first. Call init(Context)
04-07 07:45:50.759  3681  3681 W AdBannerView: AdMobManager still not initialized: AdMobManager must be initialized first. Call init(Context)
04-07 07:45:50.759  3681  3681 W AdBannerView: AdMobManager still not initialized: AdMobManager must be initialized first. Call init(Context)
04-07 07:45:50.759  3681  3681 W AdBannerView: AdMobManager still not initialized: AdMobManager must be initialized first. Call init(Context)
04-07 07:45:50.759  3681  3681 W AdBannerView: AdMobManager still not initialized: AdMobManager must be initialized first. Call init(Context)
04-07 07:45:50.760  3681  3681 D TestAdActivity: Status updated: Banner ad displayed
04-07 07:45:50.761  3681  3756 I gralloc4: @set_metadata: update dataspace from GM (0x00000000 -> 0x08010000)
04-07 07:45:50.774  3681  3756 I gralloc4: @set_metadata: update dataspace from GM (0x00000000 -> 0x08010000)
04-07 07:45:50.787  3681  3756 I gralloc4: @set_metadata: update dataspace from GM (0x00000000 -> 0x08010000)
04-07 07:45:50.807  3681  3756 I gralloc4: @set_metadata: update dataspace from GM (0x00000000 -> 0x08010000)
04-07 07:45:50.820  3681  3756 I gralloc4: @set_metadata: update dataspace from GM (0x00000000 -> 0x08010000)
04-07 07:45:50.838  3681  3756 I gralloc4: @set_metadata: update dataspace from GM (0x00000000 -> 0x08010000)
04-07 07:45:50.855  3681  3756 I gralloc4: @set_metadata: update dataspace from GM (0x00000000 -> 0x08010000)
04-07 07:45:50.871  3681  3756 I gralloc4: @set_metadata: update dataspace from GM (0x00000000 -> 0x08010000)
04-07 07:45:50.888  3681  3756 I gralloc4: @set_metadata: update dataspace from GM (0x00000000 -> 0x08010000)
04-07 07:45:50.904  3681  3756 I gralloc4: @set_metadata: update dataspace from GM (0x00000000 -> 0x08010000)
04-07 07:45:50.924  3681  3756 I gralloc4: @set_metadata: update dataspace from GM (0x00000000 -> 0x08010000)
04-07 07:45:50.941  3681  3756 I gralloc4: @set_metadata: update dataspace from GM (0x00000000 -> 0x08010000)
04-07 07:45:50.958  3681  3756 I gralloc4: @set_metadata: update dataspace from GM (0x00000000 -> 0x08010000)
04-07 07:45:50.977  3681  3756 I gralloc4: @set_metadata: update dataspace from GM (0x00000000 -> 0x08010000)
04-07 07:45:50.990  3681  3756 I gralloc4: @set_metadata: update dataspace from GM (0x00000000 -> 0x08010000)
04-07 07:45:51.008  3681  3756 I gralloc4: @set_metadata: update dataspace from GM (0x00000000 -> 0x08010000)
04-07 07:45:51.023  3681  3756 I gralloc4: @set_metadata: update dataspace from GM (0x00000000 -> 0x08010000)
04-07 07:45:51.044  3681  3756 I gralloc4: @set_metadata: update dataspace from GM (0x00000000 -> 0x08010000)
04-07 07:45:51.056  3681  3756 I gralloc4: @set_metadata: update dataspace from GM (0x00000000 -> 0x08010000)
04-07 07:45:51.075  3681  3756 I gralloc4: @set_metadata: update dataspace from GM (0x00000000 -> 0x08010000)
04-07 07:45:51.090  3681  3756 I gralloc4: @set_metadata: update dataspace from GM (0x00000000 -> 0x08010000)
04-07 07:45:51.108  3681  3756 I gralloc4: @set_metadata: update dataspace from GM (0x00000000 -> 0x08010000)
04-07 07:45:51.125  3681  3756 I gralloc4: @set_metadata: update dataspace from GM (0x00000000 -> 0x08010000)
04-07 07:45:51.140  3681  3756 I gralloc4: @set_metadata: update dataspace from GM (0x00000000 -> 0x08010000)
04-07 07:45:51.159  3681  3756 I gralloc4: @set_metadata: update dataspace from GM (0x00000000 -> 0x08010000)
04-07 07:45:51.176  3681  3756 I gralloc4: @set_metadata: update dataspace from GM (0x00000000 -> 0x08010000)
04-07 07:45:51.191  3681  3756 I gralloc4: @set_metadata: update dataspace from GM (0x00000000 -> 0x08010000)
04-07 07:45:51.208  3681  3756 I gralloc4: @set_metadata: update dataspace from GM (0x00000000 -> 0x08010000)
04-07 07:45:51.226  3681  3756 I gralloc4: @set_metadata: update dataspace from GM (0x00000000 -> 0x08010000)
04-07 07:45:51.241  3681  3756 I gralloc4: @set_metadata: update dataspace from GM (0x00000000 -> 0x08010000)
04-07 07:45:51.260  3681  3756 I gralloc4: @set_metadata: update dataspace from GM (0x00000000 -> 0x08010000)
04-07 07:45:51.274  3681  3756 I gralloc4: @set_metadata: update dataspace from GM (0x00000000 -> 0x08010000)
04-07 07:45:51.292  3681  3756 I gralloc4: @set_metadata: update dataspace from GM (0x00000000 -> 0x08010000)
04-07 07:45:51.310  3681  3756 I gralloc4: @set_metadata: update dataspace from GM (0x00000000 -> 0x08010000)
04-07 07:45:51.324  3681  3756 I gralloc4: @set_metadata: update dataspace from GM (0x00000000 -> 0x08010000)
04-07 07:45:51.342  3681  3756 I gralloc4: @set_metadata: update dataspace from GM (0x00000000 -> 0x08010000)
04-07 07:45:51.357  3681  3756 I gralloc4: @set_metadata: update dataspace from GM (0x00000000 -> 0x08010000)
04-07 07:45:51.377  3681  3756 I gralloc4: @set_metadata: update dataspace from GM (0x00000000 -> 0x08010000)
04-07 07:45:51.391  3681  3756 I gralloc4: @set_metadata: update dataspace from GM (0x00000000 -> 0x08010000)
04-07 07:45:51.409  3681  3756 I gralloc4: @set_metadata: update dataspace from GM (0x00000000 -> 0x08010000)
04-07 07:45:51.427  3681  3756 I gralloc4: @set_metadata: update dataspace from GM (0x00000000 -> 0x08010000)
04-07 07:45:51.441  3681  3756 I gralloc4: @set_metadata: update dataspace from GM (0x00000000 -> 0x08010000)
04-07 07:45:51.458  3681  3756 I gralloc4: @set_metadata: update dataspace from GM (0x00000000 -> 0x08010000)
04-07 07:45:51.476  3681  3756 I gralloc4: @set_metadata: update dataspace from GM (0x00000000 -> 0x08010000)
04-07 07:45:51.494  3681  3756 I gralloc4: @set_metadata: update dataspace from GM (0x00000000 -> 0x08010000)
04-07 07:45:51.507  3681  3756 I gralloc4: @set_metadata: update dataspace from GM (0x00000000 -> 0x08010000)
04-07 07:45:51.526  3681  3756 I gralloc4: @set_metadata: update dataspace from GM (0x00000000 -> 0x08010000)
04-07 07:45:51.533  3681  3681 D EventWishApplication: Retrying user registration after delay
04-07 07:45:51.533  3681  3681 E EventWishApplication: Cannot register user: AppExecutors not initialized
04-07 07:45:51.540  3681  3756 I gralloc4: @set_metadata: update dataspace from GM (0x00000000 -> 0x08010000)
04-07 07:45:51.559  3681  3756 I gralloc4: @set_metadata: update dataspace from GM (0x00000000 -> 0x08010000)
04-07 07:45:51.576  3681  3756 I gralloc4: @set_metadata: update dataspace from GM (0x00000000 -> 0x08010000)
04-07 07:45:51.590  3681  3756 I gralloc4: @set_metadata: update dataspace from GM (0x00000000 -> 0x08010000)
04-07 07:45:51.609  3681  3756 I gralloc4: @set_metadata: update dataspace from GM (0x00000000 -> 0x08010000)
04-07 07:45:51.626  3681  3756 I gralloc4: @set_metadata: update dataspace from GM (0x00000000 -> 0x08010000)
04-07 07:45:53.825  3681  3756 I gralloc4: @set_metadata: update dataspace from GM (0x00000000 -> 0x08010000)
04-07 07:45:53.827  3681  3681 W AdBannerView: AdMobManager not initialized yet: AdMobManager must be initialized first. Call init(Context)
04-07 07:45:53.827  3681  3681 W AdBannerView: AdMobManager still not initialized: AdMobManager must be initialized first. Call init(Context)
04-07 07:45:53.827  3681  3681 W AdBannerView: AdMobManager still not initialized: AdMobManager must be initialized first. Call init(Context)
04-07 07:45:53.827  3681  3681 W AdBannerView: AdMobManager still not initialized: AdMobManager must be initialized first. Call init(Context)
04-07 07:45:53.828  3681  3681 W AdBannerView: AdMobManager still not initialized: AdMobManager must be initialized first. Call init(Context)
04-07 07:45:53.828  3681  3681 D TestAdActivity: Status updated: Banner ad displayed
04-07 07:45:53.836  3681  3756 I gralloc4: @set_metadata: update dataspace from GM (0x00000000 -> 0x08010000)
04-07 07:45:53.853  3681  3756 I gralloc4: @set_metadata: update dataspace from GM (0x00000000 -> 0x08010000)
04-07 07:45:53.869  3681  3756 I gralloc4: @set_metadata: update dataspace from GM (0x00000000 -> 0x08010000)
04-07 07:45:53.889  3681  3756 I gralloc4: @set_metadata: update dataspace from GM (0x00000000 -> 0x08010000)
04-07 07:45:53.901  3681  3756 I gralloc4: @set_metadata: update dataspace from GM (0x00000000 -> 0x08010000)
04-07 07:45:53.920  3681  3756 I gralloc4: @set_metadata: update dataspace from GM (0x00000000 -> 0x08010000)
04-07 07:45:53.935  3681  3756 I gralloc4: @set_metadata: update dataspace from GM (0x00000000 -> 0x08010000)
04-07 07:45:53.954  3681  3756 I gralloc4: @set_metadata: update dataspace from GM (0x00000000 -> 0x08010000)
04-07 07:45:53.968  3681  3756 I gralloc4: @set_metadata: update dataspace from GM (0x00000000 -> 0x08010000)
04-07 07:45:53.987  3681  3756 I gralloc4: @set_metadata: update dataspace from GM (0x00000000 -> 0x08010000)
04-07 07:45:54.005  3681  3756 I gralloc4: @set_metadata: update dataspace from GM (0x00000000 -> 0x08010000)
04-07 07:45:54.022  3681  3756 I gralloc4: @set_metadata: update dataspace from GM (0x00000000 -> 0x08010000)
04-07 07:45:54.039  3681  3756 I gralloc4: @set_metadata: update dataspace from GM (0x00000000 -> 0x08010000)
04-07 07:45:54.055  3681  3756 I gralloc4: @set_metadata: update dataspace from GM (0x00000000 -> 0x08010000)
04-07 07:45:54.073  3681  3756 I gralloc4: @set_metadata: update dataspace from GM (0x00000000 -> 0x08010000)
04-07 07:45:54.087  3681  3756 I gralloc4: @set_metadata: update dataspace from GM (0x00000000 -> 0x08010000)
04-07 07:45:54.105  3681  3756 I gralloc4: @set_metadata: update dataspace from GM (0x00000000 -> 0x08010000)
