04-07 08:12:36.635 10035 11567 I gralloc4: @set_metadata: update dataspace from GM (0x00000000 -> 0x08010000)
04-07 08:12:36.652 10035 11567 I gralloc4: @set_metadata: update dataspace from GM (0x00000000 -> 0x08010000)
04-07 08:12:36.669 10035 11567 I gralloc4: @set_metadata: update dataspace from GM (0x00000000 -> 0x08010000)
04-07 08:12:36.685 10035 11567 I gralloc4: @set_metadata: update dataspace from GM (0x00000000 -> 0x08010000)
04-07 08:12:36.701 10035 11567 I gralloc4: @set_metadata: update dataspace from GM (0x00000000 -> 0x08010000)
04-07 08:12:36.718 10035 11567 I gralloc4: @set_metadata: update dataspace from GM (0x00000000 -> 0x08010000)
04-07 08:12:36.735 10035 11567 I gralloc4: @set_metadata: update dataspace from GM (0x00000000 -> 0x08010000)
04-07 08:12:36.752 10035 11567 I gralloc4: @set_metadata: update dataspace from GM (0x00000000 -> 0x08010000)
04-07 08:12:36.769 10035 11567 I gralloc4: @set_metadata: update dataspace from GM (0x00000000 -> 0x08010000)
04-07 08:12:36.785 10035 11567 I gralloc4: @set_metadata: update dataspace from GM (0x00000000 -> 0x08010000)
04-07 08:12:36.804 10035 11567 I gralloc4: @set_metadata: update dataspace from GM (0x00000000 -> 0x08010000)
04-07 08:12:36.818 10035 11567 I gralloc4: @set_metadata: update dataspace from GM (0x00000000 -> 0x08010000)
04-07 08:12:36.835 10035 11567 I gralloc4: @set_metadata: update dataspace from GM (0x00000000 -> 0x08010000)
04-07 08:12:36.851 10035 11567 I gralloc4: @set_metadata: update dataspace from GM (0x00000000 -> 0x08010000)
04-07 08:12:36.869 10035 11567 I gralloc4: @set_metadata: update dataspace from GM (0x00000000 -> 0x08010000)
04-07 08:12:36.885 10035 11567 I gralloc4: @set_metadata: update dataspace from GM (0x00000000 -> 0x08010000)
04-07 08:12:36.904 10035 11567 I gralloc4: @set_metadata: update dataspace from GM (0x00000000 -> 0x08010000)
04-07 08:12:36.918 10035 11567 I gralloc4: @set_metadata: update dataspace from GM (0x00000000 -> 0x08010000)
04-07 08:12:36.932 10035 11567 I gralloc4: @set_metadata: update dataspace from GM (0x00000000 -> 0x08010000)
04-07 08:12:36.949 10035 11567 I gralloc4: @set_metadata: update dataspace from GM (0x00000000 -> 0x08010000)
04-07 08:12:37.113 11075 11075 I AidlLazyServiceRegistrar: Process has 0 (of 1 available) client(s) in use after notification artd has clients: 0
04-07 08:12:37.114 11075 11075 I AidlLazyServiceRegistrar: Trying to shut down the service. No clients in use for any service in process.
04-07 08:12:37.115 11075 11075 I AidlLazyServiceRegistrar: Unregistered all clients and exiting
04-07 08:12:37.383 10035 11567 I gralloc4: @set_metadata: update dataspace from GM (0x00000000 -> 0x08010000)
04-07 08:12:37.399 10035 11567 I gralloc4: @set_metadata: update dataspace from GM (0x00000000 -> 0x08010000)
04-07 08:12:37.415 10035 11567 I gralloc4: @set_metadata: update dataspace from GM (0x00000000 -> 0x08010000)
04-07 08:12:37.431 10035 11567 I gralloc4: @set_metadata: update dataspace from GM (0x00000000 -> 0x08010000)
04-07 08:12:37.448 10035 10035 D TestAdActivity: Status updated: Testing backend endpoints...
04-07 08:12:37.448 10035 10035 D AdMobRepository: Throttling request, too soon since last request
04-07 08:12:37.448 10035 10035 D AdMobRepository: Throttling request, too soon since last request
04-07 08:12:37.450 10035 11567 I gralloc4: @set_metadata: update dataspace from GM (0x00000000 -> 0x08010000)
04-07 08:12:37.465 10035 11575 D ApiClient: API Request: https://eventwish2.onrender.com/api/admob/impression
04-07 08:12:37.465 10035 11575 D ApiClient: API Key: ew_dev_c1c...
04-07 08:12:37.465 10035 11575 D ApiClient: Headers: x-app-signature: test_signature
04-07 08:12:37.465 10035 11575 D ApiClient: Content-Type: application/json
04-07 08:12:37.465 10035 11575 D ApiClient: x-api-key: ew_dev_c1ce47afeff9fa8b7b1aa165562cb915
04-07 08:12:37.465 10035 11575 D ApiClient: x-device-id: 93e81b95f9f2c74a4b0124f784fe34327066c5c0f8a4c51c00a11a68c831b49e
04-07 08:12:37.465 10035 11575 I okhttp.OkHttpClient: --> POST https://eventwish2.onrender.com/api/admob/impression
04-07 08:12:37.466 10035 11575 I okhttp.OkHttpClient: Content-Length: 114
04-07 08:12:37.466 10035 11575 I okhttp.OkHttpClient: x-app-signature: test_signature
04-07 08:12:37.466 10035 11575 I okhttp.OkHttpClient: Content-Type: application/json
04-07 08:12:37.466 10035 11575 I okhttp.OkHttpClient: x-api-key: ew_dev_c1ce47afeff9fa8b7b1aa165562cb915
04-07 08:12:37.466 10035 11575 I okhttp.OkHttpClient: x-device-id: 93e81b95f9f2c74a4b0124f784fe34327066c5c0f8a4c51c00a11a68c831b49e
04-07 08:12:37.467 10035 11567 I gralloc4: @set_metadata: update dataspace from GM (0x00000000 -> 0x08010000)
04-07 08:12:37.467 10035 11575 I okhttp.OkHttpClient: {"context":{"testMode":true,"screenName":"TestAdActivity","timestamp":1743993757448},"adUnitId":"test_ad_unit_id"}
04-07 08:12:37.468 10035 11575 I okhttp.OkHttpClient: --> END POST (114-byte body)
04-07 08:12:37.484 10035 11567 I gralloc4: @set_metadata: update dataspace from GM (0x00000000 -> 0x08010000)
04-07 08:12:37.496 10035 11567 I gralloc4: @set_metadata: update dataspace from GM (0x00000000 -> 0x08010000)
04-07 08:12:37.515 10035 11567 I gralloc4: @set_metadata: update dataspace from GM (0x00000000 -> 0x08010000)
04-07 08:12:37.532 10035 11567 I gralloc4: @set_metadata: update dataspace from GM (0x00000000 -> 0x08010000)
04-07 08:12:37.546 10035 11567 I gralloc4: @set_metadata: update dataspace from GM (0x00000000 -> 0x08010000)
04-07 08:12:37.563 10035 11567 I gralloc4: @set_metadata: update dataspace from GM (0x00000000 -> 0x08010000)
04-07 08:12:37.583 10035 11567 I gralloc4: @set_metadata: update dataspace from GM (0x00000000 -> 0x08010000)
04-07 08:12:37.601 10035 11567 I gralloc4: @set_metadata: update dataspace from GM (0x00000000 -> 0x08010000)
04-07 08:12:37.617 10035 11567 I gralloc4: @set_metadata: update dataspace from GM (0x00000000 -> 0x08010000)
04-07 08:12:37.634 10035 11567 I gralloc4: @set_metadata: update dataspace from GM (0x00000000 -> 0x08010000)
04-07 08:12:37.651 10035 11567 I gralloc4: @set_metadata: update dataspace from GM (0x00000000 -> 0x08010000)
04-07 08:12:37.666 10035 11567 I gralloc4: @set_metadata: update dataspace from GM (0x00000000 -> 0x08010000)
04-07 08:12:37.684 10035 11567 I gralloc4: @set_metadata: update dataspace from GM (0x00000000 -> 0x08010000)
04-07 08:12:37.701 10035 11567 I gralloc4: @set_metadata: update dataspace from GM (0x00000000 -> 0x08010000)
04-07 08:12:37.718 10035 11567 I gralloc4: @set_metadata: update dataspace from GM (0x00000000 -> 0x08010000)
04-07 08:12:37.734 10035 11567 I gralloc4: @set_metadata: update dataspace from GM (0x00000000 -> 0x08010000)
04-07 08:12:37.749 10035 10035 D TestAdActivity: Ad lifecycle: onAdLoaded() - Load time: 1575ms
04-07 08:12:37.754 10035 10035 D TestAdActivity: Status updated: Banner ad loaded in 1575ms
04-07 08:12:37.767 10035 11567 I gralloc4: @set_metadata: update dataspace from GM (0x00000000 -> 0x08010000)
04-07 08:12:37.784 10035 11567 I gralloc4: @set_metadata: update dataspace from GM (0x00000000 -> 0x08010000)
04-07 08:12:37.800 10035 11567 I gralloc4: @set_metadata: update dataspace from GM (0x00000000 -> 0x08010000)
04-07 08:12:37.817 10035 11567 I gralloc4: @set_metadata: update dataspace from GM (0x00000000 -> 0x08010000)
04-07 08:12:37.818 10035 11575 I okhttp.OkHttpClient: <-- 401 https://eventwish2.onrender.com/api/admob/impression (349ms)
04-07 08:12:37.819 10035 10035 D TestAdActivity: Ad load memory impact: 1.1 MB
04-07 08:12:37.819 10035 11575 I okhttp.OkHttpClient: date: Mon, 07 Apr 2025 02:42:38 GMT
04-07 08:12:37.819 10035 11575 I okhttp.OkHttpClient: content-type: application/json; charset=utf-8
04-07 08:12:37.820 10035 11575 I okhttp.OkHttpClient: access-control-allow-origin: *
04-07 08:12:37.820 10035 11575 I okhttp.OkHttpClient: content-security-policy: default-src 'self';script-src 'self' 'unsafe-inline' 'unsafe-hashes' https://cdn.jsdelivr.net;script-src-attr 'unsafe-inline';connect-src 'self' https://api.eventwish.com https://eventwish2.onrender.com;style-src 'self' 'unsafe-inline' https://cdn.jsdelivr.net;img-src 'self' data: https://via.placeholder.com;font-src 'self' https://cdn.jsdelivr.net;base-uri 'self';form-action 'self';frame-ancestors 'self';object-src 'none';upgrade-insecure-requests
04-07 08:12:37.820 10035 10035 D TestAdActivity: Ad lifecycle: onAdLoaded() - Load time: 1647ms
04-07 08:12:37.821 10035 11575 I okhttp.OkHttpClient: cross-origin-opener-policy: same-origin
04-07 08:12:37.821 10035 11575 I okhttp.OkHttpClient: cross-origin-resource-policy: same-origin
04-07 08:12:37.821 10035 10035 D TestAdActivity: Status updated: Banner ad loaded in 1647ms
04-07 08:12:37.822 10035 11575 I okhttp.OkHttpClient: etag: W/"58-GGvPw5G3EW+ylh8zJiuQ8GFC7vc"
04-07 08:12:37.822 10035 11575 I okhttp.OkHttpClient: origin-agent-cluster: ?1
04-07 08:12:37.823 10035 11575 I okhttp.OkHttpClient: ratelimit-limit: 100
04-07 08:12:37.823 10035 11575 I okhttp.OkHttpClient: ratelimit-policy: 100;w=900
04-07 08:12:37.824 10035 11575 I okhttp.OkHttpClient: ratelimit-remaining: 93
04-07 08:12:37.825 10035 11575 I okhttp.OkHttpClient: ratelimit-reset: 848
04-07 08:12:37.825 10035 11575 I okhttp.OkHttpClient: referrer-policy: no-referrer
04-07 08:12:37.826 10035 11575 I okhttp.OkHttpClient: rndr-id: 3dc95d7d-b14b-4c6a
04-07 08:12:37.826 10035 11575 I okhttp.OkHttpClient: strict-transport-security: max-age=15552000; includeSubDomains
04-07 08:12:37.826 10035 11575 I okhttp.OkHttpClient: vary: Accept-Encoding
04-07 08:12:37.827 10035 11575 I okhttp.OkHttpClient: vary: Accept-Encoding
04-07 08:12:37.827 10035 11575 I okhttp.OkHttpClient: x-content-type-options: nosniff
04-07 08:12:37.828 10035 11575 I okhttp.OkHttpClient: x-dns-prefetch-control: off
04-07 08:12:37.828 10035 11575 I okhttp.OkHttpClient: x-download-options: noopen
04-07 08:12:37.828 10035 11575 I okhttp.OkHttpClient: x-frame-options: SAMEORIGIN
04-07 08:12:37.829 10035 11575 I okhttp.OkHttpClient: x-permitted-cross-domain-policies: none
04-07 08:12:37.829 10035 11575 I okhttp.OkHttpClient: x-render-origin-server: Render
04-07 08:12:37.830 10035 11575 I okhttp.OkHttpClient: x-xss-protection: 0
04-07 08:12:37.830 10035 11575 I okhttp.OkHttpClient: cf-cache-status: DYNAMIC
04-07 08:12:37.830 10035 11575 I okhttp.OkHttpClient: server: cloudflare
04-07 08:12:37.830 10035 11575 I okhttp.OkHttpClient: cf-ray: 92c62c3dd8ef33c6-DEL
04-07 08:12:37.830 10035 11575 I okhttp.OkHttpClient: alt-svc: h3=":443"; ma=86400
04-07 08:12:37.832 10035 11567 I gralloc4: @set_metadata: update dataspace from GM (0x00000000 -> 0x08010000)
04-07 08:12:37.833 10035 11575 I okhttp.OkHttpClient: {"success":false,"message":"App signature is not valid","error":"APP_SIGNATURE_INVALID"}
04-07 08:12:37.833 10035 11575 I okhttp.OkHttpClient: <-- END HTTP (88-byte body)
04-07 08:12:37.849 10035 11567 I gralloc4: @set_metadata: update dataspace from GM (0x00000000 -> 0x08010000)
04-07 08:12:37.866 10035 11567 I gralloc4: @set_metadata: update dataspace from GM (0x00000000 -> 0x08010000)
04-07 08:12:37.869 10035 10035 D TestAdActivity: Ad load memory impact: 1.13 MB
04-07 08:12:37.878 10035 10035 D TestAdActivity: Ad lifecycle: onAdLoaded() - Load time: 1704ms
04-07 08:12:37.878 10035 10035 D TestAdActivity: Status updated: Banner ad loaded in 1704ms
04-07 08:12:37.881 10035 11567 I gralloc4: @set_metadata: update dataspace from GM (0x00000000 -> 0x08010000)
04-07 08:12:37.900 10035 11567 I gralloc4: @set_metadata: update dataspace from GM (0x00000000 -> 0x08010000)
04-07 08:12:37.914 10035 11567 I gralloc4: @set_metadata: update dataspace from GM (0x00000000 -> 0x08010000)
04-07 08:12:37.923 10035 10035 D TestAdActivity: Ad load memory impact: 96 KB
04-07 08:12:37.925 10035 10035 D TestAdActivity: Ad lifecycle: onAdLoaded() - Load time: 1751ms
04-07 08:12:37.926 10035 10035 D TestAdActivity: Status updated: Banner ad loaded in 1751ms
04-07 08:12:37.931 10035 11567 I gralloc4: @set_metadata: update dataspace from GM (0x00000000 -> 0x08010000)
04-07 08:12:37.948 10035 11567 I gralloc4: @set_metadata: update dataspace from GM (0x00000000 -> 0x08010000)
04-07 08:12:37.964 10035 11567 I gralloc4: @set_metadata: update dataspace from GM (0x00000000 -> 0x08010000)
04-07 08:12:37.968 10035 10035 D TestAdActivity: Ad load memory impact: 244 KB
04-07 08:12:37.969 10035 10035 D TestAdActivity: Impression recorded: false
04-07 08:12:37.970 10035 10035 D TestAdActivity: Status updated: Impression test: Failed
04-07 08:12:37.980 10035 11575 D ApiClient: API Request: https://eventwish2.onrender.com/api/admob/click
04-07 08:12:37.980 10035 11575 D ApiClient: API Key: ew_dev_c1c...
04-07 08:12:37.980 10035 11575 D ApiClient: Headers: x-app-signature: test_signature
04-07 08:12:37.980 10035 11575 D ApiClient: Content-Type: application/json
04-07 08:12:37.980 10035 11575 D ApiClient: x-api-key: ew_dev_c1ce47afeff9fa8b7b1aa165562cb915
04-07 08:12:37.980 10035 11575 D ApiClient: x-device-id: 93e81b95f9f2c74a4b0124f784fe34327066c5c0f8a4c51c00a11a68c831b49e
04-07 08:12:37.981 10035 11575 I okhttp.OkHttpClient: --> POST https://eventwish2.onrender.com/api/admob/click
04-07 08:12:37.981 10035 11575 I okhttp.OkHttpClient: Content-Length: 114
04-07 08:12:37.981 10035 11575 I okhttp.OkHttpClient: x-app-signature: test_signature
04-07 08:12:37.982 10035 11575 I okhttp.OkHttpClient: Content-Type: application/json
04-07 08:12:37.982 10035 11575 I okhttp.OkHttpClient: x-api-key: ew_dev_c1ce47afeff9fa8b7b1aa165562cb915
04-07 08:12:37.983 10035 11575 I okhttp.OkHttpClient: x-device-id: 93e81b95f9f2c74a4b0124f784fe34327066c5c0f8a4c51c00a11a68c831b49e
04-07 08:12:37.983 10035 11567 I gralloc4: @set_metadata: update dataspace from GM (0x00000000 -> 0x08010000)
04-07 08:12:37.984 10035 11575 I okhttp.OkHttpClient: {"adUnitId":"test_ad_unit_id","context":{"testMode":true,"screenName":"TestAdActivity","timestamp":1743993757970}}
04-07 08:12:37.984 10035 11575 I okhttp.OkHttpClient: --> END POST (114-byte body)
04-07 08:12:38.005 10035 11567 I gralloc4: @set_metadata: update dataspace from GM (0x00000000 -> 0x08010000)
04-07 08:12:38.020 10035 11567 I gralloc4: @set_metadata: update dataspace from GM (0x00000000 -> 0x08010000)
04-07 08:12:38.038 10035 11567 I gralloc4: @set_metadata: update dataspace from GM (0x00000000 -> 0x08010000)
04-07 08:12:38.049 10035 11567 I gralloc4: @set_metadata: update dataspace from GM (0x00000000 -> 0x08010000)
04-07 08:12:38.066 10035 11567 I gralloc4: @set_metadata: update dataspace from GM (0x00000000 -> 0x08010000)
04-07 08:12:38.084 10035 11567 I gralloc4: @set_metadata: update dataspace from GM (0x00000000 -> 0x08010000)
04-07 08:12:38.100 10035 11567 I gralloc4: @set_metadata: update dataspace from GM (0x00000000 -> 0x08010000)
04-07 08:12:38.117 10035 11567 I gralloc4: @set_metadata: update dataspace from GM (0x00000000 -> 0x08010000)
04-07 08:12:38.135 10035 11567 I gralloc4: @set_metadata: update dataspace from GM (0x00000000 -> 0x08010000)
04-07 08:12:38.150 10035 11567 I gralloc4: @set_metadata: update dataspace from GM (0x00000000 -> 0x08010000)
04-07 08:12:38.159 10035 11626 D ProfileInstaller: Installing profile for com.ds.eventwish
04-07 08:12:38.170 10035 11567 I gralloc4: @set_metadata: update dataspace from GM (0x00000000 -> 0x08010000)
04-07 08:12:38.182 10035 11567 I gralloc4: @set_metadata: update dataspace from GM (0x00000000 -> 0x08010000)
04-07 08:12:38.201 10035 11567 I gralloc4: @set_metadata: update dataspace from GM (0x00000000 -> 0x08010000)
04-07 08:12:38.217 10035 11567 I gralloc4: @set_metadata: update dataspace from GM (0x00000000 -> 0x08010000)
04-07 08:12:38.232 10035 11567 I gralloc4: @set_metadata: update dataspace from GM (0x00000000 -> 0x08010000)
04-07 08:12:38.251 10035 11567 I gralloc4: @set_metadata: update dataspace from GM (0x00000000 -> 0x08010000)
04-07 08:12:38.319 10035 10035 D TestAdActivity: Ad lifecycle: onAdImpression()
04-07 08:12:38.338 10035 11575 I okhttp.OkHttpClient: <-- 401 https://eventwish2.onrender.com/api/admob/click (353ms)
04-07 08:12:38.339 10035 11575 I okhttp.OkHttpClient: date: Mon, 07 Apr 2025 02:42:39 GMT
04-07 08:12:38.340 10035 11575 I okhttp.OkHttpClient: content-type: application/json; charset=utf-8
04-07 08:12:38.340 10035 11575 I okhttp.OkHttpClient: access-control-allow-origin: *
04-07 08:12:38.341 10035 11575 I okhttp.OkHttpClient: content-security-policy: default-src 'self';script-src 'self' 'unsafe-inline' 'unsafe-hashes' https://cdn.jsdelivr.net;script-src-attr 'unsafe-inline';connect-src 'self' https://api.eventwish.com https://eventwish2.onrender.com;style-src 'self' 'unsafe-inline' https://cdn.jsdelivr.net;img-src 'self' data: https://via.placeholder.com;font-src 'self' https://cdn.jsdelivr.net;base-uri 'self';form-action 'self';frame-ancestors 'self';object-src 'none';upgrade-insecure-requests
04-07 08:12:38.342 10035 11575 I okhttp.OkHttpClient: cross-origin-opener-policy: same-origin
04-07 08:12:38.342 10035 11575 I okhttp.OkHttpClient: cross-origin-resource-policy: same-origin
04-07 08:12:38.343 10035 11575 I okhttp.OkHttpClient: etag: W/"58-GGvPw5G3EW+ylh8zJiuQ8GFC7vc"
04-07 08:12:38.344 10035 11575 I okhttp.OkHttpClient: origin-agent-cluster: ?1
04-07 08:12:38.344 10035 11575 I okhttp.OkHttpClient: ratelimit-limit: 100
04-07 08:12:38.345 10035 11575 I okhttp.OkHttpClient: ratelimit-policy: 100;w=900
04-07 08:12:38.345 10035 11575 I okhttp.OkHttpClient: ratelimit-remaining: 92
04-07 08:12:38.346 10035 11575 I okhttp.OkHttpClient: ratelimit-reset: 847
04-07 08:12:38.347 10035 11575 I okhttp.OkHttpClient: referrer-policy: no-referrer
04-07 08:12:38.348 10035 11575 I okhttp.OkHttpClient: rndr-id: b69f448f-5119-4c5a
04-07 08:12:38.349 10035 11575 I okhttp.OkHttpClient: strict-transport-security: max-age=15552000; includeSubDomains
04-07 08:12:38.349 10035 11575 I okhttp.OkHttpClient: vary: Accept-Encoding
04-07 08:12:38.350 10035 11575 I okhttp.OkHttpClient: vary: Accept-Encoding
04-07 08:12:38.351 10035 11575 I okhttp.OkHttpClient: x-content-type-options: nosniff
04-07 08:12:38.352 10035 11575 I okhttp.OkHttpClient: x-dns-prefetch-control: off
04-07 08:12:38.352 10035 11575 I okhttp.OkHttpClient: x-download-options: noopen
04-07 08:12:38.353 10035 11575 I okhttp.OkHttpClient: x-frame-options: SAMEORIGIN
04-07 08:12:38.353 10035 11575 I okhttp.OkHttpClient: x-permitted-cross-domain-policies: none
04-07 08:12:38.354 10035 11575 I okhttp.OkHttpClient: x-render-origin-server: Render
04-07 08:12:38.355 10035 11575 I okhttp.OkHttpClient: x-xss-protection: 0
04-07 08:12:38.356 10035 11575 I okhttp.OkHttpClient: cf-cache-status: DYNAMIC
04-07 08:12:38.356 10035 11575 I okhttp.OkHttpClient: server: cloudflare
04-07 08:12:38.357 10035 11575 I okhttp.OkHttpClient: cf-ray: 92c62c4109c633c6-DEL
04-07 08:12:38.358 10035 11575 I okhttp.OkHttpClient: alt-svc: h3=":443"; ma=86400
04-07 08:12:38.364 10035 11575 I okhttp.OkHttpClient: {"success":false,"message":"App signature is not valid","error":"APP_SIGNATURE_INVALID"}
04-07 08:12:38.365 10035 11575 I okhttp.OkHttpClient: <-- END HTTP (88-byte body)
04-07 08:12:38.369 10035 10035 D TestAdActivity: Ad lifecycle: onAdImpression()
04-07 08:12:38.370 10035 10035 D TestAdActivity: Click recorded: false
04-07 08:12:38.373 10035 10035 D TestAdActivity: Status updated: Click test: Failed
04-07 08:12:38.386 10035 11575 D ApiClient: API Request: https://eventwish2.onrender.com/api/admob/reward
04-07 08:12:38.386 10035 11575 D ApiClient: API Key: ew_dev_c1c...
04-07 08:12:38.386 10035 11575 D ApiClient: Headers: x-app-signature: test_signature
04-07 08:12:38.386 10035 11575 D ApiClient: Content-Type: application/json
04-07 08:12:38.386 10035 11575 D ApiClient: x-api-key: ew_dev_c1ce47afeff9fa8b7b1aa165562cb915
04-07 08:12:38.386 10035 11575 D ApiClient: x-device-id: 93e81b95f9f2c74a4b0124f784fe34327066c5c0f8a4c51c00a11a68c831b49e
04-07 08:12:38.388 10035 11575 I okhttp.OkHttpClient: --> POST https://eventwish2.onrender.com/api/admob/reward
04-07 08:12:38.388 10035 11567 I gralloc4: @set_metadata: update dataspace from GM (0x00000000 -> 0x08010000)
04-07 08:12:38.388 10035 11575 I okhttp.OkHttpClient: Content-Length: 56
04-07 08:12:38.389 10035 11575 I okhttp.OkHttpClient: x-app-signature: test_signature
04-07 08:12:38.389 10035 11575 I okhttp.OkHttpClient: Content-Type: application/json
04-07 08:12:38.389 10035 11575 I okhttp.OkHttpClient: x-api-key: ew_dev_c1ce47afeff9fa8b7b1aa165562cb915
04-07 08:12:38.390 10035 11575 I okhttp.OkHttpClient: x-device-id: 93e81b95f9f2c74a4b0124f784fe34327066c5c0f8a4c51c00a11a68c831b49e
04-07 08:12:38.392 10035 11575 I okhttp.OkHttpClient: {"adUnitId":"test_ad_unit_id","timestamp":1743993758374}
04-07 08:12:38.392 10035 11575 I okhttp.OkHttpClient: --> END POST (56-byte body)
04-07 08:12:38.423 10035 10035 D TestAdActivity: Ad lifecycle: onAdImpression()
04-07 08:12:38.469 10035 10035 D TestAdActivity: Ad lifecycle: onAdImpression()
04-07 08:12:38.742 10035 11575 I okhttp.OkHttpClient: <-- 401 https://eventwish2.onrender.com/api/admob/reward (349ms)
04-07 08:12:38.743 10035 11575 I okhttp.OkHttpClient: date: Mon, 07 Apr 2025 02:42:39 GMT
04-07 08:12:38.743 10035 11575 I okhttp.OkHttpClient: content-type: application/json; charset=utf-8
04-07 08:12:38.743 10035 11575 I okhttp.OkHttpClient: access-control-allow-origin: *
04-07 08:12:38.743 10035 11575 I okhttp.OkHttpClient: content-security-policy: default-src 'self';script-src 'self' 'unsafe-inline' 'unsafe-hashes' https://cdn.jsdelivr.net;script-src-attr 'unsafe-inline';connect-src 'self' https://api.eventwish.com https://eventwish2.onrender.com;style-src 'self' 'unsafe-inline' https://cdn.jsdelivr.net;img-src 'self' data: https://via.placeholder.com;font-src 'self' https://cdn.jsdelivr.net;base-uri 'self';form-action 'self';frame-ancestors 'self';object-src 'none';upgrade-insecure-requests
04-07 08:12:38.743 10035 11575 I okhttp.OkHttpClient: cross-origin-opener-policy: same-origin
04-07 08:12:38.743 10035 11575 I okhttp.OkHttpClient: cross-origin-resource-policy: same-origin
04-07 08:12:38.743 10035 11575 I okhttp.OkHttpClient: etag: W/"58-GGvPw5G3EW+ylh8zJiuQ8GFC7vc"
04-07 08:12:38.744 10035 11575 I okhttp.OkHttpClient: origin-agent-cluster: ?1
04-07 08:12:38.744 10035 11575 I okhttp.OkHttpClient: ratelimit-limit: 100
04-07 08:12:38.744 10035 11575 I okhttp.OkHttpClient: ratelimit-policy: 100;w=900
04-07 08:12:38.744 10035 11575 I okhttp.OkHttpClient: ratelimit-remaining: 91
04-07 08:12:38.744 10035 11575 I okhttp.OkHttpClient: ratelimit-reset: 847
04-07 08:12:38.744 10035 11575 I okhttp.OkHttpClient: referrer-policy: no-referrer
04-07 08:12:38.744 10035 11575 I okhttp.OkHttpClient: rndr-id: 7fa6ab72-8f67-438d
04-07 08:12:38.745 10035 11575 I okhttp.OkHttpClient: strict-transport-security: max-age=15552000; includeSubDomains
04-07 08:12:38.745 10035 11575 I okhttp.OkHttpClient: vary: Accept-Encoding
04-07 08:12:38.745 10035 11575 I okhttp.OkHttpClient: vary: Accept-Encoding
04-07 08:12:38.745 10035 11575 I okhttp.OkHttpClient: x-content-type-options: nosniff
04-07 08:12:38.745 10035 11575 I okhttp.OkHttpClient: x-dns-prefetch-control: off
04-07 08:12:38.745 10035 11575 I okhttp.OkHttpClient: x-download-options: noopen
04-07 08:12:38.745 10035 11575 I okhttp.OkHttpClient: x-frame-options: SAMEORIGIN
04-07 08:12:38.745 10035 11575 I okhttp.OkHttpClient: x-permitted-cross-domain-policies: none
04-07 08:12:38.746 10035 11575 I okhttp.OkHttpClient: x-render-origin-server: Render
04-07 08:12:38.746 10035 11575 I okhttp.OkHttpClient: x-xss-protection: 0
04-07 08:12:38.746 10035 11575 I okhttp.OkHttpClient: cf-cache-status: DYNAMIC
04-07 08:12:38.746 10035 11575 I okhttp.OkHttpClient: server: cloudflare
04-07 08:12:38.746 10035 11575 I okhttp.OkHttpClient: cf-ray: 92c62c439a9533c6-DEL
04-07 08:12:38.746 10035 11575 I okhttp.OkHttpClient: alt-svc: h3=":443"; ma=86400
04-07 08:12:38.748 10035 11575 I okhttp.OkHttpClient: {"success":false,"message":"App signature is not valid","error":"APP_SIGNATURE_INVALID"}
04-07 08:12:38.748 10035 11575 I okhttp.OkHttpClient: <-- END HTTP (88-byte body)
04-07 08:12:38.751 10035 10035 D TestAdActivity: Reward processed: false
04-07 08:12:38.752 10035 10035 D TestAdActivity: Status updated: Reward test: Failed
04-07 08:12:38.761 10035 11575 D ApiClient: API Request: https://eventwish2.onrender.com/api/admob/engagement
04-07 08:12:38.761 10035 11575 D ApiClient: API Key: ew_dev_c1c...
04-07 08:12:38.761 10035 11575 D ApiClient: Headers: x-app-signature: test_signature
04-07 08:12:38.761 10035 11575 D ApiClient: Content-Type: application/json
04-07 08:12:38.761 10035 11575 D ApiClient: x-api-key: ew_dev_c1ce47afeff9fa8b7b1aa165562cb915
04-07 08:12:38.761 10035 11575 D ApiClient: x-device-id: 93e81b95f9f2c74a4b0124f784fe34327066c5c0f8a4c51c00a11a68c831b49e
04-07 08:12:38.761 10035 11575 I okhttp.OkHttpClient: --> POST https://eventwish2.onrender.com/api/admob/engagement
04-07 08:12:38.762 10035 11575 I okhttp.OkHttpClient: Content-Length: 84
04-07 08:12:38.762 10035 11575 I okhttp.OkHttpClient: x-app-signature: test_signature
04-07 08:12:38.762 10035 11575 I okhttp.OkHttpClient: Content-Type: application/json
04-07 08:12:38.762 10035 11575 I okhttp.OkHttpClient: x-api-key: ew_dev_c1ce47afeff9fa8b7b1aa165562cb915
04-07 08:12:38.762 10035 11575 I okhttp.OkHttpClient: x-device-id: 93e81b95f9f2c74a4b0124f784fe34327066c5c0f8a4c51c00a11a68c831b49e
04-07 08:12:38.762 10035 11575 I okhttp.OkHttpClient: {"adUnitId":"test_ad_unit_id","type":"view","duration":30,"timestamp":1743993758752}
04-07 08:12:38.762 10035 11575 I okhttp.OkHttpClient: --> END POST (84-byte body)
04-07 08:12:38.763 10035 11567 I gralloc4: @set_metadata: update dataspace from GM (0x00000000 -> 0x08010000)
04-07 08:12:38.918 10035 11567 I gralloc4: @set_metadata: update dataspace from GM (0x00000000 -> 0x08010000)
04-07 08:12:38.929 10035 11567 I gralloc4: @set_metadata: update dataspace from GM (0x00000000 -> 0x08010000)
04-07 08:12:38.951 10035 11567 I gralloc4: @set_metadata: update dataspace from GM (0x00000000 -> 0x08010000)
04-07 08:12:38.961 10035 11567 I gralloc4: @set_metadata: update dataspace from GM (0x00000000 -> 0x08010000)
04-07 08:12:38.979 10035 11567 I gralloc4: @set_metadata: update dataspace from GM (0x00000000 -> 0x08010000)
04-07 08:12:38.995 10035 10035 D TestAdActivity: Status updated: Testing backend endpoints...
04-07 08:12:38.996 10035 10035 D AdMobRepository: Throttling request, too soon since last request
04-07 08:12:38.996 10035 10035 D AdMobRepository: Throttling request, too soon since last request
04-07 08:12:38.997 10035 11567 I gralloc4: @set_metadata: update dataspace from GM (0x00000000 -> 0x08010000)
04-07 08:12:39.001 10035 11631 D ApiClient: API Request: https://eventwish2.onrender.com/api/admob/impression
04-07 08:12:39.001 10035 11631 D ApiClient: API Key: ew_dev_c1c...
04-07 08:12:39.001 10035 11631 D ApiClient: Headers: x-app-signature: test_signature
04-07 08:12:39.001 10035 11631 D ApiClient: Content-Type: application/json
04-07 08:12:39.001 10035 11631 D ApiClient: x-api-key: ew_dev_c1ce47afeff9fa8b7b1aa165562cb915
04-07 08:12:39.001 10035 11631 D ApiClient: x-device-id: 93e81b95f9f2c74a4b0124f784fe34327066c5c0f8a4c51c00a11a68c831b49e
04-07 08:12:39.002 10035 11631 I okhttp.OkHttpClient: --> POST https://eventwish2.onrender.com/api/admob/impression
04-07 08:12:39.002 10035 11631 I okhttp.OkHttpClient: Content-Length: 114
04-07 08:12:39.003 10035 11631 I okhttp.OkHttpClient: x-app-signature: test_signature
04-07 08:12:39.003 10035 11631 I okhttp.OkHttpClient: Content-Type: application/json
04-07 08:12:39.003 10035 11631 I okhttp.OkHttpClient: x-api-key: ew_dev_c1ce47afeff9fa8b7b1aa165562cb915
04-07 08:12:39.003 10035 11631 I okhttp.OkHttpClient: x-device-id: 93e81b95f9f2c74a4b0124f784fe34327066c5c0f8a4c51c00a11a68c831b49e
04-07 08:12:39.004 10035 11631 I okhttp.OkHttpClient: {"context":{"testMode":true,"screenName":"TestAdActivity","timestamp":1743993758996},"adUnitId":"test_ad_unit_id"}
04-07 08:12:39.004 10035 11631 I okhttp.OkHttpClient: --> END POST (114-byte body)
04-07 08:12:39.016 10035 11567 I gralloc4: @set_metadata: update dataspace from GM (0x00000000 -> 0x08010000)
04-07 08:12:39.030 10035 11567 I gralloc4: @set_metadata: update dataspace from GM (0x00000000 -> 0x08010000)
04-07 08:12:39.048 10035 11567 I gralloc4: @set_metadata: update dataspace from GM (0x00000000 -> 0x08010000)
04-07 08:12:39.062 10035 11567 I gralloc4: @set_metadata: update dataspace from GM (0x00000000 -> 0x08010000)
04-07 08:12:39.080 10035 11567 I gralloc4: @set_metadata: update dataspace from GM (0x00000000 -> 0x08010000)
04-07 08:12:39.097 10035 11567 I gralloc4: @set_metadata: update dataspace from GM (0x00000000 -> 0x08010000)
04-07 08:12:39.111 10035 11575 I okhttp.OkHttpClient: <-- 401 https://eventwish2.onrender.com/api/admob/engagement (348ms)
04-07 08:12:39.111 10035 11575 I okhttp.OkHttpClient: date: Mon, 07 Apr 2025 02:42:39 GMT
04-07 08:12:39.111 10035 11575 I okhttp.OkHttpClient: content-type: application/json; charset=utf-8
04-07 08:12:39.112 10035 11575 I okhttp.OkHttpClient: access-control-allow-origin: *
04-07 08:12:39.112 10035 11575 I okhttp.OkHttpClient: content-security-policy: default-src 'self';script-src 'self' 'unsafe-inline' 'unsafe-hashes' https://cdn.jsdelivr.net;script-src-attr 'unsafe-inline';connect-src 'self' https://api.eventwish.com https://eventwish2.onrender.com;style-src 'self' 'unsafe-inline' https://cdn.jsdelivr.net;img-src 'self' data: https://via.placeholder.com;font-src 'self' https://cdn.jsdelivr.net;base-uri 'self';form-action 'self';frame-ancestors 'self';object-src 'none';upgrade-insecure-requests
04-07 08:12:39.112 10035 11575 I okhttp.OkHttpClient: cross-origin-opener-policy: same-origin
04-07 08:12:39.112 10035 11575 I okhttp.OkHttpClient: cross-origin-resource-policy: same-origin
04-07 08:12:39.112 10035 11575 I okhttp.OkHttpClient: etag: W/"58-GGvPw5G3EW+ylh8zJiuQ8GFC7vc"
04-07 08:12:39.112 10035 11575 I okhttp.OkHttpClient: origin-agent-cluster: ?1
04-07 08:12:39.112 10035 11575 I okhttp.OkHttpClient: ratelimit-limit: 100
04-07 08:12:39.113 10035 11575 I okhttp.OkHttpClient: ratelimit-policy: 100;w=900
04-07 08:12:39.113 10035 11575 I okhttp.OkHttpClient: ratelimit-remaining: 90
04-07 08:12:39.113 10035 11575 I okhttp.OkHttpClient: ratelimit-reset: 847
04-07 08:12:39.113 10035 11575 I okhttp.OkHttpClient: referrer-policy: no-referrer
04-07 08:12:39.113 10035 11567 I gralloc4: @set_metadata: update dataspace from GM (0x00000000 -> 0x08010000)
04-07 08:12:39.113 10035 11575 I okhttp.OkHttpClient: rndr-id: 120ab26b-20b0-4782
04-07 08:12:39.113 10035 11575 I okhttp.OkHttpClient: strict-transport-security: max-age=15552000; includeSubDomains
04-07 08:12:39.113 10035 11575 I okhttp.OkHttpClient: vary: Accept-Encoding
04-07 08:12:39.114 10035 11575 I okhttp.OkHttpClient: vary: Accept-Encoding
04-07 08:12:39.114 10035 11575 I okhttp.OkHttpClient: x-content-type-options: nosniff
04-07 08:12:39.114 10035 11575 I okhttp.OkHttpClient: x-dns-prefetch-control: off
04-07 08:12:39.114 10035 11575 I okhttp.OkHttpClient: x-download-options: noopen
04-07 08:12:39.114 10035 11575 I okhttp.OkHttpClient: x-frame-options: SAMEORIGIN
04-07 08:12:39.114 10035 11575 I okhttp.OkHttpClient: x-permitted-cross-domain-policies: none
04-07 08:12:39.114 10035 11575 I okhttp.OkHttpClient: x-render-origin-server: Render
04-07 08:12:39.114 10035 11575 I okhttp.OkHttpClient: x-xss-protection: 0
04-07 08:12:39.114 10035 11575 I okhttp.OkHttpClient: cf-cache-status: DYNAMIC
04-07 08:12:39.115 10035 11575 I okhttp.OkHttpClient: server: cloudflare
04-07 08:12:39.115 10035 11575 I okhttp.OkHttpClient: cf-ray: 92c62c45db5233c6-DEL
04-07 08:12:39.115 10035 11575 I okhttp.OkHttpClient: alt-svc: h3=":443"; ma=86400
04-07 08:12:39.116 10035 11575 I okhttp.OkHttpClient: {"success":false,"message":"App signature is not valid","error":"APP_SIGNATURE_INVALID"}
04-07 08:12:39.116 10035 11575 I okhttp.OkHttpClient: <-- END HTTP (88-byte body)
04-07 08:12:39.118 10035 10035 D TestAdActivity: Engagement tracked: false
04-07 08:12:39.119 10035 10035 D TestAdActivity: Status updated: Engagement test: Failed
04-07 08:12:39.121 10035 10035 D TestAdActivity: Status updated: Backend API tests completed
04-07 08:12:39.121 10035 10035 D TestAdActivity: See logs for details
04-07 08:12:39.133 10035 11567 I gralloc4: @set_metadata: update dataspace from GM (0x00000000 -> 0x08010000)
04-07 08:12:39.144 10035 11567 I gralloc4: @set_metadata: update dataspace from GM (0x00000000 -> 0x08010000)
04-07 08:12:39.166 10035 11567 I gralloc4: @set_metadata: update dataspace from GM (0x00000000 -> 0x08010000)
04-07 08:12:39.181 10035 11567 I gralloc4: @set_metadata: update dataspace from GM (0x00000000 -> 0x08010000)
04-07 08:12:39.199 10035 11567 I gralloc4: @set_metadata: update dataspace from GM (0x00000000 -> 0x08010000)
04-07 08:12:39.214 10035 11567 I gralloc4: @set_metadata: update dataspace from GM (0x00000000 -> 0x08010000)
04-07 08:12:39.233 10035 11567 I gralloc4: @set_metadata: update dataspace from GM (0x00000000 -> 0x08010000)
04-07 08:12:39.250 10035 11567 I gralloc4: @set_metadata: update dataspace from GM (0x00000000 -> 0x08010000)
04-07 08:12:39.266 10035 11567 I gralloc4: @set_metadata: update dataspace from GM (0x00000000 -> 0x08010000)
04-07 08:12:39.282 10035 11567 I gralloc4: @set_metadata: update dataspace from GM (0x00000000 -> 0x08010000)
04-07 08:12:39.299 10035 11567 I gralloc4: @set_metadata: update dataspace from GM (0x00000000 -> 0x08010000)
04-07 08:12:39.316 10035 11567 I gralloc4: @set_metadata: update dataspace from GM (0x00000000 -> 0x08010000)
04-07 08:12:39.326 10035 11631 I okhttp.OkHttpClient: <-- 401 https://eventwish2.onrender.com/api/admob/impression (321ms)
04-07 08:12:39.328 10035 11631 I okhttp.OkHttpClient: date: Mon, 07 Apr 2025 02:42:40 GMT
04-07 08:12:39.328 10035 11631 I okhttp.OkHttpClient: content-type: application/json; charset=utf-8
04-07 08:12:39.329 10035 11631 I okhttp.OkHttpClient: access-control-allow-origin: *
04-07 08:12:39.330 10035 11631 I okhttp.OkHttpClient: content-security-policy: default-src 'self';script-src 'self' 'unsafe-inline' 'unsafe-hashes' https://cdn.jsdelivr.net;script-src-attr 'unsafe-inline';connect-src 'self' https://api.eventwish.com https://eventwish2.onrender.com;style-src 'self' 'unsafe-inline' https://cdn.jsdelivr.net;img-src 'self' data: https://via.placeholder.com;font-src 'self' https://cdn.jsdelivr.net;base-uri 'self';form-action 'self';frame-ancestors 'self';object-src 'none';upgrade-insecure-requests
04-07 08:12:39.330 10035 11631 I okhttp.OkHttpClient: cross-origin-opener-policy: same-origin
04-07 08:12:39.331 10035 11631 I okhttp.OkHttpClient: cross-origin-resource-policy: same-origin
04-07 08:12:39.331 10035 11631 I okhttp.OkHttpClient: etag: W/"58-GGvPw5G3EW+ylh8zJiuQ8GFC7vc"
04-07 08:12:39.332 10035 11631 I okhttp.OkHttpClient: origin-agent-cluster: ?1
04-07 08:12:39.333 10035 11631 I okhttp.OkHttpClient: ratelimit-limit: 100
04-07 08:12:39.333 10035 11631 I okhttp.OkHttpClient: ratelimit-policy: 100;w=900
04-07 08:12:39.333 10035 11631 I okhttp.OkHttpClient: ratelimit-remaining: 89
04-07 08:12:39.334 10035 11631 I okhttp.OkHttpClient: ratelimit-reset: 846
04-07 08:12:39.334 10035 11631 I okhttp.OkHttpClient: referrer-policy: no-referrer
04-07 08:12:39.335 10035 11631 I okhttp.OkHttpClient: rndr-id: 7ed7032f-02b1-4b85
04-07 08:12:39.336 10035 11631 I okhttp.OkHttpClient: strict-transport-security: max-age=15552000; includeSubDomains
04-07 08:12:39.336 10035 11631 I okhttp.OkHttpClient: vary: Accept-Encoding
04-07 08:12:39.336 10035 11567 I gralloc4: @set_metadata: update dataspace from GM (0x00000000 -> 0x08010000)
04-07 08:12:39.336 10035 11631 I okhttp.OkHttpClient: vary: Accept-Encoding
04-07 08:12:39.336 10035 11631 I okhttp.OkHttpClient: x-content-type-options: nosniff
04-07 08:12:39.337 10035 11631 I okhttp.OkHttpClient: x-dns-prefetch-control: off
04-07 08:12:39.337 10035 11631 I okhttp.OkHttpClient: x-download-options: noopen
04-07 08:12:39.337 10035 11631 I okhttp.OkHttpClient: x-frame-options: SAMEORIGIN
04-07 08:12:39.337 10035 11631 I okhttp.OkHttpClient: x-permitted-cross-domain-policies: none
04-07 08:12:39.337 10035 11631 I okhttp.OkHttpClient: x-render-origin-server: Render
04-07 08:12:39.337 10035 11631 I okhttp.OkHttpClient: x-xss-protection: 0
04-07 08:12:39.337 10035 11631 I okhttp.OkHttpClient: cf-cache-status: DYNAMIC
04-07 08:12:39.337 10035 11631 I okhttp.OkHttpClient: server: cloudflare
04-07 08:12:39.337 10035 11631 I okhttp.OkHttpClient: cf-ray: 92c62c475bd833c6-DEL
04-07 08:12:39.337 10035 11631 I okhttp.OkHttpClient: alt-svc: h3=":443"; ma=86400
04-07 08:12:39.339 10035 11631 I okhttp.OkHttpClient: {"success":false,"message":"App signature is not valid","error":"APP_SIGNATURE_INVALID"}
04-07 08:12:39.339 10035 11631 I okhttp.OkHttpClient: <-- END HTTP (88-byte body)
04-07 08:12:39.340 10035 10035 D TestAdActivity: Impression recorded: false
04-07 08:12:39.342 10035 10035 D TestAdActivity: Status updated: Impression test: Failed
04-07 08:12:39.354 10035 11631 D ApiClient: API Request: https://eventwish2.onrender.com/api/admob/click
04-07 08:12:39.354 10035 11631 D ApiClient: API Key: ew_dev_c1c...
04-07 08:12:39.354 10035 11631 D ApiClient: Headers: x-app-signature: test_signature
04-07 08:12:39.354 10035 11631 D ApiClient: Content-Type: application/json
04-07 08:12:39.354 10035 11631 D ApiClient: x-api-key: ew_dev_c1ce47afeff9fa8b7b1aa165562cb915
04-07 08:12:39.354 10035 11631 D ApiClient: x-device-id: 93e81b95f9f2c74a4b0124f784fe34327066c5c0f8a4c51c00a11a68c831b49e
04-07 08:12:39.355 10035 11631 I okhttp.OkHttpClient: --> POST https://eventwish2.onrender.com/api/admob/click
04-07 08:12:39.355 10035 11631 I okhttp.OkHttpClient: Content-Length: 114
04-07 08:12:39.355 10035 11631 I okhttp.OkHttpClient: x-app-signature: test_signature
04-07 08:12:39.355 10035 11631 I okhttp.OkHttpClient: Content-Type: application/json
04-07 08:12:39.355 10035 11631 I okhttp.OkHttpClient: x-api-key: ew_dev_c1ce47afeff9fa8b7b1aa165562cb915
04-07 08:12:39.356 10035 11631 I okhttp.OkHttpClient: x-device-id: 93e81b95f9f2c74a4b0124f784fe34327066c5c0f8a4c51c00a11a68c831b49e
04-07 08:12:39.356 10035 11631 I okhttp.OkHttpClient: {"adUnitId":"test_ad_unit_id","context":{"testMode":true,"screenName":"TestAdActivity","timestamp":1743993759343}}
04-07 08:12:39.356 10035 11631 I okhttp.OkHttpClient: --> END POST (114-byte body)
04-07 08:12:39.364 10035 11567 I gralloc4: @set_metadata: update dataspace from GM (0x00000000 -> 0x08010000)
04-07 08:12:39.378 10035 11567 I gralloc4: @set_metadata: update dataspace from GM (0x00000000 -> 0x08010000)
04-07 08:12:39.398 10035 11567 I gralloc4: @set_metadata: update dataspace from GM (0x00000000 -> 0x08010000)
04-07 08:12:39.416 10035 11567 I gralloc4: @set_metadata: update dataspace from GM (0x00000000 -> 0x08010000)
04-07 08:12:39.431 10035 11567 I gralloc4: @set_metadata: update dataspace from GM (0x00000000 -> 0x08010000)
04-07 08:12:39.464 10035 11567 I gralloc4: @set_metadata: update dataspace from GM (0x00000000 -> 0x08010000)
04-07 08:12:39.479 10035 11567 I gralloc4: @set_metadata: update dataspace from GM (0x00000000 -> 0x08010000)
04-07 08:12:39.496 10035 11567 I gralloc4: @set_metadata: update dataspace from GM (0x00000000 -> 0x08010000)
04-07 08:12:39.513 10035 11567 I gralloc4: @set_metadata: update dataspace from GM (0x00000000 -> 0x08010000)
04-07 08:12:39.530 10035 11567 I gralloc4: @set_metadata: update dataspace from GM (0x00000000 -> 0x08010000)
04-07 08:12:39.531 10035 10035 D TestAdActivity: Status updated: Testing API response parsing...
04-07 08:12:39.531 10035 10035 D AdMobRepository: Throttling request, too soon since last request
04-07 08:12:39.548 10035 11567 I gralloc4: @set_metadata: update dataspace from GM (0x00000000 -> 0x08010000)
04-07 08:12:39.563 10035 11567 I gralloc4: @set_metadata: update dataspace from GM (0x00000000 -> 0x08010000)
04-07 08:12:39.578 10035 11567 I gralloc4: @set_metadata: update dataspace from GM (0x00000000 -> 0x08010000)
04-07 08:12:39.596 10035 11567 I gralloc4: @set_metadata: update dataspace from GM (0x00000000 -> 0x08010000)
04-07 08:12:39.614 10035 11567 I gralloc4: @set_metadata: update dataspace from GM (0x00000000 -> 0x08010000)
04-07 08:12:39.628 10035 11567 I gralloc4: @set_metadata: update dataspace from GM (0x00000000 -> 0x08010000)
04-07 08:12:39.646 10035 11567 I gralloc4: @set_metadata: update dataspace from GM (0x00000000 -> 0x08010000)
04-07 08:12:39.664 10035 11567 I gralloc4: @set_metadata: update dataspace from GM (0x00000000 -> 0x08010000)
04-07 08:12:39.676 10035 11631 I okhttp.OkHttpClient: <-- 401 https://eventwish2.onrender.com/api/admob/click (319ms)
04-07 08:12:39.676 10035 11631 I okhttp.OkHttpClient: date: Mon, 07 Apr 2025 02:42:40 GMT
04-07 08:12:39.677 10035 11631 I okhttp.OkHttpClient: content-type: application/json; charset=utf-8
04-07 08:12:39.677 10035 11631 I okhttp.OkHttpClient: access-control-allow-origin: *
04-07 08:12:39.677 10035 11631 I okhttp.OkHttpClient: content-security-policy: default-src 'self';script-src 'self' 'unsafe-inline' 'unsafe-hashes' https://cdn.jsdelivr.net;script-src-attr 'unsafe-inline';connect-src 'self' https://api.eventwish.com https://eventwish2.onrender.com;style-src 'self' 'unsafe-inline' https://cdn.jsdelivr.net;img-src 'self' data: https://via.placeholder.com;font-src 'self' https://cdn.jsdelivr.net;base-uri 'self';form-action 'self';frame-ancestors 'self';object-src 'none';upgrade-insecure-requests
04-07 08:12:39.677 10035 11631 I okhttp.OkHttpClient: cross-origin-opener-policy: same-origin
04-07 08:12:39.677 10035 11631 I okhttp.OkHttpClient: cross-origin-resource-policy: same-origin
04-07 08:12:39.677 10035 11631 I okhttp.OkHttpClient: etag: W/"58-GGvPw5G3EW+ylh8zJiuQ8GFC7vc"
04-07 08:12:39.677 10035 11631 I okhttp.OkHttpClient: origin-agent-cluster: ?1
04-07 08:12:39.677 10035 11631 I okhttp.OkHttpClient: ratelimit-limit: 100
04-07 08:12:39.678 10035 11631 I okhttp.OkHttpClient: ratelimit-policy: 100;w=900
04-07 08:12:39.678 10035 11631 I okhttp.OkHttpClient: ratelimit-remaining: 96
04-07 08:12:39.678 10035 11631 I okhttp.OkHttpClient: ratelimit-reset: 673
04-07 08:12:39.678 10035 11631 I okhttp.OkHttpClient: referrer-policy: no-referrer
04-07 08:12:39.678 10035 11631 I okhttp.OkHttpClient: rndr-id: ec4a7428-7601-4f3a
04-07 08:12:39.678 10035 11631 I okhttp.OkHttpClient: strict-transport-security: max-age=15552000; includeSubDomains
04-07 08:12:39.678 10035 11631 I okhttp.OkHttpClient: vary: Accept-Encoding
04-07 08:12:39.679 10035 11631 I okhttp.OkHttpClient: vary: Accept-Encoding
04-07 08:12:39.679 10035 11631 I okhttp.OkHttpClient: x-content-type-options: nosniff
04-07 08:12:39.679 10035 11631 I okhttp.OkHttpClient: x-dns-prefetch-control: off
04-07 08:12:39.679 10035 11631 I okhttp.OkHttpClient: x-download-options: noopen
04-07 08:12:39.679 10035 11631 I okhttp.OkHttpClient: x-frame-options: SAMEORIGIN
04-07 08:12:39.679 10035 11631 I okhttp.OkHttpClient: x-permitted-cross-domain-policies: none
04-07 08:12:39.679 10035 11631 I okhttp.OkHttpClient: x-render-origin-server: Render
04-07 08:12:39.680 10035 11631 I okhttp.OkHttpClient: x-xss-protection: 0
04-07 08:12:39.680 10035 11631 I okhttp.OkHttpClient: cf-cache-status: DYNAMIC
04-07 08:12:39.680 10035 11631 I okhttp.OkHttpClient: server: cloudflare
04-07 08:12:39.680 10035 11631 I okhttp.OkHttpClient: cf-ray: 92c62c497c7c33c6-DEL
04-07 08:12:39.680 10035 11631 I okhttp.OkHttpClient: alt-svc: h3=":443"; ma=86400
04-07 08:12:39.681 10035 11631 I okhttp.OkHttpClient: {"success":false,"message":"App signature is not valid","error":"APP_SIGNATURE_INVALID"}
04-07 08:12:39.682 10035 11631 I okhttp.OkHttpClient: <-- END HTTP (88-byte body)
04-07 08:12:39.682 10035 11567 I gralloc4: @set_metadata: update dataspace from GM (0x00000000 -> 0x08010000)
04-07 08:12:39.683 10035 10035 D TestAdActivity: Click recorded: false
04-07 08:12:39.684 10035 10035 D TestAdActivity: Status updated: Click test: Failed
04-07 08:12:39.689 10035 11631 D ApiClient: API Request: https://eventwish2.onrender.com/api/admob/reward
04-07 08:12:39.689 10035 11631 D ApiClient: API Key: ew_dev_c1c...
04-07 08:12:39.689 10035 11631 D ApiClient: Headers: x-app-signature: test_signature
04-07 08:12:39.689 10035 11631 D ApiClient: Content-Type: application/json
04-07 08:12:39.689 10035 11631 D ApiClient: x-api-key: ew_dev_c1ce47afeff9fa8b7b1aa165562cb915
04-07 08:12:39.689 10035 11631 D ApiClient: x-device-id: 93e81b95f9f2c74a4b0124f784fe34327066c5c0f8a4c51c00a11a68c831b49e
04-07 08:12:39.690 10035 11631 I okhttp.OkHttpClient: --> POST https://eventwish2.onrender.com/api/admob/reward
04-07 08:12:39.690 10035 11631 I okhttp.OkHttpClient: Content-Length: 56
04-07 08:12:39.690 10035 11631 I okhttp.OkHttpClient: x-app-signature: test_signature
04-07 08:12:39.690 10035 11631 I okhttp.OkHttpClient: Content-Type: application/json
04-07 08:12:39.691 10035 11631 I okhttp.OkHttpClient: x-api-key: ew_dev_c1ce47afeff9fa8b7b1aa165562cb915
04-07 08:12:39.691 10035 11631 I okhttp.OkHttpClient: x-device-id: 93e81b95f9f2c74a4b0124f784fe34327066c5c0f8a4c51c00a11a68c831b49e
04-07 08:12:39.692 10035 11631 I okhttp.OkHttpClient: {"adUnitId":"test_ad_unit_id","timestamp":1743993759684}
04-07 08:12:39.692 10035 11631 I okhttp.OkHttpClient: --> END POST (56-byte body)
04-07 08:12:39.695 10035 11567 I gralloc4: @set_metadata: update dataspace from GM (0x00000000 -> 0x08010000)
04-07 08:12:39.716 10035 11567 I gralloc4: @set_metadata: update dataspace from GM (0x00000000 -> 0x08010000)
04-07 08:12:39.731 10035 11567 I gralloc4: @set_metadata: update dataspace from GM (0x00000000 -> 0x08010000)
04-07 08:12:39.750 10035 11567 I gralloc4: @set_metadata: update dataspace from GM (0x00000000 -> 0x08010000)
04-07 08:12:39.763 10035 11567 I gralloc4: @set_metadata: update dataspace from GM (0x00000000 -> 0x08010000)
04-07 08:12:39.779 10035 11567 I gralloc4: @set_metadata: update dataspace from GM (0x00000000 -> 0x08010000)
04-07 08:12:39.798 10035 11567 I gralloc4: @set_metadata: update dataspace from GM (0x00000000 -> 0x08010000)
04-07 08:12:39.815 10035 11567 I gralloc4: @set_metadata: update dataspace from GM (0x00000000 -> 0x08010000)
04-07 08:12:39.832 10035 11567 I gralloc4: @set_metadata: update dataspace from GM (0x00000000 -> 0x08010000)
04-07 08:12:39.848 10035 11567 I gralloc4: @set_metadata: update dataspace from GM (0x00000000 -> 0x08010000)
04-07 08:12:39.865 10035 11567 I gralloc4: @set_metadata: update dataspace from GM (0x00000000 -> 0x08010000)
04-07 08:12:39.881 10035 11567 I gralloc4: @set_metadata: update dataspace from GM (0x00000000 -> 0x08010000)
04-07 08:12:39.898 10035 11567 I gralloc4: @set_metadata: update dataspace from GM (0x00000000 -> 0x08010000)
04-07 08:12:39.915 10035 11567 I gralloc4: @set_metadata: update dataspace from GM (0x00000000 -> 0x08010000)
04-07 08:12:39.929 10035 11567 I gralloc4: @set_metadata: update dataspace from GM (0x00000000 -> 0x08010000)
04-07 08:12:39.949 10035 11567 I gralloc4: @set_metadata: update dataspace from GM (0x00000000 -> 0x08010000)
04-07 08:12:39.965 10035 11567 I gralloc4: @set_metadata: update dataspace from GM (0x00000000 -> 0x08010000)
04-07 08:12:39.982 10035 11567 I gralloc4: @set_metadata: update dataspace from GM (0x00000000 -> 0x08010000)
04-07 08:12:39.998 10035 11567 I gralloc4: @set_metadata: update dataspace from GM (0x00000000 -> 0x08010000)
04-07 08:12:40.017 10035 11567 I gralloc4: @set_metadata: update dataspace from GM (0x00000000 -> 0x08010000)
04-07 08:12:40.028 10035 11631 I okhttp.OkHttpClient: <-- 401 https://eventwish2.onrender.com/api/admob/reward (335ms)
04-07 08:12:40.028 10035 11631 I okhttp.OkHttpClient: date: Mon, 07 Apr 2025 02:42:40 GMT
04-07 08:12:40.028 10035 11631 I okhttp.OkHttpClient: content-type: application/json; charset=utf-8
04-07 08:12:40.028 10035 11631 I okhttp.OkHttpClient: access-control-allow-origin: *
04-07 08:12:40.028 10035 11631 I okhttp.OkHttpClient: content-security-policy: default-src 'self';script-src 'self' 'unsafe-inline' 'unsafe-hashes' https://cdn.jsdelivr.net;script-src-attr 'unsafe-inline';connect-src 'self' https://api.eventwish.com https://eventwish2.onrender.com;style-src 'self' 'unsafe-inline' https://cdn.jsdelivr.net;img-src 'self' data: https://via.placeholder.com;font-src 'self' https://cdn.jsdelivr.net;base-uri 'self';form-action 'self';frame-ancestors 'self';object-src 'none';upgrade-insecure-requests
04-07 08:12:40.028 10035 11631 I okhttp.OkHttpClient: cross-origin-opener-policy: same-origin
04-07 08:12:40.029 10035 11631 I okhttp.OkHttpClient: cross-origin-resource-policy: same-origin
04-07 08:12:40.029 10035 11631 I okhttp.OkHttpClient: etag: W/"58-GGvPw5G3EW+ylh8zJiuQ8GFC7vc"
04-07 08:12:40.029 10035 11631 I okhttp.OkHttpClient: origin-agent-cluster: ?1
04-07 08:12:40.029 10035 11631 I okhttp.OkHttpClient: ratelimit-limit: 100
04-07 08:12:40.029 10035 11631 I okhttp.OkHttpClient: ratelimit-policy: 100;w=900
04-07 08:12:40.029 10035 11631 I okhttp.OkHttpClient: ratelimit-remaining: 88
04-07 08:12:40.029 10035 11631 I okhttp.OkHttpClient: ratelimit-reset: 846
04-07 08:12:40.029 10035 11631 I okhttp.OkHttpClient: referrer-policy: no-referrer
04-07 08:12:40.030 10035 11631 I okhttp.OkHttpClient: rndr-id: 69af2428-81f9-4188
04-07 08:12:40.030 10035 11631 I okhttp.OkHttpClient: strict-transport-security: max-age=15552000; includeSubDomains
04-07 08:12:40.030 10035 11631 I okhttp.OkHttpClient: vary: Accept-Encoding
04-07 08:12:40.030 10035 11631 I okhttp.OkHttpClient: vary: Accept-Encoding
04-07 08:12:40.030 10035 11631 I okhttp.OkHttpClient: x-content-type-options: nosniff
04-07 08:12:40.030 10035 11631 I okhttp.OkHttpClient: x-dns-prefetch-control: off
04-07 08:12:40.030 10035 11631 I okhttp.OkHttpClient: x-download-options: noopen
